Archive member included to satisfy reference by file (symbol)

c:/program files (x86)/atollic/truestudio for stm32 9.0.0/armtools/bin/../lib/gcc/arm-atollic-eabi/6.3.1/../../../../arm-atollic-eabi/lib/armv7e-m/fpu/fpv5-d16\libc_nano.a(lib_a-errno.o)
                              Application\TrueSTUDIO\syscalls.o (__errno)
c:/program files (x86)/atollic/truestudio for stm32 9.0.0/armtools/bin/../lib/gcc/arm-atollic-eabi/6.3.1/../../../../arm-atollic-eabi/lib/armv7e-m/fpu/fpv5-d16\libc_nano.a(lib_a-impure.o)
                              c:/program files (x86)/atollic/truestudio for stm32 9.0.0/armtools/bin/../lib/gcc/arm-atollic-eabi/6.3.1/../../../../arm-atollic-eabi/lib/armv7e-m/fpu/fpv5-d16\libc_nano.a(lib_a-errno.o) (_impure_ptr)
c:/program files (x86)/atollic/truestudio for stm32 9.0.0/armtools/bin/../lib/gcc/arm-atollic-eabi/6.3.1/../../../../arm-atollic-eabi/lib/armv7e-m/fpu/fpv5-d16\libc_nano.a(lib_a-init.o)
                              Application\TrueSTUDIO\startup_stm32f765xx.o (__libc_init_array)
c:/program files (x86)/atollic/truestudio for stm32 9.0.0/armtools/bin/../lib/gcc/arm-atollic-eabi/6.3.1/../../../../arm-atollic-eabi/lib/armv7e-m/fpu/fpv5-d16\libc_nano.a(lib_a-memcpy-stub.o)
                              Middlewares\FreeRTOS\queue.o (memcpy)
c:/program files (x86)/atollic/truestudio for stm32 9.0.0/armtools/bin/../lib/gcc/arm-atollic-eabi/6.3.1/../../../../arm-atollic-eabi/lib/armv7e-m/fpu/fpv5-d16\libc_nano.a(lib_a-memset.o)
                              Application\User\Idletasks\idletasks.o (memset)
c:/program files (x86)/atollic/truestudio for stm32 9.0.0/armtools/bin/../lib/gcc/arm-atollic-eabi/6.3.1/../../../../arm-atollic-eabi/lib/armv7e-m/fpu/fpv5-d16\libm.a(lib_a-s_cos.o)
                              Application\User\Foc\controlFoc.o (cos)
c:/program files (x86)/atollic/truestudio for stm32 9.0.0/armtools/bin/../lib/gcc/arm-atollic-eabi/6.3.1/../../../../arm-atollic-eabi/lib/armv7e-m/fpu/fpv5-d16\libm.a(lib_a-s_sin.o)
                              Application\User\Foc\controlFoc.o (sin)
c:/program files (x86)/atollic/truestudio for stm32 9.0.0/armtools/bin/../lib/gcc/arm-atollic-eabi/6.3.1/../../../../arm-atollic-eabi/lib/armv7e-m/fpu/fpv5-d16\libm.a(lib_a-e_rem_pio2.o)
                              c:/program files (x86)/atollic/truestudio for stm32 9.0.0/armtools/bin/../lib/gcc/arm-atollic-eabi/6.3.1/../../../../arm-atollic-eabi/lib/armv7e-m/fpu/fpv5-d16\libm.a(lib_a-s_cos.o) (__ieee754_rem_pio2)
c:/program files (x86)/atollic/truestudio for stm32 9.0.0/armtools/bin/../lib/gcc/arm-atollic-eabi/6.3.1/../../../../arm-atollic-eabi/lib/armv7e-m/fpu/fpv5-d16\libm.a(lib_a-k_cos.o)
                              c:/program files (x86)/atollic/truestudio for stm32 9.0.0/armtools/bin/../lib/gcc/arm-atollic-eabi/6.3.1/../../../../arm-atollic-eabi/lib/armv7e-m/fpu/fpv5-d16\libm.a(lib_a-s_cos.o) (__kernel_cos)
c:/program files (x86)/atollic/truestudio for stm32 9.0.0/armtools/bin/../lib/gcc/arm-atollic-eabi/6.3.1/../../../../arm-atollic-eabi/lib/armv7e-m/fpu/fpv5-d16\libm.a(lib_a-k_rem_pio2.o)
                              c:/program files (x86)/atollic/truestudio for stm32 9.0.0/armtools/bin/../lib/gcc/arm-atollic-eabi/6.3.1/../../../../arm-atollic-eabi/lib/armv7e-m/fpu/fpv5-d16\libm.a(lib_a-e_rem_pio2.o) (__kernel_rem_pio2)
c:/program files (x86)/atollic/truestudio for stm32 9.0.0/armtools/bin/../lib/gcc/arm-atollic-eabi/6.3.1/../../../../arm-atollic-eabi/lib/armv7e-m/fpu/fpv5-d16\libm.a(lib_a-k_sin.o)
                              c:/program files (x86)/atollic/truestudio for stm32 9.0.0/armtools/bin/../lib/gcc/arm-atollic-eabi/6.3.1/../../../../arm-atollic-eabi/lib/armv7e-m/fpu/fpv5-d16\libm.a(lib_a-s_cos.o) (__kernel_sin)
c:/program files (x86)/atollic/truestudio for stm32 9.0.0/armtools/bin/../lib/gcc/arm-atollic-eabi/6.3.1/../../../../arm-atollic-eabi/lib/armv7e-m/fpu/fpv5-d16\libm.a(lib_a-s_fabs.o)
                              c:/program files (x86)/atollic/truestudio for stm32 9.0.0/armtools/bin/../lib/gcc/arm-atollic-eabi/6.3.1/../../../../arm-atollic-eabi/lib/armv7e-m/fpu/fpv5-d16\libm.a(lib_a-e_rem_pio2.o) (fabs)
c:/program files (x86)/atollic/truestudio for stm32 9.0.0/armtools/bin/../lib/gcc/arm-atollic-eabi/6.3.1/../../../../arm-atollic-eabi/lib/armv7e-m/fpu/fpv5-d16\libm.a(lib_a-s_floor.o)
                              c:/program files (x86)/atollic/truestudio for stm32 9.0.0/armtools/bin/../lib/gcc/arm-atollic-eabi/6.3.1/../../../../arm-atollic-eabi/lib/armv7e-m/fpu/fpv5-d16\libm.a(lib_a-k_rem_pio2.o) (floor)
c:/program files (x86)/atollic/truestudio for stm32 9.0.0/armtools/bin/../lib/gcc/arm-atollic-eabi/6.3.1/../../../../arm-atollic-eabi/lib/armv7e-m/fpu/fpv5-d16\libm.a(lib_a-s_scalbn.o)
                              c:/program files (x86)/atollic/truestudio for stm32 9.0.0/armtools/bin/../lib/gcc/arm-atollic-eabi/6.3.1/../../../../arm-atollic-eabi/lib/armv7e-m/fpu/fpv5-d16\libm.a(lib_a-k_rem_pio2.o) (scalbn)
[...]
Memory Configuration

Name             Origin             Length             Attributes
RAM              0x20000000         0x00080000         xrw
FLASH            0x08000000         0x00200000         xr
*default*        0x00000000         0xffffffff

Linker script and memory map

LOAD c:/program files (x86)/atollic/truestudio for stm32 9.0.0/armtools/bin/../lib/gcc/arm-atollic-eabi/6.3.1/armv7e-m/fpu/fpv5-d16/crti.o
LOAD c:/program files (x86)/atollic/truestudio for stm32 9.0.0/armtools/bin/../lib/gcc/arm-atollic-eabi/6.3.1/armv7e-m/fpu/fpv5-d16/crtbegin.o
LOAD Application\TrueSTUDIO\startup_stm32f765xx.o
LOAD Application\TrueSTUDIO\syscalls.o
LOAD Application\User\Foc\controlFoc.o
LOAD Application\User\ISRs\isrSensors.o
LOAD Application\User\Idletasks\idletasks.o
LOAD Application\User\SYSINIT\sysinitial.o
LOAD Application\User\debug\datatraceDebug.o
LOAD Application\User\dfsdm.o
LOAD Application\User\dma.o
LOAD Application\User\freertos.o
LOAD Application\User\gpio.o
LOAD Application\User\i2c.o
LOAD Application\User\main.o
LOAD Application\User\spi.o
LOAD Application\User\stm32f7xx_hal_msp.o
LOAD Application\User\stm32f7xx_hal_timebase_tim.o
LOAD Application\User\stm32f7xx_it.o
LOAD Application\User\tim.o
LOAD Application\User\usart.o
LOAD Application\User\usb_otg.o
LOAD Drivers\CMSIS\system_stm32f7xx.o
LOAD Drivers\STM32F7xx_HAL_Driver\stm32f7xx_hal.o
LOAD Drivers\STM32F7xx_HAL_Driver\stm32f7xx_hal_cortex.o
LOAD Drivers\STM32F7xx_HAL_Driver\stm32f7xx_hal_dfsdm.o
LOAD Drivers\STM32F7xx_HAL_Driver\stm32f7xx_hal_dma.o
LOAD Drivers\STM32F7xx_HAL_Driver\stm32f7xx_hal_dma_ex.o
LOAD Drivers\STM32F7xx_HAL_Driver\stm32f7xx_hal_flash.o
LOAD Drivers\STM32F7xx_HAL_Driver\stm32f7xx_hal_flash_ex.o
LOAD Drivers\STM32F7xx_HAL_Driver\stm32f7xx_hal_gpio.o
LOAD Drivers\STM32F7xx_HAL_Driver\stm32f7xx_hal_i2c.o
LOAD Drivers\STM32F7xx_HAL_Driver\stm32f7xx_hal_i2c_ex.o
LOAD Drivers\STM32F7xx_HAL_Driver\stm32f7xx_hal_pcd.o
LOAD Drivers\STM32F7xx_HAL_Driver\stm32f7xx_hal_pcd_ex.o
LOAD Drivers\STM32F7xx_HAL_Driver\stm32f7xx_hal_pwr.o
LOAD Drivers\STM32F7xx_HAL_Driver\stm32f7xx_hal_pwr_ex.o
LOAD Drivers\STM32F7xx_HAL_Driver\stm32f7xx_hal_rcc.o
LOAD Drivers\STM32F7xx_HAL_Driver\stm32f7xx_hal_rcc_ex.o
LOAD Drivers\STM32F7xx_HAL_Driver\stm32f7xx_hal_spi.o
LOAD Drivers\STM32F7xx_HAL_Driver\stm32f7xx_hal_tim.o
LOAD Drivers\STM32F7xx_HAL_Driver\stm32f7xx_hal_tim_ex.o
LOAD Drivers\STM32F7xx_HAL_Driver\stm32f7xx_hal_uart.o
LOAD Drivers\STM32F7xx_HAL_Driver\stm32f7xx_ll_usb.o
LOAD Middlewares\FreeRTOS\cmsis_os.o
LOAD Middlewares\FreeRTOS\croutine.o
LOAD Middlewares\FreeRTOS\event_groups.o
LOAD Middlewares\FreeRTOS\heap_4.o
LOAD Middlewares\FreeRTOS\list.o
LOAD Middlewares\FreeRTOS\port.o
LOAD Middlewares\FreeRTOS\queue.o
LOAD Middlewares\FreeRTOS\tasks.o
LOAD Middlewares\FreeRTOS\timers.o
                0x00000080                malloc_getpagesize_P = 0x80
START GROUP
LOAD c:/program files (x86)/atollic/truestudio for stm32 9.0.0/armtools/bin/../lib/gcc/arm-atollic-eabi/6.3.1/../../../../arm-atollic-eabi/lib/armv7e-m/fpu/fpv5-d16\libc_nano.a
LOAD c:/program files (x86)/atollic/truestudio for stm32 9.0.0/armtools/bin/../lib/gcc/arm-atollic-eabi/6.3.1/../../../../arm-atollic-eabi/lib/armv7e-m/fpu/fpv5-d16\libm.a
END GROUP
START GROUP
LOAD c:/program files (x86)/atollic/truestudio for stm32 9.0.0/armtools/bin/../lib/gcc/arm-atollic-eabi/6.3.1/armv7e-m/fpu/fpv5-d16\libgcc.a
LOAD c:/program files (x86)/atollic/truestudio for stm32 9.0.0/armtools/bin/../lib/gcc/arm-atollic-eabi/6.3.1/../../../../arm-atollic-eabi/lib/armv7e-m/fpu/fpv5-d16\libc_nano.a
END GROUP
START GROUP
LOAD c:/program files (x86)/atollic/truestudio for stm32 9.0.0/armtools/bin/../lib/gcc/arm-atollic-eabi/6.3.1/armv7e-m/fpu/fpv5-d16\libgcc.a
LOAD c:/program files (x86)/atollic/truestudio for stm32 9.0.0/armtools/bin/../lib/gcc/arm-atollic-eabi/6.3.1/../../../../arm-atollic-eabi/lib/armv7e-m/fpu/fpv5-d16\libc_nano.a
LOAD c:/program files (x86)/atollic/truestudio for stm32 9.0.0/armtools/bin/../lib/gcc/arm-atollic-eabi/6.3.1/../../../../arm-atollic-eabi/lib/armv7e-m/fpu/fpv5-d16\libnosys.a
END GROUP
START GROUP
LOAD c:/program files (x86)/atollic/truestudio for stm32 9.0.0/armtools/bin/../lib/gcc/arm-atollic-eabi/6.3.1/armv7e-m/fpu/fpv5-d16\libgcc.a
LOAD c:/program files (x86)/atollic/truestudio for stm32 9.0.0/armtools/bin/../lib/gcc/arm-atollic-eabi/6.3.1/../../../../arm-atollic-eabi/lib/armv7e-m/fpu/fpv5-d16\libc_nano.a
LOAD c:/program files (x86)/atollic/truestudio for stm32 9.0.0/armtools/bin/../lib/gcc/arm-atollic-eabi/6.3.1/../../../../arm-atollic-eabi/lib/armv7e-m/fpu/fpv5-d16\libnosys.a
END GROUP
LOAD c:/program files (x86)/atollic/truestudio for stm32 9.0.0/armtools/bin/../lib/gcc/arm-atollic-eabi/6.3.1/armv7e-m/fpu/fpv5-d16/crtend.o
LOAD c:/program files (x86)/atollic/truestudio for stm32 9.0.0/armtools/bin/../lib/gcc/arm-atollic-eabi/6.3.1/armv7e-m/fpu/fpv5-d16/crtn.o
                0x20080000                _estack = 0x20080000
                0x00000200                _Min_Heap_Size = 0x200
                0x00000400                _Min_Stack_Size = 0x400

.isr_vector     0x08000000      0x1f8
                0x08000000                . = ALIGN (0x4)
 *(.isr_vector)
 .isr_vector    0x08000000      0x1f8 Application\TrueSTUDIO\startup_stm32f765xx.o
                0x08000000                g_pfnVectors
                0x080001f8                . = ALIGN (0x4)

.text           0x08000200     0x81d8
                0x08000200                . = ALIGN (0x4)
 *(.text)
 .text          0x08000200       0x40 c:/program files (x86)/atollic/truestudio for stm32 9.0.0/armtools/bin/../lib/gcc/arm-atollic-eabi/6.3.1/armv7e-m/fpu/fpv5-d16/crtbegin.o
 .text          0x08000240       0x30 c:/program files (x86)/atollic/truestudio for stm32 9.0.0/armtools/bin/../lib/gcc/arm-atollic-eabi/6.3.1/armv7e-m/fpu/fpv5-d16\libgcc.a(_aeabi_uldivmod.o)
                0x08000240                __aeabi_uldivmod
 .text          0x08000270      0x2dc c:/program files (x86)/atollic/truestudio for stm32 9.0.0/armtools/bin/../lib/gcc/arm-atollic-eabi/6.3.1/armv7e-m/fpu/fpv5-d16\libgcc.a(_udivmoddi4.o)
                0x08000270                __udivmoddi4
 .text          0x0800054c        0x4 c:/program files (x86)/atollic/truestudio for stm32 9.0.0/armtools/bin/../lib/gcc/arm-atollic-eabi/6.3.1/armv7e-m/fpu/fpv5-d16\libgcc.a(_dvmd_tls.o)
                0x0800054c                __aeabi_idiv0
                0x0800054c                __aeabi_ldiv0
 *(.text*)
 .text.Reset_Handler
                0x08000550       0x50 Application\TrueSTUDIO\startup_stm32f765xx.o
                0x08000550                Reset_Handler
 .text.Default_Handler
                0x080005a0        0x2 Application\TrueSTUDIO\startup_stm32f765xx.o
                0x080005a0                RTC_Alarm_IRQHandler
                0x080005a0                EXTI2_IRQHandler
                0x080005a0                TIM8_CC_IRQHandler
                0x080005a0                UART8_IRQHandler
                0x080005a0                SPI4_IRQHandler
                0x080005a0                TIM1_CC_IRQHandler
                0x080005a0                DMA2_Stream5_IRQHandler
                0x080005a0                DMA1_Stream5_IRQHandler
                0x080005a0                CAN3_RX1_IRQHandler
                0x080005a0                PVD_IRQHandler
                0x080005a0                TAMP_STAMP_IRQHandler
                0x080005a0                CAN2_RX1_IRQHandler
                0x080005a0                EXTI3_IRQHandler
                0x080005a0                TIM8_TRG_COM_TIM14_IRQHandler
                0x080005a0                DFSDM1_FLT1_IRQHandler
                0x080005a0                TIM1_UP_TIM10_IRQHandler
                0x080005a0                TIM8_UP_TIM13_IRQHandler
                0x080005a0                I2C3_ER_IRQHandler
                0x080005a0                DFSDM1_FLT2_IRQHandler
                0x080005a0                EXTI0_IRQHandler
                0x080005a0                I2C2_EV_IRQHandler
                0x080005a0                CAN1_RX0_IRQHandler
                0x080005a0                FPU_IRQHandler
                0x080005a0                OTG_HS_WKUP_IRQHandler
                0x080005a0                CAN3_SCE_IRQHandler
                0x080005a0                CAN2_SCE_IRQHandler
                0x080005a0                SPI1_IRQHandler
                0x080005a0                TIM6_DAC_IRQHandler
                0x080005a0                TIM1_BRK_TIM9_IRQHandler
                0x080005a0                DCMI_IRQHandler
                0x080005a0                CAN2_RX0_IRQHandler
                0x080005a0                DMA2_Stream3_IRQHandler
                0x080005a0                SAI2_IRQHandler
                0x080005a0                DFSDM1_FLT3_IRQHandler
                0x080005a0                USART6_IRQHandler
                0x080005a0                CAN3_RX0_IRQHandler
                0x080005a0                USART3_IRQHandler
                0x080005a0                CAN1_RX1_IRQHandler
                0x080005a0                UART5_IRQHandler
                0x080005a0                QUADSPI_IRQHandler
                0x080005a0                I2C1_EV_IRQHandler
                0x080005a0                DMA1_Stream6_IRQHandler
                0x080005a0                DMA1_Stream1_IRQHandler
                0x080005a0                UART4_IRQHandler
                0x080005a0                TIM3_IRQHandler
                0x080005a0                RCC_IRQHandler
                0x080005a0                TIM8_BRK_TIM12_IRQHandler
                0x080005a0                Default_Handler
                0x080005a0                CEC_IRQHandler
                0x080005a0                EXTI15_10_IRQHandler
                0x080005a0                ADC_IRQHandler
                0x080005a0                DMA1_Stream7_IRQHandler
                0x080005a0                SPI5_IRQHandler
                0x080005a0                TIM7_IRQHandler
                0x080005a0                SDMMC1_IRQHandler
                0x080005a0                CAN2_TX_IRQHandler
                0x080005a0                TIM5_IRQHandler
                0x080005a0                DMA2_Stream7_IRQHandler
                0x080005a0                I2C3_EV_IRQHandler
                0x080005a0                EXTI9_5_IRQHandler
                0x080005a0                RTC_WKUP_IRQHandler
                0x080005a0                ETH_WKUP_IRQHandler
                0x080005a0                SPDIF_RX_IRQHandler
                0x080005a0                SPI2_IRQHandler
                0x080005a0                OTG_HS_EP1_IN_IRQHandler
                0x080005a0                DMA1_Stream0_IRQHandler
                0x080005a0                CAN1_TX_IRQHandler
                0x080005a0                EXTI4_IRQHandler
                0x080005a0                RNG_IRQHandler
                0x080005a0                ETH_IRQHandler
                0x080005a0                OTG_HS_EP1_OUT_IRQHandler
                0x080005a0                WWDG_IRQHandler
                0x080005a0                SPI6_IRQHandler
                0x080005a0                MDIOS_IRQHandler
                0x080005a0                I2C4_EV_IRQHandler
                0x080005a0                CAN3_TX_IRQHandler
                0x080005a0                TIM2_IRQHandler
                0x080005a0                OTG_FS_WKUP_IRQHandler
                0x080005a0                TIM1_TRG_COM_TIM11_IRQHandler
                0x080005a0                OTG_HS_IRQHandler
                0x080005a0                DMA2D_IRQHandler
                0x080005a0                EXTI1_IRQHandler
                0x080005a0                SDMMC2_IRQHandler
                0x080005a0                UART7_IRQHandler
                0x080005a0                USART2_IRQHandler
                0x080005a0                DFSDM1_FLT0_IRQHandler
                0x080005a0                I2C2_ER_IRQHandler
                0x080005a0                CAN1_SCE_IRQHandler
                0x080005a0                FLASH_IRQHandler
                0x080005a0                DMA2_Stream4_IRQHandler
                0x080005a0                USART1_IRQHandler
                0x080005a0                OTG_FS_IRQHandler
                0x080005a0                SPI3_IRQHandler
                0x080005a0                DMA1_Stream4_IRQHandler
                0x080005a0                I2C1_ER_IRQHandler
                0x080005a0                FMC_IRQHandler
                0x080005a0                LPTIM1_IRQHandler
                0x080005a0                I2C4_ER_IRQHandler
                0x080005a0                DMA2_Stream6_IRQHandler
                0x080005a0                SAI1_IRQHandler
                0x080005a0                DMA1_Stream3_IRQHandler
 *fill*         0x080005a2        0x6 
 .text.StartcontrolTask
                0x080005a8      0x398 Application\User\Foc\controlFoc.o
                0x080005a8                StartcontrolTask
 .text.HAL_UART_ErrorCallback
                0x08000940        0x4 Application\User\ISRs\isrSensors.o
                0x08000940                HAL_UART_ErrorCallback
 *fill*         0x08000944        0x4 
 .text.HAL_UART_RxHalfCpltCallback
                0x08000948      0x588 Application\User\ISRs\isrSensors.o
                0x08000948                HAL_UART_RxHalfCpltCallback
 .text.StartledblueTask
                0x08000ed0       0x1c Application\User\Idletasks\idletasks.o
                0x08000ed0                StartledblueTask
 .text.StartledgreenTask
                0x08000eec       0x1c Application\User\Idletasks\idletasks.o
                0x08000eec                StartledgreenTask
 .text.StartiwdgTask
                0x08000f08        0xc Application\User\Idletasks\idletasks.o
                0x08000f08                StartiwdgTask
 .text.StartbuzzerrythmTask
                0x08000f14      0x180 Application\User\Idletasks\idletasks.o
                0x08000f14                StartbuzzerrythmTask
 *fill*         0x08001094        0x4 
 .text.StartbuzzertoneTask
                0x08001098      0x198 Application\User\Idletasks\idletasks.o
                0x08001098                StartbuzzertoneTask
 .text.SystemInitialization
                0x08001230       0x8c Application\User\SYSINIT\sysinitial.o
                0x08001230                SystemInitialization
 .text.StartenchallTask
                0x080012bc      0x6a8 Application\User\debug\datatraceDebug.o
                0x080012bc                StartenchallTask
 .text.MX_DFSDM1_Init
                0x08001964       0xe8 Application\User\dfsdm.o
                0x08001964                MX_DFSDM1_Init
 .text.HAL_DFSDM_FilterMspInit
                0x08001a4c      0x168 Application\User\dfsdm.o
                0x08001a4c                HAL_DFSDM_FilterMspInit
 .text.HAL_DFSDM_ChannelMspInit
                0x08001bb4       0xac Application\User\dfsdm.o
                0x08001bb4                HAL_DFSDM_ChannelMspInit
 .text.MX_DMA_Init
                0x08001c60       0x74 Application\User\dma.o
                0x08001c60                MX_DMA_Init
 .text.MX_FREERTOS_Init
                0x08001cd4      0x188 Application\User\freertos.o
                0x08001cd4                MX_FREERTOS_Init
 .text.MX_GPIO_Init
                0x08001e5c      0x10c Application\User\gpio.o
                0x08001e5c                MX_GPIO_Init
 .text.MX_I2C4_Init
                0x08001f68       0x5c Application\User\i2c.o
                0x08001f68                MX_I2C4_Init
 .text.HAL_I2C_MspInit
                0x08001fc4       0x74 Application\User\i2c.o
                0x08001fc4                HAL_I2C_MspInit
 .text.SystemClock_Config
                0x08002038       0xd4 Application\User\main.o
                0x08002038                SystemClock_Config
 .text.startup.main
                0x0800210c       0xc4 Application\User\main.o
                0x0800210c                main
 .text.HAL_TIM_PeriodElapsedCallback
                0x080021d0       0x14 Application\User\main.o
                0x080021d0                HAL_TIM_PeriodElapsedCallback
 .text.Error_Handler
                0x080021e4        0x4 Application\User\main.o
                0x080021e4                Error_Handler
 .text.MX_SPI1_Init
                0x080021e8       0x50 Application\User\spi.o
                0x080021e8                MX_SPI1_Init
 .text.HAL_SPI_MspInit
                0x08002238       0x90 Application\User\spi.o
                0x08002238                HAL_SPI_MspInit
 .text.HAL_MspInit
                0x080022c8       0x40 Application\User\stm32f7xx_hal_msp.o
                0x080022c8                HAL_MspInit
 .text.HAL_InitTick
                0x08002308       0x7c Application\User\stm32f7xx_hal_timebase_tim.o
                0x08002308                HAL_InitTick
 .text.NMI_Handler
                0x08002384        0x4 Application\User\stm32f7xx_it.o
                0x08002384                NMI_Handler
 .text.HardFault_Handler
                0x08002388        0x4 Application\User\stm32f7xx_it.o
                0x08002388                HardFault_Handler
 .text.MemManage_Handler
                0x0800238c        0x4 Application\User\stm32f7xx_it.o
                0x0800238c                MemManage_Handler
 .text.BusFault_Handler
                0x08002390        0x4 Application\User\stm32f7xx_it.o
                0x08002390                BusFault_Handler
 .text.UsageFault_Handler
                0x08002394        0x4 Application\User\stm32f7xx_it.o
                0x08002394                UsageFault_Handler
 .text.DebugMon_Handler
                0x08002398        0x4 Application\User\stm32f7xx_it.o
                0x08002398                DebugMon_Handler
 .text.DMA1_Stream2_IRQHandler
                0x0800239c        0xc Application\User\stm32f7xx_it.o
                0x0800239c                DMA1_Stream2_IRQHandler
 .text.TIM4_IRQHandler
                0x080023a8        0xc Application\User\stm32f7xx_it.o
                0x080023a8                TIM4_IRQHandler
 .text.DMA2_Stream0_IRQHandler
                0x080023b4        0xc Application\User\stm32f7xx_it.o
                0x080023b4                DMA2_Stream0_IRQHandler
 .text.DMA2_Stream1_IRQHandler
                0x080023c0        0xc Application\User\stm32f7xx_it.o
                0x080023c0                DMA2_Stream1_IRQHandler
 .text.DMA2_Stream2_IRQHandler
                0x080023cc        0xc Application\User\stm32f7xx_it.o
                0x080023cc                DMA2_Stream2_IRQHandler
 .text.MX_TIM2_Init
                0x080023d8      0x150 Application\User\tim.o
                0x080023d8                MX_TIM2_Init
 .text.MX_TIM3_Init
                0x08002528       0x70 Application\User\tim.o
                0x08002528                MX_TIM3_Init
 .text.HAL_TIM_Base_MspInit
                0x08002598       0x70 Application\User\tim.o
                0x08002598                HAL_TIM_Base_MspInit
 .text.HAL_TIM_MspPostInit
                0x08002608       0xb0 Application\User\tim.o
                0x08002608                HAL_TIM_MspPostInit
 .text.MX_TIM1_Init
                0x080026b8      0x130 Application\User\tim.o
                0x080026b8                MX_TIM1_Init
 .text.MX_UART4_Init
                0x080027e8       0x54 Application\User\usart.o
                0x080027e8                MX_UART4_Init
 .text.MX_UART8_Init
                0x0800283c       0x44 Application\User\usart.o
                0x0800283c                MX_UART8_Init
 .text.MX_USART1_UART_Init
                0x08002880       0x44 Application\User\usart.o
                0x08002880                MX_USART1_UART_Init
 .text.MX_USART3_UART_Init
                0x080028c4       0x44 Application\User\usart.o
                0x080028c4                MX_USART3_UART_Init
 .text.HAL_UART_MspInit
                0x08002908      0x1dc Application\User\usart.o
                0x08002908                HAL_UART_MspInit
 .text.MX_USB_OTG_HS_PCD_Init
                0x08002ae4       0x3c Application\User\usb_otg.o
                0x08002ae4                MX_USB_OTG_HS_PCD_Init
 .text.HAL_PCD_MspInit
                0x08002b20       0xe4 Application\User\usb_otg.o
                0x08002b20                HAL_PCD_MspInit
 .text.SystemInit
                0x08002c04       0x50 Drivers\CMSIS\system_stm32f7xx.o
                0x08002c04                SystemInit
 .text.HAL_Init
                0x08002c54       0x2c Drivers\STM32F7xx_HAL_Driver\stm32f7xx_hal.o
                0x08002c54                HAL_Init
 .text.HAL_IncTick
                0x08002c80       0x18 Drivers\STM32F7xx_HAL_Driver\stm32f7xx_hal.o
                0x08002c80                HAL_IncTick
 .text.HAL_GetTick
                0x08002c98        0xc Drivers\STM32F7xx_HAL_Driver\stm32f7xx_hal.o
                0x08002c98                HAL_GetTick
 .text.HAL_Delay
                0x08002ca4       0x24 Drivers\STM32F7xx_HAL_Driver\stm32f7xx_hal.o
                0x08002ca4                HAL_Delay
 .text.HAL_NVIC_SetPriorityGrouping
                0x08002cc8       0x28 Drivers\STM32F7xx_HAL_Driver\stm32f7xx_hal_cortex.o
                0x08002cc8                HAL_NVIC_SetPriorityGrouping
 .text.HAL_NVIC_SetPriority
                0x08002cf0       0x74 Drivers\STM32F7xx_HAL_Driver\stm32f7xx_hal_cortex.o
                0x08002cf0                HAL_NVIC_SetPriority
 .text.HAL_NVIC_EnableIRQ
                0x08002d64       0x18 Drivers\STM32F7xx_HAL_Driver\stm32f7xx_hal_cortex.o
                0x08002d64                HAL_NVIC_EnableIRQ
 .text.HAL_DFSDM_ChannelInit
                0x08002d7c      0x194 Drivers\STM32F7xx_HAL_Driver\stm32f7xx_hal_dfsdm.o
                0x08002d7c                HAL_DFSDM_ChannelInit
 .text.HAL_DFSDM_FilterInit
                0x08002f10       0xec Drivers\STM32F7xx_HAL_Driver\stm32f7xx_hal_dfsdm.o
                0x08002f10                HAL_DFSDM_FilterInit
 .text.HAL_DFSDM_FilterConfigRegChannel
                0x08002ffc       0x54 Drivers\STM32F7xx_HAL_Driver\stm32f7xx_hal_dfsdm.o
                0x08002ffc                HAL_DFSDM_FilterConfigRegChannel
 .text.HAL_DFSDM_FilterRegularStart
                0x08003050       0x74 Drivers\STM32F7xx_HAL_Driver\stm32f7xx_hal_dfsdm.o
                0x08003050                HAL_DFSDM_FilterRegularStart
 .text.HAL_DFSDM_FilterGetRegularValue
                0x080030c4       0x10 Drivers\STM32F7xx_HAL_Driver\stm32f7xx_hal_dfsdm.o
                0x080030c4                HAL_DFSDM_FilterGetRegularValue
 .text.HAL_DFSDM_FilterErrorCallback
                0x080030d4        0x4 Drivers\STM32F7xx_HAL_Driver\stm32f7xx_hal_dfsdm.o
                0x080030d4                HAL_DFSDM_FilterErrorCallback
 .text.HAL_DFSDM_FilterPollForRegConversion
                0x080030d8       0x74 Drivers\STM32F7xx_HAL_Driver\stm32f7xx_hal_dfsdm.o
                0x080030d8                HAL_DFSDM_FilterPollForRegConversion
 .text.HAL_DMA_Init
                0x0800314c      0x13c Drivers\STM32F7xx_HAL_Driver\stm32f7xx_hal_dma.o
                0x0800314c                HAL_DMA_Init
 .text.HAL_DMA_Start_IT
                0x08003288       0x88 Drivers\STM32F7xx_HAL_Driver\stm32f7xx_hal_dma.o
                0x08003288                HAL_DMA_Start_IT
 .text.HAL_DMA_IRQHandler
                0x08003310      0x1a0 Drivers\STM32F7xx_HAL_Driver\stm32f7xx_hal_dma.o
                0x08003310                HAL_DMA_IRQHandler
 .text.HAL_GPIO_Init
                0x080034b0      0x254 Drivers\STM32F7xx_HAL_Driver\stm32f7xx_hal_gpio.o
                0x080034b0                HAL_GPIO_Init
 .text.HAL_GPIO_WritePin
                0x08003704        0x8 Drivers\STM32F7xx_HAL_Driver\stm32f7xx_hal_gpio.o
                0x08003704                HAL_GPIO_WritePin
 .text.HAL_GPIO_TogglePin
                0x0800370c        0x8 Drivers\STM32F7xx_HAL_Driver\stm32f7xx_hal_gpio.o
                0x0800370c                HAL_GPIO_TogglePin
 .text.HAL_I2C_Init
                0x08003714       0xac Drivers\STM32F7xx_HAL_Driver\stm32f7xx_hal_i2c.o
                0x08003714                HAL_I2C_Init
 .text.HAL_I2CEx_ConfigAnalogFilter
                0x080037c0       0x50 Drivers\STM32F7xx_HAL_Driver\stm32f7xx_hal_i2c_ex.o
                0x080037c0                HAL_I2CEx_ConfigAnalogFilter
 .text.HAL_I2CEx_ConfigDigitalFilter
                0x08003810       0x50 Drivers\STM32F7xx_HAL_Driver\stm32f7xx_hal_i2c_ex.o
                0x08003810                HAL_I2CEx_ConfigDigitalFilter
 .text.HAL_PCD_Init
                0x08003860      0x410 Drivers\STM32F7xx_HAL_Driver\stm32f7xx_hal_pcd.o
                0x08003860                HAL_PCD_Init
 .text.HAL_PCDEx_ActivateLPM
                0x08003c70       0x2c Drivers\STM32F7xx_HAL_Driver\stm32f7xx_hal_pcd_ex.o
                0x08003c70                HAL_PCDEx_ActivateLPM
 .text.HAL_PWREx_EnableOverDrive
                0x08003c9c       0x78 Drivers\STM32F7xx_HAL_Driver\stm32f7xx_hal_pwr_ex.o
                0x08003c9c                HAL_PWREx_EnableOverDrive
 .text.HAL_RCC_OscConfig
                0x08003d14      0x3b0 Drivers\STM32F7xx_HAL_Driver\stm32f7xx_hal_rcc.o
                0x08003d14                HAL_RCC_OscConfig
 .text.HAL_RCC_ClockConfig
                0x080040c4      0x194 Drivers\STM32F7xx_HAL_Driver\stm32f7xx_hal_rcc.o
                0x080040c4                HAL_RCC_ClockConfig
 .text.HAL_RCC_GetSysClockFreq
                0x08004258       0x68 Drivers\STM32F7xx_HAL_Driver\stm32f7xx_hal_rcc.o
                0x08004258                HAL_RCC_GetSysClockFreq
 .text.HAL_RCC_GetPCLK1Freq
                0x080042c0       0x20 Drivers\STM32F7xx_HAL_Driver\stm32f7xx_hal_rcc.o
                0x080042c0                HAL_RCC_GetPCLK1Freq
 .text.HAL_RCC_GetPCLK2Freq
                0x080042e0       0x20 Drivers\STM32F7xx_HAL_Driver\stm32f7xx_hal_rcc.o
                0x080042e0                HAL_RCC_GetPCLK2Freq
 .text.HAL_RCC_GetClockConfig
                0x08004300       0x44 Drivers\STM32F7xx_HAL_Driver\stm32f7xx_hal_rcc.o
                0x08004300                HAL_RCC_GetClockConfig
 .text.HAL_RCCEx_PeriphCLKConfig
                0x08004344      0x540 Drivers\STM32F7xx_HAL_Driver\stm32f7xx_hal_rcc_ex.o
                0x08004344                HAL_RCCEx_PeriphCLKConfig
 .text.HAL_SPI_Init
                0x08004884       0xc4 Drivers\STM32F7xx_HAL_Driver\stm32f7xx_hal_spi.o
                0x08004884                HAL_SPI_Init
 .text.HAL_TIM_Base_Init
                0x08004948      0x14c Drivers\STM32F7xx_HAL_Driver\stm32f7xx_hal_tim.o
                0x08004948                HAL_TIM_Base_Init
 .text.HAL_TIM_Base_Start
                0x08004a94       0x20 Drivers\STM32F7xx_HAL_Driver\stm32f7xx_hal_tim.o
                0x08004a94                HAL_TIM_Base_Start
 .text.HAL_TIM_Base_Start_IT
                0x08004ab4       0x18 Drivers\STM32F7xx_HAL_Driver\stm32f7xx_hal_tim.o
                0x08004ab4                HAL_TIM_Base_Start_IT
 .text.HAL_TIM_PWM_MspInit
                0x08004acc        0x4 Drivers\STM32F7xx_HAL_Driver\stm32f7xx_hal_tim.o
                0x08004acc                HAL_TIM_PWM_MspInit
 .text.HAL_TIM_PWM_Init
                0x08004ad0      0x14c Drivers\STM32F7xx_HAL_Driver\stm32f7xx_hal_tim.o
                0x08004ad0                HAL_TIM_PWM_Init
 .text.HAL_TIM_PWM_Start
                0x08004c1c       0x48 Drivers\STM32F7xx_HAL_Driver\stm32f7xx_hal_tim.o
                0x08004c1c                HAL_TIM_PWM_Start
 .text.HAL_TIM_ConfigClockSource
                0x08004c64      0x190 Drivers\STM32F7xx_HAL_Driver\stm32f7xx_hal_tim.o
                0x08004c64                HAL_TIM_ConfigClockSource
 .text.HAL_TIM_OC_DelayElapsedCallback
                0x08004df4        0x4 Drivers\STM32F7xx_HAL_Driver\stm32f7xx_hal_tim.o
                0x08004df4                HAL_TIM_OC_DelayElapsedCallback
 .text.HAL_TIM_IC_CaptureCallback
                0x08004df8        0x4 Drivers\STM32F7xx_HAL_Driver\stm32f7xx_hal_tim.o
                0x08004df8                HAL_TIM_IC_CaptureCallback
 .text.HAL_TIM_PWM_PulseFinishedCallback
                0x08004dfc        0x4 Drivers\STM32F7xx_HAL_Driver\stm32f7xx_hal_tim.o
                0x08004dfc                HAL_TIM_PWM_PulseFinishedCallback
 .text.HAL_TIM_TriggerCallback
                0x08004e00        0x4 Drivers\STM32F7xx_HAL_Driver\stm32f7xx_hal_tim.o
                0x08004e00                HAL_TIM_TriggerCallback
 .text.HAL_TIM_IRQHandler
                0x08004e04      0x170 Drivers\STM32F7xx_HAL_Driver\stm32f7xx_hal_tim.o
                0x08004e04                HAL_TIM_IRQHandler
 .text.TIM_OC1_SetConfig
                0x08004f74       0x64 Drivers\STM32F7xx_HAL_Driver\stm32f7xx_hal_tim.o
                0x08004f74                TIM_OC1_SetConfig
 .text.TIM_OC2_SetConfig
                0x08004fd8       0x68 Drivers\STM32F7xx_HAL_Driver\stm32f7xx_hal_tim.o
                0x08004fd8                TIM_OC2_SetConfig
 .text.TIM_OC3_SetConfig
                0x08005040       0x68 Drivers\STM32F7xx_HAL_Driver\stm32f7xx_hal_tim.o
                0x08005040                TIM_OC3_SetConfig
 .text.TIM_OC4_SetConfig
                0x080050a8       0x58 Drivers\STM32F7xx_HAL_Driver\stm32f7xx_hal_tim.o
                0x080050a8                TIM_OC4_SetConfig
 .text.HAL_TIMEx_PWMN_Start
                0x08005100       0x30 Drivers\STM32F7xx_HAL_Driver\stm32f7xx_hal_tim_ex.o
                0x08005100                HAL_TIMEx_PWMN_Start
 .text.HAL_TIMEx_MasterConfigSynchronization
                0x08005130       0x58 Drivers\STM32F7xx_HAL_Driver\stm32f7xx_hal_tim_ex.o
                0x08005130                HAL_TIMEx_MasterConfigSynchronization
 .text.HAL_TIMEx_ConfigBreakDeadTime
                0x08005188       0x9c Drivers\STM32F7xx_HAL_Driver\stm32f7xx_hal_tim_ex.o
                0x08005188                HAL_TIMEx_ConfigBreakDeadTime
 .text.HAL_TIMEx_CommutationCallback
                0x08005224        0x4 Drivers\STM32F7xx_HAL_Driver\stm32f7xx_hal_tim_ex.o
                0x08005224                HAL_TIMEx_CommutationCallback
 .text.HAL_TIMEx_BreakCallback
                0x08005228        0x4 Drivers\STM32F7xx_HAL_Driver\stm32f7xx_hal_tim_ex.o
                0x08005228                HAL_TIMEx_BreakCallback
 .text.HAL_TIM_PWM_ConfigChannel
                0x0800522c      0x1bc Drivers\STM32F7xx_HAL_Driver\stm32f7xx_hal_tim_ex.o
                0x0800522c                HAL_TIM_PWM_ConfigChannel
 .text.HAL_UART_Transmit
                0x080053e8      0x100 Drivers\STM32F7xx_HAL_Driver\stm32f7xx_hal_uart.o
                0x080053e8                HAL_UART_Transmit
 .text.HAL_UART_Receive_DMA
                0x080054e8       0x90 Drivers\STM32F7xx_HAL_Driver\stm32f7xx_hal_uart.o
                0x080054e8                HAL_UART_Receive_DMA
 .text.HAL_UART_DMAResume
                0x08005578       0x74 Drivers\STM32F7xx_HAL_Driver\stm32f7xx_hal_uart.o
                0x08005578                HAL_UART_DMAResume
 .text.HAL_UART_RxCpltCallback
                0x080055ec        0x4 Drivers\STM32F7xx_HAL_Driver\stm32f7xx_hal_uart.o
                0x080055ec                HAL_UART_RxCpltCallback
 .text.UART_DMAReceiveCplt
                0x080055f0       0x38 Drivers\STM32F7xx_HAL_Driver\stm32f7xx_hal_uart.o
 .text.UART_DMARxHalfCplt
                0x08005628        0xc Drivers\STM32F7xx_HAL_Driver\stm32f7xx_hal_uart.o
 .text.UART_DMAError
                0x08005634       0x68 Drivers\STM32F7xx_HAL_Driver\stm32f7xx_hal_uart.o
 .text.UART_AdvFeatureConfig
                0x0800569c       0xb0 Drivers\STM32F7xx_HAL_Driver\stm32f7xx_hal_uart.o
                0x0800569c                UART_AdvFeatureConfig
 .text.HAL_UART_Init
                0x0800574c      0x388 Drivers\STM32F7xx_HAL_Driver\stm32f7xx_hal_uart.o
                0x0800574c                HAL_UART_Init
 .text.USB_CoreInit
                0x08005ad4       0xb8 Drivers\STM32F7xx_HAL_Driver\stm32f7xx_ll_usb.o
                0x08005ad4                USB_CoreInit
 .text.USB_DisableGlobalInt
                0x08005b8c       0x10 Drivers\STM32F7xx_HAL_Driver\stm32f7xx_ll_usb.o
                0x08005b8c                USB_DisableGlobalInt
 .text.USB_SetCurrentMode
                0x08005b9c       0x38 Drivers\STM32F7xx_HAL_Driver\stm32f7xx_ll_usb.o
                0x08005b9c                USB_SetCurrentMode
 .text.USB_DevInit
                0x08005bd4      0x1e8 Drivers\STM32F7xx_HAL_Driver\stm32f7xx_ll_usb.o
                0x08005bd4                USB_DevInit
 .text.USB_DevDisconnect
                0x08005dbc       0x18 Drivers\STM32F7xx_HAL_Driver\stm32f7xx_ll_usb.o
                0x08005dbc                USB_DevDisconnect
 .text.osKernelStart
                0x08005dd4        0xc Middlewares\FreeRTOS\cmsis_os.o
                0x08005dd4                osKernelStart
 .text.osThreadCreate
                0x08005de0       0x30 Middlewares\FreeRTOS\cmsis_os.o
                0x08005de0                osThreadCreate
 .text.osDelay  0x08005e10       0x10 Middlewares\FreeRTOS\cmsis_os.o
                0x08005e10                osDelay
 .text.osMutexCreate
                0x08005e20        0x8 Middlewares\FreeRTOS\cmsis_os.o
                0x08005e20                osMutexCreate
 .text.osMessageCreate
                0x08005e28        0x8 Middlewares\FreeRTOS\cmsis_os.o
                0x08005e28                osMessageCreate
 .text.unlikely.prvInsertBlockIntoFreeList
                0x08005e30       0x50 Middlewares\FreeRTOS\heap_4.o
 .text.pvPortMalloc
                0x08005e80      0x13c Middlewares\FreeRTOS\heap_4.o
                0x08005e80                pvPortMalloc
 .text.vPortFree
                0x08005fbc       0x78 Middlewares\FreeRTOS\heap_4.o
                0x08005fbc                vPortFree
 .text.vListInitialise
                0x08006034       0x18 Middlewares\FreeRTOS\list.o
                0x08006034                vListInitialise
 .text.vListInitialiseItem
                0x0800604c        0x8 Middlewares\FreeRTOS\list.o
                0x0800604c                vListInitialiseItem
 .text.vListInsertEnd
                0x08006054       0x20 Middlewares\FreeRTOS\list.o
                0x08006054                vListInsertEnd
 .text.vListInsert
                0x08006074       0x34 Middlewares\FreeRTOS\list.o
                0x08006074                vListInsert
 .text.uxListRemove
                0x080060a8       0x28 Middlewares\FreeRTOS\list.o
                0x080060a8                uxListRemove
 .text.prvTaskExitError
                0x080060d0       0x38 Middlewares\FreeRTOS\port.o
 .text.prvPortStartFirstTask
                0x08006108       0x20 Middlewares\FreeRTOS\port.o
 .text.vPortEnableVFP
                0x08006128       0x14 Middlewares\FreeRTOS\port.o
 .text.pxPortInitialiseStack
                0x0800613c       0x30 Middlewares\FreeRTOS\port.o
                0x0800613c                pxPortInitialiseStack
 *fill*         0x0800616c        0x4 
 .text.SVC_Handler
                0x08006170       0x24 Middlewares\FreeRTOS\port.o
                0x08006170                SVC_Handler
 .text.vPortEnterCritical
                0x08006194       0x4c Middlewares\FreeRTOS\port.o
                0x08006194                vPortEnterCritical
 .text.vPortExitCritical
                0x080061e0       0x2c Middlewares\FreeRTOS\port.o
                0x080061e0                vPortExitCritical
 *fill*         0x0800620c        0x4 
 .text.PendSV_Handler
                0x08006210       0x64 Middlewares\FreeRTOS\port.o
                0x08006210                PendSV_Handler
 .text.SysTick_Handler
                0x08006274       0x30 Middlewares\FreeRTOS\port.o
                0x08006274                SysTick_Handler
 .text.vPortSetupTimerInterrupt
                0x080062a4       0x2c Middlewares\FreeRTOS\port.o
                0x080062a4                vPortSetupTimerInterrupt
 .text.xPortStartScheduler
                0x080062d0       0xa8 Middlewares\FreeRTOS\port.o
                0x080062d0                xPortStartScheduler
 .text.vPortValidateInterruptPriority
                0x08006378       0x64 Middlewares\FreeRTOS\port.o
                0x08006378                vPortValidateInterruptPriority
 .text.unlikely.prvCopyDataToQueue
                0x080063dc       0x6c Middlewares\FreeRTOS\queue.o
 .text.unlikely.prvCopyDataFromQueue
                0x08006448       0x26 Middlewares\FreeRTOS\queue.o
 *fill*         0x0800646e        0x2 
 .text.prvUnlockQueue
                0x08006470       0x94 Middlewares\FreeRTOS\queue.o
 .text.xQueueGenericCreate
                0x08006504       0x7c Middlewares\FreeRTOS\queue.o
                0x08006504                xQueueGenericCreate
 .text.xQueueGenericSend
                0x08006580      0x2cc Middlewares\FreeRTOS\queue.o
                0x08006580                xQueueGenericSend
 .text.xQueueCreateMutex
                0x0800684c       0x68 Middlewares\FreeRTOS\queue.o
                0x0800684c                xQueueCreateMutex
 .text.xQueueGenericSendFromISR
                0x080068b4       0xe0 Middlewares\FreeRTOS\queue.o
                0x080068b4                xQueueGenericSendFromISR
 .text.xQueueGenericReceive
                0x08006994      0x2d4 Middlewares\FreeRTOS\queue.o
                0x08006994                xQueueGenericReceive
 .text.prvAddCurrentTaskToDelayedList
                0x08006c68       0x8c Middlewares\FreeRTOS\tasks.o
 .text.xTaskCreate
                0x08006cf4      0x260 Middlewares\FreeRTOS\tasks.o
                0x08006cf4                xTaskCreate
 .text.vTaskStartScheduler
                0x08006f54       0x80 Middlewares\FreeRTOS\tasks.o
                0x08006f54                vTaskStartScheduler
 .text.vTaskSuspendAll
                0x08006fd4       0x10 Middlewares\FreeRTOS\tasks.o
                0x08006fd4                vTaskSuspendAll
 .text.xTaskIncrementTick
                0x08006fe4      0x160 Middlewares\FreeRTOS\tasks.o
                0x08006fe4                xTaskIncrementTick
 .text.xTaskResumeAll
                0x08007144      0x120 Middlewares\FreeRTOS\tasks.o
                0x08007144                xTaskResumeAll
 .text.vTaskDelay
                0x08007264       0x50 Middlewares\FreeRTOS\tasks.o
                0x08007264                vTaskDelay
 .text.prvIdleTask
                0x080072b4       0x90 Middlewares\FreeRTOS\tasks.o
 .text.vTaskSwitchContext
                0x08007344       0x7c Middlewares\FreeRTOS\tasks.o
                0x08007344                vTaskSwitchContext
 .text.vTaskPlaceOnEventList
                0x080073c0       0xa8 Middlewares\FreeRTOS\tasks.o
                0x080073c0                vTaskPlaceOnEventList
 .text.xTaskRemoveFromEventList
                0x08007468       0x90 Middlewares\FreeRTOS\tasks.o
                0x08007468                xTaskRemoveFromEventList
 .text.vTaskSetTimeOutState
                0x080074f8       0x30 Middlewares\FreeRTOS\tasks.o
                0x080074f8                vTaskSetTimeOutState
 .text.xTaskCheckForTimeOut
                0x08007528       0x90 Middlewares\FreeRTOS\tasks.o
                0x08007528                xTaskCheckForTimeOut
 .text.vTaskMissedYield
                0x080075b8        0xc Middlewares\FreeRTOS\tasks.o
                0x080075b8                vTaskMissedYield
 .text.xTaskGetSchedulerState
                0x080075c4       0x20 Middlewares\FreeRTOS\tasks.o
                0x080075c4                xTaskGetSchedulerState
 .text.vTaskPriorityInherit
                0x080075e4       0x9c Middlewares\FreeRTOS\tasks.o
                0x080075e4                vTaskPriorityInherit
 .text.xTaskPriorityDisinherit
                0x08007680       0xbc Middlewares\FreeRTOS\tasks.o
                0x08007680                xTaskPriorityDisinherit
 .text.pvTaskIncrementMutexHeldCount
                0x0800773c       0x18 Middlewares\FreeRTOS\tasks.o
                0x0800773c                pvTaskIncrementMutexHeldCount
 .text.__libc_init_array
                0x08007754       0x48 c:/program files (x86)/atollic/truestudio for stm32 9.0.0/armtools/bin/../lib/gcc/arm-atollic-eabi/6.3.1/../../../../arm-atollic-eabi/lib/armv7e-m/fpu/fpv5-d16\libc_nano.a(lib_a-init.o)
                0x08007754                __libc_init_array
 .text.memcpy   0x0800779c       0x16 c:/program files (x86)/atollic/truestudio for stm32 9.0.0/armtools/bin/../lib/gcc/arm-atollic-eabi/6.3.1/../../../../arm-atollic-eabi/lib/armv7e-m/fpu/fpv5-d16\libc_nano.a(lib_a-memcpy-stub.o)
                0x0800779c                memcpy
 .text.memset   0x080077b2       0x10 c:/program files (x86)/atollic/truestudio for stm32 9.0.0/armtools/bin/../lib/gcc/arm-atollic-eabi/6.3.1/../../../../arm-atollic-eabi/lib/armv7e-m/fpu/fpv5-d16\libc_nano.a(lib_a-memset.o)
                0x080077b2                memset
 *fill*         0x080077c2        0x6 
 .text.cos      0x080077c8       0x78 c:/program files (x86)/atollic/truestudio for stm32 9.0.0/armtools/bin/../lib/gcc/arm-atollic-eabi/6.3.1/../../../../arm-atollic-eabi/lib/armv7e-m/fpu/fpv5-d16\libm.a(lib_a-s_cos.o)
                0x080077c8                cos
 .text.sin      0x08007840       0x78 c:/program files (x86)/atollic/truestudio for stm32 9.0.0/armtools/bin/../lib/gcc/arm-atollic-eabi/6.3.1/../../../../arm-atollic-eabi/lib/armv7e-m/fpu/fpv5-d16\libm.a(lib_a-s_sin.o)
                0x08007840                sin
 .text.__ieee754_rem_pio2
                0x080078b8      0x280 c:/program files (x86)/atollic/truestudio for stm32 9.0.0/armtools/bin/../lib/gcc/arm-atollic-eabi/6.3.1/../../../../arm-atollic-eabi/lib/armv7e-m/fpu/fpv5-d16\libm.a(lib_a-e_rem_pio2.o)
                0x080078b8                __ieee754_rem_pio2
 .text.__kernel_cos
                0x08007b38       0xd8 c:/program files (x86)/atollic/truestudio for stm32 9.0.0/armtools/bin/../lib/gcc/arm-atollic-eabi/6.3.1/../../../../arm-atollic-eabi/lib/armv7e-m/fpu/fpv5-d16\libm.a(lib_a-k_cos.o)
                0x08007b38                __kernel_cos
 .text.__kernel_rem_pio2
                0x08007c10      0x4e8 c:/program files (x86)/atollic/truestudio for stm32 9.0.0/armtools/bin/../lib/gcc/arm-atollic-eabi/6.3.1/../../../../arm-atollic-eabi/lib/armv7e-m/fpu/fpv5-d16\libm.a(lib_a-k_rem_pio2.o)
                0x08007c10                __kernel_rem_pio2
 .text.__kernel_sin
                0x080080f8       0xb0 c:/program files (x86)/atollic/truestudio for stm32 9.0.0/armtools/bin/../lib/gcc/arm-atollic-eabi/6.3.1/../../../../arm-atollic-eabi/lib/armv7e-m/fpu/fpv5-d16\libm.a(lib_a-k_sin.o)
                0x080080f8                __kernel_sin
 .text.fabs     0x080081a8        0xe c:/program files (x86)/atollic/truestudio for stm32 9.0.0/armtools/bin/../lib/gcc/arm-atollic-eabi/6.3.1/../../../../arm-atollic-eabi/lib/armv7e-m/fpu/fpv5-d16\libm.a(lib_a-s_fabs.o)
                0x080081a8                fabs
 *fill*         0x080081b6        0x2 
 .text.floor    0x080081b8       0xf0 c:/program files (x86)/atollic/truestudio for stm32 9.0.0/armtools/bin/../lib/gcc/arm-atollic-eabi/6.3.1/../../../../arm-atollic-eabi/lib/armv7e-m/fpu/fpv5-d16\libm.a(lib_a-s_floor.o)
                0x080081b8                floor
 .text.scalbn   0x080082a8       0xfc c:/program files (x86)/atollic/truestudio for stm32 9.0.0/armtools/bin/../lib/gcc/arm-atollic-eabi/6.3.1/../../../../arm-atollic-eabi/lib/armv7e-m/fpu/fpv5-d16\libm.a(lib_a-s_scalbn.o)
                0x080082a8                scalbn
 .text.copysign
                0x080083a4       0x1a c:/program files (x86)/atollic/truestudio for stm32 9.0.0/armtools/bin/../lib/gcc/arm-atollic-eabi/6.3.1/../../../../arm-atollic-eabi/lib/armv7e-m/fpu/fpv5-d16\libm.a(lib_a-s_copysign.o)
                0x080083a4                copysign
 *(.glue_7)
 .glue_7        0x080083be        0x0 linker stubs
 *(.glue_7t)
 .glue_7t       0x080083be        0x0 linker stubs
 *(.eh_frame)
 *fill*         0x080083be        0x2 
 .eh_frame      0x080083c0        0x0 c:/program files (x86)/atollic/truestudio for stm32 9.0.0/armtools/bin/../lib/gcc/arm-atollic-eabi/6.3.1/armv7e-m/fpu/fpv5-d16/crtbegin.o
 *(.init)
 .init          0x080083c0        0x4 c:/program files (x86)/atollic/truestudio for stm32 9.0.0/armtools/bin/../lib/gcc/arm-atollic-eabi/6.3.1/armv7e-m/fpu/fpv5-d16/crti.o
                0x080083c0                _init
 .init          0x080083c4        0x8 c:/program files (x86)/atollic/truestudio for stm32 9.0.0/armtools/bin/../lib/gcc/arm-atollic-eabi/6.3.1/armv7e-m/fpu/fpv5-d16/crtn.o
 *(.fini)
 .fini          0x080083cc        0x4 c:/program files (x86)/atollic/truestudio for stm32 9.0.0/armtools/bin/../lib/gcc/arm-atollic-eabi/6.3.1/armv7e-m/fpu/fpv5-d16/crti.o
                0x080083cc                _fini
 .fini          0x080083d0        0x8 c:/program files (x86)/atollic/truestudio for stm32 9.0.0/armtools/bin/../lib/gcc/arm-atollic-eabi/6.3.1/armv7e-m/fpu/fpv5-d16/crtn.o
                0x080083d8                . = ALIGN (0x4)
                0x080083d8                _etext = .

.vfp11_veneer   0x080083d8        0x0
 .vfp11_veneer  0x080083d8        0x0 linker stubs

.v4_bx          0x080083d8        0x0
 .v4_bx         0x080083d8        0x0 linker stubs

.iplt           0x080083d8        0x0
 .iplt          0x080083d8        0x0 c:/program files (x86)/atollic/truestudio for stm32 9.0.0/armtools/bin/../lib/gcc/arm-atollic-eabi/6.3.1/armv7e-m/fpu/fpv5-d16/crtbegin.o

.rodata         0x080083d8      0x358
                0x080083d8                . = ALIGN (0x4)
 *(.rodata)
 .rodata        0x080083d8       0x30 Application\User\Idletasks\idletasks.o
 .rodata        0x08008408       0xb4 Application\User\freertos.o
 *(.rodata*)
 .rodata.str1.4
                0x080084bc       0x60 Application\User\freertos.o
 .rodata.AHBPrescTable
                0x0800851c       0x10 Drivers\CMSIS\system_stm32f7xx.o
                0x0800851c                AHBPrescTable
 .rodata.APBPrescTable
                0x0800852c        0x8 Drivers\CMSIS\system_stm32f7xx.o
                0x0800852c                APBPrescTable
 .rodata.flagBitshiftOffset.10257
                0x08008534        0x8 Drivers\STM32F7xx_HAL_Driver\stm32f7xx_hal_dma.o
 .rodata.CSWTCH.38
                0x0800853c        0x4 Drivers\STM32F7xx_HAL_Driver\stm32f7xx_hal_uart.o
 .rodata.CSWTCH.39
                0x08008540        0xd Drivers\STM32F7xx_HAL_Driver\stm32f7xx_hal_uart.o
 *fill*         0x0800854d        0x3 
 .rodata.vTaskStartScheduler.str1.4
                0x08008550        0x8 Middlewares\FreeRTOS\tasks.o
                                  0x5 (size before relaxing)
 .rodata.npio2_hw
                0x08008558       0x80 c:/program files (x86)/atollic/truestudio for stm32 9.0.0/armtools/bin/../lib/gcc/arm-atollic-eabi/6.3.1/../../../../arm-atollic-eabi/lib/armv7e-m/fpu/fpv5-d16\libm.a(lib_a-e_rem_pio2.o)
 .rodata.two_over_pi
                0x080085d8      0x108 c:/program files (x86)/atollic/truestudio for stm32 9.0.0/armtools/bin/../lib/gcc/arm-atollic-eabi/6.3.1/../../../../arm-atollic-eabi/lib/armv7e-m/fpu/fpv5-d16\libm.a(lib_a-e_rem_pio2.o)
 .rodata.PIo2   0x080086e0       0x40 c:/program files (x86)/atollic/truestudio for stm32 9.0.0/armtools/bin/../lib/gcc/arm-atollic-eabi/6.3.1/../../../../arm-atollic-eabi/lib/armv7e-m/fpu/fpv5-d16\libm.a(lib_a-k_rem_pio2.o)
 .rodata.init_jk
                0x08008720       0x10 c:/program files (x86)/atollic/truestudio for stm32 9.0.0/armtools/bin/../lib/gcc/arm-atollic-eabi/6.3.1/../../../../arm-atollic-eabi/lib/armv7e-m/fpu/fpv5-d16\libm.a(lib_a-k_rem_pio2.o)
                0x08008730                . = ALIGN (0x4)

.ARM.extab
 *(.ARM.extab* .gnu.linkonce.armextab.*)

.ARM            0x08008730        0x8
                0x08008730                __exidx_start = .
 *(.ARM.exidx*)
 .ARM.exidx     0x08008730        0x8 c:/program files (x86)/atollic/truestudio for stm32 9.0.0/armtools/bin/../lib/gcc/arm-atollic-eabi/6.3.1/armv7e-m/fpu/fpv5-d16\libgcc.a(_udivmoddi4.o)
                0x08008738                __exidx_end = .

.rel.dyn        0x08008738        0x0
 .rel.iplt      0x08008738        0x0 c:/program files (x86)/atollic/truestudio for stm32 9.0.0/armtools/bin/../lib/gcc/arm-atollic-eabi/6.3.1/armv7e-m/fpu/fpv5-d16/crtbegin.o

.preinit_array  0x08008738        0x0
                0x08008738                PROVIDE (__preinit_array_start, .)
 *(.preinit_array*)
                0x08008738                PROVIDE (__preinit_array_end, .)

.init_array     0x08008738        0x4
                0x08008738                PROVIDE (__init_array_start, .)
 *(SORT(.init_array.*))
 *(.init_array*)
 .init_array    0x08008738        0x4 c:/program files (x86)/atollic/truestudio for stm32 9.0.0/armtools/bin/../lib/gcc/arm-atollic-eabi/6.3.1/armv7e-m/fpu/fpv5-d16/crtbegin.o
                0x0800873c                PROVIDE (__init_array_end, .)

.fini_array     0x0800873c        0x4
                [!provide]                PROVIDE (__fini_array_start, .)
 *(SORT(.fini_array.*))
 *(.fini_array*)
 .fini_array    0x0800873c        0x4 c:/program files (x86)/atollic/truestudio for stm32 9.0.0/armtools/bin/../lib/gcc/arm-atollic-eabi/6.3.1/armv7e-m/fpu/fpv5-d16/crtbegin.o
                [!provide]                PROVIDE (__fini_array_end, .)
                0x08008740                _sidata = LOADADDR (.data)

.data           0x20000000       0x28 load address 0x08008740
                0x20000000                . = ALIGN (0x4)
                0x20000000                _sdata = .
 *(.data)
 *(.data*)
 .data.enchall  0x20000000       0x18 Application\User\ISRs\isrSensors.o
 .data.fivetimecount
                0x20000018        0x1 Application\User\ISRs\isrSensors.o
 *fill*         0x20000019        0x3 
 .data.SystemCoreClock
                0x2000001c        0x4 Drivers\CMSIS\system_stm32f7xx.o
                0x2000001c                SystemCoreClock
 .data.uwTickFreq
                0x20000020        0x1 Drivers\STM32F7xx_HAL_Driver\stm32f7xx_hal.o
                0x20000020                uwTickFreq
 *fill*         0x20000021        0x3 
 .data.uxCriticalNesting
                0x20000024        0x4 Middlewares\FreeRTOS\port.o
                0x20000028                . = ALIGN (0x4)
                0x20000028                _edata = .

.igot.plt       0x20000028        0x0 load address 0x08008768
 .igot.plt      0x20000028        0x0 c:/program files (x86)/atollic/truestudio for stm32 9.0.0/armtools/bin/../lib/gcc/arm-atollic-eabi/6.3.1/armv7e-m/fpu/fpv5-d16/crtbegin.o
                0x20000028                . = ALIGN (0x4)

.bss            0x20000028     0x488c load address 0x08008768
                0x20000028                _sbss = .
                0x20000028                __bss_start__ = _sbss
 *(.bss)
 .bss           0x20000028       0x1c c:/program files (x86)/atollic/truestudio for stm32 9.0.0/armtools/bin/../lib/gcc/arm-atollic-eabi/6.3.1/armv7e-m/fpu/fpv5-d16/crtbegin.o
 *(.bss*)
 .bss.cnt       0x20000044        0x4 Application\User\ISRs\isrSensors.o
 .bss.cnt_e     0x20000048        0x4 Application\User\ISRs\isrSensors.o
 .bss.flag      0x2000004c        0x1 Application\User\ISRs\isrSensors.o
 *fill*         0x2000004d        0x1 
 .bss.last5bitsdata
                0x2000004e        0x2 Application\User\ISRs\isrSensors.o
 .bss.last_recon
                0x20000050        0x2 Application\User\ISRs\isrSensors.o
 *fill*         0x20000052        0x2 
 .bss.lasttick  0x20000054        0x4 Application\User\ISRs\isrSensors.o
 .bss.motorcurrent
                0x20000058       0x14 Application\User\ISRs\isrSensors.o
 .bss.v_buff    0x2000006c       0x78 Application\User\ISRs\isrSensors.o
 .bss.v_index   0x200000e4        0x1 Application\User\ISRs\isrSensors.o
                0x200000e4                v_index
 *fill*         0x200000e5        0x3 
 .bss.xHigherPriorityTaskWoken.10969
                0x200000e8        0x4 Application\User\ISRs\isrSensors.o
 .bss.DFSDM1_Init
                0x200000ec        0x4 Application\User\dfsdm.o
 .bss.HAL_RCC_DFSDM1_CLK_ENABLED
                0x200000f0        0x4 Application\User\dfsdm.o
 .bss.a_dfsdm1ChannelHandle
                0x200000f4       0x20 Drivers\STM32F7xx_HAL_Driver\stm32f7xx_hal_dfsdm.o
                0x200000f4                a_dfsdm1ChannelHandle
 .bss.v_dfsdm1ChannelCounter
                0x20000114        0x4 Drivers\STM32F7xx_HAL_Driver\stm32f7xx_hal_dfsdm.o
                0x20000114                v_dfsdm1ChannelCounter
 .bss.pxEnd     0x20000118        0x4 Middlewares\FreeRTOS\heap_4.o
 .bss.ucHeap    0x2000011c     0x3c00 Middlewares\FreeRTOS\heap_4.o
 .bss.xBlockAllocatedBit
                0x20003d1c        0x4 Middlewares\FreeRTOS\heap_4.o
 .bss.xFreeBytesRemaining
                0x20003d20        0x4 Middlewares\FreeRTOS\heap_4.o
 .bss.xMinimumEverFreeBytesRemaining
                0x20003d24        0x4 Middlewares\FreeRTOS\heap_4.o
 .bss.xStart    0x20003d28        0x8 Middlewares\FreeRTOS\heap_4.o
 .bss.ucMaxSysCallPriority
                0x20003d30        0x1 Middlewares\FreeRTOS\port.o
 *fill*         0x20003d31        0x3 
 .bss.ulMaxPRIGROUPValue
                0x20003d34        0x4 Middlewares\FreeRTOS\port.o
 .bss.pxCurrentTCB
                0x20003d38        0x4 Middlewares\FreeRTOS\tasks.o
                0x20003d38                pxCurrentTCB
 .bss.pxDelayedTaskList
                0x20003d3c        0x4 Middlewares\FreeRTOS\tasks.o
 .bss.pxOverflowDelayedTaskList
                0x20003d40        0x4 Middlewares\FreeRTOS\tasks.o
 .bss.pxReadyTasksLists
                0x20003d44       0x8c Middlewares\FreeRTOS\tasks.o
 .bss.uxCurrentNumberOfTasks
                0x20003dd0        0x4 Middlewares\FreeRTOS\tasks.o
 .bss.uxDeletedTasksWaitingCleanUp
                0x20003dd4        0x4 Middlewares\FreeRTOS\tasks.o
 .bss.uxPendedTicks
                0x20003dd8        0x4 Middlewares\FreeRTOS\tasks.o
 .bss.uxSchedulerSuspended
                0x20003ddc        0x4 Middlewares\FreeRTOS\tasks.o
 .bss.uxTaskNumber
                0x20003de0        0x4 Middlewares\FreeRTOS\tasks.o
 .bss.uxTopReadyPriority
                0x20003de4        0x4 Middlewares\FreeRTOS\tasks.o
 .bss.xDelayedTaskList1
                0x20003de8       0x14 Middlewares\FreeRTOS\tasks.o
 .bss.xDelayedTaskList2
                0x20003dfc       0x14 Middlewares\FreeRTOS\tasks.o
 .bss.xIdleTaskHandle
                0x20003e10        0x4 Middlewares\FreeRTOS\tasks.o
 .bss.xNextTaskUnblockTime
                0x20003e14        0x4 Middlewares\FreeRTOS\tasks.o
 .bss.xNumOfOverflows
                0x20003e18        0x4 Middlewares\FreeRTOS\tasks.o
 .bss.xPendingReadyList
                0x20003e1c       0x14 Middlewares\FreeRTOS\tasks.o
 .bss.xSchedulerRunning
                0x20003e30        0x4 Middlewares\FreeRTOS\tasks.o
 .bss.xSuspendedTaskList
                0x20003e34       0x14 Middlewares\FreeRTOS\tasks.o
 .bss.xTasksWaitingTermination
                0x20003e48       0x14 Middlewares\FreeRTOS\tasks.o
 .bss.xTickCount
                0x20003e5c        0x4 Middlewares\FreeRTOS\tasks.o
 .bss.xYieldPending
                0x20003e60        0x4 Middlewares\FreeRTOS\tasks.o
 *(COMMON)
 COMMON         0x20003e64        0xf Application\User\ISRs\isrSensors.o
                0x20003e64                enchall_buff
                0x20003e6c                order_buff
 *fill*         0x20003e73        0x1 
 COMMON         0x20003e74      0x1d8 Application\User\dfsdm.o
                0x20003e74                hdfsdm1_filter0
                0x20003ec8                hdfsdm1_channel3
                0x20003f00                hdma_dfsdm1_flt1
                0x20003f60                hdma_dfsdm1_flt0
                0x20003fc0                hdfsdm1_filter1
                0x20004014                hdfsdm1_channel0
 COMMON         0x2000404c       0x34 Application\User\freertos.o
                0x2000404c                conresQueueHandle
                0x20004050                buzzertoneTaskHandle
                0x20004054                buzzerQueueHandle
                0x20004058                rythmQueueHandle
                0x2000405c                enchallTaskHandle
                0x20004060                buzzerMutexHandle
                0x20004064                enchallQueueHandle
                0x20004068                controlTaskHandle
                0x2000406c                ledgreenTaskHandle
                0x20004070                ledblueTaskHandle
                0x20004074                shuntQueueHandle
                0x20004078                iwdgTaskHandle
                0x2000407c                buzzerrythmTaskHandle
 COMMON         0x20004080       0x4c Application\User\i2c.o
                0x20004080                hi2c4
 COMMON         0x200040cc       0x64 Application\User\spi.o
                0x200040cc                hspi1
 COMMON         0x20004130       0x40 Application\User\stm32f7xx_hal_timebase_tim.o
                0x20004130                htim4
 COMMON         0x20004170       0xc0 Application\User\tim.o
                0x20004170                htim3
                0x200041b0                htim1
                0x200041f0                htim2
 COMMON         0x20004230      0x280 Application\User\usart.o
                0x20004230                hdma_uart4_rx
                0x20004290                huart3
                0x20004300                hdma_usart1_rx
                0x20004360                huart1
                0x200043d0                huart8
                0x20004440                huart4
 COMMON         0x200044b0      0x400 Application\User\usb_otg.o
                0x200044b0                hpcd_USB_OTG_HS
 COMMON         0x200048b0        0x4 Drivers\STM32F7xx_HAL_Driver\stm32f7xx_hal.o
                0x200048b0                uwTick
                0x200048b4                . = ALIGN (0x4)
                0x200048b4                _ebss = .
                0x200048b4                __bss_end__ = _ebss

._user_heap_stack
                0x200048b4      0x600 load address 0x08008768
                0x200048b4                . = ALIGN (0x4)
                0x200048b4                PROVIDE (end, .)
                [!provide]                PROVIDE (_end, .)
                0x20004ab4                . = (. + _Min_Heap_Size)
 *fill*         0x200048b4      0x200 
                0x20004eb4                . = (. + _Min_Stack_Size)
 *fill*         0x20004ab4      0x400 
                0x20004eb4                . = ALIGN (0x4)

/DISCARD/
 libc.a(*)
 libm.a(*)
 libgcc.a(*)

.ARM.attributes
                0x00000000       0x2e
 *(.ARM.attributes)
 .ARM.attributes
                0x00000000       0x20 c:/program files (x86)/atollic/truestudio for stm32 9.0.0/armtools/bin/../lib/gcc/arm-atollic-eabi/6.3.1/armv7e-m/fpu/fpv5-d16/crti.o
 .ARM.attributes
                0x00000020       0x32 c:/program files (x86)/atollic/truestudio for stm32 9.0.0/armtools/bin/../lib/gcc/arm-atollic-eabi/6.3.1/armv7e-m/fpu/fpv5-d16/crtbegin.o
 .ARM.attributes
                0x00000052       0x21 Application\TrueSTUDIO\startup_stm32f765xx.o
 .ARM.attributes
                0x00000073       0x33 Application\User\Foc\controlFoc.o
 .ARM.attributes
                0x000000a6       0x33 Application\User\ISRs\isrSensors.o
 .ARM.attributes
                0x000000d9       0x33 Application\User\Idletasks\idletasks.o
 .ARM.attributes
                0x0000010c       0x33 Application\User\SYSINIT\sysinitial.o
 .ARM.attributes
                0x0000013f       0x33 Application\User\debug\datatraceDebug.o
 .ARM.attributes
                0x00000172       0x33 Application\User\dfsdm.o
 .ARM.attributes
                0x000001a5       0x33 Application\User\dma.o
 .ARM.attributes
                0x000001d8       0x33 Application\User\freertos.o
 .ARM.attributes
                0x0000020b       0x33 Application\User\gpio.o
 .ARM.attributes
                0x0000023e       0x33 Application\User\i2c.o
 .ARM.attributes
                0x00000271       0x33 Application\User\main.o
 .ARM.attributes
                0x000002a4       0x33 Application\User\spi.o
 .ARM.attributes
                0x000002d7       0x33 Application\User\stm32f7xx_hal_msp.o
 .ARM.attributes
                0x0000030a       0x33 Application\User\stm32f7xx_hal_timebase_tim.o
 .ARM.attributes
                0x0000033d       0x33 Application\User\stm32f7xx_it.o
 .ARM.attributes
                0x00000370       0x33 Application\User\tim.o
 .ARM.attributes
                0x000003a3       0x33 Application\User\usart.o
 .ARM.attributes
                0x000003d6       0x33 Application\User\usb_otg.o
 .ARM.attributes
                0x00000409       0x33 Drivers\CMSIS\system_stm32f7xx.o
 .ARM.attributes
                0x0000043c       0x33 Drivers\STM32F7xx_HAL_Driver\stm32f7xx_hal.o
 .ARM.attributes
                0x0000046f       0x33 Drivers\STM32F7xx_HAL_Driver\stm32f7xx_hal_cortex.o
 .ARM.attributes
                0x000004a2       0x33 Drivers\STM32F7xx_HAL_Driver\stm32f7xx_hal_dfsdm.o
 .ARM.attributes
                0x000004d5       0x33 Drivers\STM32F7xx_HAL_Driver\stm32f7xx_hal_dma.o
 .ARM.attributes
                0x00000508       0x33 Drivers\STM32F7xx_HAL_Driver\stm32f7xx_hal_gpio.o
 .ARM.attributes
                0x0000053b       0x33 Drivers\STM32F7xx_HAL_Driver\stm32f7xx_hal_i2c.o
 .ARM.attributes
                0x0000056e       0x33 Drivers\STM32F7xx_HAL_Driver\stm32f7xx_hal_i2c_ex.o
 .ARM.attributes
                0x000005a1       0x33 Drivers\STM32F7xx_HAL_Driver\stm32f7xx_hal_pcd.o
 .ARM.attributes
                0x000005d4       0x33 Drivers\STM32F7xx_HAL_Driver\stm32f7xx_hal_pcd_ex.o
 .ARM.attributes
                0x00000607       0x33 Drivers\STM32F7xx_HAL_Driver\stm32f7xx_hal_pwr_ex.o
 .ARM.attributes
                0x0000063a       0x33 Drivers\STM32F7xx_HAL_Driver\stm32f7xx_hal_rcc.o
 .ARM.attributes
                0x0000066d       0x33 Drivers\STM32F7xx_HAL_Driver\stm32f7xx_hal_rcc_ex.o
 .ARM.attributes
                0x000006a0       0x33 Drivers\STM32F7xx_HAL_Driver\stm32f7xx_hal_spi.o
 .ARM.attributes
                0x000006d3       0x33 Drivers\STM32F7xx_HAL_Driver\stm32f7xx_hal_tim.o
 .ARM.attributes
                0x00000706       0x33 Drivers\STM32F7xx_HAL_Driver\stm32f7xx_hal_tim_ex.o
 .ARM.attributes
                0x00000739       0x33 Drivers\STM32F7xx_HAL_Driver\stm32f7xx_hal_uart.o
 .ARM.attributes
                0x0000076c       0x33 Drivers\STM32F7xx_HAL_Driver\stm32f7xx_ll_usb.o
 .ARM.attributes
                0x0000079f       0x33 Middlewares\FreeRTOS\cmsis_os.o
 .ARM.attributes
                0x000007d2       0x33 Middlewares\FreeRTOS\heap_4.o
 .ARM.attributes
                0x00000805       0x33 Middlewares\FreeRTOS\list.o
 .ARM.attributes
                0x00000838       0x33 Middlewares\FreeRTOS\port.o
 .ARM.attributes
                0x0000086b       0x33 Middlewares\FreeRTOS\queue.o
 .ARM.attributes
                0x0000089e       0x33 Middlewares\FreeRTOS\tasks.o
 .ARM.attributes
                0x000008d1       0x32 c:/program files (x86)/atollic/truestudio for stm32 9.0.0/armtools/bin/../lib/gcc/arm-atollic-eabi/6.3.1/../../../../arm-atollic-eabi/lib/armv7e-m/fpu/fpv5-d16\libc_nano.a(lib_a-init.o)
 .ARM.attributes
                0x00000903       0x32 c:/program files (x86)/atollic/truestudio for stm32 9.0.0/armtools/bin/../lib/gcc/arm-atollic-eabi/6.3.1/../../../../arm-atollic-eabi/lib/armv7e-m/fpu/fpv5-d16\libc_nano.a(lib_a-memcpy-stub.o)
 .ARM.attributes
                0x00000935       0x32 c:/program files (x86)/atollic/truestudio for stm32 9.0.0/armtools/bin/../lib/gcc/arm-atollic-eabi/6.3.1/../../../../arm-atollic-eabi/lib/armv7e-m/fpu/fpv5-d16\libc_nano.a(lib_a-memset.o)
 .ARM.attributes
                0x00000967       0x32 c:/program files (x86)/atollic/truestudio for stm32 9.0.0/armtools/bin/../lib/gcc/arm-atollic-eabi/6.3.1/../../../../arm-atollic-eabi/lib/armv7e-m/fpu/fpv5-d16\libm.a(lib_a-s_cos.o)
 .ARM.attributes
                0x00000999       0x32 c:/program files (x86)/atollic/truestudio for stm32 9.0.0/armtools/bin/../lib/gcc/arm-atollic-eabi/6.3.1/../../../../arm-atollic-eabi/lib/armv7e-m/fpu/fpv5-d16\libm.a(lib_a-s_sin.o)
 .ARM.attributes
                0x000009cb       0x32 c:/program files (x86)/atollic/truestudio for stm32 9.0.0/armtools/bin/../lib/gcc/arm-atollic-eabi/6.3.1/../../../../arm-atollic-eabi/lib/armv7e-m/fpu/fpv5-d16\libm.a(lib_a-e_rem_pio2.o)
 .ARM.attributes
                0x000009fd       0x32 c:/program files (x86)/atollic/truestudio for stm32 9.0.0/armtools/bin/../lib/gcc/arm-atollic-eabi/6.3.1/../../../../arm-atollic-eabi/lib/armv7e-m/fpu/fpv5-d16\libm.a(lib_a-k_cos.o)
 .ARM.attributes
                0x00000a2f       0x32 c:/program files (x86)/atollic/truestudio for stm32 9.0.0/armtools/bin/../lib/gcc/arm-atollic-eabi/6.3.1/../../../../arm-atollic-eabi/lib/armv7e-m/fpu/fpv5-d16\libm.a(lib_a-k_rem_pio2.o)
 .ARM.attributes
                0x00000a61       0x32 c:/program files (x86)/atollic/truestudio for stm32 9.0.0/armtools/bin/../lib/gcc/arm-atollic-eabi/6.3.1/../../../../arm-atollic-eabi/lib/armv7e-m/fpu/fpv5-d16\libm.a(lib_a-k_sin.o)
 .ARM.attributes
                0x00000a93       0x32 c:/program files (x86)/atollic/truestudio for stm32 9.0.0/armtools/bin/../lib/gcc/arm-atollic-eabi/6.3.1/../../../../arm-atollic-eabi/lib/armv7e-m/fpu/fpv5-d16\libm.a(lib_a-s_fabs.o)
 .ARM.attributes
                0x00000ac5       0x32 c:/program files (x86)/atollic/truestudio for stm32 9.0.0/armtools/bin/../lib/gcc/arm-atollic-eabi/6.3.1/../../../../arm-atollic-eabi/lib/armv7e-m/fpu/fpv5-d16\libm.a(lib_a-s_floor.o)
 .ARM.attributes
                0x00000af7       0x32 c:/program files (x86)/atollic/truestudio for stm32 9.0.0/armtools/bin/../lib/gcc/arm-atollic-eabi/6.3.1/../../../../arm-atollic-eabi/lib/armv7e-m/fpu/fpv5-d16\libm.a(lib_a-s_scalbn.o)
 .ARM.attributes
                0x00000b29       0x32 c:/program files (x86)/atollic/truestudio for stm32 9.0.0/armtools/bin/../lib/gcc/arm-atollic-eabi/6.3.1/../../../../arm-atollic-eabi/lib/armv7e-m/fpu/fpv5-d16\libm.a(lib_a-s_copysign.o)
 .ARM.attributes
                0x00000b5b       0x20 c:/program files (x86)/atollic/truestudio for stm32 9.0.0/armtools/bin/../lib/gcc/arm-atollic-eabi/6.3.1/armv7e-m/fpu/fpv5-d16\libgcc.a(_aeabi_uldivmod.o)
 .ARM.attributes
                0x00000b7b       0x32 c:/program files (x86)/atollic/truestudio for stm32 9.0.0/armtools/bin/../lib/gcc/arm-atollic-eabi/6.3.1/armv7e-m/fpu/fpv5-d16\libgcc.a(_udivmoddi4.o)
 .ARM.attributes
                0x00000bad       0x20 c:/program files (x86)/atollic/truestudio for stm32 9.0.0/armtools/bin/../lib/gcc/arm-atollic-eabi/6.3.1/armv7e-m/fpu/fpv5-d16\libgcc.a(_dvmd_tls.o)
 .ARM.attributes
                0x00000bcd       0x20 c:/program files (x86)/atollic/truestudio for stm32 9.0.0/armtools/bin/../lib/gcc/arm-atollic-eabi/6.3.1/armv7e-m/fpu/fpv5-d16/crtn.o
OUTPUT(jsk_foc_f7.elf elf32-littlearm)

.debug_line     0x00000000    0x14007
 .debug_line    0x00000000       0x7a Application\TrueSTUDIO\startup_stm32f765xx.o
 .debug_line    0x0000007a      0x5c4 Application\User\Foc\controlFoc.o
 .debug_line    0x0000063e      0x681 Application\User\ISRs\isrSensors.o
 .debug_line    0x00000cbf      0x4c2 Application\User\Idletasks\idletasks.o
 .debug_line    0x00001181      0x3d5 Application\User\SYSINIT\sysinitial.o
 .debug_line    0x00001556      0x72f Application\User\debug\datatraceDebug.o
 .debug_line    0x00001c85      0x47a Application\User\dfsdm.o
 .debug_line    0x000020ff      0x29c Application\User\dma.o
 .debug_line    0x0000239b      0x37d Application\User\freertos.o
 .debug_line    0x00002718      0x2d3 Application\User\gpio.o
 .debug_line    0x000029eb      0x375 Application\User\i2c.o
 .debug_line    0x00002d60      0x567 Application\User\main.o
 .debug_line    0x000032c7      0x371 Application\User\spi.o
 .debug_line    0x00003638      0x2a3 Application\User\stm32f7xx_hal_msp.o
 .debug_line    0x000038db      0x359 Application\User\stm32f7xx_hal_timebase_tim.o
 .debug_line    0x00003c34      0x353 Application\User\stm32f7xx_it.o
 .debug_line    0x00003f87      0x4db Application\User\tim.o
 .debug_line    0x00004462      0x4b4 Application\User\usart.o
 .debug_line    0x00004916      0x38d Application\User\usb_otg.o
 .debug_line    0x00004ca3      0x299 Drivers\CMSIS\system_stm32f7xx.o
 .debug_line    0x00004f3c      0x503 Drivers\STM32F7xx_HAL_Driver\stm32f7xx_hal.o
 .debug_line    0x0000543f      0x538 Drivers\STM32F7xx_HAL_Driver\stm32f7xx_hal_cortex.o
 .debug_line    0x00005977     0x100e Drivers\STM32F7xx_HAL_Driver\stm32f7xx_hal_dfsdm.o
 .debug_line    0x00006985      0x7bc Drivers\STM32F7xx_HAL_Driver\stm32f7xx_hal_dma.o
 .debug_line    0x00007141      0x500 Drivers\STM32F7xx_HAL_Driver\stm32f7xx_hal_gpio.o
 .debug_line    0x00007641     0x2088 Drivers\STM32F7xx_HAL_Driver\stm32f7xx_hal_i2c.o
 .debug_line    0x000096c9      0x3df Drivers\STM32F7xx_HAL_Driver\stm32f7xx_hal_i2c_ex.o
 .debug_line    0x00009aa8      0x981 Drivers\STM32F7xx_HAL_Driver\stm32f7xx_hal_pcd.o
 .debug_line    0x0000a429      0x3a4 Drivers\STM32F7xx_HAL_Driver\stm32f7xx_hal_pcd_ex.o
 .debug_line    0x0000a7cd      0x487 Drivers\STM32F7xx_HAL_Driver\stm32f7xx_hal_pwr_ex.o
 .debug_line    0x0000ac54      0x71f Drivers\STM32F7xx_HAL_Driver\stm32f7xx_hal_rcc.o
 .debug_line    0x0000b373      0x56d Drivers\STM32F7xx_HAL_Driver\stm32f7xx_hal_rcc_ex.o
 .debug_line    0x0000b8e0     0x12eb Drivers\STM32F7xx_HAL_Driver\stm32f7xx_hal_spi.o
 .debug_line    0x0000cbcb     0x1c27 Drivers\STM32F7xx_HAL_Driver\stm32f7xx_hal_tim.o
 .debug_line    0x0000e7f2      0xc59 Drivers\STM32F7xx_HAL_Driver\stm32f7xx_hal_tim_ex.o
 .debug_line    0x0000f44b     0x12d4 Drivers\STM32F7xx_HAL_Driver\stm32f7xx_hal_uart.o
 .debug_line    0x0001071f      0xc1f Drivers\STM32F7xx_HAL_Driver\stm32f7xx_ll_usb.o
 .debug_line    0x0001133e      0xa99 Middlewares\FreeRTOS\cmsis_os.o
 .debug_line    0x00011dd7      0x451 Middlewares\FreeRTOS\heap_4.o
 .debug_line    0x00012228      0x3ae Middlewares\FreeRTOS\list.o
 .debug_line    0x000125d6      0x379 Middlewares\FreeRTOS\port.o
 .debug_line    0x0001294f      0x96c Middlewares\FreeRTOS\queue.o
 .debug_line    0x000132bb      0xd4c Middlewares\FreeRTOS\tasks.o

.debug_info     0x00000000    0x453d9
 .debug_info    0x00000000       0x73 Application\TrueSTUDIO\startup_stm32f765xx.o
 .debug_info    0x00000073     0x1be2 Application\User\Foc\controlFoc.o
 .debug_info    0x00001c55     0x1b78 Application\User\ISRs\isrSensors.o
 .debug_info    0x000037cd     0x15a3 Application\User\Idletasks\idletasks.o
 .debug_info    0x00004d70     0x21a1 Application\User\SYSINIT\sysinitial.o
 .debug_info    0x00006f11     0x1651 Application\User\debug\datatraceDebug.o
 .debug_info    0x00008562     0x1797 Application\User\dfsdm.o
 .debug_info    0x00009cf9      0xedd Application\User\dma.o
 .debug_info    0x0000abd6      0xead Application\User\freertos.o
 .debug_info    0x0000ba83      0xdc4 Application\User\gpio.o
 .debug_info    0x0000c847     0x12da Application\User\i2c.o
 .debug_info    0x0000db21     0x2cd8 Application\User\main.o
 .debug_info    0x000107f9     0x1296 Application\User\spi.o
 .debug_info    0x00011a8f      0xe29 Application\User\stm32f7xx_hal_msp.o
 .debug_info    0x000128b8     0x14ac Application\User\stm32f7xx_hal_timebase_tim.o
 .debug_info    0x00013d64      0xf84 Application\User\stm32f7xx_it.o
 .debug_info    0x00014ce8     0x1904 Application\User\tim.o
 .debug_info    0x000165ec     0x1543 Application\User\usart.o
 .debug_info    0x00017b2f     0x12c1 Application\User\usb_otg.o
 .debug_info    0x00018df0      0xf05 Drivers\CMSIS\system_stm32f7xx.o
 .debug_info    0x00019cf5     0x135f Drivers\STM32F7xx_HAL_Driver\stm32f7xx_hal.o
 .debug_info    0x0001b054     0x1998 Drivers\STM32F7xx_HAL_Driver\stm32f7xx_hal_cortex.o
 .debug_info    0x0001c9ec     0x292f Drivers\STM32F7xx_HAL_Driver\stm32f7xx_hal_dfsdm.o
 .debug_info    0x0001f31b     0x12f0 Drivers\STM32F7xx_HAL_Driver\stm32f7xx_hal_dma.o
 .debug_info    0x0002060b      0xfbe Drivers\STM32F7xx_HAL_Driver\stm32f7xx_hal_gpio.o
 .debug_info    0x000215c9     0x4981 Drivers\STM32F7xx_HAL_Driver\stm32f7xx_hal_i2c.o
 .debug_info    0x00025f4a     0x11b6 Drivers\STM32F7xx_HAL_Driver\stm32f7xx_hal_i2c_ex.o
 .debug_info    0x00027100     0x1e72 Drivers\STM32F7xx_HAL_Driver\stm32f7xx_hal_pcd.o
 .debug_info    0x00028f72      0xfd1 Drivers\STM32F7xx_HAL_Driver\stm32f7xx_hal_pcd_ex.o
 .debug_info    0x00029f43     0x1228 Drivers\STM32F7xx_HAL_Driver\stm32f7xx_hal_pwr_ex.o
 .debug_info    0x0002b16b     0x13e7 Drivers\STM32F7xx_HAL_Driver\stm32f7xx_hal_rcc.o
 .debug_info    0x0002c552     0x108a Drivers\STM32F7xx_HAL_Driver\stm32f7xx_hal_rcc_ex.o
 .debug_info    0x0002d5dc     0x3376 Drivers\STM32F7xx_HAL_Driver\stm32f7xx_hal_spi.o
 .debug_info    0x00030952     0x4463 Drivers\STM32F7xx_HAL_Driver\stm32f7xx_hal_tim.o
 .debug_info    0x00034db5     0x2124 Drivers\STM32F7xx_HAL_Driver\stm32f7xx_hal_tim_ex.o
 .debug_info    0x00036ed9     0x28b3 Drivers\STM32F7xx_HAL_Driver\stm32f7xx_hal_uart.o
 .debug_info    0x0003978c     0x26a2 Drivers\STM32F7xx_HAL_Driver\stm32f7xx_ll_usb.o
 .debug_info    0x0003be2e     0x295e Middlewares\FreeRTOS\cmsis_os.o
 .debug_info    0x0003e78c      0xc5c Middlewares\FreeRTOS\heap_4.o
 .debug_info    0x0003f3e8      0xabe Middlewares\FreeRTOS\list.o
 .debug_info    0x0003fea6      0x4e8 Middlewares\FreeRTOS\port.o
 .debug_info    0x0004038e     0x242a Middlewares\FreeRTOS\queue.o
 .debug_info    0x000427b8     0x2c21 Middlewares\FreeRTOS\tasks.o

.debug_abbrev   0x00000000     0x781d
 .debug_abbrev  0x00000000       0x12 Application\TrueSTUDIO\startup_stm32f765xx.o
 .debug_abbrev  0x00000012      0x306 Application\User\Foc\controlFoc.o
 .debug_abbrev  0x00000318      0x277 Application\User\ISRs\isrSensors.o
 .debug_abbrev  0x0000058f      0x265 Application\User\Idletasks\idletasks.o
 .debug_abbrev  0x000007f4      0x21a Application\User\SYSINIT\sysinitial.o
 .debug_abbrev  0x00000a0e      0x232 Application\User\debug\datatraceDebug.o
 .debug_abbrev  0x00000c40      0x295 Application\User\dfsdm.o
 .debug_abbrev  0x00000ed5      0x200 Application\User\dma.o
 .debug_abbrev  0x000010d5      0x25f Application\User\freertos.o
 .debug_abbrev  0x00001334      0x1f7 Application\User\gpio.o
 .debug_abbrev  0x0000152b      0x24b Application\User\i2c.o
 .debug_abbrev  0x00001776      0x31c Application\User\main.o
 .debug_abbrev  0x00001a92      0x240 Application\User\spi.o
 .debug_abbrev  0x00001cd2      0x1f3 Application\User\stm32f7xx_hal_msp.o
 .debug_abbrev  0x00001ec5      0x258 Application\User\stm32f7xx_hal_timebase_tim.o
 .debug_abbrev  0x0000211d      0x215 Application\User\stm32f7xx_it.o
 .debug_abbrev  0x00002332      0x2ff Application\User\tim.o
 .debug_abbrev  0x00002631      0x28b Application\User\usart.o
 .debug_abbrev  0x000028bc      0x258 Application\User\usb_otg.o
 .debug_abbrev  0x00002b14      0x1e6 Drivers\CMSIS\system_stm32f7xx.o
 .debug_abbrev  0x00002cfa      0x2f9 Drivers\STM32F7xx_HAL_Driver\stm32f7xx_hal.o
 .debug_abbrev  0x00002ff3      0x390 Drivers\STM32F7xx_HAL_Driver\stm32f7xx_hal_cortex.o
 .debug_abbrev  0x00003383      0x373 Drivers\STM32F7xx_HAL_Driver\stm32f7xx_hal_dfsdm.o
 .debug_abbrev  0x000036f6      0x35e Drivers\STM32F7xx_HAL_Driver\stm32f7xx_hal_dma.o
 .debug_abbrev  0x00003a54      0x268 Drivers\STM32F7xx_HAL_Driver\stm32f7xx_hal_gpio.o
 .debug_abbrev  0x00003cbc      0x3fb Drivers\STM32F7xx_HAL_Driver\stm32f7xx_hal_i2c.o
 .debug_abbrev  0x000040b7      0x209 Drivers\STM32F7xx_HAL_Driver\stm32f7xx_hal_i2c_ex.o
 .debug_abbrev  0x000042c0      0x3b8 Drivers\STM32F7xx_HAL_Driver\stm32f7xx_hal_pcd.o
 .debug_abbrev  0x00004678      0x25f Drivers\STM32F7xx_HAL_Driver\stm32f7xx_hal_pcd_ex.o
 .debug_abbrev  0x000048d7      0x2ab Drivers\STM32F7xx_HAL_Driver\stm32f7xx_hal_pwr_ex.o
 .debug_abbrev  0x00004b82      0x380 Drivers\STM32F7xx_HAL_Driver\stm32f7xx_hal_rcc.o
 .debug_abbrev  0x00004f02      0x25f Drivers\STM32F7xx_HAL_Driver\stm32f7xx_hal_rcc_ex.o
 .debug_abbrev  0x00005161      0x3ee Drivers\STM32F7xx_HAL_Driver\stm32f7xx_hal_spi.o
 .debug_abbrev  0x0000554f      0x38a Drivers\STM32F7xx_HAL_Driver\stm32f7xx_hal_tim.o
 .debug_abbrev  0x000058d9      0x373 Drivers\STM32F7xx_HAL_Driver\stm32f7xx_hal_tim_ex.o
 .debug_abbrev  0x00005c4c      0x3ce Drivers\STM32F7xx_HAL_Driver\stm32f7xx_hal_uart.o
 .debug_abbrev  0x0000601a      0x426 Drivers\STM32F7xx_HAL_Driver\stm32f7xx_ll_usb.o
 .debug_abbrev  0x00006440      0x48f Middlewares\FreeRTOS\cmsis_os.o
 .debug_abbrev  0x000068cf      0x314 Middlewares\FreeRTOS\heap_4.o
 .debug_abbrev  0x00006be3      0x1e3 Middlewares\FreeRTOS\list.o
 .debug_abbrev  0x00006dc6      0x211 Middlewares\FreeRTOS\port.o
 .debug_abbrev  0x00006fd7      0x3fa Middlewares\FreeRTOS\queue.o
 .debug_abbrev  0x000073d1      0x44c Middlewares\FreeRTOS\tasks.o

.debug_aranges  0x00000000     0x18a8
 .debug_aranges
                0x00000000       0x28 Application\TrueSTUDIO\startup_stm32f765xx.o
 .debug_aranges
                0x00000028       0x20 Application\User\Foc\controlFoc.o
 .debug_aranges
                0x00000048       0x28 Application\User\ISRs\isrSensors.o
 .debug_aranges
                0x00000070       0x40 Application\User\Idletasks\idletasks.o
 .debug_aranges
                0x000000b0       0x20 Application\User\SYSINIT\sysinitial.o
 .debug_aranges
                0x000000d0       0x20 Application\User\debug\datatraceDebug.o
 .debug_aranges
                0x000000f0       0x40 Application\User\dfsdm.o
 .debug_aranges
                0x00000130       0x20 Application\User\dma.o
 .debug_aranges
                0x00000150       0x28 Application\User\freertos.o
 .debug_aranges
                0x00000178       0x20 Application\User\gpio.o
 .debug_aranges
                0x00000198       0x30 Application\User\i2c.o
 .debug_aranges
                0x000001c8       0x38 Application\User\main.o
 .debug_aranges
                0x00000200       0x30 Application\User\spi.o
 .debug_aranges
                0x00000230       0x20 Application\User\stm32f7xx_hal_msp.o
 .debug_aranges
                0x00000250       0x30 Application\User\stm32f7xx_hal_timebase_tim.o
 .debug_aranges
                0x00000280       0x68 Application\User\stm32f7xx_it.o
 .debug_aranges
                0x000002e8       0x48 Application\User\tim.o
 .debug_aranges
                0x00000330       0x48 Application\User\usart.o
 .debug_aranges
                0x00000378       0x30 Application\User\usb_otg.o
 .debug_aranges
                0x000003a8       0x28 Drivers\CMSIS\system_stm32f7xx.o
 .debug_aranges
                0x000003d0      0x108 Drivers\STM32F7xx_HAL_Driver\stm32f7xx_hal.o
 .debug_aranges
                0x000004d8       0xa8 Drivers\STM32F7xx_HAL_Driver\stm32f7xx_hal_cortex.o
 .debug_aranges
                0x00000580      0x1c8 Drivers\STM32F7xx_HAL_Driver\stm32f7xx_hal_dfsdm.o
 .debug_aranges
                0x00000748       0x78 Drivers\STM32F7xx_HAL_Driver\stm32f7xx_hal_dma.o
 .debug_aranges
                0x000007c0       0x58 Drivers\STM32F7xx_HAL_Driver\stm32f7xx_hal_gpio.o
 .debug_aranges
                0x00000818      0x1b8 Drivers\STM32F7xx_HAL_Driver\stm32f7xx_hal_i2c.o
 .debug_aranges
                0x000009d0       0x38 Drivers\STM32F7xx_HAL_Driver\stm32f7xx_hal_i2c_ex.o
 .debug_aranges
                0x00000a08       0xc0 Drivers\STM32F7xx_HAL_Driver\stm32f7xx_hal_pcd.o
 .debug_aranges
                0x00000ac8       0x40 Drivers\STM32F7xx_HAL_Driver\stm32f7xx_hal_pcd_ex.o
 .debug_aranges
                0x00000b08       0x80 Drivers\STM32F7xx_HAL_Driver\stm32f7xx_hal_pwr_ex.o
 .debug_aranges
                0x00000b88       0x88 Drivers\STM32F7xx_HAL_Driver\stm32f7xx_hal_rcc.o
 .debug_aranges
                0x00000c10       0x50 Drivers\STM32F7xx_HAL_Driver\stm32f7xx_hal_rcc_ex.o
 .debug_aranges
                0x00000c60      0x178 Drivers\STM32F7xx_HAL_Driver\stm32f7xx_hal_spi.o
 .debug_aranges
                0x00000dd8      0x250 Drivers\STM32F7xx_HAL_Driver\stm32f7xx_hal_tim.o
 .debug_aranges
                0x00001028      0x110 Drivers\STM32F7xx_HAL_Driver\stm32f7xx_hal_tim_ex.o
 .debug_aranges
                0x00001138      0x138 Drivers\STM32F7xx_HAL_Driver\stm32f7xx_hal_uart.o
 .debug_aranges
                0x00001270      0x188 Drivers\STM32F7xx_HAL_Driver\stm32f7xx_ll_usb.o
 .debug_aranges
                0x000013f8      0x190 Middlewares\FreeRTOS\cmsis_os.o
 .debug_aranges
                0x00001588       0x48 Middlewares\FreeRTOS\heap_4.o
 .debug_aranges
                0x000015d0       0x40 Middlewares\FreeRTOS\list.o
 .debug_aranges
                0x00001610       0x80 Middlewares\FreeRTOS\port.o
 .debug_aranges
                0x00001690       0xc0 Middlewares\FreeRTOS\queue.o
 .debug_aranges
                0x00001750      0x158 Middlewares\FreeRTOS\tasks.o

.debug_ranges   0x00000000     0x5140
 .debug_ranges  0x00000000       0x20 Application\TrueSTUDIO\startup_stm32f765xx.o
 .debug_ranges  0x00000020      0x1d0 Application\User\Foc\controlFoc.o
 .debug_ranges  0x000001f0      0x190 Application\User\ISRs\isrSensors.o
 .debug_ranges  0x00000380       0x60 Application\User\Idletasks\idletasks.o
 .debug_ranges  0x000003e0       0x10 Application\User\SYSINIT\sysinitial.o
 .debug_ranges  0x000003f0       0x58 Application\User\debug\datatraceDebug.o
 .debug_ranges  0x00000448       0xb0 Application\User\dfsdm.o
 .debug_ranges  0x000004f8       0x30 Application\User\dma.o
 .debug_ranges  0x00000528       0x18 Application\User\freertos.o
 .debug_ranges  0x00000540       0x50 Application\User\gpio.o
 .debug_ranges  0x00000590       0x58 Application\User\i2c.o
 .debug_ranges  0x000005e8       0x90 Application\User\main.o
 .debug_ranges  0x00000678       0x60 Application\User\spi.o
 .debug_ranges  0x000006d8       0x30 Application\User\stm32f7xx_hal_msp.o
 .debug_ranges  0x00000708       0x48 Application\User\stm32f7xx_hal_timebase_tim.o
 .debug_ranges  0x00000750       0x58 Application\User\stm32f7xx_it.o
 .debug_ranges  0x000007a8      0x138 Application\User\tim.o
 .debug_ranges  0x000008e0      0x140 Application\User\usart.o
 .debug_ranges  0x00000a20       0x60 Application\User\usb_otg.o
 .debug_ranges  0x00000a80       0x18 Drivers\CMSIS\system_stm32f7xx.o
 .debug_ranges  0x00000a98       0xf8 Drivers\STM32F7xx_HAL_Driver\stm32f7xx_hal.o
 .debug_ranges  0x00000b90      0x180 Drivers\STM32F7xx_HAL_Driver\stm32f7xx_hal_cortex.o
 .debug_ranges  0x00000d10      0x678 Drivers\STM32F7xx_HAL_Driver\stm32f7xx_hal_dfsdm.o
 .debug_ranges  0x00001388      0x148 Drivers\STM32F7xx_HAL_Driver\stm32f7xx_hal_dma.o
 .debug_ranges  0x000014d0       0x78 Drivers\STM32F7xx_HAL_Driver\stm32f7xx_hal_gpio.o
 .debug_ranges  0x00001548     0x10e0 Drivers\STM32F7xx_HAL_Driver\stm32f7xx_hal_i2c.o
 .debug_ranges  0x00002628       0x58 Drivers\STM32F7xx_HAL_Driver\stm32f7xx_hal_i2c_ex.o
 .debug_ranges  0x00002680       0xe8 Drivers\STM32F7xx_HAL_Driver\stm32f7xx_hal_pcd.o
 .debug_ranges  0x00002768       0x30 Drivers\STM32F7xx_HAL_Driver\stm32f7xx_hal_pcd_ex.o
 .debug_ranges  0x00002798      0x130 Drivers\STM32F7xx_HAL_Driver\stm32f7xx_hal_pwr_ex.o
 .debug_ranges  0x000028c8      0x168 Drivers\STM32F7xx_HAL_Driver\stm32f7xx_hal_rcc.o
 .debug_ranges  0x00002a30       0x60 Drivers\STM32F7xx_HAL_Driver\stm32f7xx_hal_rcc_ex.o
 .debug_ranges  0x00002a90      0x938 Drivers\STM32F7xx_HAL_Driver\stm32f7xx_hal_spi.o
 .debug_ranges  0x000033c8      0x880 Drivers\STM32F7xx_HAL_Driver\stm32f7xx_hal_tim.o
 .debug_ranges  0x00003c48      0x268 Drivers\STM32F7xx_HAL_Driver\stm32f7xx_hal_tim_ex.o
 .debug_ranges  0x00003eb0      0x648 Drivers\STM32F7xx_HAL_Driver\stm32f7xx_hal_uart.o
 .debug_ranges  0x000044f8      0x228 Drivers\STM32F7xx_HAL_Driver\stm32f7xx_ll_usb.o
 .debug_ranges  0x00004720      0x308 Middlewares\FreeRTOS\cmsis_os.o
 .debug_ranges  0x00004a28       0x38 Middlewares\FreeRTOS\heap_4.o
 .debug_ranges  0x00004a60       0x30 Middlewares\FreeRTOS\list.o
 .debug_ranges  0x00004a90       0x98 Middlewares\FreeRTOS\port.o
 .debug_ranges  0x00004b28      0x200 Middlewares\FreeRTOS\queue.o
 .debug_ranges  0x00004d28      0x418 Middlewares\FreeRTOS\tasks.o

.debug_loc      0x00000000    0x20462
 .debug_loc     0x00000000      0x6d3 Application\User\Foc\controlFoc.o
 .debug_loc     0x000006d3      0x2e3 Application\User\ISRs\isrSensors.o
 .debug_loc     0x000009b6      0x1f7 Application\User\Idletasks\idletasks.o
 .debug_loc     0x00000bad      0x26d Application\User\debug\datatraceDebug.o
 .debug_loc     0x00000e1a       0xad Application\User\dfsdm.o
 .debug_loc     0x00000ec7       0x21 Application\User\freertos.o
 .debug_loc     0x00000ee8       0x42 Application\User\i2c.o
 .debug_loc     0x00000f2a       0x34 Application\User\main.o
 .debug_loc     0x00000f5e       0x42 Application\User\spi.o
 .debug_loc     0x00000fa0       0x8b Application\User\stm32f7xx_hal_timebase_tim.o
 .debug_loc     0x0000102b       0x8b Application\User\tim.o
 .debug_loc     0x000010b6      0x117 Application\User\usart.o
 .debug_loc     0x000011cd       0x42 Application\User\usb_otg.o
 .debug_loc     0x0000120f      0x14c Drivers\CMSIS\system_stm32f7xx.o
 .debug_loc     0x0000135b      0x11b Drivers\STM32F7xx_HAL_Driver\stm32f7xx_hal.o
 .debug_loc     0x00001476      0x634 Drivers\STM32F7xx_HAL_Driver\stm32f7xx_hal_cortex.o
 .debug_loc     0x00001aaa     0x275e Drivers\STM32F7xx_HAL_Driver\stm32f7xx_hal_dfsdm.o
 .debug_loc     0x00004208      0x92b Drivers\STM32F7xx_HAL_Driver\stm32f7xx_hal_dma.o
 .debug_loc     0x00004b33      0x43b Drivers\STM32F7xx_HAL_Driver\stm32f7xx_hal_gpio.o
 .debug_loc     0x00004f6e     0x589d Drivers\STM32F7xx_HAL_Driver\stm32f7xx_hal_i2c.o
 .debug_loc     0x0000a80b      0x13b Drivers\STM32F7xx_HAL_Driver\stm32f7xx_hal_i2c_ex.o
 .debug_loc     0x0000a946     0x109a Drivers\STM32F7xx_HAL_Driver\stm32f7xx_hal_pcd.o
 .debug_loc     0x0000b9e0      0x127 Drivers\STM32F7xx_HAL_Driver\stm32f7xx_hal_pcd_ex.o
 .debug_loc     0x0000bb07      0x257 Drivers\STM32F7xx_HAL_Driver\stm32f7xx_hal_pwr_ex.o
 .debug_loc     0x0000bd5e      0x595 Drivers\STM32F7xx_HAL_Driver\stm32f7xx_hal_rcc.o
 .debug_loc     0x0000c2f3      0x655 Drivers\STM32F7xx_HAL_Driver\stm32f7xx_hal_rcc_ex.o
 .debug_loc     0x0000c948     0x3b84 Drivers\STM32F7xx_HAL_Driver\stm32f7xx_hal_spi.o
 .debug_loc     0x000104cc     0x54ee Drivers\STM32F7xx_HAL_Driver\stm32f7xx_hal_tim.o
 .debug_loc     0x000159ba     0x1a72 Drivers\STM32F7xx_HAL_Driver\stm32f7xx_hal_tim_ex.o
 .debug_loc     0x0001742c     0x1e88 Drivers\STM32F7xx_HAL_Driver\stm32f7xx_hal_uart.o
 .debug_loc     0x000192b4     0x2719 Drivers\STM32F7xx_HAL_Driver\stm32f7xx_ll_usb.o
 .debug_loc     0x0001b9cd     0x14ca Middlewares\FreeRTOS\cmsis_os.o
 .debug_loc     0x0001ce97      0x299 Middlewares\FreeRTOS\heap_4.o
 .debug_loc     0x0001d130       0x69 Middlewares\FreeRTOS\list.o
 .debug_loc     0x0001d199       0xc4 Middlewares\FreeRTOS\port.o
 .debug_loc     0x0001d25d     0x162d Middlewares\FreeRTOS\queue.o
 .debug_loc     0x0001e88a     0x1bd8 Middlewares\FreeRTOS\tasks.o

.debug_str      0x00000000     0x9990
 .debug_str     0x00000000     0x11b5 Application\User\Foc\controlFoc.o
                               0x1345 (size before relaxing)
 .debug_str     0x000011b5      0x3f8 Application\User\ISRs\isrSensors.o
                               0x1516 (size before relaxing)
 .debug_str     0x000015ad      0x112 Application\User\Idletasks\idletasks.o
                                0xee3 (size before relaxing)
 .debug_str     0x000016bf      0x811 Application\User\SYSINIT\sysinitial.o
                               0x1b06 (size before relaxing)
 .debug_str     0x00001ed0       0x66 Application\User\debug\datatraceDebug.o
                               0x1231 (size before relaxing)
 .debug_str     0x00001f36      0x2bf Application\User\dfsdm.o
                               0x110c (size before relaxing)
 .debug_str     0x000021f5      0x665 Application\User\dma.o
                                0xdaa (size before relaxing)
 .debug_str     0x0000285a      0x377 Application\User\freertos.o
                                0xade (size before relaxing)
 .debug_str     0x00002bd1       0x4f Application\User\gpio.o
                                0x823 (size before relaxing)
 .debug_str     0x00002c20       0x94 Application\User\i2c.o
                                0xda6 (size before relaxing)
 .debug_str     0x00002cb4      0x68e Application\User\main.o
                               0x226d (size before relaxing)
 .debug_str     0x00003342       0x4c Application\User\spi.o
                                0xcb5 (size before relaxing)
 .debug_str     0x0000338e       0x2d Application\User\stm32f7xx_hal_msp.o
                                0xda5 (size before relaxing)
 .debug_str     0x000033bb       0xed Application\User\stm32f7xx_hal_timebase_tim.o
                               0x1349 (size before relaxing)
 .debug_str     0x000034a8      0x126 Application\User\stm32f7xx_it.o
                                0xbc4 (size before relaxing)
 .debug_str     0x000035ce      0x2c8 Application\User\tim.o
                                0xf75 (size before relaxing)
 .debug_str     0x00003896       0x52 Application\User\usart.o
                                0xdb7 (size before relaxing)
 .debug_str     0x000038e8       0x50 Application\User\usb_otg.o
                                0xc38 (size before relaxing)
 .debug_str     0x00003938       0x5c Drivers\CMSIS\system_stm32f7xx.o
                                0x8b7 (size before relaxing)
 .debug_str     0x00003994      0x3a0 Drivers\STM32F7xx_HAL_Driver\stm32f7xx_hal.o
                               0x11ba (size before relaxing)
 .debug_str     0x00003d34      0x348 Drivers\STM32F7xx_HAL_Driver\stm32f7xx_hal_cortex.o
                               0x1295 (size before relaxing)
 .debug_str     0x0000407c      0x7f8 Drivers\STM32F7xx_HAL_Driver\stm32f7xx_hal_dfsdm.o
                               0x1739 (size before relaxing)
 .debug_str     0x00004874      0x2c6 Drivers\STM32F7xx_HAL_Driver\stm32f7xx_hal_dma.o
                                0xbf3 (size before relaxing)
 .debug_str     0x00004b3a       0xea Drivers\STM32F7xx_HAL_Driver\stm32f7xx_hal_gpio.o
                                0x98a (size before relaxing)
 .debug_str     0x00004c24      0x77e Drivers\STM32F7xx_HAL_Driver\stm32f7xx_hal_i2c.o
                               0x1383 (size before relaxing)
 .debug_str     0x000053a2       0x8f Drivers\STM32F7xx_HAL_Driver\stm32f7xx_hal_i2c_ex.o
                                0xd8e (size before relaxing)
 .debug_str     0x00005431      0x760 Drivers\STM32F7xx_HAL_Driver\stm32f7xx_hal_pcd.o
                               0x11a7 (size before relaxing)
 .debug_str     0x00005b91      0x16e Drivers\STM32F7xx_HAL_Driver\stm32f7xx_hal_pcd_ex.o
                                0xbd9 (size before relaxing)
 .debug_str     0x00005cff      0x1f0 Drivers\STM32F7xx_HAL_Driver\stm32f7xx_hal_pwr_ex.o
                                0xae5 (size before relaxing)
 .debug_str     0x00005eef      0x140 Drivers\STM32F7xx_HAL_Driver\stm32f7xx_hal_rcc.o
                                0xb71 (size before relaxing)
 .debug_str     0x0000602f      0x14d Drivers\STM32F7xx_HAL_Driver\stm32f7xx_hal_rcc_ex.o
                                0xbc6 (size before relaxing)
 .debug_str     0x0000617c      0x501 Drivers\STM32F7xx_HAL_Driver\stm32f7xx_hal_spi.o
                               0x1063 (size before relaxing)
 .debug_str     0x0000667d      0xba3 Drivers\STM32F7xx_HAL_Driver\stm32f7xx_hal_tim.o
                               0x1868 (size before relaxing)
 .debug_str     0x00007220      0x4c8 Drivers\STM32F7xx_HAL_Driver\stm32f7xx_hal_tim_ex.o
                               0x13ae (size before relaxing)
 .debug_str     0x000076e8      0x49d Drivers\STM32F7xx_HAL_Driver\stm32f7xx_hal_uart.o
                               0x129c (size before relaxing)
 .debug_str     0x00007b85      0x40c Drivers\STM32F7xx_HAL_Driver\stm32f7xx_ll_usb.o
                               0x10ca (size before relaxing)
 .debug_str     0x00007f91      0x92f Middlewares\FreeRTOS\cmsis_os.o
                               0x1208 (size before relaxing)
 .debug_str     0x000088c0      0x215 Middlewares\FreeRTOS\heap_4.o
                                0x842 (size before relaxing)
 .debug_str     0x00008ad5      0x14a Middlewares\FreeRTOS\list.o
                                0x759 (size before relaxing)
 .debug_str     0x00008c1f      0x216 Middlewares\FreeRTOS\port.o
                                0x488 (size before relaxing)
 .debug_str     0x00008e35      0x462 Middlewares\FreeRTOS\queue.o
                                0xd52 (size before relaxing)
 .debug_str     0x00009297      0x6f9 Middlewares\FreeRTOS\tasks.o