Archive member included to satisfy reference by file (symbol)

c:/program files (x86)/atollic/truestudio for arm 8.1.0/armtools/bin/../lib/gcc/arm-atollic-eabi/6.3.1/../../../../arm-atollic-eabi/lib/armv7e-m/fpu/fpv5-d16\libc_nano.a(lib_a-init.o)
                              Application\TrueSTUDIO\startup_stm32f765xx.o (__libc_init_array)
c:/program files (x86)/atollic/truestudio for arm 8.1.0/armtools/bin/../lib/gcc/arm-atollic-eabi/6.3.1/../../../../arm-atollic-eabi/lib/armv7e-m/fpu/fpv5-d16\libc_nano.a(lib_a-memcpy-stub.o)
                              Middlewares\FreeRTOS\queue.o (memcpy)
c:/program files (x86)/atollic/truestudio for arm 8.1.0/armtools/bin/../lib/gcc/arm-atollic-eabi/6.3.1/../../../../arm-atollic-eabi/lib/armv7e-m/fpu/fpv5-d16\libc_nano.a(lib_a-memset.o)
                              Application\User\Idletasks\idletasks.o (memset)

Allocating common symbols
Common symbol       size              file

buzzertoneTaskHandle
                    0x4               Application\User\freertos.o
hdma_uart4_rx       0x60              Application\User\usart.o
shuntTaskHandle     0x4               Application\User\freertos.o
hi2c4               0x4c              Application\User\i2c.o
htim4               0x40              Application\User\stm32f7xx_hal_timebase_TIM.o
huart3              0x70              Application\User\usart.o
hpcd_USB_OTG_HS     0x400             Application\User\usb_otg.o
buzzerQueueHandle   0x4               Application\User\freertos.o
hdfsdm1_filter0     0x54              Application\User\dfsdm.o
enchall_buff        0x5               Application\User\ISRs\isrSensors.o
uwTick              0x4               Drivers\STM32F7xx_HAL_Driver\stm32f7xx_hal.o
xQueueRegistry      0x40              Middlewares\FreeRTOS\queue.o
hdfsdm1_channel3    0x38              Application\User\dfsdm.o
pFlash              0x1c              Drivers\STM32F7xx_HAL_Driver\stm32f7xx_hal_flash.o
rythmQueueHandle    0x4               Application\User\freertos.o
enchallTaskHandle   0x4               Application\User\freertos.o
hdma_dfsdm1_flt1    0x60              Application\User\dfsdm.o
huart1              0x70              Application\User\usart.o
hdma_dfsdm1_flt0    0x60              Application\User\dfsdm.o
hdfsdm1_filter1     0x54              Application\User\dfsdm.o
buzzerMutexHandle   0x4               Application\User\freertos.o
enchallQueueHandle  0x4               Application\User\freertos.o
htim1               0x40              Application\User\tim.o
hdfsdm1_channel0    0x38              Application\User\dfsdm.o
encdataMutexHandle  0x4               Application\User\freertos.o
huart8              0x70              Application\User\usart.o
ledgreenTaskHandle  0x4               Application\User\freertos.o
hdfsdm1_channel7    0x38              Application\User\dfsdm.o
ledblueTaskHandle   0x4               Application\User\freertos.o
huart4              0x70              Application\User\usart.o
hspi1               0x64              Application\User\spi.o
htim2               0x40              Application\User\tim.o
iwdgTaskHandle      0x4               Application\User\freertos.o
buzzerrythmTaskHandle
                    0x4               Application\User\freertos.o

Discarded input sections

 .text          0x00000000        0x0 c:/program files (x86)/atollic/truestudio for arm 8.1.0/armtools/bin/../lib/gcc/arm-atollic-eabi/6.3.1/armv7e-m/fpu/fpv5-d16/crti.o
 .data          0x00000000        0x0 c:/program files (x86)/atollic/truestudio for arm 8.1.0/armtools/bin/../lib/gcc/arm-atollic-eabi/6.3.1/armv7e-m/fpu/fpv5-d16/crti.o
 .bss           0x00000000        0x0 c:/program files (x86)/atollic/truestudio for arm 8.1.0/armtools/bin/../lib/gcc/arm-atollic-eabi/6.3.1/armv7e-m/fpu/fpv5-d16/crti.o
 .data          0x00000000        0x4 c:/program files (x86)/atollic/truestudio for arm 8.1.0/armtools/bin/../lib/gcc/arm-atollic-eabi/6.3.1/armv7e-m/fpu/fpv5-d16/crtbegin.o
 .text          0x00000000       0x14 Application\TrueSTUDIO\startup_stm32f765xx.o
 .data          0x00000000        0x0 Application\TrueSTUDIO\startup_stm32f765xx.o
 .bss           0x00000000        0x0 Application\TrueSTUDIO\startup_stm32f765xx.o
 .text          0x00000000        0x0 Application\User\ISRs\isrSensors.o
 .data          0x00000000        0x0 Application\User\ISRs\isrSensors.o
 .bss           0x00000000        0x0 Application\User\ISRs\isrSensors.o
 .text          0x00000000        0x0 Application\User\Idletasks\idletasks.o
 .data          0x00000000        0x0 Application\User\Idletasks\idletasks.o
 .bss           0x00000000        0x0 Application\User\Idletasks\idletasks.o
 .text          0x00000000        0x0 Application\User\SYSINIT\sysinitial.o
 .data          0x00000000        0x0 Application\User\SYSINIT\sysinitial.o
 .bss           0x00000000        0x0 Application\User\SYSINIT\sysinitial.o
[...]
Memory Configuration

Name             Origin             Length             Attributes
RAM              0x20000000         0x00080000         xrw
FLASH            0x08000000         0x00200000         xr
*default*        0x00000000         0xffffffff

Linker script and memory map

LOAD c:/program files (x86)/atollic/truestudio for arm 8.1.0/armtools/bin/../lib/gcc/arm-atollic-eabi/6.3.1/armv7e-m/fpu/fpv5-d16/crti.o
LOAD c:/program files (x86)/atollic/truestudio for arm 8.1.0/armtools/bin/../lib/gcc/arm-atollic-eabi/6.3.1/armv7e-m/fpu/fpv5-d16/crtbegin.o
LOAD Application\TrueSTUDIO\startup_stm32f765xx.o
LOAD Application\User\ISRs\isrSensors.o
LOAD Application\User\Idletasks\idletasks.o
LOAD Application\User\SYSINIT\sysinitial.o
LOAD Application\User\debug\datatraceDebug.o
LOAD Application\User\dfsdm.o
LOAD Application\User\dma.o
LOAD Application\User\freertos.o
LOAD Application\User\gpio.o
LOAD Application\User\i2c.o
LOAD Application\User\main.o
LOAD Application\User\spi.o
LOAD Application\User\stm32f7xx_hal_msp.o
LOAD Application\User\stm32f7xx_hal_timebase_TIM.o
LOAD Application\User\stm32f7xx_it.o
LOAD Application\User\tim.o
LOAD Application\User\usart.o
LOAD Application\User\usb_otg.o
LOAD Drivers\CMSIS\system_stm32f7xx.o
LOAD Drivers\STM32F7xx_HAL_Driver\stm32f7xx_hal.o
LOAD Drivers\STM32F7xx_HAL_Driver\stm32f7xx_hal_cortex.o
LOAD Drivers\STM32F7xx_HAL_Driver\stm32f7xx_hal_dfsdm.o
LOAD Drivers\STM32F7xx_HAL_Driver\stm32f7xx_hal_dma.o
LOAD Drivers\STM32F7xx_HAL_Driver\stm32f7xx_hal_dma_ex.o
LOAD Drivers\STM32F7xx_HAL_Driver\stm32f7xx_hal_flash.o
LOAD Drivers\STM32F7xx_HAL_Driver\stm32f7xx_hal_flash_ex.o
LOAD Drivers\STM32F7xx_HAL_Driver\stm32f7xx_hal_gpio.o
LOAD Drivers\STM32F7xx_HAL_Driver\stm32f7xx_hal_i2c.o
LOAD Drivers\STM32F7xx_HAL_Driver\stm32f7xx_hal_i2c_ex.o
LOAD Drivers\STM32F7xx_HAL_Driver\stm32f7xx_hal_pcd.o
LOAD Drivers\STM32F7xx_HAL_Driver\stm32f7xx_hal_pcd_ex.o
LOAD Drivers\STM32F7xx_HAL_Driver\stm32f7xx_hal_pwr.o
LOAD Drivers\STM32F7xx_HAL_Driver\stm32f7xx_hal_pwr_ex.o
LOAD Drivers\STM32F7xx_HAL_Driver\stm32f7xx_hal_rcc.o
LOAD Drivers\STM32F7xx_HAL_Driver\stm32f7xx_hal_rcc_ex.o
LOAD Drivers\STM32F7xx_HAL_Driver\stm32f7xx_hal_spi.o
LOAD Drivers\STM32F7xx_HAL_Driver\stm32f7xx_hal_tim.o
LOAD Drivers\STM32F7xx_HAL_Driver\stm32f7xx_hal_tim_ex.o
LOAD Drivers\STM32F7xx_HAL_Driver\stm32f7xx_hal_uart.o
LOAD Drivers\STM32F7xx_HAL_Driver\stm32f7xx_ll_usb.o
LOAD Middlewares\FreeRTOS\cmsis_os.o
LOAD Middlewares\FreeRTOS\croutine.o
LOAD Middlewares\FreeRTOS\event_groups.o
LOAD Middlewares\FreeRTOS\heap_4.o
LOAD Middlewares\FreeRTOS\list.o
LOAD Middlewares\FreeRTOS\port.o
LOAD Middlewares\FreeRTOS\queue.o
LOAD Middlewares\FreeRTOS\tasks.o
LOAD Middlewares\FreeRTOS\timers.o
                0x00001000                malloc_getpagesize_P = 0x1000
START GROUP
LOAD c:/program files (x86)/atollic/truestudio for arm 8.1.0/armtools/bin/../lib/gcc/arm-atollic-eabi/6.3.1/../../../../arm-atollic-eabi/lib/armv7e-m/fpu/fpv5-d16\libstdc++_nano.a
LOAD c:/program files (x86)/atollic/truestudio for arm 8.1.0/armtools/bin/../lib/gcc/arm-atollic-eabi/6.3.1/../../../../arm-atollic-eabi/lib/armv7e-m/fpu/fpv5-d16\libsupc++_nano.a
END GROUP
LOAD c:/program files (x86)/atollic/truestudio for arm 8.1.0/armtools/bin/../lib/gcc/arm-atollic-eabi/6.3.1/../../../../arm-atollic-eabi/lib/armv7e-m/fpu/fpv5-d16\libstdc++_nano.a
LOAD c:/program files (x86)/atollic/truestudio for arm 8.1.0/armtools/bin/../lib/gcc/arm-atollic-eabi/6.3.1/../../../../arm-atollic-eabi/lib/armv7e-m/fpu/fpv5-d16\libm.a
LOAD c:/program files (x86)/atollic/truestudio for arm 8.1.0/armtools/bin/../lib/gcc/arm-atollic-eabi/6.3.1/../../../../arm-atollic-eabi/lib/armv7e-m/fpu/fpv5-d16\libc_nano.a
START GROUP
LOAD c:/program files (x86)/atollic/truestudio for arm 8.1.0/armtools/bin/../lib/gcc/arm-atollic-eabi/6.3.1/armv7e-m/fpu/fpv5-d16\libgcc.a
LOAD c:/program files (x86)/atollic/truestudio for arm 8.1.0/armtools/bin/../lib/gcc/arm-atollic-eabi/6.3.1/../../../../arm-atollic-eabi/lib/armv7e-m/fpu/fpv5-d16\libc_nano.a
END GROUP
START GROUP
LOAD c:/program files (x86)/atollic/truestudio for arm 8.1.0/armtools/bin/../lib/gcc/arm-atollic-eabi/6.3.1/armv7e-m/fpu/fpv5-d16\libgcc.a
LOAD c:/program files (x86)/atollic/truestudio for arm 8.1.0/armtools/bin/../lib/gcc/arm-atollic-eabi/6.3.1/../../../../arm-atollic-eabi/lib/armv7e-m/fpu/fpv5-d16\libc_nano.a
LOAD c:/program files (x86)/atollic/truestudio for arm 8.1.0/armtools/bin/../lib/gcc/arm-atollic-eabi/6.3.1/../../../../arm-atollic-eabi/lib/armv7e-m/fpu/fpv5-d16\libnosys.a
END GROUP
START GROUP
LOAD c:/program files (x86)/atollic/truestudio for arm 8.1.0/armtools/bin/../lib/gcc/arm-atollic-eabi/6.3.1/armv7e-m/fpu/fpv5-d16\libgcc.a
LOAD c:/program files (x86)/atollic/truestudio for arm 8.1.0/armtools/bin/../lib/gcc/arm-atollic-eabi/6.3.1/../../../../arm-atollic-eabi/lib/armv7e-m/fpu/fpv5-d16\libc_nano.a
LOAD c:/program files (x86)/atollic/truestudio for arm 8.1.0/armtools/bin/../lib/gcc/arm-atollic-eabi/6.3.1/../../../../arm-atollic-eabi/lib/armv7e-m/fpu/fpv5-d16\libnosys.a
END GROUP
LOAD c:/program files (x86)/atollic/truestudio for arm 8.1.0/armtools/bin/../lib/gcc/arm-atollic-eabi/6.3.1/armv7e-m/fpu/fpv5-d16/crtend.o
LOAD c:/program files (x86)/atollic/truestudio for arm 8.1.0/armtools/bin/../lib/gcc/arm-atollic-eabi/6.3.1/armv7e-m/fpu/fpv5-d16/crtn.o
                0x20080000                _estack = 0x20080000
                0x00000200                _Min_Heap_Size = 0x200
                0x00000400                _Min_Stack_Size = 0x400

.isr_vector     0x08000000      0x1f8
                0x08000000                . = ALIGN (0x4)
 *(.isr_vector)
 .isr_vector    0x08000000      0x1f8 Application\TrueSTUDIO\startup_stm32f765xx.o
                0x08000000                g_pfnVectors
                0x080001f8                . = ALIGN (0x4)

.text           0x08000200     0x54a0
                0x08000200                . = ALIGN (0x4)
 *(.text)
 .text          0x08000200       0x40 c:/program files (x86)/atollic/truestudio for arm 8.1.0/armtools/bin/../lib/gcc/arm-atollic-eabi/6.3.1/armv7e-m/fpu/fpv5-d16/crtbegin.o
 *(.text*)
 .text.Reset_Handler
                0x08000240       0x50 Application\TrueSTUDIO\startup_stm32f765xx.o
                0x08000240                Reset_Handler
 .text.Default_Handler
                0x08000290        0x2 Application\TrueSTUDIO\startup_stm32f765xx.o
                0x08000290                RTC_Alarm_IRQHandler
                0x08000290                EXTI2_IRQHandler
                0x08000290                TIM8_CC_IRQHandler
                0x08000290                UART8_IRQHandler
                0x08000290                SPI4_IRQHandler
                0x08000290                TIM1_CC_IRQHandler
                0x08000290                DMA2_Stream5_IRQHandler
                0x08000290                DMA1_Stream5_IRQHandler
                0x08000290                CAN3_RX1_IRQHandler
                0x08000290                PVD_IRQHandler
                0x08000290                TAMP_STAMP_IRQHandler
                0x08000290                CAN2_RX1_IRQHandler
                0x08000290                EXTI3_IRQHandler
                0x08000290                TIM8_TRG_COM_TIM14_IRQHandler
                0x08000290                DFSDM1_FLT1_IRQHandler
                0x08000290                TIM1_UP_TIM10_IRQHandler
                0x08000290                TIM8_UP_TIM13_IRQHandler
                0x08000290                I2C3_ER_IRQHandler
                0x08000290                DFSDM1_FLT2_IRQHandler
                0x08000290                EXTI0_IRQHandler
                0x08000290                I2C2_EV_IRQHandler
                0x08000290                CAN1_RX0_IRQHandler
                0x08000290                FPU_IRQHandler
                0x08000290                OTG_HS_WKUP_IRQHandler
                0x08000290                CAN3_SCE_IRQHandler
                0x08000290                CAN2_SCE_IRQHandler
                0x08000290                DMA2_Stream2_IRQHandler
                0x08000290                SPI1_IRQHandler
                0x08000290                TIM6_DAC_IRQHandler
                0x08000290                TIM1_BRK_TIM9_IRQHandler
                0x08000290                DCMI_IRQHandler
                0x08000290                CAN2_RX0_IRQHandler
                0x08000290                DMA2_Stream3_IRQHandler
                0x08000290                SAI2_IRQHandler
                0x08000290                DFSDM1_FLT3_IRQHandler
                0x08000290                USART6_IRQHandler
                0x08000290                CAN3_RX0_IRQHandler
                0x08000290                USART3_IRQHandler
                0x08000290                CAN1_RX1_IRQHandler
                0x08000290                UART5_IRQHandler
                0x08000290                QUADSPI_IRQHandler
                0x08000290                I2C1_EV_IRQHandler
                0x08000290                DMA1_Stream6_IRQHandler
                0x08000290                DMA1_Stream1_IRQHandler
                0x08000290                TIM3_IRQHandler
                0x08000290                RCC_IRQHandler
                0x08000290                TIM8_BRK_TIM12_IRQHandler
                0x08000290                Default_Handler
                0x08000290                CEC_IRQHandler
                0x08000290                EXTI15_10_IRQHandler
                0x08000290                ADC_IRQHandler
                0x08000290                DMA1_Stream7_IRQHandler
                0x08000290                SPI5_IRQHandler
                0x08000290                TIM7_IRQHandler
                0x08000290                SDMMC1_IRQHandler
                0x08000290                CAN2_TX_IRQHandler
                0x08000290                TIM5_IRQHandler
                0x08000290                DMA2_Stream7_IRQHandler
                0x08000290                I2C3_EV_IRQHandler
                0x08000290                EXTI9_5_IRQHandler
                0x08000290                RTC_WKUP_IRQHandler
                0x08000290                ETH_WKUP_IRQHandler
                0x08000290                SPDIF_RX_IRQHandler
                0x08000290                SPI2_IRQHandler
                0x08000290                OTG_HS_EP1_IN_IRQHandler
                0x08000290                DMA1_Stream0_IRQHandler
                0x08000290                CAN1_TX_IRQHandler
                0x08000290                EXTI4_IRQHandler
                0x08000290                RNG_IRQHandler
                0x08000290                ETH_IRQHandler
                0x08000290                OTG_HS_EP1_OUT_IRQHandler
                0x08000290                WWDG_IRQHandler
                0x08000290                SPI6_IRQHandler
                0x08000290                MDIOS_IRQHandler
                0x08000290                I2C4_EV_IRQHandler
                0x08000290                CAN3_TX_IRQHandler
                0x08000290                TIM2_IRQHandler
                0x08000290                OTG_FS_WKUP_IRQHandler
                0x08000290                TIM1_TRG_COM_TIM11_IRQHandler
                0x08000290                OTG_HS_IRQHandler
                0x08000290                DMA2D_IRQHandler
                0x08000290                EXTI1_IRQHandler
                0x08000290                SDMMC2_IRQHandler
                0x08000290                UART7_IRQHandler
                0x08000290                USART2_IRQHandler
                0x08000290                DFSDM1_FLT0_IRQHandler
                0x08000290                I2C2_ER_IRQHandler
                0x08000290                CAN1_SCE_IRQHandler
                0x08000290                FLASH_IRQHandler
                0x08000290                DMA2_Stream4_IRQHandler
                0x08000290                USART1_IRQHandler
                0x08000290                OTG_FS_IRQHandler
                0x08000290                SPI3_IRQHandler
                0x08000290                DMA1_Stream4_IRQHandler
                0x08000290                I2C1_ER_IRQHandler
                0x08000290                FMC_IRQHandler
                0x08000290                LPTIM1_IRQHandler
                0x08000290                I2C4_ER_IRQHandler
                0x08000290                DMA2_Stream6_IRQHandler
                0x08000290                SAI1_IRQHandler
                0x08000290                DMA1_Stream3_IRQHandler
 *fill*         0x08000292        0x2 
 .text.HAL_UART_ErrorCallback
                0x08000294        0xc Application\User\ISRs\isrSensors.o
                0x08000294                HAL_UART_ErrorCallback
 .text.HAL_UART_RxCpltCallback
                0x080002a0       0xb0 Application\User\ISRs\isrSensors.o
                0x080002a0                HAL_UART_RxCpltCallback
 .text.StartledblueTask
                0x08000350       0x1c Application\User\Idletasks\idletasks.o
                0x08000350                StartledblueTask
 .text.StartledgreenTask
                0x0800036c       0x1c Application\User\Idletasks\idletasks.o
                0x0800036c                StartledgreenTask
 .text.StartiwdgTask
                0x08000388        0xa Application\User\Idletasks\idletasks.o
                0x08000388                StartiwdgTask
 *fill*         0x08000392        0x2 
 .text.StartbuzzerrythmTask
                0x08000394      0x180 Application\User\Idletasks\idletasks.o
                0x08000394                StartbuzzerrythmTask
 *fill*         0x08000514        0x4 
 .text.StartbuzzertoneTask
                0x08000518      0x144 Application\User\Idletasks\idletasks.o
                0x08000518                StartbuzzertoneTask
 .text.SystemInitialization
                0x0800065c       0x24 Application\User\SYSINIT\sysinitial.o
                0x0800065c                SystemInitialization
 .text.StartenchallTask
                0x08000680       0x80 Application\User\debug\datatraceDebug.o
                0x08000680                StartenchallTask
 .text.MX_DFSDM1_Init
                0x08000700      0x11c Application\User\dfsdm.o
                0x08000700                MX_DFSDM1_Init
 .text.HAL_DFSDM_FilterMspInit
                0x0800081c      0x138 Application\User\dfsdm.o
                0x0800081c                HAL_DFSDM_FilterMspInit
 .text.HAL_DFSDM_ChannelMspInit
                0x08000954       0x7c Application\User\dfsdm.o
                0x08000954                HAL_DFSDM_ChannelMspInit
 .text.MX_DMA_Init
                0x080009d0       0x64 Application\User\dma.o
                0x080009d0                MX_DMA_Init
 .text.StartshuntTask
                0x08000a34        0xa Application\User\freertos.o
                0x08000a34                StartshuntTask
 *fill*         0x08000a3e        0x2 
 .text.MX_FREERTOS_Init
                0x08000a40      0x15c Application\User\freertos.o
                0x08000a40                MX_FREERTOS_Init
 .text.MX_GPIO_Init
                0x08000b9c       0xc4 Application\User\gpio.o
                0x08000b9c                MX_GPIO_Init
 .text.MX_I2C4_Init
                0x08000c60       0x68 Application\User\i2c.o
                0x08000c60                MX_I2C4_Init
 .text.HAL_I2C_MspInit
                0x08000cc8       0x50 Application\User\i2c.o
                0x08000cc8                HAL_I2C_MspInit
 .text.SystemClock_Config
                0x08000d18       0xd4 Application\User\main.o
                0x08000d18                SystemClock_Config
 .text.startup.main
                0x08000dec       0xc0 Application\User\main.o
                0x08000dec                main
 .text.HAL_TIM_PeriodElapsedCallback
                0x08000eac       0x14 Application\User\main.o
                0x08000eac                HAL_TIM_PeriodElapsedCallback
 .text._Error_Handler
                0x08000ec0        0x2 Application\User\main.o
                0x08000ec0                _Error_Handler
 *fill*         0x08000ec2        0x2 
 .text.MX_SPI1_Init
                0x08000ec4       0x58 Application\User\spi.o
                0x08000ec4                MX_SPI1_Init
 .text.HAL_SPI_MspInit
                0x08000f1c       0x64 Application\User\spi.o
                0x08000f1c                HAL_SPI_MspInit
 .text.HAL_MspInit
                0x08000f80       0x60 Application\User\stm32f7xx_hal_msp.o
                0x08000f80                HAL_MspInit
 .text.HAL_InitTick
                0x08000fe0       0x78 Application\User\stm32f7xx_hal_timebase_TIM.o
                0x08000fe0                HAL_InitTick
 .text.NMI_Handler
                0x08001058        0x2 Application\User\stm32f7xx_it.o
                0x08001058                NMI_Handler
 .text.HardFault_Handler
                0x0800105a        0x2 Application\User\stm32f7xx_it.o
                0x0800105a                HardFault_Handler
 .text.MemManage_Handler
                0x0800105c        0x2 Application\User\stm32f7xx_it.o
                0x0800105c                MemManage_Handler
 .text.BusFault_Handler
                0x0800105e        0x2 Application\User\stm32f7xx_it.o
                0x0800105e                BusFault_Handler
 .text.UsageFault_Handler
                0x08001060        0x2 Application\User\stm32f7xx_it.o
                0x08001060                UsageFault_Handler
 .text.DebugMon_Handler
                0x08001062        0x2 Application\User\stm32f7xx_it.o
                0x08001062                DebugMon_Handler
 .text.SysTick_Handler
                0x08001064        0x4 Application\User\stm32f7xx_it.o
                0x08001064                SysTick_Handler
 .text.DMA1_Stream2_IRQHandler
                0x08001068        0xc Application\User\stm32f7xx_it.o
                0x08001068                DMA1_Stream2_IRQHandler
 .text.TIM4_IRQHandler
                0x08001074        0xc Application\User\stm32f7xx_it.o
                0x08001074                TIM4_IRQHandler
 .text.UART4_IRQHandler
                0x08001080        0xc Application\User\stm32f7xx_it.o
                0x08001080                UART4_IRQHandler
 .text.DMA2_Stream0_IRQHandler
                0x0800108c        0xc Application\User\stm32f7xx_it.o
                0x0800108c                DMA2_Stream0_IRQHandler
 .text.DMA2_Stream1_IRQHandler
                0x08001098        0xc Application\User\stm32f7xx_it.o
                0x08001098                DMA2_Stream1_IRQHandler
 .text.HAL_TIM_Base_MspInit
                0x080010a4       0x48 Application\User\tim.o
                0x080010a4                HAL_TIM_Base_MspInit
 .text.HAL_TIM_MspPostInit
                0x080010ec       0x6c Application\User\tim.o
                0x080010ec                HAL_TIM_MspPostInit
 .text.MX_TIM1_Init
                0x08001158      0x10c Application\User\tim.o
                0x08001158                MX_TIM1_Init
 .text.MX_TIM2_Init
                0x08001264       0xa4 Application\User\tim.o
                0x08001264                MX_TIM2_Init
 .text.MX_UART4_Init
                0x08001308       0x50 Application\User\usart.o
                0x08001308                MX_UART4_Init
 .text.MX_UART8_Init
                0x08001358       0x4c Application\User\usart.o
                0x08001358                MX_UART8_Init
 .text.MX_USART1_UART_Init
                0x080013a4       0x4c Application\User\usart.o
                0x080013a4                MX_USART1_UART_Init
 .text.MX_USART3_UART_Init
                0x080013f0       0x4c Application\User\usart.o
                0x080013f0                MX_USART3_UART_Init
 .text.HAL_UART_MspInit
                0x0800143c      0x15c Application\User\usart.o
                0x0800143c                HAL_UART_MspInit
 .text.MX_USB_OTG_HS_PCD_Init
                0x08001598       0x44 Application\User\usb_otg.o
                0x08001598                MX_USB_OTG_HS_PCD_Init
 .text.HAL_PCD_MspInit
                0x080015dc       0x90 Application\User\usb_otg.o
                0x080015dc                HAL_PCD_MspInit
 .text.SystemInit
                0x0800166c       0x4c Drivers\CMSIS\system_stm32f7xx.o
                0x0800166c                SystemInit
 .text.HAL_Init
                0x080016b8       0x24 Drivers\STM32F7xx_HAL_Driver\stm32f7xx_hal.o
                0x080016b8                HAL_Init
 .text.HAL_IncTick
                0x080016dc       0x10 Drivers\STM32F7xx_HAL_Driver\stm32f7xx_hal.o
                0x080016dc                HAL_IncTick
 .text.HAL_GetTick
                0x080016ec        0xc Drivers\STM32F7xx_HAL_Driver\stm32f7xx_hal.o
                0x080016ec                HAL_GetTick
 .text.HAL_Delay
                0x080016f8       0x1a Drivers\STM32F7xx_HAL_Driver\stm32f7xx_hal.o
                0x080016f8                HAL_Delay
 *fill*         0x08001712        0x2 
 .text.HAL_NVIC_SetPriorityGrouping
                0x08001714       0x24 Drivers\STM32F7xx_HAL_Driver\stm32f7xx_hal_cortex.o
                0x08001714                HAL_NVIC_SetPriorityGrouping
 .text.HAL_NVIC_SetPriority
                0x08001738       0x70 Drivers\STM32F7xx_HAL_Driver\stm32f7xx_hal_cortex.o
                0x08001738                HAL_NVIC_SetPriority
 .text.HAL_NVIC_EnableIRQ
                0x080017a8       0x18 Drivers\STM32F7xx_HAL_Driver\stm32f7xx_hal_cortex.o
                0x080017a8                HAL_NVIC_EnableIRQ
 .text.HAL_SYSTICK_Config
                0x080017c0       0x2c Drivers\STM32F7xx_HAL_Driver\stm32f7xx_hal_cortex.o
                0x080017c0                HAL_SYSTICK_Config
 .text.HAL_SYSTICK_CLKSourceConfig
                0x080017ec       0x18 Drivers\STM32F7xx_HAL_Driver\stm32f7xx_hal_cortex.o
                0x080017ec                HAL_SYSTICK_CLKSourceConfig
 .text.DFSDM_GetChannelFromInstance
                0x08001804       0x58 Drivers\STM32F7xx_HAL_Driver\stm32f7xx_hal_dfsdm.o
 .text.HAL_DFSDM_ChannelInit
                0x0800185c       0xe8 Drivers\STM32F7xx_HAL_Driver\stm32f7xx_hal_dfsdm.o
                0x0800185c                HAL_DFSDM_ChannelInit
 .text.HAL_DFSDM_FilterInit
                0x08001944       0xe4 Drivers\STM32F7xx_HAL_Driver\stm32f7xx_hal_dfsdm.o
                0x08001944                HAL_DFSDM_FilterInit
 .text.HAL_DFSDM_FilterConfigRegChannel
                0x08001a28       0x3a Drivers\STM32F7xx_HAL_Driver\stm32f7xx_hal_dfsdm.o
                0x08001a28                HAL_DFSDM_FilterConfigRegChannel
 *fill*         0x08001a62        0x2 
 .text.DMA_CalcBaseAndBitshift
                0x08001a64       0x2c Drivers\STM32F7xx_HAL_Driver\stm32f7xx_hal_dma.o
 .text.HAL_DMA_Init
                0x08001a90       0xfc Drivers\STM32F7xx_HAL_Driver\stm32f7xx_hal_dma.o
                0x08001a90                HAL_DMA_Init
 .text.HAL_DMA_Start_IT
                0x08001b8c       0x7a Drivers\STM32F7xx_HAL_Driver\stm32f7xx_hal_dma.o
                0x08001b8c                HAL_DMA_Start_IT
 .text.HAL_DMA_Abort_IT
                0x08001c06       0x24 Drivers\STM32F7xx_HAL_Driver\stm32f7xx_hal_dma.o
                0x08001c06                HAL_DMA_Abort_IT
 *fill*         0x08001c2a        0x2 
 .text.HAL_DMA_IRQHandler
                0x08001c2c      0x17c Drivers\STM32F7xx_HAL_Driver\stm32f7xx_hal_dma.o
                0x08001c2c                HAL_DMA_IRQHandler
 .text.HAL_GPIO_Init
                0x08001da8      0x1d4 Drivers\STM32F7xx_HAL_Driver\stm32f7xx_hal_gpio.o
                0x08001da8                HAL_GPIO_Init
 .text.HAL_GPIO_WritePin
                0x08001f7c        0xa Drivers\STM32F7xx_HAL_Driver\stm32f7xx_hal_gpio.o
                0x08001f7c                HAL_GPIO_WritePin
 .text.HAL_GPIO_TogglePin
                0x08001f86        0x8 Drivers\STM32F7xx_HAL_Driver\stm32f7xx_hal_gpio.o
                0x08001f86                HAL_GPIO_TogglePin
 .text.HAL_I2C_Init
                0x08001f8e       0xa2 Drivers\STM32F7xx_HAL_Driver\stm32f7xx_hal_i2c.o
                0x08001f8e                HAL_I2C_Init
 .text.HAL_I2CEx_ConfigAnalogFilter
                0x08002030       0x4c Drivers\STM32F7xx_HAL_Driver\stm32f7xx_hal_i2c_ex.o
                0x08002030                HAL_I2CEx_ConfigAnalogFilter
 .text.HAL_I2CEx_ConfigDigitalFilter
                0x0800207c       0x4a Drivers\STM32F7xx_HAL_Driver\stm32f7xx_hal_i2c_ex.o
                0x0800207c                HAL_I2CEx_ConfigDigitalFilter
 .text.HAL_PCD_Init
                0x080020c6       0xde Drivers\STM32F7xx_HAL_Driver\stm32f7xx_hal_pcd.o
                0x080020c6                HAL_PCD_Init
 .text.HAL_PCDEx_ActivateLPM
                0x080021a4       0x26 Drivers\STM32F7xx_HAL_Driver\stm32f7xx_hal_pcd_ex.o
                0x080021a4                HAL_PCDEx_ActivateLPM
 *fill*         0x080021ca        0x2 
 .text.HAL_PWREx_EnableOverDrive
                0x080021cc       0x70 Drivers\STM32F7xx_HAL_Driver\stm32f7xx_hal_pwr_ex.o
                0x080021cc                HAL_PWREx_EnableOverDrive
 .text.HAL_RCC_OscConfig
                0x0800223c      0x328 Drivers\STM32F7xx_HAL_Driver\stm32f7xx_hal_rcc.o
                0x0800223c                HAL_RCC_OscConfig
 .text.HAL_RCC_GetSysClockFreq
                0x08002564       0x54 Drivers\STM32F7xx_HAL_Driver\stm32f7xx_hal_rcc.o
                0x08002564                HAL_RCC_GetSysClockFreq
 .text.HAL_RCC_ClockConfig
                0x080025b8      0x120 Drivers\STM32F7xx_HAL_Driver\stm32f7xx_hal_rcc.o
                0x080025b8                HAL_RCC_ClockConfig
 .text.HAL_RCC_GetHCLKFreq
                0x080026d8        0xc Drivers\STM32F7xx_HAL_Driver\stm32f7xx_hal_rcc.o
                0x080026d8                HAL_RCC_GetHCLKFreq
 .text.HAL_RCC_GetPCLK1Freq
                0x080026e4       0x20 Drivers\STM32F7xx_HAL_Driver\stm32f7xx_hal_rcc.o
                0x080026e4                HAL_RCC_GetPCLK1Freq
 .text.HAL_RCC_GetPCLK2Freq
                0x08002704       0x20 Drivers\STM32F7xx_HAL_Driver\stm32f7xx_hal_rcc.o
                0x08002704                HAL_RCC_GetPCLK2Freq
 .text.HAL_RCC_GetClockConfig
                0x08002724       0x3c Drivers\STM32F7xx_HAL_Driver\stm32f7xx_hal_rcc.o
                0x08002724                HAL_RCC_GetClockConfig
 .text.HAL_RCCEx_PeriphCLKConfig
                0x08002760      0x51c Drivers\STM32F7xx_HAL_Driver\stm32f7xx_hal_rcc_ex.o
                0x08002760                HAL_RCCEx_PeriphCLKConfig
 .text.HAL_SPI_Init
                0x08002c7c       0xaa Drivers\STM32F7xx_HAL_Driver\stm32f7xx_hal_spi.o
                0x08002c7c                HAL_SPI_Init
 .text.TIM_TI1_ConfigInputStage
                0x08002d26       0x22 Drivers\STM32F7xx_HAL_Driver\stm32f7xx_hal_tim.o
 .text.TIM_TI2_ConfigInputStage
                0x08002d48       0x24 Drivers\STM32F7xx_HAL_Driver\stm32f7xx_hal_tim.o
 .text.HAL_TIM_Base_Start_IT
                0x08002d6c       0x16 Drivers\STM32F7xx_HAL_Driver\stm32f7xx_hal_tim.o
                0x08002d6c                HAL_TIM_Base_Start_IT
 .text.HAL_TIM_PWM_MspInit
                0x08002d82        0x2 Drivers\STM32F7xx_HAL_Driver\stm32f7xx_hal_tim.o
                0x08002d82                HAL_TIM_PWM_MspInit
 .text.HAL_TIM_OC_DelayElapsedCallback
                0x08002d84        0x2 Drivers\STM32F7xx_HAL_Driver\stm32f7xx_hal_tim.o
                0x08002d84                HAL_TIM_OC_DelayElapsedCallback
 .text.HAL_TIM_IC_CaptureCallback
                0x08002d86        0x2 Drivers\STM32F7xx_HAL_Driver\stm32f7xx_hal_tim.o
                0x08002d86                HAL_TIM_IC_CaptureCallback
 .text.HAL_TIM_PWM_PulseFinishedCallback
                0x08002d88        0x2 Drivers\STM32F7xx_HAL_Driver\stm32f7xx_hal_tim.o
                0x08002d88                HAL_TIM_PWM_PulseFinishedCallback
 .text.HAL_TIM_TriggerCallback
                0x08002d8a        0x2 Drivers\STM32F7xx_HAL_Driver\stm32f7xx_hal_tim.o
                0x08002d8a                HAL_TIM_TriggerCallback
 .text.HAL_TIM_IRQHandler
                0x08002d8c      0x160 Drivers\STM32F7xx_HAL_Driver\stm32f7xx_hal_tim.o
                0x08002d8c                HAL_TIM_IRQHandler
 .text.TIM_Base_SetConfig
                0x08002eec       0xd0 Drivers\STM32F7xx_HAL_Driver\stm32f7xx_hal_tim.o
                0x08002eec                TIM_Base_SetConfig
 .text.HAL_TIM_Base_Init
                0x08002fbc       0x34 Drivers\STM32F7xx_HAL_Driver\stm32f7xx_hal_tim.o
                0x08002fbc                HAL_TIM_Base_Init
 .text.HAL_TIM_PWM_Init
                0x08002ff0       0x34 Drivers\STM32F7xx_HAL_Driver\stm32f7xx_hal_tim.o
                0x08002ff0                HAL_TIM_PWM_Init
 .text.TIM_OC1_SetConfig
                0x08003024       0x5c Drivers\STM32F7xx_HAL_Driver\stm32f7xx_hal_tim.o
                0x08003024                TIM_OC1_SetConfig
 .text.TIM_OC2_SetConfig
                0x08003080       0x64 Drivers\STM32F7xx_HAL_Driver\stm32f7xx_hal_tim.o
                0x08003080                TIM_OC2_SetConfig
 .text.TIM_OC3_SetConfig
                0x080030e4       0x64 Drivers\STM32F7xx_HAL_Driver\stm32f7xx_hal_tim.o
                0x080030e4                TIM_OC3_SetConfig
 .text.TIM_OC4_SetConfig
                0x08003148       0x54 Drivers\STM32F7xx_HAL_Driver\stm32f7xx_hal_tim.o
                0x08003148                TIM_OC4_SetConfig
 .text.TIM_ETR_SetConfig
                0x0800319c       0x14 Drivers\STM32F7xx_HAL_Driver\stm32f7xx_hal_tim.o
                0x0800319c                TIM_ETR_SetConfig
 .text.HAL_TIM_ConfigClockSource
                0x080031b0      0x11c Drivers\STM32F7xx_HAL_Driver\stm32f7xx_hal_tim.o
                0x080031b0                HAL_TIM_ConfigClockSource
 .text.TIM_CCxChannelCmd
                0x080032cc       0x18 Drivers\STM32F7xx_HAL_Driver\stm32f7xx_hal_tim.o
                0x080032cc                TIM_CCxChannelCmd
 .text.HAL_TIM_PWM_Start
                0x080032e4       0x34 Drivers\STM32F7xx_HAL_Driver\stm32f7xx_hal_tim.o
                0x080032e4                HAL_TIM_PWM_Start
 .text.TIM_OC5_SetConfig
                0x08003318       0x50 Drivers\STM32F7xx_HAL_Driver\stm32f7xx_hal_tim_ex.o
 .text.TIM_OC6_SetConfig
                0x08003368       0x50 Drivers\STM32F7xx_HAL_Driver\stm32f7xx_hal_tim_ex.o
 .text.HAL_TIMEx_MasterConfigSynchronization
                0x080033b8       0x4c Drivers\STM32F7xx_HAL_Driver\stm32f7xx_hal_tim_ex.o
                0x080033b8                HAL_TIMEx_MasterConfigSynchronization
 .text.HAL_TIMEx_ConfigBreakDeadTime
                0x08003404       0x88 Drivers\STM32F7xx_HAL_Driver\stm32f7xx_hal_tim_ex.o
                0x08003404                HAL_TIMEx_ConfigBreakDeadTime
 .text.HAL_TIMEx_CommutationCallback
                0x0800348c        0x2 Drivers\STM32F7xx_HAL_Driver\stm32f7xx_hal_tim_ex.o
                0x0800348c                HAL_TIMEx_CommutationCallback
 .text.HAL_TIMEx_BreakCallback
                0x0800348e        0x2 Drivers\STM32F7xx_HAL_Driver\stm32f7xx_hal_tim_ex.o
                0x0800348e                HAL_TIMEx_BreakCallback
 .text.HAL_TIM_PWM_ConfigChannel
                0x08003490      0x10c Drivers\STM32F7xx_HAL_Driver\stm32f7xx_hal_tim_ex.o
                0x08003490                HAL_TIM_PWM_ConfigChannel
 .text.UART_EndRxTransfer
                0x0800359c       0x1a Drivers\STM32F7xx_HAL_Driver\stm32f7xx_hal_uart.o
 *fill*         0x080035b6        0x2 
 .text.HAL_UART_Receive_DMA
                0x080035b8       0x88 Drivers\STM32F7xx_HAL_Driver\stm32f7xx_hal_uart.o
                0x080035b8                HAL_UART_Receive_DMA
 .text.HAL_UART_DMAResume
                0x08003640       0x5e Drivers\STM32F7xx_HAL_Driver\stm32f7xx_hal_uart.o
                0x08003640                HAL_UART_DMAResume
 .text.UART_WaitOnFlagUntilTimeout
                0x0800369e       0x62 Drivers\STM32F7xx_HAL_Driver\stm32f7xx_hal_uart.o
                0x0800369e                UART_WaitOnFlagUntilTimeout
 .text.HAL_UART_Transmit
                0x08003700       0xb2 Drivers\STM32F7xx_HAL_Driver\stm32f7xx_hal_uart.o
                0x08003700                HAL_UART_Transmit
 .text.HAL_UART_TxCpltCallback
                0x080037b2        0x2 Drivers\STM32F7xx_HAL_Driver\stm32f7xx_hal_uart.o
                0x080037b2                HAL_UART_TxCpltCallback
 .text.UART_DMAReceiveCplt
                0x080037b4       0x3a Drivers\STM32F7xx_HAL_Driver\stm32f7xx_hal_uart.o
 .text.UART_Receive_IT
                0x080037ee       0x6e Drivers\STM32F7xx_HAL_Driver\stm32f7xx_hal_uart.o
 .text.HAL_UART_RxHalfCpltCallback
                0x0800385c        0x2 Drivers\STM32F7xx_HAL_Driver\stm32f7xx_hal_uart.o
                0x0800385c                HAL_UART_RxHalfCpltCallback
 .text.UART_DMARxHalfCplt
                0x0800385e        0xa Drivers\STM32F7xx_HAL_Driver\stm32f7xx_hal_uart.o
 .text.UART_DMAError
                0x08003868       0x52 Drivers\STM32F7xx_HAL_Driver\stm32f7xx_hal_uart.o
 *fill*         0x080038ba        0x2 
 .text.HAL_UART_IRQHandler
                0x080038bc      0x15c Drivers\STM32F7xx_HAL_Driver\stm32f7xx_hal_uart.o
                0x080038bc                HAL_UART_IRQHandler
 .text.UART_DMAAbortOnError
                0x08003a18       0x14 Drivers\STM32F7xx_HAL_Driver\stm32f7xx_hal_uart.o
 .text.UART_SetConfig
                0x08003a2c      0x290 Drivers\STM32F7xx_HAL_Driver\stm32f7xx_hal_uart.o
                0x08003a2c                UART_SetConfig
 .text.UART_AdvFeatureConfig
                0x08003cbc       0xaa Drivers\STM32F7xx_HAL_Driver\stm32f7xx_hal_uart.o
                0x08003cbc                UART_AdvFeatureConfig
 .text.UART_CheckIdleState
                0x08003d66       0x44 Drivers\STM32F7xx_HAL_Driver\stm32f7xx_hal_uart.o
                0x08003d66                UART_CheckIdleState
 .text.HAL_UART_Init
                0x08003daa       0x64 Drivers\STM32F7xx_HAL_Driver\stm32f7xx_hal_uart.o
                0x08003daa                HAL_UART_Init
 *fill*         0x08003e0e        0x2 
 .text.USB_CoreReset
                0x08003e10       0x30 Drivers\STM32F7xx_HAL_Driver\stm32f7xx_ll_usb.o
 .text.USB_CoreInit
                0x08003e40       0x76 Drivers\STM32F7xx_HAL_Driver\stm32f7xx_ll_usb.o
                0x08003e40                USB_CoreInit
 .text.USB_DisableGlobalInt
                0x08003eb6        0xc Drivers\STM32F7xx_HAL_Driver\stm32f7xx_ll_usb.o
                0x08003eb6                USB_DisableGlobalInt
 .text.USB_SetCurrentMode
                0x08003ec2       0x2c Drivers\STM32F7xx_HAL_Driver\stm32f7xx_ll_usb.o
                0x08003ec2                USB_SetCurrentMode
 *fill*         0x08003eee        0x2 
 .text.USB_FlushTxFifo
                0x08003ef0       0x24 Drivers\STM32F7xx_HAL_Driver\stm32f7xx_ll_usb.o
                0x08003ef0                USB_FlushTxFifo
 .text.USB_FlushRxFifo
                0x08003f14       0x20 Drivers\STM32F7xx_HAL_Driver\stm32f7xx_ll_usb.o
                0x08003f14                USB_FlushRxFifo
 .text.USB_SetDevSpeed
                0x08003f34        0xe Drivers\STM32F7xx_HAL_Driver\stm32f7xx_ll_usb.o
                0x08003f34                USB_SetDevSpeed
 *fill*         0x08003f42        0x2 
 .text.USB_DevInit
                0x08003f44      0x14c Drivers\STM32F7xx_HAL_Driver\stm32f7xx_ll_usb.o
                0x08003f44                USB_DevInit
 .text.USB_DevDisconnect
                0x08004090       0x18 Drivers\STM32F7xx_HAL_Driver\stm32f7xx_ll_usb.o
                0x08004090                USB_DevDisconnect
 .text.osKernelStart
                0x080040a8        0xa Middlewares\FreeRTOS\cmsis_os.o
                0x080040a8                osKernelStart
 .text.osThreadCreate
                0x080040b2       0x30 Middlewares\FreeRTOS\cmsis_os.o
                0x080040b2                osThreadCreate
 .text.osDelay  0x080040e2       0x10 Middlewares\FreeRTOS\cmsis_os.o
                0x080040e2                osDelay
 .text.osMutexCreate
                0x080040f2        0x6 Middlewares\FreeRTOS\cmsis_os.o
                0x080040f2                osMutexCreate
 .text.osMessageCreate
                0x080040f8        0x8 Middlewares\FreeRTOS\cmsis_os.o
                0x080040f8                osMessageCreate
 .text.osSystickHandler
                0x08004100       0x14 Middlewares\FreeRTOS\cmsis_os.o
                0x08004100                osSystickHandler
 .text.unlikely.prvInsertBlockIntoFreeList
                0x08004114       0x48 Middlewares\FreeRTOS\heap_4.o
 .text.pvPortMalloc
                0x0800415c      0x124 Middlewares\FreeRTOS\heap_4.o
                0x0800415c                pvPortMalloc
 .text.vPortFree
                0x08004280       0x78 Middlewares\FreeRTOS\heap_4.o
                0x08004280                vPortFree
 .text.vListInitialise
                0x080042f8       0x16 Middlewares\FreeRTOS\list.o
                0x080042f8                vListInitialise
 .text.vListInitialiseItem
                0x0800430e        0x6 Middlewares\FreeRTOS\list.o
                0x0800430e                vListInitialiseItem
 .text.vListInsertEnd
                0x08004314       0x18 Middlewares\FreeRTOS\list.o
                0x08004314                vListInsertEnd
 .text.vListInsert
                0x0800432c       0x2e Middlewares\FreeRTOS\list.o
                0x0800432c                vListInsert
 .text.uxListRemove
                0x0800435a       0x20 Middlewares\FreeRTOS\list.o
                0x0800435a                uxListRemove
 *fill*         0x0800437a        0x2 
 .text.prvTaskExitError
                0x0800437c       0x38 Middlewares\FreeRTOS\port.o
 .text.prvPortStartFirstTask
                0x080043b4       0x20 Middlewares\FreeRTOS\port.o
 .text.vPortEnableVFP
                0x080043d4       0x14 Middlewares\FreeRTOS\port.o
 .text.pxPortInitialiseStack
                0x080043e8       0x24 Middlewares\FreeRTOS\port.o
                0x080043e8                pxPortInitialiseStack
 *fill*         0x0800440c        0x4 
 .text.SVC_Handler
                0x08004410       0x24 Middlewares\FreeRTOS\port.o
                0x08004410                SVC_Handler
 .text.vPortEnterCritical
                0x08004434       0x4c Middlewares\FreeRTOS\port.o
                0x08004434                vPortEnterCritical
 .text.vPortExitCritical
                0x08004480       0x2c Middlewares\FreeRTOS\port.o
                0x08004480                vPortExitCritical
 *fill*         0x080044ac        0x4 
 .text.PendSV_Handler
                0x080044b0       0x64 Middlewares\FreeRTOS\port.o
                0x080044b0                PendSV_Handler
 .text.xPortSysTickHandler
                0x08004514       0x30 Middlewares\FreeRTOS\port.o
                0x08004514                xPortSysTickHandler
 .text.vPortSetupTimerInterrupt
                0x08004544       0x28 Middlewares\FreeRTOS\port.o
                0x08004544                vPortSetupTimerInterrupt
 .text.xPortStartScheduler
                0x0800456c       0xa8 Middlewares\FreeRTOS\port.o
                0x0800456c                xPortStartScheduler
 .text.vPortValidateInterruptPriority
                0x08004614       0x64 Middlewares\FreeRTOS\port.o
                0x08004614                vPortValidateInterruptPriority
 .text.unlikely.prvCopyDataToQueue
                0x08004678       0x66 Middlewares\FreeRTOS\queue.o
 .text.unlikely.prvCopyDataFromQueue
                0x080046de       0x2a Middlewares\FreeRTOS\queue.o
 .text.prvUnlockQueue
                0x08004708       0x70 Middlewares\FreeRTOS\queue.o
 .text.xQueueGenericReset
                0x08004778       0x84 Middlewares\FreeRTOS\queue.o
                0x08004778                xQueueGenericReset
 .text.xQueueGenericCreate
                0x080047fc       0x46 Middlewares\FreeRTOS\queue.o
                0x080047fc                xQueueGenericCreate
 *fill*         0x08004842        0x2 
 .text.xQueueGenericSend
                0x08004844      0x17c Middlewares\FreeRTOS\queue.o
                0x08004844                xQueueGenericSend
 .text.xQueueCreateMutex
                0x080049c0       0x24 Middlewares\FreeRTOS\queue.o
                0x080049c0                xQueueCreateMutex
 .text.xQueueGenericSendFromISR
                0x080049e4       0xd4 Middlewares\FreeRTOS\queue.o
                0x080049e4                xQueueGenericSendFromISR
 .text.xQueueGenericReceive
                0x08004ab8      0x194 Middlewares\FreeRTOS\queue.o
                0x08004ab8                xQueueGenericReceive
 .text.xQueueReceiveFromISR
                0x08004c4c       0xac Middlewares\FreeRTOS\queue.o
                0x08004c4c                xQueueReceiveFromISR
 .text.prvResetNextTaskUnblockTime
                0x08004cf8       0x24 Middlewares\FreeRTOS\tasks.o
 .text.prvAddCurrentTaskToDelayedList
                0x08004d1c       0x8c Middlewares\FreeRTOS\tasks.o
 .text.vTaskSetTimeOutState.part.5
                0x08004da8       0x16 Middlewares\FreeRTOS\tasks.o
 *fill*         0x08004dbe        0x2 
 .text.xTaskCreate
                0x08004dc0      0x1a0 Middlewares\FreeRTOS\tasks.o
                0x08004dc0                xTaskCreate
 .text.vTaskStartScheduler
                0x08004f60       0x80 Middlewares\FreeRTOS\tasks.o
                0x08004f60                vTaskStartScheduler
 .text.vTaskSuspendAll
                0x08004fe0       0x10 Middlewares\FreeRTOS\tasks.o
                0x08004fe0                vTaskSuspendAll
 .text.xTaskIncrementTick
                0x08004ff0      0x128 Middlewares\FreeRTOS\tasks.o
                0x08004ff0                xTaskIncrementTick
 .text.xTaskResumeAll
                0x08005118       0xf4 Middlewares\FreeRTOS\tasks.o
                0x08005118                xTaskResumeAll
 .text.vTaskDelay
                0x0800520c       0x4c Middlewares\FreeRTOS\tasks.o
                0x0800520c                vTaskDelay
 .text.prvIdleTask
                0x08005258       0x74 Middlewares\FreeRTOS\tasks.o
 .text.vTaskSwitchContext
                0x080052cc       0x78 Middlewares\FreeRTOS\tasks.o
                0x080052cc                vTaskSwitchContext
 .text.vTaskPlaceOnEventList
                0x08005344       0x38 Middlewares\FreeRTOS\tasks.o
                0x08005344                vTaskPlaceOnEventList
 .text.xTaskRemoveFromEventList
                0x0800537c       0x88 Middlewares\FreeRTOS\tasks.o
                0x0800537c                xTaskRemoveFromEventList
 .text.vTaskSetTimeOutState
                0x08005404       0x20 Middlewares\FreeRTOS\tasks.o
                0x08005404                vTaskSetTimeOutState
 .text.xTaskCheckForTimeOut
                0x08005424       0x7c Middlewares\FreeRTOS\tasks.o
                0x08005424                xTaskCheckForTimeOut
 .text.vTaskMissedYield
                0x080054a0        0xc Middlewares\FreeRTOS\tasks.o
                0x080054a0                vTaskMissedYield
 .text.xTaskGetSchedulerState
                0x080054ac       0x20 Middlewares\FreeRTOS\tasks.o
                0x080054ac                xTaskGetSchedulerState
 .text.vTaskPriorityInherit
                0x080054cc       0x8c Middlewares\FreeRTOS\tasks.o
                0x080054cc                vTaskPriorityInherit
 .text.xTaskPriorityDisinherit
                0x08005558       0xa8 Middlewares\FreeRTOS\tasks.o
                0x08005558                xTaskPriorityDisinherit
 .text.pvTaskIncrementMutexHeldCount
                0x08005600       0x18 Middlewares\FreeRTOS\tasks.o
                0x08005600                pvTaskIncrementMutexHeldCount
 .text.__libc_init_array
                0x08005618       0x48 c:/program files (x86)/atollic/truestudio for arm 8.1.0/armtools/bin/../lib/gcc/arm-atollic-eabi/6.3.1/../../../../arm-atollic-eabi/lib/armv7e-m/fpu/fpv5-d16\libc_nano.a(lib_a-init.o)
                0x08005618                __libc_init_array
 .text.memcpy   0x08005660       0x16 c:/program files (x86)/atollic/truestudio for arm 8.1.0/armtools/bin/../lib/gcc/arm-atollic-eabi/6.3.1/../../../../arm-atollic-eabi/lib/armv7e-m/fpu/fpv5-d16\libc_nano.a(lib_a-memcpy-stub.o)
                0x08005660                memcpy
 .text.memset   0x08005676       0x10 c:/program files (x86)/atollic/truestudio for arm 8.1.0/armtools/bin/../lib/gcc/arm-atollic-eabi/6.3.1/../../../../arm-atollic-eabi/lib/armv7e-m/fpu/fpv5-d16\libc_nano.a(lib_a-memset.o)
                0x08005676                memset
 *(.glue_7)
 .glue_7        0x08005686        0x0 linker stubs
 *(.glue_7t)
 .glue_7t       0x08005686        0x0 linker stubs
 *(.eh_frame)
 *fill*         0x08005686        0x2 
 .eh_frame      0x08005688        0x0 c:/program files (x86)/atollic/truestudio for arm 8.1.0/armtools/bin/../lib/gcc/arm-atollic-eabi/6.3.1/armv7e-m/fpu/fpv5-d16/crtbegin.o
 *(.init)
 .init          0x08005688        0x4 c:/program files (x86)/atollic/truestudio for arm 8.1.0/armtools/bin/../lib/gcc/arm-atollic-eabi/6.3.1/armv7e-m/fpu/fpv5-d16/crti.o
                0x08005688                _init
 .init          0x0800568c        0x8 c:/program files (x86)/atollic/truestudio for arm 8.1.0/armtools/bin/../lib/gcc/arm-atollic-eabi/6.3.1/armv7e-m/fpu/fpv5-d16/crtn.o
 *(.fini)
 .fini          0x08005694        0x4 c:/program files (x86)/atollic/truestudio for arm 8.1.0/armtools/bin/../lib/gcc/arm-atollic-eabi/6.3.1/armv7e-m/fpu/fpv5-d16/crti.o
                0x08005694                _fini
 .fini          0x08005698        0x8 c:/program files (x86)/atollic/truestudio for arm 8.1.0/armtools/bin/../lib/gcc/arm-atollic-eabi/6.3.1/armv7e-m/fpu/fpv5-d16/crtn.o
                0x080056a0                . = ALIGN (0x4)
                0x080056a0                _etext = .

.vfp11_veneer   0x080056a0        0x0
 .vfp11_veneer  0x080056a0        0x0 linker stubs

.v4_bx          0x080056a0        0x0
 .v4_bx         0x080056a0        0x0 linker stubs

.iplt           0x080056a0        0x0
 .iplt          0x080056a0        0x0 c:/program files (x86)/atollic/truestudio for arm 8.1.0/armtools/bin/../lib/gcc/arm-atollic-eabi/6.3.1/armv7e-m/fpu/fpv5-d16/crtbegin.o

.rodata         0x080056a0      0x1e0
                0x080056a0                . = ALIGN (0x4)
 *(.rodata)
 .rodata        0x080056a0       0x30 Application\User\Idletasks\idletasks.o
 .rodata        0x080056d0       0xa4 Application\User\freertos.o
 *(.rodata*)
 .rodata.HAL_UART_ErrorCallback.str1.1
                0x08005774        0x4 Application\User\ISRs\isrSensors.o
 .rodata.MX_DFSDM1_Init.str1.1
                0x08005778       0x15 Application\User\dfsdm.o
 .rodata.str1.1
                0x0800578d       0x57 Application\User\freertos.o
 .rodata.MX_I2C4_Init.str1.1
                0x080057e4       0x13 Application\User\i2c.o
 .rodata.MX_SPI1_Init.str1.1
                0x080057f7       0x13 Application\User\spi.o
 .rodata.MX_TIM1_Init.str1.1
                0x0800580a       0x13 Application\User\tim.o
 .rodata.MX_UART4_Init.str1.1
                0x0800581d       0x15 Application\User\usart.o
 .rodata.MX_USB_OTG_HS_PCD_Init.str1.1
                0x08005832       0x17 Application\User\usb_otg.o
 .rodata.AHBPrescTable
                0x08005849       0x10 Drivers\CMSIS\system_stm32f7xx.o
                0x08005849                AHBPrescTable
 .rodata.APBPrescTable
                0x08005859        0x8 Drivers\CMSIS\system_stm32f7xx.o
                0x08005859                APBPrescTable
 .rodata.flagBitshiftOffset.10253
                0x08005861        0x8 Drivers\STM32F7xx_HAL_Driver\stm32f7xx_hal_dma.o
 .rodata.CSWTCH.38
                0x08005869        0x4 Drivers\STM32F7xx_HAL_Driver\stm32f7xx_hal_uart.o
 .rodata.CSWTCH.39
                0x0800586d        0xd Drivers\STM32F7xx_HAL_Driver\stm32f7xx_hal_uart.o
 .rodata.vTaskStartScheduler.str1.1
                0x0800587a        0x5 Middlewares\FreeRTOS\tasks.o
                0x08005880                . = ALIGN (0x4)
 *fill*         0x0800587f        0x1 

.rel.dyn        0x08005880        0x0
 .rel.iplt      0x08005880        0x0 c:/program files (x86)/atollic/truestudio for arm 8.1.0/armtools/bin/../lib/gcc/arm-atollic-eabi/6.3.1/armv7e-m/fpu/fpv5-d16/crtbegin.o

.ARM.extab
 *(.ARM.extab* .gnu.linkonce.armextab.*)

.ARM            0x08005880        0x0
                0x08005880                __exidx_start = .
 *(.ARM.exidx*)
                0x08005880                __exidx_end = .

.preinit_array  0x08005880        0x0
                0x08005880                PROVIDE (__preinit_array_start, .)
 *(.preinit_array*)
                0x08005880                PROVIDE (__preinit_array_end, .)

.init_array     0x08005880        0x4
                0x08005880                PROVIDE (__init_array_start, .)
 *(SORT(.init_array.*))
 *(.init_array*)
 .init_array    0x08005880        0x4 c:/program files (x86)/atollic/truestudio for arm 8.1.0/armtools/bin/../lib/gcc/arm-atollic-eabi/6.3.1/armv7e-m/fpu/fpv5-d16/crtbegin.o
                0x08005884                PROVIDE (__init_array_end, .)

.fini_array     0x08005884        0x4
                [!provide]                PROVIDE (__fini_array_start, .)
 *(SORT(.fini_array.*))
 *(.fini_array*)
 .fini_array    0x08005884        0x4 c:/program files (x86)/atollic/truestudio for arm 8.1.0/armtools/bin/../lib/gcc/arm-atollic-eabi/6.3.1/armv7e-m/fpu/fpv5-d16/crtbegin.o
                [!provide]                PROVIDE (__fini_array_end, .)
                0x08005888                _sidata = LOADADDR (.data)

.data           0x20000000        0x8 load address 0x08005888
                0x20000000                . = ALIGN (0x4)
                0x20000000                _sdata = .
 *(.data)
 *(.data*)
 .data.SystemCoreClock
                0x20000000        0x4 Drivers\CMSIS\system_stm32f7xx.o
                0x20000000                SystemCoreClock
 .data.uxCriticalNesting
                0x20000004        0x4 Middlewares\FreeRTOS\port.o
                0x20000008                . = ALIGN (0x4)
                0x20000008                _edata = .

.igot.plt       0x20000008        0x0 load address 0x08005890
 .igot.plt      0x20000008        0x0 c:/program files (x86)/atollic/truestudio for arm 8.1.0/armtools/bin/../lib/gcc/arm-atollic-eabi/6.3.1/armv7e-m/fpu/fpv5-d16/crtbegin.o
                0x20000008                . = ALIGN (0x4)

.bss            0x20000008     0x4778 load address 0x08005890
                0x20000008                _sbss = .
                0x20000008                __bss_start__ = _sbss
 *(.bss)
 .bss           0x20000008       0x1c c:/program files (x86)/atollic/truestudio for arm 8.1.0/armtools/bin/../lib/gcc/arm-atollic-eabi/6.3.1/armv7e-m/fpu/fpv5-d16/crtbegin.o
 *(.bss*)
 .bss.enchall   0x20000024        0x7 Application\User\ISRs\isrSensors.o
 *fill*         0x2000002b        0x1 
 .bss.DFSDM1_Init
                0x2000002c        0x4 Application\User\dfsdm.o
 .bss.HAL_RCC_DFSDM1_CLK_ENABLED
                0x20000030        0x4 Application\User\dfsdm.o
 .bss.a_dfsdm1ChannelHandle
                0x20000034       0x20 Drivers\STM32F7xx_HAL_Driver\stm32f7xx_hal_dfsdm.o
                0x20000034                a_dfsdm1ChannelHandle
 .bss.v_dfsdm1ChannelCounter
                0x20000054        0x4 Drivers\STM32F7xx_HAL_Driver\stm32f7xx_hal_dfsdm.o
                0x20000054                v_dfsdm1ChannelCounter
 .bss.pxEnd     0x20000058        0x4 Middlewares\FreeRTOS\heap_4.o
 .bss.ucHeap    0x2000005c     0x3c00 Middlewares\FreeRTOS\heap_4.o
 .bss.xBlockAllocatedBit
                0x20003c5c        0x4 Middlewares\FreeRTOS\heap_4.o
 .bss.xFreeBytesRemaining
                0x20003c60        0x4 Middlewares\FreeRTOS\heap_4.o
 .bss.xMinimumEverFreeBytesRemaining
                0x20003c64        0x4 Middlewares\FreeRTOS\heap_4.o
 .bss.xStart    0x20003c68        0x8 Middlewares\FreeRTOS\heap_4.o
 .bss.ucMaxSysCallPriority
                0x20003c70        0x1 Middlewares\FreeRTOS\port.o
 *fill*         0x20003c71        0x3 
 .bss.ulMaxPRIGROUPValue
                0x20003c74        0x4 Middlewares\FreeRTOS\port.o
 .bss.pxCurrentTCB
                0x20003c78        0x4 Middlewares\FreeRTOS\tasks.o
                0x20003c78                pxCurrentTCB
 .bss.pxDelayedTaskList
                0x20003c7c        0x4 Middlewares\FreeRTOS\tasks.o
 .bss.pxOverflowDelayedTaskList
                0x20003c80        0x4 Middlewares\FreeRTOS\tasks.o
 .bss.pxReadyTasksLists
                0x20003c84       0x8c Middlewares\FreeRTOS\tasks.o
 .bss.uxCurrentNumberOfTasks
                0x20003d10        0x4 Middlewares\FreeRTOS\tasks.o
 .bss.uxDeletedTasksWaitingCleanUp
                0x20003d14        0x4 Middlewares\FreeRTOS\tasks.o
 .bss.uxPendedTicks
                0x20003d18        0x4 Middlewares\FreeRTOS\tasks.o
 .bss.uxSchedulerSuspended
                0x20003d1c        0x4 Middlewares\FreeRTOS\tasks.o
 .bss.uxTaskNumber
                0x20003d20        0x4 Middlewares\FreeRTOS\tasks.o
 .bss.uxTopReadyPriority
                0x20003d24        0x4 Middlewares\FreeRTOS\tasks.o
 .bss.xDelayedTaskList1
                0x20003d28       0x14 Middlewares\FreeRTOS\tasks.o
 .bss.xDelayedTaskList2
                0x20003d3c       0x14 Middlewares\FreeRTOS\tasks.o
 .bss.xIdleTaskHandle
                0x20003d50        0x4 Middlewares\FreeRTOS\tasks.o
 .bss.xNextTaskUnblockTime
                0x20003d54        0x4 Middlewares\FreeRTOS\tasks.o
 .bss.xNumOfOverflows
                0x20003d58        0x4 Middlewares\FreeRTOS\tasks.o
 .bss.xPendingReadyList
                0x20003d5c       0x14 Middlewares\FreeRTOS\tasks.o
 .bss.xSchedulerRunning
                0x20003d70        0x4 Middlewares\FreeRTOS\tasks.o
 .bss.xSuspendedTaskList
                0x20003d74       0x14 Middlewares\FreeRTOS\tasks.o
 .bss.xTasksWaitingTermination
                0x20003d88       0x14 Middlewares\FreeRTOS\tasks.o
 .bss.xTickCount
                0x20003d9c        0x4 Middlewares\FreeRTOS\tasks.o
 .bss.xYieldPending
                0x20003da0        0x4 Middlewares\FreeRTOS\tasks.o
 *(COMMON)
 COMMON         0x20003da4        0x5 Application\User\ISRs\isrSensors.o
                0x20003da4                enchall_buff
 *fill*         0x20003da9        0x3 
 COMMON         0x20003dac      0x210 Application\User\dfsdm.o
                0x20003dac                hdfsdm1_filter0
                0x20003e00                hdfsdm1_channel3
                0x20003e38                hdma_dfsdm1_flt1
                0x20003e98                hdma_dfsdm1_flt0
                0x20003ef8                hdfsdm1_filter1
                0x20003f4c                hdfsdm1_channel0
                0x20003f84                hdfsdm1_channel7
 COMMON         0x20003fbc       0x30 Application\User\freertos.o
                0x20003fbc                buzzertoneTaskHandle
                0x20003fc0                shuntTaskHandle
                0x20003fc4                buzzerQueueHandle
                0x20003fc8                rythmQueueHandle
                0x20003fcc                enchallTaskHandle
                0x20003fd0                buzzerMutexHandle
                0x20003fd4                enchallQueueHandle
                0x20003fd8                encdataMutexHandle
                0x20003fdc                ledgreenTaskHandle
                0x20003fe0                ledblueTaskHandle
                0x20003fe4                iwdgTaskHandle
                0x20003fe8                buzzerrythmTaskHandle
 COMMON         0x20003fec       0x4c Application\User\i2c.o
                0x20003fec                hi2c4
 COMMON         0x20004038       0x64 Application\User\spi.o
                0x20004038                hspi1
 COMMON         0x2000409c       0x40 Application\User\stm32f7xx_hal_timebase_TIM.o
                0x2000409c                htim4
 COMMON         0x200040dc       0x80 Application\User\tim.o
                0x200040dc                htim1
                0x2000411c                htim2
 COMMON         0x2000415c      0x220 Application\User\usart.o
                0x2000415c                hdma_uart4_rx
                0x200041bc                huart3
                0x2000422c                huart1
                0x2000429c                huart8
                0x2000430c                huart4
 COMMON         0x2000437c      0x400 Application\User\usb_otg.o
                0x2000437c                hpcd_USB_OTG_HS
 COMMON         0x2000477c        0x4 Drivers\STM32F7xx_HAL_Driver\stm32f7xx_hal.o
                0x2000477c                uwTick
                0x20004780                . = ALIGN (0x4)
                0x20004780                _ebss = .
                0x20004780                __bss_end__ = _ebss

._user_heap_stack
                0x20004780      0x600 load address 0x08005890
                0x20004780                . = ALIGN (0x4)
                [!provide]                PROVIDE (end, .)
                [!provide]                PROVIDE (_end, .)
                0x20004980                . = (. + _Min_Heap_Size)
 *fill*         0x20004780      0x200 
                0x20004d80                . = (. + _Min_Stack_Size)
 *fill*         0x20004980      0x400 
                0x20004d80                . = ALIGN (0x4)

/DISCARD/
 libc.a(*)
 libm.a(*)
 libgcc.a(*)

.ARM.attributes
                0x00000000       0x2e
 *(.ARM.attributes)
 .ARM.attributes
                0x00000000       0x20 c:/program files (x86)/atollic/truestudio for arm 8.1.0/armtools/bin/../lib/gcc/arm-atollic-eabi/6.3.1/armv7e-m/fpu/fpv5-d16/crti.o
 .ARM.attributes
                0x00000020       0x32 c:/program files (x86)/atollic/truestudio for arm 8.1.0/armtools/bin/../lib/gcc/arm-atollic-eabi/6.3.1/armv7e-m/fpu/fpv5-d16/crtbegin.o
 .ARM.attributes
                0x00000052       0x21 Application\TrueSTUDIO\startup_stm32f765xx.o
 .ARM.attributes
                0x00000073       0x37 Application\User\ISRs\isrSensors.o
 .ARM.attributes
                0x000000aa       0x37 Application\User\Idletasks\idletasks.o
 .ARM.attributes
                0x000000e1       0x37 Application\User\SYSINIT\sysinitial.o
 .ARM.attributes
                0x00000118       0x37 Application\User\debug\datatraceDebug.o
 .ARM.attributes
                0x0000014f       0x37 Application\User\dfsdm.o
 .ARM.attributes
                0x00000186       0x37 Application\User\dma.o
 .ARM.attributes
                0x000001bd       0x37 Application\User\freertos.o
 .ARM.attributes
                0x000001f4       0x37 Application\User\gpio.o
 .ARM.attributes
                0x0000022b       0x37 Application\User\i2c.o
 .ARM.attributes
                0x00000262       0x37 Application\User\main.o
 .ARM.attributes
                0x00000299       0x37 Application\User\spi.o
 .ARM.attributes
                0x000002d0       0x37 Application\User\stm32f7xx_hal_msp.o
 .ARM.attributes
                0x00000307       0x37 Application\User\stm32f7xx_hal_timebase_TIM.o
 .ARM.attributes
                0x0000033e       0x37 Application\User\stm32f7xx_it.o
 .ARM.attributes
                0x00000375       0x37 Application\User\tim.o
 .ARM.attributes
                0x000003ac       0x37 Application\User\usart.o
 .ARM.attributes
                0x000003e3       0x37 Application\User\usb_otg.o
 .ARM.attributes
                0x0000041a       0x37 Drivers\CMSIS\system_stm32f7xx.o
 .ARM.attributes
                0x00000451       0x37 Drivers\STM32F7xx_HAL_Driver\stm32f7xx_hal.o
 .ARM.attributes
                0x00000488       0x37 Drivers\STM32F7xx_HAL_Driver\stm32f7xx_hal_cortex.o
 .ARM.attributes
                0x000004bf       0x37 Drivers\STM32F7xx_HAL_Driver\stm32f7xx_hal_dfsdm.o
 .ARM.attributes
                0x000004f6       0x37 Drivers\STM32F7xx_HAL_Driver\stm32f7xx_hal_dma.o
 .ARM.attributes
                0x0000052d       0x37 Drivers\STM32F7xx_HAL_Driver\stm32f7xx_hal_gpio.o
 .ARM.attributes
                0x00000564       0x37 Drivers\STM32F7xx_HAL_Driver\stm32f7xx_hal_i2c.o
 .ARM.attributes
                0x0000059b       0x37 Drivers\STM32F7xx_HAL_Driver\stm32f7xx_hal_i2c_ex.o
 .ARM.attributes
                0x000005d2       0x37 Drivers\STM32F7xx_HAL_Driver\stm32f7xx_hal_pcd.o
 .ARM.attributes
                0x00000609       0x37 Drivers\STM32F7xx_HAL_Driver\stm32f7xx_hal_pcd_ex.o
 .ARM.attributes
                0x00000640       0x37 Drivers\STM32F7xx_HAL_Driver\stm32f7xx_hal_pwr_ex.o
 .ARM.attributes
                0x00000677       0x37 Drivers\STM32F7xx_HAL_Driver\stm32f7xx_hal_rcc.o
 .ARM.attributes
                0x000006ae       0x37 Drivers\STM32F7xx_HAL_Driver\stm32f7xx_hal_rcc_ex.o
 .ARM.attributes
                0x000006e5       0x37 Drivers\STM32F7xx_HAL_Driver\stm32f7xx_hal_spi.o
 .ARM.attributes
                0x0000071c       0x37 Drivers\STM32F7xx_HAL_Driver\stm32f7xx_hal_tim.o
 .ARM.attributes
                0x00000753       0x37 Drivers\STM32F7xx_HAL_Driver\stm32f7xx_hal_tim_ex.o
 .ARM.attributes
                0x0000078a       0x37 Drivers\STM32F7xx_HAL_Driver\stm32f7xx_hal_uart.o
 .ARM.attributes
                0x000007c1       0x37 Drivers\STM32F7xx_HAL_Driver\stm32f7xx_ll_usb.o
 .ARM.attributes
                0x000007f8       0x37 Middlewares\FreeRTOS\cmsis_os.o
 .ARM.attributes
                0x0000082f       0x37 Middlewares\FreeRTOS\heap_4.o
 .ARM.attributes
                0x00000866       0x37 Middlewares\FreeRTOS\list.o
 .ARM.attributes
                0x0000089d       0x37 Middlewares\FreeRTOS\port.o
 .ARM.attributes
                0x000008d4       0x37 Middlewares\FreeRTOS\queue.o
 .ARM.attributes
                0x0000090b       0x37 Middlewares\FreeRTOS\tasks.o
 .ARM.attributes
                0x00000942       0x32 c:/program files (x86)/atollic/truestudio for arm 8.1.0/armtools/bin/../lib/gcc/arm-atollic-eabi/6.3.1/../../../../arm-atollic-eabi/lib/armv7e-m/fpu/fpv5-d16\libc_nano.a(lib_a-init.o)
 .ARM.attributes
                0x00000974       0x32 c:/program files (x86)/atollic/truestudio for arm 8.1.0/armtools/bin/../lib/gcc/arm-atollic-eabi/6.3.1/../../../../arm-atollic-eabi/lib/armv7e-m/fpu/fpv5-d16\libc_nano.a(lib_a-memcpy-stub.o)
 .ARM.attributes
                0x000009a6       0x32 c:/program files (x86)/atollic/truestudio for arm 8.1.0/armtools/bin/../lib/gcc/arm-atollic-eabi/6.3.1/../../../../arm-atollic-eabi/lib/armv7e-m/fpu/fpv5-d16\libc_nano.a(lib_a-memset.o)
 .ARM.attributes
                0x000009d8       0x20 c:/program files (x86)/atollic/truestudio for arm 8.1.0/armtools/bin/../lib/gcc/arm-atollic-eabi/6.3.1/armv7e-m/fpu/fpv5-d16/crtn.o
OUTPUT(jsk_foc_f7.elf elf32-littlearm)

.debug_line     0x00000000     0xfc03
 .debug_line    0x00000000       0x7a Application\TrueSTUDIO\startup_stm32f765xx.o
 .debug_line    0x0000007a      0x459 Application\User\ISRs\isrSensors.o
 .debug_line    0x000004d3      0x4b2 Application\User\Idletasks\idletasks.o
 .debug_line    0x00000985      0x3ac Application\User\SYSINIT\sysinitial.o
 .debug_line    0x00000d31      0x3ed Application\User\debug\datatraceDebug.o
 .debug_line    0x0000111e      0x446 Application\User\dfsdm.o
 .debug_line    0x00001564      0x2d7 Application\User\dma.o
 .debug_line    0x0000183b      0x26c Application\User\freertos.o
 .debug_line    0x00001aa7      0x2af Application\User\gpio.o
 .debug_line    0x00001d56      0x33f Application\User\i2c.o
 .debug_line    0x00002095      0x55d Application\User\main.o
 .debug_line    0x000025f2      0x34c Application\User\spi.o
 .debug_line    0x0000293e      0x29b Application\User\stm32f7xx_hal_msp.o
 .debug_line    0x00002bd9      0x33e Application\User\stm32f7xx_hal_timebase_TIM.o
 .debug_line    0x00002f17      0x3c0 Application\User\stm32f7xx_it.o
 .debug_line    0x000032d7      0x3e6 Application\User\tim.o
 .debug_line    0x000036bd      0x449 Application\User\usart.o
 .debug_line    0x00003b06      0x35b Application\User\usb_otg.o
 .debug_line    0x00003e61      0x280 Drivers\CMSIS\system_stm32f7xx.o
 .debug_line    0x000040e1      0x4a2 Drivers\STM32F7xx_HAL_Driver\stm32f7xx_hal.o
 .debug_line    0x00004583      0x4f5 Drivers\STM32F7xx_HAL_Driver\stm32f7xx_hal_cortex.o
 .debug_line    0x00004a78      0xbdb Drivers\STM32F7xx_HAL_Driver\stm32f7xx_hal_dfsdm.o
 .debug_line    0x00005653      0x616 Drivers\STM32F7xx_HAL_Driver\stm32f7xx_hal_dma.o
 .debug_line    0x00005c69      0x4ba Drivers\STM32F7xx_HAL_Driver\stm32f7xx_hal_gpio.o
 .debug_line    0x00006123     0x15bb Drivers\STM32F7xx_HAL_Driver\stm32f7xx_hal_i2c.o
 .debug_line    0x000076de      0x389 Drivers\STM32F7xx_HAL_Driver\stm32f7xx_hal_i2c_ex.o
 .debug_line    0x00007a67      0x7d9 Drivers\STM32F7xx_HAL_Driver\stm32f7xx_hal_pcd.o
 .debug_line    0x00008240      0x377 Drivers\STM32F7xx_HAL_Driver\stm32f7xx_hal_pcd_ex.o
 .debug_line    0x000085b7      0x44e Drivers\STM32F7xx_HAL_Driver\stm32f7xx_hal_pwr_ex.o
 .debug_line    0x00008a05      0x611 Drivers\STM32F7xx_HAL_Driver\stm32f7xx_hal_rcc.o
 .debug_line    0x00009016      0x497 Drivers\STM32F7xx_HAL_Driver\stm32f7xx_hal_rcc_ex.o
 .debug_line    0x000094ad      0xd0e Drivers\STM32F7xx_HAL_Driver\stm32f7xx_hal_spi.o
 .debug_line    0x0000a1bb     0x12cc Drivers\STM32F7xx_HAL_Driver\stm32f7xx_hal_tim.o
 .debug_line    0x0000b487      0x9c1 Drivers\STM32F7xx_HAL_Driver\stm32f7xx_hal_tim_ex.o
 .debug_line    0x0000be48      0xc4d Drivers\STM32F7xx_HAL_Driver\stm32f7xx_hal_uart.o
 .debug_line    0x0000ca95      0x951 Drivers\STM32F7xx_HAL_Driver\stm32f7xx_ll_usb.o
 .debug_line    0x0000d3e6      0x909 Middlewares\FreeRTOS\cmsis_os.o
 .debug_line    0x0000dcef      0x42b Middlewares\FreeRTOS\heap_4.o
 .debug_line    0x0000e11a      0x37e Middlewares\FreeRTOS\list.o
 .debug_line    0x0000e498      0x350 Middlewares\FreeRTOS\port.o
 .debug_line    0x0000e7e8      0x869 Middlewares\FreeRTOS\queue.o
 .debug_line    0x0000f051      0xbb2 Middlewares\FreeRTOS\tasks.o

.debug_info     0x00000000    0x3dc9f
 .debug_info    0x00000000       0x87 Application\TrueSTUDIO\startup_stm32f765xx.o
 .debug_info    0x00000087     0x1090 Application\User\ISRs\isrSensors.o
 .debug_info    0x00001117     0x158f Application\User\Idletasks\idletasks.o
 .debug_info    0x000026a6     0x20b8 Application\User\SYSINIT\sysinitial.o
 .debug_info    0x0000475e     0x1025 Application\User\debug\datatraceDebug.o
 .debug_info    0x00005783     0x17ea Application\User\dfsdm.o
 .debug_info    0x00006f6d     0x1111 Application\User\dma.o
 .debug_info    0x0000807e      0x5fc Application\User\freertos.o
 .debug_info    0x0000867a      0xd6c Application\User\gpio.o
 .debug_info    0x000093e6     0x12fa Application\User\i2c.o
 .debug_info    0x0000a6e0     0x2ffe Application\User\main.o
 .debug_info    0x0000d6de     0x1272 Application\User\spi.o
 .debug_info    0x0000e950      0xcf1 Application\User\stm32f7xx_hal_msp.o
 .debug_info    0x0000f641     0x14b9 Application\User\stm32f7xx_hal_timebase_TIM.o
 .debug_info    0x00010afa     0x12a5 Application\User\stm32f7xx_it.o
 .debug_info    0x00011d9f     0x17f7 Application\User\tim.o
 .debug_info    0x00013596     0x17a5 Application\User\usart.o
 .debug_info    0x00014d3b     0x1281 Application\User\usb_otg.o
 .debug_info    0x00015fbc      0xf05 Drivers\CMSIS\system_stm32f7xx.o
 .debug_info    0x00016ec1     0x1266 Drivers\STM32F7xx_HAL_Driver\stm32f7xx_hal.o
 .debug_info    0x00018127     0x1996 Drivers\STM32F7xx_HAL_Driver\stm32f7xx_hal_cortex.o
 .debug_info    0x00019abd     0x25c9 Drivers\STM32F7xx_HAL_Driver\stm32f7xx_hal_dfsdm.o
 .debug_info    0x0001c086     0x125c Drivers\STM32F7xx_HAL_Driver\stm32f7xx_hal_dma.o
 .debug_info    0x0001d2e2      0xfbc Drivers\STM32F7xx_HAL_Driver\stm32f7xx_hal_gpio.o
 .debug_info    0x0001e29e     0x397c Drivers\STM32F7xx_HAL_Driver\stm32f7xx_hal_i2c.o
 .debug_info    0x00021c1a     0x11b6 Drivers\STM32F7xx_HAL_Driver\stm32f7xx_hal_i2c_ex.o
 .debug_info    0x00022dd0     0x1dbe Drivers\STM32F7xx_HAL_Driver\stm32f7xx_hal_pcd.o
 .debug_info    0x00024b8e      0xf76 Drivers\STM32F7xx_HAL_Driver\stm32f7xx_hal_pcd_ex.o
 .debug_info    0x00025b04     0x122c Drivers\STM32F7xx_HAL_Driver\stm32f7xx_hal_pwr_ex.o
 .debug_info    0x00026d30     0x12c4 Drivers\STM32F7xx_HAL_Driver\stm32f7xx_hal_rcc.o
 .debug_info    0x00027ff4      0xf46 Drivers\STM32F7xx_HAL_Driver\stm32f7xx_hal_rcc_ex.o
 .debug_info    0x00028f3a     0x2880 Drivers\STM32F7xx_HAL_Driver\stm32f7xx_hal_spi.o
 .debug_info    0x0002b7ba     0x3acd Drivers\STM32F7xx_HAL_Driver\stm32f7xx_hal_tim.o
 .debug_info    0x0002f287     0x1e5c Drivers\STM32F7xx_HAL_Driver\stm32f7xx_hal_tim_ex.o
 .debug_info    0x000310e3     0x20b0 Drivers\STM32F7xx_HAL_Driver\stm32f7xx_hal_uart.o
 .debug_info    0x00033193     0x2052 Drivers\STM32F7xx_HAL_Driver\stm32f7xx_ll_usb.o
 .debug_info    0x000351e5     0x24f5 Middlewares\FreeRTOS\cmsis_os.o
 .debug_info    0x000376da      0xca5 Middlewares\FreeRTOS\heap_4.o
 .debug_info    0x0003837f      0xac0 Middlewares\FreeRTOS\list.o
 .debug_info    0x00038e3f      0x4e8 Middlewares\FreeRTOS\port.o
 .debug_info    0x00039327     0x1fdf Middlewares\FreeRTOS\queue.o
 .debug_info    0x0003b306     0x2999 Middlewares\FreeRTOS\tasks.o

.debug_abbrev   0x00000000     0x7039
 .debug_abbrev  0x00000000       0x12 Application\TrueSTUDIO\startup_stm32f765xx.o
 .debug_abbrev  0x00000012      0x242 Application\User\ISRs\isrSensors.o
 .debug_abbrev  0x00000254      0x265 Application\User\Idletasks\idletasks.o
 .debug_abbrev  0x000004b9      0x20f Application\User\SYSINIT\sysinitial.o
 .debug_abbrev  0x000006c8      0x200 Application\User\debug\datatraceDebug.o
 .debug_abbrev  0x000008c8      0x27a Application\User\dfsdm.o
 .debug_abbrev  0x00000b42      0x1f5 Application\User\dma.o
 .debug_abbrev  0x00000d37      0x18a Application\User\freertos.o
 .debug_abbrev  0x00000ec1      0x1f7 Application\User\gpio.o
 .debug_abbrev  0x000010b8      0x229 Application\User\i2c.o
 .debug_abbrev  0x000012e1      0x31c Application\User\main.o
 .debug_abbrev  0x000015fd      0x227 Application\User\spi.o
 .debug_abbrev  0x00001824      0x1d3 Application\User\stm32f7xx_hal_msp.o
 .debug_abbrev  0x000019f7      0x258 Application\User\stm32f7xx_hal_timebase_TIM.o
 .debug_abbrev  0x00001c4f      0x215 Application\User\stm32f7xx_it.o
 .debug_abbrev  0x00001e64      0x2bf Application\User\tim.o
 .debug_abbrev  0x00002123      0x277 Application\User\usart.o
 .debug_abbrev  0x0000239a      0x241 Application\User\usb_otg.o
 .debug_abbrev  0x000025db      0x1e6 Drivers\CMSIS\system_stm32f7xx.o
 .debug_abbrev  0x000027c1      0x2a4 Drivers\STM32F7xx_HAL_Driver\stm32f7xx_hal.o
 .debug_abbrev  0x00002a65      0x399 Drivers\STM32F7xx_HAL_Driver\stm32f7xx_hal_cortex.o
 .debug_abbrev  0x00002dfe      0x354 Drivers\STM32F7xx_HAL_Driver\stm32f7xx_hal_dfsdm.o
 .debug_abbrev  0x00003152      0x34a Drivers\STM32F7xx_HAL_Driver\stm32f7xx_hal_dma.o
 .debug_abbrev  0x0000349c      0x268 Drivers\STM32F7xx_HAL_Driver\stm32f7xx_hal_gpio.o
 .debug_abbrev  0x00003704      0x3c9 Drivers\STM32F7xx_HAL_Driver\stm32f7xx_hal_i2c.o
 .debug_abbrev  0x00003acd      0x209 Drivers\STM32F7xx_HAL_Driver\stm32f7xx_hal_i2c_ex.o
 .debug_abbrev  0x00003cd6      0x399 Drivers\STM32F7xx_HAL_Driver\stm32f7xx_hal_pcd.o
 .debug_abbrev  0x0000406f      0x25a Drivers\STM32F7xx_HAL_Driver\stm32f7xx_hal_pcd_ex.o
 .debug_abbrev  0x000042c9      0x2b6 Drivers\STM32F7xx_HAL_Driver\stm32f7xx_hal_pwr_ex.o
 .debug_abbrev  0x0000457f      0x34b Drivers\STM32F7xx_HAL_Driver\stm32f7xx_hal_rcc.o
 .debug_abbrev  0x000048ca      0x25f Drivers\STM32F7xx_HAL_Driver\stm32f7xx_hal_rcc_ex.o
 .debug_abbrev  0x00004b29      0x39a Drivers\STM32F7xx_HAL_Driver\stm32f7xx_hal_spi.o
 .debug_abbrev  0x00004ec3      0x3ac Drivers\STM32F7xx_HAL_Driver\stm32f7xx_hal_tim.o
 .debug_abbrev  0x0000526f      0x30d Drivers\STM32F7xx_HAL_Driver\stm32f7xx_hal_tim_ex.o
 .debug_abbrev  0x0000557c      0x3a6 Drivers\STM32F7xx_HAL_Driver\stm32f7xx_hal_uart.o
 .debug_abbrev  0x00005922      0x3d8 Drivers\STM32F7xx_HAL_Driver\stm32f7xx_ll_usb.o
 .debug_abbrev  0x00005cfa      0x468 Middlewares\FreeRTOS\cmsis_os.o
 .debug_abbrev  0x00006162      0x314 Middlewares\FreeRTOS\heap_4.o
 .debug_abbrev  0x00006476      0x1e3 Middlewares\FreeRTOS\list.o
 .debug_abbrev  0x00006659      0x211 Middlewares\FreeRTOS\port.o
 .debug_abbrev  0x0000686a      0x3b6 Middlewares\FreeRTOS\queue.o
 .debug_abbrev  0x00006c20      0x419 Middlewares\FreeRTOS\tasks.o

.debug_aranges  0x00000000     0x1938
 .debug_aranges
                0x00000000       0x28 Application\TrueSTUDIO\startup_stm32f765xx.o
 .debug_aranges
                0x00000028       0x28 Application\User\ISRs\isrSensors.o
 .debug_aranges
                0x00000050       0x40 Application\User\Idletasks\idletasks.o
 .debug_aranges
                0x00000090       0x20 Application\User\SYSINIT\sysinitial.o
 .debug_aranges
                0x000000b0       0x20 Application\User\debug\datatraceDebug.o
 .debug_aranges
                0x000000d0       0x40 Application\User\dfsdm.o
 .debug_aranges
                0x00000110       0x20 Application\User\dma.o
 .debug_aranges
                0x00000130       0x30 Application\User\freertos.o
 .debug_aranges
                0x00000160       0x20 Application\User\gpio.o
 .debug_aranges
                0x00000180       0x30 Application\User\i2c.o
 .debug_aranges
                0x000001b0       0x38 Application\User\main.o
 .debug_aranges
                0x000001e8       0x30 Application\User\spi.o
 .debug_aranges
                0x00000218       0x20 Application\User\stm32f7xx_hal_msp.o
 .debug_aranges
                0x00000238       0x30 Application\User\stm32f7xx_hal_timebase_TIM.o
 .debug_aranges
                0x00000268       0x70 Application\User\stm32f7xx_it.o
 .debug_aranges
                0x000002d8       0x40 Application\User\tim.o
 .debug_aranges
                0x00000318       0x48 Application\User\usart.o
 .debug_aranges
                0x00000360       0x30 Application\User\usb_otg.o
 .debug_aranges
                0x00000390       0x28 Drivers\CMSIS\system_stm32f7xx.o
 .debug_aranges
                0x000003b8       0xf0 Drivers\STM32F7xx_HAL_Driver\stm32f7xx_hal.o
 .debug_aranges
                0x000004a8       0xa8 Drivers\STM32F7xx_HAL_Driver\stm32f7xx_hal_cortex.o
 .debug_aranges
                0x00000550      0x1f0 Drivers\STM32F7xx_HAL_Driver\stm32f7xx_hal_dfsdm.o
 .debug_aranges
                0x00000740       0x80 Drivers\STM32F7xx_HAL_Driver\stm32f7xx_hal_dma.o
 .debug_aranges
                0x000007c0       0x58 Drivers\STM32F7xx_HAL_Driver\stm32f7xx_hal_gpio.o
 .debug_aranges
                0x00000818      0x200 Drivers\STM32F7xx_HAL_Driver\stm32f7xx_hal_i2c.o
 .debug_aranges
                0x00000a18       0x38 Drivers\STM32F7xx_HAL_Driver\stm32f7xx_hal_i2c_ex.o
 .debug_aranges
                0x00000a50       0xc0 Drivers\STM32F7xx_HAL_Driver\stm32f7xx_hal_pcd.o
 .debug_aranges
                0x00000b10       0x40 Drivers\STM32F7xx_HAL_Driver\stm32f7xx_hal_pcd_ex.o
 .debug_aranges
                0x00000b50       0x80 Drivers\STM32F7xx_HAL_Driver\stm32f7xx_hal_pwr_ex.o
 .debug_aranges
                0x00000bd0       0x88 Drivers\STM32F7xx_HAL_Driver\stm32f7xx_hal_rcc.o
 .debug_aranges
                0x00000c58       0x30 Drivers\STM32F7xx_HAL_Driver\stm32f7xx_hal_rcc_ex.o
 .debug_aranges
                0x00000c88      0x198 Drivers\STM32F7xx_HAL_Driver\stm32f7xx_hal_spi.o
 .debug_aranges
                0x00000e20      0x260 Drivers\STM32F7xx_HAL_Driver\stm32f7xx_hal_tim.o
 .debug_aranges
                0x00001080      0x128 Drivers\STM32F7xx_HAL_Driver\stm32f7xx_hal_tim_ex.o
 .debug_aranges
                0x000011a8      0x148 Drivers\STM32F7xx_HAL_Driver\stm32f7xx_hal_uart.o
 .debug_aranges
                0x000012f0      0x180 Drivers\STM32F7xx_HAL_Driver\stm32f7xx_ll_usb.o
 .debug_aranges
                0x00001470      0x190 Middlewares\FreeRTOS\cmsis_os.o
 .debug_aranges
                0x00001600       0x48 Middlewares\FreeRTOS\heap_4.o
 .debug_aranges
                0x00001648       0x40 Middlewares\FreeRTOS\list.o
 .debug_aranges
                0x00001688       0x80 Middlewares\FreeRTOS\port.o
 .debug_aranges
                0x00001708       0xc0 Middlewares\FreeRTOS\queue.o
 .debug_aranges
                0x000017c8      0x170 Middlewares\FreeRTOS\tasks.o

.debug_ranges   0x00000000     0x2018
 .debug_ranges  0x00000000       0x20 Application\TrueSTUDIO\startup_stm32f765xx.o
 .debug_ranges  0x00000020       0x60 Application\User\ISRs\isrSensors.o
 .debug_ranges  0x00000080       0x58 Application\User\Idletasks\idletasks.o
 .debug_ranges  0x000000d8       0x10 Application\User\SYSINIT\sysinitial.o
 .debug_ranges  0x000000e8       0x10 Application\User\debug\datatraceDebug.o
 .debug_ranges  0x000000f8       0x30 Application\User\dfsdm.o
 .debug_ranges  0x00000128       0x48 Application\User\dma.o
 .debug_ranges  0x00000170       0x20 Application\User\freertos.o
 .debug_ranges  0x00000190       0x60 Application\User\gpio.o
 .debug_ranges  0x000001f0       0x20 Application\User\i2c.o
 .debug_ranges  0x00000210       0x78 Application\User\main.o
 .debug_ranges  0x00000288       0x50 Application\User\spi.o
 .debug_ranges  0x000002d8       0x10 Application\User\stm32f7xx_hal_msp.o
 .debug_ranges  0x000002e8       0x40 Application\User\stm32f7xx_hal_timebase_TIM.o
 .debug_ranges  0x00000328       0x60 Application\User\stm32f7xx_it.o
 .debug_ranges  0x00000388       0x30 Application\User\tim.o
 .debug_ranges  0x000003b8       0xd0 Application\User\usart.o
 .debug_ranges  0x00000488       0x20 Application\User\usb_otg.o
 .debug_ranges  0x000004a8       0x18 Drivers\CMSIS\system_stm32f7xx.o
 .debug_ranges  0x000004c0       0xe0 Drivers\STM32F7xx_HAL_Driver\stm32f7xx_hal.o
 .debug_ranges  0x000005a0      0x138 Drivers\STM32F7xx_HAL_Driver\stm32f7xx_hal_cortex.o
 .debug_ranges  0x000006d8      0x248 Drivers\STM32F7xx_HAL_Driver\stm32f7xx_hal_dfsdm.o
 .debug_ranges  0x00000920       0xd0 Drivers\STM32F7xx_HAL_Driver\stm32f7xx_hal_dma.o
 .debug_ranges  0x000009f0       0x70 Drivers\STM32F7xx_HAL_Driver\stm32f7xx_hal_gpio.o
 .debug_ranges  0x00000a60      0x268 Drivers\STM32F7xx_HAL_Driver\stm32f7xx_hal_i2c.o
 .debug_ranges  0x00000cc8       0x68 Drivers\STM32F7xx_HAL_Driver\stm32f7xx_hal_i2c_ex.o
 .debug_ranges  0x00000d30       0xc8 Drivers\STM32F7xx_HAL_Driver\stm32f7xx_hal_pcd.o
 .debug_ranges  0x00000df8       0x30 Drivers\STM32F7xx_HAL_Driver\stm32f7xx_hal_pcd_ex.o
 .debug_ranges  0x00000e28       0xe8 Drivers\STM32F7xx_HAL_Driver\stm32f7xx_hal_pwr_ex.o
 .debug_ranges  0x00000f10       0xf0 Drivers\STM32F7xx_HAL_Driver\stm32f7xx_hal_rcc.o
 .debug_ranges  0x00001000       0x38 Drivers\STM32F7xx_HAL_Driver\stm32f7xx_hal_rcc_ex.o
 .debug_ranges  0x00001038      0x200 Drivers\STM32F7xx_HAL_Driver\stm32f7xx_hal_spi.o
 .debug_ranges  0x00001238      0x318 Drivers\STM32F7xx_HAL_Driver\stm32f7xx_hal_tim.o
 .debug_ranges  0x00001550      0x118 Drivers\STM32F7xx_HAL_Driver\stm32f7xx_hal_tim_ex.o
 .debug_ranges  0x00001668      0x138 Drivers\STM32F7xx_HAL_Driver\stm32f7xx_hal_uart.o
 .debug_ranges  0x000017a0      0x1a8 Drivers\STM32F7xx_HAL_Driver\stm32f7xx_ll_usb.o
 .debug_ranges  0x00001948      0x1b0 Middlewares\FreeRTOS\cmsis_os.o
 .debug_ranges  0x00001af8       0x38 Middlewares\FreeRTOS\heap_4.o
 .debug_ranges  0x00001b30       0x30 Middlewares\FreeRTOS\list.o
 .debug_ranges  0x00001b60       0x90 Middlewares\FreeRTOS\port.o
 .debug_ranges  0x00001bf0      0x1b0 Middlewares\FreeRTOS\queue.o
 .debug_ranges  0x00001da0      0x278 Middlewares\FreeRTOS\tasks.o

.debug_loc      0x00000000    0x1326a
 .debug_loc     0x00000000       0xf2 Application\User\ISRs\isrSensors.o
 .debug_loc     0x000000f2      0x185 Application\User\Idletasks\idletasks.o
 .debug_loc     0x00000277       0x21 Application\User\debug\datatraceDebug.o
 .debug_loc     0x00000298       0xb0 Application\User\dfsdm.o
 .debug_loc     0x00000348       0x42 Application\User\freertos.o
 .debug_loc     0x0000038a       0x4d Application\User\i2c.o
 .debug_loc     0x000003d7       0x6d Application\User\main.o
 .debug_loc     0x00000444       0x4d Application\User\spi.o
 .debug_loc     0x00000491       0xa5 Application\User\stm32f7xx_hal_timebase_TIM.o
 .debug_loc     0x00000536       0x5b Application\User\tim.o
 .debug_loc     0x00000591       0xe7 Application\User\usart.o
 .debug_loc     0x00000678       0x4d Application\User\usb_otg.o
 .debug_loc     0x000006c5      0x11c Drivers\CMSIS\system_stm32f7xx.o
 .debug_loc     0x000007e1       0x6a Drivers\STM32F7xx_HAL_Driver\stm32f7xx_hal.o
 .debug_loc     0x0000084b      0x536 Drivers\STM32F7xx_HAL_Driver\stm32f7xx_hal_cortex.o
 .debug_loc     0x00000d81     0x1833 Drivers\STM32F7xx_HAL_Driver\stm32f7xx_hal_dfsdm.o
 .debug_loc     0x000025b4      0x7ed Drivers\STM32F7xx_HAL_Driver\stm32f7xx_hal_dma.o
 .debug_loc     0x00002da1      0x3cd Drivers\STM32F7xx_HAL_Driver\stm32f7xx_hal_gpio.o
 .debug_loc     0x0000316e     0x320f Drivers\STM32F7xx_HAL_Driver\stm32f7xx_hal_i2c.o
 .debug_loc     0x0000637d      0x144 Drivers\STM32F7xx_HAL_Driver\stm32f7xx_hal_i2c_ex.o
 .debug_loc     0x000064c1      0xb51 Drivers\STM32F7xx_HAL_Driver\stm32f7xx_hal_pcd.o
 .debug_loc     0x00007012      0x157 Drivers\STM32F7xx_HAL_Driver\stm32f7xx_hal_pcd_ex.o
 .debug_loc     0x00007169      0x1c2 Drivers\STM32F7xx_HAL_Driver\stm32f7xx_hal_pwr_ex.o
 .debug_loc     0x0000732b      0x37e Drivers\STM32F7xx_HAL_Driver\stm32f7xx_hal_rcc.o
 .debug_loc     0x000076a9      0x4a2 Drivers\STM32F7xx_HAL_Driver\stm32f7xx_hal_rcc_ex.o
 .debug_loc     0x00007b4b     0x18e6 Drivers\STM32F7xx_HAL_Driver\stm32f7xx_hal_spi.o
 .debug_loc     0x00009431     0x2eb3 Drivers\STM32F7xx_HAL_Driver\stm32f7xx_hal_tim.o
 .debug_loc     0x0000c2e4     0x11e1 Drivers\STM32F7xx_HAL_Driver\stm32f7xx_hal_tim_ex.o
 .debug_loc     0x0000d4c5     0x131b Drivers\STM32F7xx_HAL_Driver\stm32f7xx_hal_uart.o
 .debug_loc     0x0000e7e0     0x1539 Drivers\STM32F7xx_HAL_Driver\stm32f7xx_ll_usb.o
 .debug_loc     0x0000fd19     0x1037 Middlewares\FreeRTOS\cmsis_os.o
 .debug_loc     0x00010d50      0x390 Middlewares\FreeRTOS\heap_4.o
 .debug_loc     0x000110e0       0x94 Middlewares\FreeRTOS\list.o
 .debug_loc     0x00011174       0x9d Middlewares\FreeRTOS\port.o
 .debug_loc     0x00011211      0xe0c Middlewares\FreeRTOS\queue.o
 .debug_loc     0x0001201d     0x124d Middlewares\FreeRTOS\tasks.o

.debug_str      0x00000000     0x94db
 .debug_str     0x00000000      0xb90 Application\User\ISRs\isrSensors.o
                                0xc7e (size before relaxing)
 .debug_str     0x00000b90      0x37a Application\User\Idletasks\idletasks.o
                                0xeda (size before relaxing)
 .debug_str     0x00000f0a      0xd01 Application\User\SYSINIT\sysinitial.o
                               0x1aec (size before relaxing)
 .debug_str     0x00001c0b       0x6d Application\User\debug\datatraceDebug.o
                                0xc59 (size before relaxing)
 .debug_str     0x00001c78      0x29d Application\User\dfsdm.o
                               0x113d (size before relaxing)
 .debug_str     0x00001f15      0x665 Application\User\dma.o
                               0x1037 (size before relaxing)
 .debug_str     0x0000257a      0x378 Application\User\freertos.o
                                0x653 (size before relaxing)
 .debug_str     0x000028f2       0x4f Application\User\gpio.o
                                0x834 (size before relaxing)
 .debug_str     0x00002941       0x94 Application\User\i2c.o
                                0xdb8 (size before relaxing)
 .debug_str     0x000029d5      0x6d7 Application\User\main.o
                               0x291e (size before relaxing)
 .debug_str     0x000030ac       0x4c Application\User\spi.o
                                0xcc7 (size before relaxing)
 .debug_str     0x000030f8       0x4a Application\User\stm32f7xx_hal_msp.o
                                0xcb3 (size before relaxing)
 .debug_str     0x00003142       0xfe Application\User\stm32f7xx_hal_timebase_TIM.o
                               0x1357 (size before relaxing)
 .debug_str     0x00003240      0x145 Application\User\stm32f7xx_it.o
                                0xe68 (size before relaxing)
 .debug_str     0x00003385      0x2c8 Application\User\tim.o
                                0xf59 (size before relaxing)
 .debug_str     0x0000364d       0x66 Application\User\usart.o
                               0x1436 (size before relaxing)
 .debug_str     0x000036b3       0x50 Application\User\usb_otg.o
                                0xc56 (size before relaxing)
 .debug_str     0x00003703       0x5c Drivers\CMSIS\system_stm32f7xx.o
                                0x8c8 (size before relaxing)
 .debug_str     0x0000375f      0x2c1 Drivers\STM32F7xx_HAL_Driver\stm32f7xx_hal.o
                               0x1110 (size before relaxing)
 .debug_str     0x00003a20      0x318 Drivers\STM32F7xx_HAL_Driver\stm32f7xx_hal_cortex.o
                               0x12a6 (size before relaxing)
 .debug_str     0x00003d38      0x864 Drivers\STM32F7xx_HAL_Driver\stm32f7xx_hal_dfsdm.o
                               0x174a (size before relaxing)
 .debug_str     0x0000459c      0x2c6 Drivers\STM32F7xx_HAL_Driver\stm32f7xx_hal_dma.o
                                0xc04 (size before relaxing)
 .debug_str     0x00004862       0xea Drivers\STM32F7xx_HAL_Driver\stm32f7xx_hal_gpio.o
                                0x99b (size before relaxing)
 .debug_str     0x0000494c      0x77e Drivers\STM32F7xx_HAL_Driver\stm32f7xx_hal_i2c.o
                               0x139b (size before relaxing)
 .debug_str     0x000050ca       0x8f Drivers\STM32F7xx_HAL_Driver\stm32f7xx_hal_i2c_ex.o
                                0xd9f (size before relaxing)
 .debug_str     0x00005159      0x70a Drivers\STM32F7xx_HAL_Driver\stm32f7xx_hal_pcd.o
                               0x1182 (size before relaxing)
 .debug_str     0x00005863       0xa3 Drivers\STM32F7xx_HAL_Driver\stm32f7xx_hal_pcd_ex.o
                                0xb3a (size before relaxing)
 .debug_str     0x00005906      0x1f0 Drivers\STM32F7xx_HAL_Driver\stm32f7xx_hal_pwr_ex.o
                                0xaf6 (size before relaxing)
 .debug_str     0x00005af6      0x135 Drivers\STM32F7xx_HAL_Driver\stm32f7xx_hal_rcc.o
                                0xb6e (size before relaxing)
 .debug_str     0x00005c2b       0xd9 Drivers\STM32F7xx_HAL_Driver\stm32f7xx_hal_rcc_ex.o
                                0xb63 (size before relaxing)
 .debug_str     0x00005d04      0x501 Drivers\STM32F7xx_HAL_Driver\stm32f7xx_hal_spi.o
                               0x1074 (size before relaxing)
 .debug_str     0x00006205      0xbb6 Drivers\STM32F7xx_HAL_Driver\stm32f7xx_hal_tim.o
                               0x1865 (size before relaxing)
 .debug_str     0x00006dbb      0x4dd Drivers\STM32F7xx_HAL_Driver\stm32f7xx_hal_tim_ex.o
                               0x13ab (size before relaxing)
 .debug_str     0x00007298      0x48d Drivers\STM32F7xx_HAL_Driver\stm32f7xx_hal_uart.o
                               0x12ad (size before relaxing)
 .debug_str     0x00007725      0x3ca Drivers\STM32F7xx_HAL_Driver\stm32f7xx_ll_usb.o
                               0x1076 (size before relaxing)
 .debug_str     0x00007aef      0x913 Middlewares\FreeRTOS\cmsis_os.o
                               0x121d (size before relaxing)
 .debug_str     0x00008402      0x215 Middlewares\FreeRTOS\heap_4.o
                                0x853 (size before relaxing)
 .debug_str     0x00008617      0x14a Middlewares\FreeRTOS\list.o
                                0x76a (size before relaxing)
 .debug_str     0x00008761      0x216 Middlewares\FreeRTOS\port.o
                                0x49d (size before relaxing)
 .debug_str     0x00008977      0x46b Middlewares\FreeRTOS\queue.o
                                0xd63 (size before relaxing)
 .debug_str     0x00008de2      0x6f9 Middlewares\FreeRTOS\tasks.o
                               0x1265 (size before relaxing)

.comment        0x00000000       0x7c
 .comment       0x00000000       0x7c Application\User\ISRs\isrSensors.o
                                 0x7d (size before relaxing)
 .comment       0x0000007c       0x7d Application\User\Idletasks\idletasks.o
 .comment       0x0000007c       0x7d Application\User\SYSINIT\sysinitial.o
 .comment       0x0000007c       0x7d Application\User\debug\datatraceDebug.o
 .comment       0x0000007c       0x7d Application\User\dfsdm.o
 .comment       0x0000007c       0x7d Application\User\dma.o
 .comment       0x0000007c       0x7d Application\User\freertos.o
 .comment       0x0000007c       0x7d Application\User\gpio.o
 .comment       0x0000007c       0x7d Application\User\i2c.o
 .comment       0x0000007c       0x7d Application\User\main.o
 .comment       0x0000007c       0x7d Application\User\spi.o
 .comment       0x0000007c       0x7d Application\User\stm32f7xx_hal_msp.o
 .comment       0x0000007c       0x7d Application\User\stm32f7xx_hal_timebase_TIM.o
 .comment       0x0000007c       0x7d Application\User\stm32f7xx_it.o
 .comment       0x0000007c       0x7d Application\User\tim.o
 .comment       0x0000007c       0x7d Application\User\usart.o
 .comment       0x0000007c       0x7d Application\User\usb_otg.o
 .comment       0x0000007c       0x7d Drivers\CMSIS\system_stm32f7xx.o
 .comment       0x0000007c       0x7d Drivers\STM32F7xx_HAL_Driver\stm32f7xx_hal.o
 .comment       0x0000007c       0x7d Drivers\STM32F7xx_HAL_Driver\stm32f7xx_hal_cortex.o
 .comment       0x0000007c       0x7d Drivers\STM32F7xx_HAL_Driver\stm32f7xx_hal_dfsdm.o
 .comment       0x0000007c       0x7d Drivers\STM32F7xx_HAL_Driver\stm32f7xx_hal_dma.o
 .comment       0x0000007c       0x7d Drivers\STM32F7xx_HAL_Driver\stm32f7xx_hal_gpio.o
 .comment       0x0000007c       0x7d Drivers\STM32F7xx_HAL_Driver\stm32f7xx_hal_i2c.o
 .comment       0x0000007c       0x7d Drivers\STM32F7xx_HAL_Driver\stm32f7xx_hal_i2c_ex.o
 .comment       0x0000007c       0x7d Drivers\STM32F7xx_HAL_Driver\stm32f7xx_hal_pcd.o
 .comment       0x0000007c       0x7d Drivers\STM32F7xx_HAL_Driver\stm32f7xx_hal_pcd_ex.o
 .comment       0x0000007c       0x7d Drivers\STM32F7xx_HAL_Driver\stm32f7xx_hal_pwr_ex.o
 .comment       0x0000007c       0x7d Drivers\STM32F7xx_HAL_Driver\stm32f7xx_hal_rcc.o
 .comment       0x0000007c       0x7d Drivers\STM32F7xx_HAL_Driver\stm32f7xx_hal_rcc_ex.o
 .comment       0x0000007c       0x7d Drivers\STM32F7xx_HAL_Driver\stm32f7xx_hal_spi.o
 .comment       0x0000007c       0x7d Drivers\STM32F7xx_HAL_Driver\stm32f7xx_hal_tim.o
 .comment       0x0000007c       0x7d Drivers\STM32F7xx_HAL_Driver\stm32f7xx_hal_tim_ex.o
 .comment       0x0000007c       0x7d Drivers\STM32F7xx_HAL_Driver\stm32f7xx_hal_uart.o
 .comment       0x0000007c       0x7d Drivers\STM32F7xx_HAL_Driver\stm32f7xx_ll_usb.o
 .comment       0x0000007c       0x7d Middlewares\FreeRTOS\cmsis_os.o
 .comment       0x0000007c       0x7d Middlewares\FreeRTOS\heap_4.o
 .comment       0x0000007c       0x7d Middlewares\FreeRTOS\list.o
 .comment       0x0000007c       0x7d Middlewares\FreeRTOS\port.o
 .comment       0x0000007c       0x7d Middlewares\FreeRTOS\queue.o
 .comment       0x0000007c       0x7d Middlewares\FreeRTOS\tasks.o

.debug_frame    0x00000000     0x4a58
 .debug_frame   0x00000000       0x4c Application\User\ISRs\isrSensors.o
 .debug_frame   0x0000004c       0x9c Application\User\Idletasks\idletasks.o
 .debug_frame   0x000000e8       0x2c Application\User\SYSINIT\sysinitial.o
 .debug_frame   0x00000114       0x28 Application\User\debug\datatraceDebug.o
 .debug_frame   0x0000013c       0xbc Application\User\dfsdm.o
 .debug_frame   0x000001f8       0x28 Application\User\dma.o
 .debug_frame   0x00000220       0xe0 Application\User\freertos.o
 .debug_frame   0x00000300       0x30 Application\User\gpio.o
 .debug_frame   0x00000330       0x58 Application\User\i2c.o
 .debug_frame   0x00000388       0x70 Application\User\main.o
 .debug_frame   0x000003f8       0x74 Application\User\spi.o
 .debug_frame   0x0000046c       0x2c Application\User\stm32f7xx_hal_msp.o
 .debug_frame   0x00000498       0x50 Application\User\stm32f7xx_hal_timebase_TIM.o
 .debug_frame   0x000004e8       0xd0 Application\User\stm32f7xx_it.o
 .debug_frame   0x000005b8       0x98 Application\User\tim.o
 .debug_frame   0x00000650       0xdc Application\User\usart.o
 .debug_frame   0x0000072c       0x74 Application\User\usb_otg.o
 .debug_frame   0x000007a0       0x38 Drivers\CMSIS\system_stm32f7xx.o
 .debug_frame   0x000007d8      0x1f4 Drivers\STM32F7xx_HAL_Driver\stm32f7xx_hal.o
 .debug_frame   0x000009cc      0x158 Drivers\STM32F7xx_HAL_Driver\stm32f7xx_hal_cortex.o
 .debug_frame   0x00000b24      0x5f0 Drivers\STM32F7xx_HAL_Driver\stm32f7xx_hal_dfsdm.o
 .debug_frame   0x00001114      0x150 Drivers\STM32F7xx_HAL_Driver\stm32f7xx_hal_dma.o
 .debug_frame   0x00001264       0xd8 Drivers\STM32F7xx_HAL_Driver\stm32f7xx_hal_gpio.o
 .debug_frame   0x0000133c      0x804 Drivers\STM32F7xx_HAL_Driver\stm32f7xx_hal_i2c.o