Archive member included to satisfy reference by file (symbol)

c:/program files (x86)/atollic/truestudio for arm 8.1.0/armtools/bin/../lib/gcc/arm-atollic-eabi/6.3.1/../../../../arm-atollic-eabi/lib/armv7e-m/fpu/fpv5-d16\libm.a(lib_a-s_cos.o)
                              Application\User\Foc\controlFoc.o (cos)
c:/program files (x86)/atollic/truestudio for arm 8.1.0/armtools/bin/../lib/gcc/arm-atollic-eabi/6.3.1/../../../../arm-atollic-eabi/lib/armv7e-m/fpu/fpv5-d16\libm.a(lib_a-s_sin.o)
                              Application\User\Foc\controlFoc.o (sin)
c:/program files (x86)/atollic/truestudio for arm 8.1.0/armtools/bin/../lib/gcc/arm-atollic-eabi/6.3.1/../../../../arm-atollic-eabi/lib/armv7e-m/fpu/fpv5-d16\libm.a(lib_a-e_rem_pio2.o)
                              c:/program files (x86)/atollic/truestudio for arm 8.1.0/armtools/bin/../lib/gcc/arm-atollic-eabi/6.3.1/../../../../arm-atollic-eabi/lib/armv7e-m/fpu/fpv5-d16\libm.a(lib_a-s_cos.o) (__ieee754_rem_pio2)
c:/program files (x86)/atollic/truestudio for arm 8.1.0/armtools/bin/../lib/gcc/arm-atollic-eabi/6.3.1/../../../../arm-atollic-eabi/lib/armv7e-m/fpu/fpv5-d16\libm.a(lib_a-k_cos.o)
                              c:/program files (x86)/atollic/truestudio for arm 8.1.0/armtools/bin/../lib/gcc/arm-atollic-eabi/6.3.1/../../../../arm-atollic-eabi/lib/armv7e-m/fpu/fpv5-d16\libm.a(lib_a-s_cos.o) (__kernel_cos)
c:/program files (x86)/atollic/truestudio for arm 8.1.0/armtools/bin/../lib/gcc/arm-atollic-eabi/6.3.1/../../../../arm-atollic-eabi/lib/armv7e-m/fpu/fpv5-d16\libm.a(lib_a-k_rem_pio2.o)
                              c:/program files (x86)/atollic/truestudio for arm 8.1.0/armtools/bin/../lib/gcc/arm-atollic-eabi/6.3.1/../../../../arm-atollic-eabi/lib/armv7e-m/fpu/fpv5-d16\libm.a(lib_a-e_rem_pio2.o) (__kernel_rem_pio2)
c:/program files (x86)/atollic/truestudio for arm 8.1.0/armtools/bin/../lib/gcc/arm-atollic-eabi/6.3.1/../../../../arm-atollic-eabi/lib/armv7e-m/fpu/fpv5-d16\libm.a(lib_a-k_sin.o)
                              c:/program files (x86)/atollic/truestudio for arm 8.1.0/armtools/bin/../lib/gcc/arm-atollic-eabi/6.3.1/../../../../arm-atollic-eabi/lib/armv7e-m/fpu/fpv5-d16\libm.a(lib_a-s_cos.o) (__kernel_sin)
c:/program files (x86)/atollic/truestudio for arm 8.1.0/armtools/bin/../lib/gcc/arm-atollic-eabi/6.3.1/../../../../arm-atollic-eabi/lib/armv7e-m/fpu/fpv5-d16\libm.a(lib_a-s_fabs.o)
                              c:/program files (x86)/atollic/truestudio for arm 8.1.0/armtools/bin/../lib/gcc/arm-atollic-eabi/6.3.1/../../../../arm-atollic-eabi/lib/armv7e-m/fpu/fpv5-d16\libm.a(lib_a-e_rem_pio2.o) (fabs)
c:/program files (x86)/atollic/truestudio for arm 8.1.0/armtools/bin/../lib/gcc/arm-atollic-eabi/6.3.1/../../../../arm-atollic-eabi/lib/armv7e-m/fpu/fpv5-d16\libm.a(lib_a-s_floor.o)
                              c:/program files (x86)/atollic/truestudio for arm 8.1.0/armtools/bin/../lib/gcc/arm-atollic-eabi/6.3.1/../../../../arm-atollic-eabi/lib/armv7e-m/fpu/fpv5-d16\libm.a(lib_a-k_rem_pio2.o) (floor)
c:/program files (x86)/atollic/truestudio for arm 8.1.0/armtools/bin/../lib/gcc/arm-atollic-eabi/6.3.1/../../../../arm-atollic-eabi/lib/armv7e-m/fpu/fpv5-d16\libm.a(lib_a-s_scalbn.o)
                              c:/program files (x86)/atollic/truestudio for arm 8.1.0/armtools/bin/../lib/gcc/arm-atollic-eabi/6.3.1/../../../../arm-atollic-eabi/lib/armv7e-m/fpu/fpv5-d16\libm.a(lib_a-k_rem_pio2.o) (scalbn)
c:/program files (x86)/atollic/truestudio for arm 8.1.0/armtools/bin/../lib/gcc/arm-atollic-eabi/6.3.1/../../../../arm-atollic-eabi/lib/armv7e-m/fpu/fpv5-d16\libm.a(lib_a-s_copysign.o)
                              c:/program files (x86)/atollic/truestudio for arm 8.1.0/armtools/bin/../lib/gcc/arm-atollic-eabi/6.3.1/../../../../arm-atollic-eabi/lib/armv7e-m/fpu/fpv5-d16\libm.a(lib_a-s_scalbn.o) (copysign)
c:/program files (x86)/atollic/truestudio for arm 8.1.0/armtools/bin/../lib/gcc/arm-atollic-eabi/6.3.1/../../../../arm-atollic-eabi/lib/armv7e-m/fpu/fpv5-d16\libc_nano.a(lib_a-init.o)
                              Application\TrueSTUDIO\startup_stm32f765xx.o (__libc_init_array)
c:/program files (x86)/atollic/truestudio for arm 8.1.0/armtools/bin/../lib/gcc/arm-atollic-eabi/6.3.1/../../../../arm-atollic-eabi/lib/armv7e-m/fpu/fpv5-d16\libc_nano.a(lib_a-memcpy-stub.o)
                              Middlewares\FreeRTOS\queue.o (memcpy)
c:/program files (x86)/atollic/truestudio for arm 8.1.0/armtools/bin/../lib/gcc/arm-atollic-eabi/6.3.1/../../../../arm-atollic-eabi/lib/armv7e-m/fpu/fpv5-d16\libc_nano.a(lib_a-memset.o)
                              Application\User\Idletasks\idletasks.o (memset)

Allocating common symbols
Common symbol       size              file

conresQueueHandle   0x4               Application\User\freertos.o
buzzertoneTaskHandle
                    0x4               Application\User\freertos.o
hdma_uart4_rx       0x60              Application\User\usart.o
[...]
Memory Configuration

Name             Origin             Length             Attributes
RAM              0x20000000         0x00080000         xrw
FLASH            0x08000000         0x00200000         xr
*default*        0x00000000         0xffffffff

Linker script and memory map

LOAD c:/program files (x86)/atollic/truestudio for arm 8.1.0/armtools/bin/../lib/gcc/arm-atollic-eabi/6.3.1/armv7e-m/fpu/fpv5-d16/crti.o
LOAD c:/program files (x86)/atollic/truestudio for arm 8.1.0/armtools/bin/../lib/gcc/arm-atollic-eabi/6.3.1/armv7e-m/fpu/fpv5-d16/crtbegin.o
LOAD Application\TrueSTUDIO\startup_stm32f765xx.o
LOAD Application\User\Foc\controlFoc.o
LOAD Application\User\ISRs\isrSensors.o
LOAD Application\User\Idletasks\idletasks.o
LOAD Application\User\SYSINIT\sysinitial.o
LOAD Application\User\debug\datatraceDebug.o
LOAD Application\User\dfsdm.o
LOAD Application\User\dma.o
LOAD Application\User\freertos.o
LOAD Application\User\gpio.o
LOAD Application\User\i2c.o
LOAD Application\User\main.o
LOAD Application\User\spi.o
LOAD Application\User\stm32f7xx_hal_msp.o
LOAD Application\User\stm32f7xx_hal_timebase_TIM.o
LOAD Application\User\stm32f7xx_it.o
LOAD Application\User\tim.o
LOAD Application\User\usart.o
LOAD Application\User\usb_otg.o
LOAD Drivers\CMSIS\system_stm32f7xx.o
LOAD Drivers\STM32F7xx_HAL_Driver\stm32f7xx_hal.o
LOAD Drivers\STM32F7xx_HAL_Driver\stm32f7xx_hal_cortex.o
LOAD Drivers\STM32F7xx_HAL_Driver\stm32f7xx_hal_dfsdm.o
LOAD Drivers\STM32F7xx_HAL_Driver\stm32f7xx_hal_dma.o
LOAD Drivers\STM32F7xx_HAL_Driver\stm32f7xx_hal_dma_ex.o
LOAD Drivers\STM32F7xx_HAL_Driver\stm32f7xx_hal_flash.o
LOAD Drivers\STM32F7xx_HAL_Driver\stm32f7xx_hal_flash_ex.o
LOAD Drivers\STM32F7xx_HAL_Driver\stm32f7xx_hal_gpio.o
LOAD Drivers\STM32F7xx_HAL_Driver\stm32f7xx_hal_i2c.o
LOAD Drivers\STM32F7xx_HAL_Driver\stm32f7xx_hal_i2c_ex.o
LOAD Drivers\STM32F7xx_HAL_Driver\stm32f7xx_hal_pcd.o
LOAD Drivers\STM32F7xx_HAL_Driver\stm32f7xx_hal_pcd_ex.o
LOAD Drivers\STM32F7xx_HAL_Driver\stm32f7xx_hal_pwr.o
LOAD Drivers\STM32F7xx_HAL_Driver\stm32f7xx_hal_pwr_ex.o
LOAD Drivers\STM32F7xx_HAL_Driver\stm32f7xx_hal_rcc.o
LOAD Drivers\STM32F7xx_HAL_Driver\stm32f7xx_hal_rcc_ex.o
LOAD Drivers\STM32F7xx_HAL_Driver\stm32f7xx_hal_spi.o
LOAD Drivers\STM32F7xx_HAL_Driver\stm32f7xx_hal_tim.o
LOAD Drivers\STM32F7xx_HAL_Driver\stm32f7xx_hal_tim_ex.o
LOAD Drivers\STM32F7xx_HAL_Driver\stm32f7xx_hal_uart.o
LOAD Drivers\STM32F7xx_HAL_Driver\stm32f7xx_ll_usb.o
LOAD Middlewares\FreeRTOS\cmsis_os.o
LOAD Middlewares\FreeRTOS\croutine.o
LOAD Middlewares\FreeRTOS\event_groups.o
LOAD Middlewares\FreeRTOS\heap_4.o
LOAD Middlewares\FreeRTOS\list.o
LOAD Middlewares\FreeRTOS\port.o
LOAD Middlewares\FreeRTOS\queue.o
LOAD Middlewares\FreeRTOS\tasks.o
LOAD Middlewares\FreeRTOS\timers.o
                0x00001000                malloc_getpagesize_P = 0x1000
START GROUP
LOAD c:/program files (x86)/atollic/truestudio for arm 8.1.0/armtools/bin/../lib/gcc/arm-atollic-eabi/6.3.1/../../../../arm-atollic-eabi/lib/armv7e-m/fpu/fpv5-d16\libstdc++_nano.a
LOAD c:/program files (x86)/atollic/truestudio for arm 8.1.0/armtools/bin/../lib/gcc/arm-atollic-eabi/6.3.1/../../../../arm-atollic-eabi/lib/armv7e-m/fpu/fpv5-d16\libsupc++_nano.a
END GROUP
LOAD c:/program files (x86)/atollic/truestudio for arm 8.1.0/armtools/bin/../lib/gcc/arm-atollic-eabi/6.3.1/../../../../arm-atollic-eabi/lib/armv7e-m/fpu/fpv5-d16\libstdc++_nano.a
LOAD c:/program files (x86)/atollic/truestudio for arm 8.1.0/armtools/bin/../lib/gcc/arm-atollic-eabi/6.3.1/../../../../arm-atollic-eabi/lib/armv7e-m/fpu/fpv5-d16\libm.a
LOAD c:/program files (x86)/atollic/truestudio for arm 8.1.0/armtools/bin/../lib/gcc/arm-atollic-eabi/6.3.1/../../../../arm-atollic-eabi/lib/armv7e-m/fpu/fpv5-d16\libc_nano.a
START GROUP
LOAD c:/program files (x86)/atollic/truestudio for arm 8.1.0/armtools/bin/../lib/gcc/arm-atollic-eabi/6.3.1/armv7e-m/fpu/fpv5-d16\libgcc.a
LOAD c:/program files (x86)/atollic/truestudio for arm 8.1.0/armtools/bin/../lib/gcc/arm-atollic-eabi/6.3.1/../../../../arm-atollic-eabi/lib/armv7e-m/fpu/fpv5-d16\libc_nano.a
END GROUP
START GROUP
LOAD c:/program files (x86)/atollic/truestudio for arm 8.1.0/armtools/bin/../lib/gcc/arm-atollic-eabi/6.3.1/armv7e-m/fpu/fpv5-d16\libgcc.a
LOAD c:/program files (x86)/atollic/truestudio for arm 8.1.0/armtools/bin/../lib/gcc/arm-atollic-eabi/6.3.1/../../../../arm-atollic-eabi/lib/armv7e-m/fpu/fpv5-d16\libc_nano.a
LOAD c:/program files (x86)/atollic/truestudio for arm 8.1.0/armtools/bin/../lib/gcc/arm-atollic-eabi/6.3.1/../../../../arm-atollic-eabi/lib/armv7e-m/fpu/fpv5-d16\libnosys.a
END GROUP
START GROUP
LOAD c:/program files (x86)/atollic/truestudio for arm 8.1.0/armtools/bin/../lib/gcc/arm-atollic-eabi/6.3.1/armv7e-m/fpu/fpv5-d16\libgcc.a
LOAD c:/program files (x86)/atollic/truestudio for arm 8.1.0/armtools/bin/../lib/gcc/arm-atollic-eabi/6.3.1/../../../../arm-atollic-eabi/lib/armv7e-m/fpu/fpv5-d16\libc_nano.a
LOAD c:/program files (x86)/atollic/truestudio for arm 8.1.0/armtools/bin/../lib/gcc/arm-atollic-eabi/6.3.1/../../../../arm-atollic-eabi/lib/armv7e-m/fpu/fpv5-d16\libnosys.a
END GROUP
LOAD c:/program files (x86)/atollic/truestudio for arm 8.1.0/armtools/bin/../lib/gcc/arm-atollic-eabi/6.3.1/armv7e-m/fpu/fpv5-d16/crtend.o
LOAD c:/program files (x86)/atollic/truestudio for arm 8.1.0/armtools/bin/../lib/gcc/arm-atollic-eabi/6.3.1/armv7e-m/fpu/fpv5-d16/crtn.o
                0x20080000                _estack = 0x20080000
                0x00000200                _Min_Heap_Size = 0x200
                0x00000400                _Min_Stack_Size = 0x400

.isr_vector     0x08000000      0x1f8
                0x08000000                . = ALIGN (0x4)
 *(.isr_vector)
 .isr_vector    0x08000000      0x1f8 Application\TrueSTUDIO\startup_stm32f765xx.o
                0x08000000                g_pfnVectors
                0x080001f8                . = ALIGN (0x4)

.text           0x08000200     0x7dd8
                0x08000200                . = ALIGN (0x4)
 *(.text)
 .text          0x08000200       0x40 c:/program files (x86)/atollic/truestudio for arm 8.1.0/armtools/bin/../lib/gcc/arm-atollic-eabi/6.3.1/armv7e-m/fpu/fpv5-d16/crtbegin.o
 *(.text*)
 .text.Reset_Handler
                0x08000240       0x50 Application\TrueSTUDIO\startup_stm32f765xx.o
                0x08000240                Reset_Handler
 .text.Default_Handler
                0x08000290        0x2 Application\TrueSTUDIO\startup_stm32f765xx.o
                0x08000290                RTC_Alarm_IRQHandler
                0x08000290                EXTI2_IRQHandler
                0x08000290                TIM8_CC_IRQHandler
                0x08000290                UART8_IRQHandler
                0x08000290                SPI4_IRQHandler
                0x08000290                TIM1_CC_IRQHandler
                0x08000290                DMA2_Stream5_IRQHandler
                0x08000290                DMA1_Stream5_IRQHandler
                0x08000290                CAN3_RX1_IRQHandler
                0x08000290                PVD_IRQHandler
                0x08000290                TAMP_STAMP_IRQHandler
                0x08000290                CAN2_RX1_IRQHandler
                0x08000290                EXTI3_IRQHandler
                0x08000290                TIM8_TRG_COM_TIM14_IRQHandler
                0x08000290                DFSDM1_FLT1_IRQHandler
                0x08000290                TIM1_UP_TIM10_IRQHandler
                0x08000290                TIM8_UP_TIM13_IRQHandler
                0x08000290                I2C3_ER_IRQHandler
                0x08000290                DFSDM1_FLT2_IRQHandler
                0x08000290                EXTI0_IRQHandler
                0x08000290                I2C2_EV_IRQHandler
                0x08000290                CAN1_RX0_IRQHandler
                0x08000290                FPU_IRQHandler
                0x08000290                OTG_HS_WKUP_IRQHandler
                0x08000290                CAN3_SCE_IRQHandler
                0x08000290                CAN2_SCE_IRQHandler
                0x08000290                SPI1_IRQHandler
                0x08000290                TIM6_DAC_IRQHandler
                0x08000290                TIM1_BRK_TIM9_IRQHandler
                0x08000290                DCMI_IRQHandler
                0x08000290                CAN2_RX0_IRQHandler
                0x08000290                DMA2_Stream3_IRQHandler
                0x08000290                SAI2_IRQHandler
                0x08000290                DFSDM1_FLT3_IRQHandler
                0x08000290                USART6_IRQHandler
                0x08000290                CAN3_RX0_IRQHandler
                0x08000290                USART3_IRQHandler
                0x08000290                CAN1_RX1_IRQHandler
                0x08000290                UART5_IRQHandler
                0x08000290                QUADSPI_IRQHandler
                0x08000290                I2C1_EV_IRQHandler
                0x08000290                DMA1_Stream6_IRQHandler
                0x08000290                DMA1_Stream1_IRQHandler
                0x08000290                TIM3_IRQHandler
                0x08000290                RCC_IRQHandler
                0x08000290                TIM8_BRK_TIM12_IRQHandler
                0x08000290                Default_Handler
                0x08000290                CEC_IRQHandler
                0x08000290                EXTI15_10_IRQHandler
                0x08000290                ADC_IRQHandler
                0x08000290                DMA1_Stream7_IRQHandler
                0x08000290                SPI5_IRQHandler
                0x08000290                TIM7_IRQHandler
                0x08000290                SDMMC1_IRQHandler
                0x08000290                CAN2_TX_IRQHandler
                0x08000290                TIM5_IRQHandler
                0x08000290                DMA2_Stream7_IRQHandler
                0x08000290                I2C3_EV_IRQHandler
                0x08000290                EXTI9_5_IRQHandler
                0x08000290                RTC_WKUP_IRQHandler
                0x08000290                ETH_WKUP_IRQHandler
                0x08000290                SPDIF_RX_IRQHandler
                0x08000290                SPI2_IRQHandler
                0x08000290                OTG_HS_EP1_IN_IRQHandler
                0x08000290                DMA1_Stream0_IRQHandler
                0x08000290                CAN1_TX_IRQHandler
                0x08000290                EXTI4_IRQHandler
                0x08000290                RNG_IRQHandler
                0x08000290                ETH_IRQHandler
                0x08000290                OTG_HS_EP1_OUT_IRQHandler
                0x08000290                WWDG_IRQHandler
                0x08000290                SPI6_IRQHandler
                0x08000290                MDIOS_IRQHandler
                0x08000290                I2C4_EV_IRQHandler
                0x08000290                CAN3_TX_IRQHandler
                0x08000290                TIM2_IRQHandler
                0x08000290                OTG_FS_WKUP_IRQHandler
                0x08000290                TIM1_TRG_COM_TIM11_IRQHandler
                0x08000290                OTG_HS_IRQHandler
                0x08000290                DMA2D_IRQHandler
                0x08000290                EXTI1_IRQHandler
                0x08000290                SDMMC2_IRQHandler
                0x08000290                UART7_IRQHandler
                0x08000290                USART2_IRQHandler
                0x08000290                DFSDM1_FLT0_IRQHandler
                0x08000290                I2C2_ER_IRQHandler
                0x08000290                CAN1_SCE_IRQHandler
                0x08000290                FLASH_IRQHandler
                0x08000290                DMA2_Stream4_IRQHandler
                0x08000290                USART1_IRQHandler
                0x08000290                OTG_FS_IRQHandler
                0x08000290                SPI3_IRQHandler
                0x08000290                DMA1_Stream4_IRQHandler
                0x08000290                I2C1_ER_IRQHandler
                0x08000290                FMC_IRQHandler
                0x08000290                LPTIM1_IRQHandler
                0x08000290                I2C4_ER_IRQHandler
                0x08000290                DMA2_Stream6_IRQHandler
                0x08000290                SAI1_IRQHandler
                0x08000290                DMA1_Stream3_IRQHandler
 *fill*         0x08000292        0x6 
 .text.StartcontrolTask
                0x08000298      0x53c Application\User\Foc\controlFoc.o
                0x08000298                StartcontrolTask
 .text.HAL_UART_ErrorCallback
                0x080007d4        0xc Application\User\ISRs\isrSensors.o
                0x080007d4                HAL_UART_ErrorCallback
 .text.HAL_UART_RxCpltCallback
                0x080007e0      0x39c Application\User\ISRs\isrSensors.o
                0x080007e0                HAL_UART_RxCpltCallback
 .text.StartledblueTask
                0x08000b7c       0x1c Application\User\Idletasks\idletasks.o
                0x08000b7c                StartledblueTask
 .text.StartledgreenTask
                0x08000b98       0x1c Application\User\Idletasks\idletasks.o
                0x08000b98                StartledgreenTask
 .text.StartiwdgTask
                0x08000bb4        0xc Application\User\Idletasks\idletasks.o
                0x08000bb4                StartiwdgTask
 .text.StartbuzzerrythmTask
                0x08000bc0      0x180 Application\User\Idletasks\idletasks.o
                0x08000bc0                StartbuzzerrythmTask
 .text.StartbuzzertoneTask
                0x08000d40      0x198 Application\User\Idletasks\idletasks.o
                0x08000d40                StartbuzzertoneTask
 .text.SystemInitialization
                0x08000ed8       0x80 Application\User\SYSINIT\sysinitial.o
                0x08000ed8                SystemInitialization
 .text.StartenchallTask
                0x08000f58      0x51c Application\User\debug\datatraceDebug.o
                0x08000f58                StartenchallTask
 .text.MX_DFSDM1_Init
                0x08001474       0xf4 Application\User\dfsdm.o
                0x08001474                MX_DFSDM1_Init
 .text.HAL_DFSDM_FilterMspInit
                0x08001568      0x144 Application\User\dfsdm.o
                0x08001568                HAL_DFSDM_FilterMspInit
 .text.HAL_DFSDM_ChannelMspInit
                0x080016ac       0x7c Application\User\dfsdm.o
                0x080016ac                HAL_DFSDM_ChannelMspInit
 .text.MX_DMA_Init
                0x08001728       0x74 Application\User\dma.o
                0x08001728                MX_DMA_Init
 .text.MX_FREERTOS_Init
                0x0800179c      0x188 Application\User\freertos.o
                0x0800179c                MX_FREERTOS_Init
 .text.MX_GPIO_Init
                0x08001924       0xf4 Application\User\gpio.o
                0x08001924                MX_GPIO_Init
 .text.MX_I2C4_Init
                0x08001a18       0x6c Application\User\i2c.o
                0x08001a18                MX_I2C4_Init
 .text.HAL_I2C_MspInit
                0x08001a84       0x54 Application\User\i2c.o
                0x08001a84                HAL_I2C_MspInit
 .text.SystemClock_Config
                0x08001ad8       0xe4 Application\User\main.o
                0x08001ad8                SystemClock_Config
 .text.startup.main
                0x08001bbc       0xc0 Application\User\main.o
                0x08001bbc                main
 .text.HAL_TIM_PeriodElapsedCallback
                0x08001c7c       0x14 Application\User\main.o
                0x08001c7c                HAL_TIM_PeriodElapsedCallback
 .text._Error_Handler
                0x08001c90        0x4 Application\User\main.o
                0x08001c90                _Error_Handler
 .text.MX_SPI1_Init
                0x08001c94       0x58 Application\User\spi.o
                0x08001c94                MX_SPI1_Init
 .text.HAL_SPI_MspInit
                0x08001cec       0x64 Application\User\spi.o
                0x08001cec                HAL_SPI_MspInit
 .text.HAL_MspInit
                0x08001d50       0x60 Application\User\stm32f7xx_hal_msp.o
                0x08001d50                HAL_MspInit
 .text.HAL_InitTick
                0x08001db0       0x7c Application\User\stm32f7xx_hal_timebase_TIM.o
                0x08001db0                HAL_InitTick
 .text.NMI_Handler
                0x08001e2c        0x4 Application\User\stm32f7xx_it.o
                0x08001e2c                NMI_Handler
 .text.HardFault_Handler
                0x08001e30        0x4 Application\User\stm32f7xx_it.o
                0x08001e30                HardFault_Handler
 .text.MemManage_Handler
                0x08001e34        0x4 Application\User\stm32f7xx_it.o
                0x08001e34                MemManage_Handler
 .text.BusFault_Handler
                0x08001e38        0x4 Application\User\stm32f7xx_it.o
                0x08001e38                BusFault_Handler
 .text.UsageFault_Handler
                0x08001e3c        0x4 Application\User\stm32f7xx_it.o
                0x08001e3c                UsageFault_Handler
 .text.DebugMon_Handler
                0x08001e40        0x4 Application\User\stm32f7xx_it.o
                0x08001e40                DebugMon_Handler
 .text.SysTick_Handler
                0x08001e44        0x4 Application\User\stm32f7xx_it.o
                0x08001e44                SysTick_Handler
 .text.DMA1_Stream2_IRQHandler
                0x08001e48        0xc Application\User\stm32f7xx_it.o
                0x08001e48                DMA1_Stream2_IRQHandler
 .text.TIM4_IRQHandler
                0x08001e54        0xc Application\User\stm32f7xx_it.o
                0x08001e54                TIM4_IRQHandler
 .text.UART4_IRQHandler
                0x08001e60        0xc Application\User\stm32f7xx_it.o
                0x08001e60                UART4_IRQHandler
 .text.DMA2_Stream0_IRQHandler
                0x08001e6c        0xc Application\User\stm32f7xx_it.o
                0x08001e6c                DMA2_Stream0_IRQHandler
 .text.DMA2_Stream1_IRQHandler
                0x08001e78        0xc Application\User\stm32f7xx_it.o
                0x08001e78                DMA2_Stream1_IRQHandler
 .text.DMA2_Stream2_IRQHandler
                0x08001e84        0xc Application\User\stm32f7xx_it.o
                0x08001e84                DMA2_Stream2_IRQHandler
 .text.MX_TIM1_Init
                0x08001e90      0x190 Application\User\tim.o
                0x08001e90                MX_TIM1_Init
 .text.MX_TIM2_Init
                0x08002020      0x114 Application\User\tim.o
                0x08002020                MX_TIM2_Init
 .text.HAL_TIM_Base_MspInit
                0x08002134       0x50 Application\User\tim.o
                0x08002134                HAL_TIM_Base_MspInit
 .text.MX_UART4_Init
                0x08002184       0x54 Application\User\usart.o
                0x08002184                MX_UART4_Init
 .text.MX_UART8_Init
                0x080021d8       0x4c Application\User\usart.o
                0x080021d8                MX_UART8_Init
 .text.MX_USART1_UART_Init
                0x08002224       0x4c Application\User\usart.o
                0x08002224                MX_USART1_UART_Init
 .text.MX_USART3_UART_Init
                0x08002270       0x4c Application\User\usart.o
                0x08002270                MX_USART3_UART_Init
 .text.HAL_UART_MspInit
                0x080022bc      0x1bc Application\User\usart.o
                0x080022bc                HAL_UART_MspInit
 .text.MX_USB_OTG_HS_PCD_Init
                0x08002478       0x44 Application\User\usb_otg.o
                0x08002478                MX_USB_OTG_HS_PCD_Init
 .text.HAL_PCD_MspInit
                0x080024bc       0x94 Application\User\usb_otg.o
                0x080024bc                HAL_PCD_MspInit
 .text.SystemInit
                0x08002550       0x50 Drivers\CMSIS\system_stm32f7xx.o
                0x08002550                SystemInit
 .text.HAL_Init
                0x080025a0       0x24 Drivers\STM32F7xx_HAL_Driver\stm32f7xx_hal.o
                0x080025a0                HAL_Init
 .text.HAL_IncTick
                0x080025c4       0x10 Drivers\STM32F7xx_HAL_Driver\stm32f7xx_hal.o
                0x080025c4                HAL_IncTick
 .text.HAL_GetTick
                0x080025d4        0xc Drivers\STM32F7xx_HAL_Driver\stm32f7xx_hal.o
                0x080025d4                HAL_GetTick
 .text.HAL_Delay
                0x080025e0       0x1c Drivers\STM32F7xx_HAL_Driver\stm32f7xx_hal.o
                0x080025e0                HAL_Delay
 .text.HAL_NVIC_SetPriorityGrouping
                0x080025fc       0x28 Drivers\STM32F7xx_HAL_Driver\stm32f7xx_hal_cortex.o
                0x080025fc                HAL_NVIC_SetPriorityGrouping
 .text.HAL_NVIC_SetPriority
                0x08002624       0x74 Drivers\STM32F7xx_HAL_Driver\stm32f7xx_hal_cortex.o
                0x08002624                HAL_NVIC_SetPriority
 .text.HAL_NVIC_EnableIRQ
                0x08002698       0x18 Drivers\STM32F7xx_HAL_Driver\stm32f7xx_hal_cortex.o
                0x08002698                HAL_NVIC_EnableIRQ
 .text.HAL_SYSTICK_Config
                0x080026b0       0x30 Drivers\STM32F7xx_HAL_Driver\stm32f7xx_hal_cortex.o
                0x080026b0                HAL_SYSTICK_Config
 .text.HAL_SYSTICK_CLKSourceConfig
                0x080026e0       0x18 Drivers\STM32F7xx_HAL_Driver\stm32f7xx_hal_cortex.o
                0x080026e0                HAL_SYSTICK_CLKSourceConfig
 .text.HAL_DFSDM_ChannelInit
                0x080026f8      0x194 Drivers\STM32F7xx_HAL_Driver\stm32f7xx_hal_dfsdm.o
                0x080026f8                HAL_DFSDM_ChannelInit
 .text.HAL_DFSDM_FilterInit
                0x0800288c       0xec Drivers\STM32F7xx_HAL_Driver\stm32f7xx_hal_dfsdm.o
                0x0800288c                HAL_DFSDM_FilterInit
 .text.HAL_DFSDM_FilterConfigRegChannel
                0x08002978       0x54 Drivers\STM32F7xx_HAL_Driver\stm32f7xx_hal_dfsdm.o
                0x08002978                HAL_DFSDM_FilterConfigRegChannel
 .text.HAL_DFSDM_FilterRegularStart
                0x080029cc       0x74 Drivers\STM32F7xx_HAL_Driver\stm32f7xx_hal_dfsdm.o
                0x080029cc                HAL_DFSDM_FilterRegularStart
 .text.HAL_DFSDM_FilterGetRegularValue
                0x08002a40       0x10 Drivers\STM32F7xx_HAL_Driver\stm32f7xx_hal_dfsdm.o
                0x08002a40                HAL_DFSDM_FilterGetRegularValue
 .text.HAL_DFSDM_FilterErrorCallback
                0x08002a50        0x4 Drivers\STM32F7xx_HAL_Driver\stm32f7xx_hal_dfsdm.o
                0x08002a50                HAL_DFSDM_FilterErrorCallback
 .text.HAL_DFSDM_FilterPollForRegConversion
                0x08002a54       0x74 Drivers\STM32F7xx_HAL_Driver\stm32f7xx_hal_dfsdm.o
                0x08002a54                HAL_DFSDM_FilterPollForRegConversion
 .text.HAL_DMA_Init
                0x08002ac8      0x13c Drivers\STM32F7xx_HAL_Driver\stm32f7xx_hal_dma.o
                0x08002ac8                HAL_DMA_Init
 .text.HAL_DMA_Start_IT
                0x08002c04       0x88 Drivers\STM32F7xx_HAL_Driver\stm32f7xx_hal_dma.o
                0x08002c04                HAL_DMA_Start_IT
 .text.HAL_DMA_Abort_IT
                0x08002c8c       0x28 Drivers\STM32F7xx_HAL_Driver\stm32f7xx_hal_dma.o
                0x08002c8c                HAL_DMA_Abort_IT
 .text.HAL_DMA_IRQHandler
                0x08002cb4      0x1a8 Drivers\STM32F7xx_HAL_Driver\stm32f7xx_hal_dma.o
                0x08002cb4                HAL_DMA_IRQHandler
 .text.HAL_GPIO_Init
                0x08002e5c      0x254 Drivers\STM32F7xx_HAL_Driver\stm32f7xx_hal_gpio.o
                0x08002e5c                HAL_GPIO_Init
 .text.HAL_GPIO_WritePin
                0x080030b0        0x8 Drivers\STM32F7xx_HAL_Driver\stm32f7xx_hal_gpio.o
                0x080030b0                HAL_GPIO_WritePin
 .text.HAL_GPIO_TogglePin
                0x080030b8        0x8 Drivers\STM32F7xx_HAL_Driver\stm32f7xx_hal_gpio.o
                0x080030b8                HAL_GPIO_TogglePin
 .text.HAL_I2C_Init
                0x080030c0       0xac Drivers\STM32F7xx_HAL_Driver\stm32f7xx_hal_i2c.o
                0x080030c0                HAL_I2C_Init
 .text.HAL_I2CEx_ConfigAnalogFilter
                0x0800316c       0x50 Drivers\STM32F7xx_HAL_Driver\stm32f7xx_hal_i2c_ex.o
                0x0800316c                HAL_I2CEx_ConfigAnalogFilter
 .text.HAL_I2CEx_ConfigDigitalFilter
                0x080031bc       0x50 Drivers\STM32F7xx_HAL_Driver\stm32f7xx_hal_i2c_ex.o
                0x080031bc                HAL_I2CEx_ConfigDigitalFilter
 .text.HAL_PCD_Init
                0x0800320c      0x438 Drivers\STM32F7xx_HAL_Driver\stm32f7xx_hal_pcd.o
                0x0800320c                HAL_PCD_Init
 .text.HAL_PCDEx_ActivateLPM
                0x08003644       0x2c Drivers\STM32F7xx_HAL_Driver\stm32f7xx_hal_pcd_ex.o
                0x08003644                HAL_PCDEx_ActivateLPM
 .text.HAL_PWREx_EnableOverDrive
                0x08003670       0x78 Drivers\STM32F7xx_HAL_Driver\stm32f7xx_hal_pwr_ex.o
                0x08003670                HAL_PWREx_EnableOverDrive
 .text.HAL_RCC_OscConfig
                0x080036e8      0x3b0 Drivers\STM32F7xx_HAL_Driver\stm32f7xx_hal_rcc.o
                0x080036e8                HAL_RCC_OscConfig
 .text.HAL_RCC_ClockConfig
                0x08003a98      0x168 Drivers\STM32F7xx_HAL_Driver\stm32f7xx_hal_rcc.o
                0x08003a98                HAL_RCC_ClockConfig
 .text.HAL_RCC_GetSysClockFreq
                0x08003c00       0x54 Drivers\STM32F7xx_HAL_Driver\stm32f7xx_hal_rcc.o
                0x08003c00                HAL_RCC_GetSysClockFreq
 .text.HAL_RCC_GetHCLKFreq
                0x08003c54        0xc Drivers\STM32F7xx_HAL_Driver\stm32f7xx_hal_rcc.o
                0x08003c54                HAL_RCC_GetHCLKFreq
 .text.HAL_RCC_GetPCLK1Freq
                0x08003c60       0x20 Drivers\STM32F7xx_HAL_Driver\stm32f7xx_hal_rcc.o
                0x08003c60                HAL_RCC_GetPCLK1Freq
 .text.HAL_RCC_GetPCLK2Freq
                0x08003c80       0x20 Drivers\STM32F7xx_HAL_Driver\stm32f7xx_hal_rcc.o
                0x08003c80                HAL_RCC_GetPCLK2Freq
 .text.HAL_RCC_GetClockConfig
                0x08003ca0       0x44 Drivers\STM32F7xx_HAL_Driver\stm32f7xx_hal_rcc.o
                0x08003ca0                HAL_RCC_GetClockConfig
 .text.HAL_RCCEx_PeriphCLKConfig
                0x08003ce4      0x540 Drivers\STM32F7xx_HAL_Driver\stm32f7xx_hal_rcc_ex.o
                0x08003ce4                HAL_RCCEx_PeriphCLKConfig
 .text.HAL_SPI_Init
                0x08004224       0xc4 Drivers\STM32F7xx_HAL_Driver\stm32f7xx_hal_spi.o
                0x08004224                HAL_SPI_Init
 .text.HAL_TIM_Base_Init
                0x080042e8      0x14c Drivers\STM32F7xx_HAL_Driver\stm32f7xx_hal_tim.o
                0x080042e8                HAL_TIM_Base_Init
 .text.HAL_TIM_Base_Start_IT
                0x08004434       0x18 Drivers\STM32F7xx_HAL_Driver\stm32f7xx_hal_tim.o
                0x08004434                HAL_TIM_Base_Start_IT
 .text.HAL_TIM_PWM_MspInit
                0x0800444c        0x4 Drivers\STM32F7xx_HAL_Driver\stm32f7xx_hal_tim.o
                0x0800444c                HAL_TIM_PWM_MspInit
 .text.HAL_TIM_PWM_Init
                0x08004450      0x14c Drivers\STM32F7xx_HAL_Driver\stm32f7xx_hal_tim.o
                0x08004450                HAL_TIM_PWM_Init
 .text.HAL_TIM_PWM_Start
                0x0800459c       0x48 Drivers\STM32F7xx_HAL_Driver\stm32f7xx_hal_tim.o
                0x0800459c                HAL_TIM_PWM_Start
 .text.HAL_TIM_ConfigClockSource
                0x080045e4      0x190 Drivers\STM32F7xx_HAL_Driver\stm32f7xx_hal_tim.o
                0x080045e4                HAL_TIM_ConfigClockSource
 .text.HAL_TIM_OC_DelayElapsedCallback
                0x08004774        0x4 Drivers\STM32F7xx_HAL_Driver\stm32f7xx_hal_tim.o
                0x08004774                HAL_TIM_OC_DelayElapsedCallback
 .text.HAL_TIM_IC_CaptureCallback
                0x08004778        0x4 Drivers\STM32F7xx_HAL_Driver\stm32f7xx_hal_tim.o
                0x08004778                HAL_TIM_IC_CaptureCallback
 .text.HAL_TIM_PWM_PulseFinishedCallback
                0x0800477c        0x4 Drivers\STM32F7xx_HAL_Driver\stm32f7xx_hal_tim.o
                0x0800477c                HAL_TIM_PWM_PulseFinishedCallback
 .text.HAL_TIM_TriggerCallback
                0x08004780        0x4 Drivers\STM32F7xx_HAL_Driver\stm32f7xx_hal_tim.o
                0x08004780                HAL_TIM_TriggerCallback
 .text.HAL_TIM_IRQHandler
                0x08004784      0x170 Drivers\STM32F7xx_HAL_Driver\stm32f7xx_hal_tim.o
                0x08004784                HAL_TIM_IRQHandler
 .text.TIM_OC1_SetConfig
                0x080048f4       0x64 Drivers\STM32F7xx_HAL_Driver\stm32f7xx_hal_tim.o
                0x080048f4                TIM_OC1_SetConfig
 .text.TIM_OC2_SetConfig
                0x08004958       0x68 Drivers\STM32F7xx_HAL_Driver\stm32f7xx_hal_tim.o
                0x08004958                TIM_OC2_SetConfig
 .text.TIM_OC3_SetConfig
                0x080049c0       0x68 Drivers\STM32F7xx_HAL_Driver\stm32f7xx_hal_tim.o
                0x080049c0                TIM_OC3_SetConfig
 .text.TIM_OC4_SetConfig
                0x08004a28       0x58 Drivers\STM32F7xx_HAL_Driver\stm32f7xx_hal_tim.o
                0x08004a28                TIM_OC4_SetConfig
 .text.HAL_TIMEx_PWMN_Start
                0x08004a80       0x30 Drivers\STM32F7xx_HAL_Driver\stm32f7xx_hal_tim_ex.o
                0x08004a80                HAL_TIMEx_PWMN_Start
 .text.HAL_TIMEx_MasterConfigSynchronization
                0x08004ab0       0x58 Drivers\STM32F7xx_HAL_Driver\stm32f7xx_hal_tim_ex.o
                0x08004ab0                HAL_TIMEx_MasterConfigSynchronization
 .text.HAL_TIMEx_ConfigBreakDeadTime
                0x08004b08       0x98 Drivers\STM32F7xx_HAL_Driver\stm32f7xx_hal_tim_ex.o
                0x08004b08                HAL_TIMEx_ConfigBreakDeadTime
 .text.HAL_TIMEx_CommutationCallback
                0x08004ba0        0x4 Drivers\STM32F7xx_HAL_Driver\stm32f7xx_hal_tim_ex.o
                0x08004ba0                HAL_TIMEx_CommutationCallback
 .text.HAL_TIMEx_BreakCallback
                0x08004ba4        0x4 Drivers\STM32F7xx_HAL_Driver\stm32f7xx_hal_tim_ex.o
                0x08004ba4                HAL_TIMEx_BreakCallback
 .text.HAL_TIM_PWM_ConfigChannel
                0x08004ba8      0x1bc Drivers\STM32F7xx_HAL_Driver\stm32f7xx_hal_tim_ex.o
                0x08004ba8                HAL_TIM_PWM_ConfigChannel
 .text.HAL_UART_Transmit
                0x08004d64      0x100 Drivers\STM32F7xx_HAL_Driver\stm32f7xx_hal_uart.o
                0x08004d64                HAL_UART_Transmit
 .text.HAL_UART_Receive_DMA
                0x08004e64       0x90 Drivers\STM32F7xx_HAL_Driver\stm32f7xx_hal_uart.o
                0x08004e64                HAL_UART_Receive_DMA
 .text.HAL_UART_DMAResume
                0x08004ef4       0x74 Drivers\STM32F7xx_HAL_Driver\stm32f7xx_hal_uart.o
                0x08004ef4                HAL_UART_DMAResume
 .text.HAL_UART_TxCpltCallback
                0x08004f68        0x4 Drivers\STM32F7xx_HAL_Driver\stm32f7xx_hal_uart.o
                0x08004f68                HAL_UART_TxCpltCallback
 .text.UART_DMAReceiveCplt
                0x08004f6c       0x38 Drivers\STM32F7xx_HAL_Driver\stm32f7xx_hal_uart.o
 .text.HAL_UART_RxHalfCpltCallback
                0x08004fa4        0x4 Drivers\STM32F7xx_HAL_Driver\stm32f7xx_hal_uart.o
                0x08004fa4                HAL_UART_RxHalfCpltCallback
 .text.UART_DMARxHalfCplt
                0x08004fa8        0xc Drivers\STM32F7xx_HAL_Driver\stm32f7xx_hal_uart.o
 .text.UART_DMAError
                0x08004fb4       0x68 Drivers\STM32F7xx_HAL_Driver\stm32f7xx_hal_uart.o
 .text.HAL_UART_IRQHandler
                0x0800501c      0x28c Drivers\STM32F7xx_HAL_Driver\stm32f7xx_hal_uart.o
                0x0800501c                HAL_UART_IRQHandler
 .text.UART_DMAAbortOnError
                0x080052a8       0x18 Drivers\STM32F7xx_HAL_Driver\stm32f7xx_hal_uart.o
 .text.UART_AdvFeatureConfig
                0x080052c0       0xb0 Drivers\STM32F7xx_HAL_Driver\stm32f7xx_hal_uart.o
                0x080052c0                UART_AdvFeatureConfig
 .text.HAL_UART_Init
                0x08005370      0x388 Drivers\STM32F7xx_HAL_Driver\stm32f7xx_hal_uart.o
                0x08005370                HAL_UART_Init
 .text.USB_CoreInit
                0x080056f8       0xb8 Drivers\STM32F7xx_HAL_Driver\stm32f7xx_ll_usb.o
                0x080056f8                USB_CoreInit
 .text.USB_DisableGlobalInt
                0x080057b0       0x10 Drivers\STM32F7xx_HAL_Driver\stm32f7xx_ll_usb.o
                0x080057b0                USB_DisableGlobalInt
 .text.USB_SetCurrentMode
                0x080057c0       0x34 Drivers\STM32F7xx_HAL_Driver\stm32f7xx_ll_usb.o
                0x080057c0                USB_SetCurrentMode
 .text.USB_DevInit
                0x080057f4      0x1b0 Drivers\STM32F7xx_HAL_Driver\stm32f7xx_ll_usb.o
                0x080057f4                USB_DevInit
 .text.USB_DevDisconnect
                0x080059a4       0x18 Drivers\STM32F7xx_HAL_Driver\stm32f7xx_ll_usb.o
                0x080059a4                USB_DevDisconnect
 .text.osKernelStart
                0x080059bc        0xc Middlewares\FreeRTOS\cmsis_os.o
                0x080059bc                osKernelStart
 .text.osThreadCreate
                0x080059c8       0x30 Middlewares\FreeRTOS\cmsis_os.o
                0x080059c8                osThreadCreate
 .text.osDelay  0x080059f8       0x10 Middlewares\FreeRTOS\cmsis_os.o
                0x080059f8                osDelay
 .text.osMutexCreate
                0x08005a08        0x8 Middlewares\FreeRTOS\cmsis_os.o
                0x08005a08                osMutexCreate
 .text.osMessageCreate
                0x08005a10        0x8 Middlewares\FreeRTOS\cmsis_os.o
                0x08005a10                osMessageCreate
 .text.osSystickHandler
                0x08005a18       0x14 Middlewares\FreeRTOS\cmsis_os.o
                0x08005a18                osSystickHandler
 .text.unlikely.prvInsertBlockIntoFreeList
                0x08005a2c       0x50 Middlewares\FreeRTOS\heap_4.o
 .text.pvPortMalloc
                0x08005a7c      0x13c Middlewares\FreeRTOS\heap_4.o
                0x08005a7c                pvPortMalloc
 .text.vPortFree
                0x08005bb8       0x78 Middlewares\FreeRTOS\heap_4.o
                0x08005bb8                vPortFree
 .text.vListInitialise
                0x08005c30       0x18 Middlewares\FreeRTOS\list.o
                0x08005c30                vListInitialise
 .text.vListInitialiseItem
                0x08005c48        0x8 Middlewares\FreeRTOS\list.o
                0x08005c48                vListInitialiseItem
 .text.vListInsertEnd
                0x08005c50       0x20 Middlewares\FreeRTOS\list.o
                0x08005c50                vListInsertEnd
 .text.vListInsert
                0x08005c70       0x34 Middlewares\FreeRTOS\list.o
                0x08005c70                vListInsert
 .text.uxListRemove
                0x08005ca4       0x28 Middlewares\FreeRTOS\list.o
                0x08005ca4                uxListRemove
 .text.prvTaskExitError
                0x08005ccc       0x38 Middlewares\FreeRTOS\port.o
 .text.prvPortStartFirstTask
                0x08005d04       0x20 Middlewares\FreeRTOS\port.o
 .text.vPortEnableVFP
                0x08005d24       0x14 Middlewares\FreeRTOS\port.o
 .text.pxPortInitialiseStack
                0x08005d38       0x30 Middlewares\FreeRTOS\port.o
                0x08005d38                pxPortInitialiseStack
 *fill*         0x08005d68        0x8 
 .text.SVC_Handler
                0x08005d70       0x24 Middlewares\FreeRTOS\port.o
                0x08005d70                SVC_Handler
 .text.vPortEnterCritical
                0x08005d94       0x4c Middlewares\FreeRTOS\port.o
                0x08005d94                vPortEnterCritical
 .text.vPortExitCritical
                0x08005de0       0x2c Middlewares\FreeRTOS\port.o
                0x08005de0                vPortExitCritical
 *fill*         0x08005e0c        0x4 
 .text.PendSV_Handler
                0x08005e10       0x64 Middlewares\FreeRTOS\port.o
                0x08005e10                PendSV_Handler
 .text.xPortSysTickHandler
                0x08005e74       0x30 Middlewares\FreeRTOS\port.o
                0x08005e74                xPortSysTickHandler
 .text.vPortSetupTimerInterrupt
                0x08005ea4       0x2c Middlewares\FreeRTOS\port.o
                0x08005ea4                vPortSetupTimerInterrupt
 .text.xPortStartScheduler
                0x08005ed0       0xa8 Middlewares\FreeRTOS\port.o
                0x08005ed0                xPortStartScheduler
 .text.vPortValidateInterruptPriority
                0x08005f78       0x64 Middlewares\FreeRTOS\port.o
                0x08005f78                vPortValidateInterruptPriority
 .text.unlikely.prvCopyDataToQueue
                0x08005fdc       0x6c Middlewares\FreeRTOS\queue.o
 .text.unlikely.prvCopyDataFromQueue
                0x08006048       0x26 Middlewares\FreeRTOS\queue.o
 *fill*         0x0800606e        0x2 
 .text.prvUnlockQueue
                0x08006070       0x94 Middlewares\FreeRTOS\queue.o
 .text.xQueueGenericCreate
                0x08006104       0x7c Middlewares\FreeRTOS\queue.o
                0x08006104                xQueueGenericCreate
 .text.xQueueGenericSend
                0x08006180      0x2cc Middlewares\FreeRTOS\queue.o
                0x08006180                xQueueGenericSend
 .text.xQueueCreateMutex
                0x0800644c       0x68 Middlewares\FreeRTOS\queue.o
                0x0800644c                xQueueCreateMutex
 .text.xQueueGenericSendFromISR
                0x080064b4       0xe0 Middlewares\FreeRTOS\queue.o
                0x080064b4                xQueueGenericSendFromISR
 .text.xQueueGenericReceive
                0x08006594      0x2d4 Middlewares\FreeRTOS\queue.o
                0x08006594                xQueueGenericReceive
 .text.prvAddCurrentTaskToDelayedList
                0x08006868       0x8c Middlewares\FreeRTOS\tasks.o
 .text.xTaskCreate
                0x080068f4      0x260 Middlewares\FreeRTOS\tasks.o
                0x080068f4                xTaskCreate
 .text.vTaskStartScheduler
                0x08006b54       0x80 Middlewares\FreeRTOS\tasks.o
                0x08006b54                vTaskStartScheduler
 .text.vTaskSuspendAll
                0x08006bd4       0x10 Middlewares\FreeRTOS\tasks.o
                0x08006bd4                vTaskSuspendAll
 .text.xTaskIncrementTick
                0x08006be4      0x160 Middlewares\FreeRTOS\tasks.o
                0x08006be4                xTaskIncrementTick
 .text.xTaskResumeAll
                0x08006d44      0x120 Middlewares\FreeRTOS\tasks.o
                0x08006d44                xTaskResumeAll
 .text.vTaskDelay
                0x08006e64       0x50 Middlewares\FreeRTOS\tasks.o
                0x08006e64                vTaskDelay
 .text.prvIdleTask
                0x08006eb4       0x90 Middlewares\FreeRTOS\tasks.o
 .text.vTaskSwitchContext
                0x08006f44       0x7c Middlewares\FreeRTOS\tasks.o
                0x08006f44                vTaskSwitchContext
 .text.vTaskPlaceOnEventList
                0x08006fc0       0xa8 Middlewares\FreeRTOS\tasks.o
                0x08006fc0                vTaskPlaceOnEventList
 .text.xTaskRemoveFromEventList
                0x08007068       0x90 Middlewares\FreeRTOS\tasks.o
                0x08007068                xTaskRemoveFromEventList
 .text.vTaskSetTimeOutState
                0x080070f8       0x30 Middlewares\FreeRTOS\tasks.o
                0x080070f8                vTaskSetTimeOutState
 .text.xTaskCheckForTimeOut
                0x08007128       0x90 Middlewares\FreeRTOS\tasks.o
                0x08007128                xTaskCheckForTimeOut
 .text.vTaskMissedYield
                0x080071b8        0xc Middlewares\FreeRTOS\tasks.o
                0x080071b8                vTaskMissedYield
 .text.xTaskGetSchedulerState
                0x080071c4       0x20 Middlewares\FreeRTOS\tasks.o
                0x080071c4                xTaskGetSchedulerState
 .text.vTaskPriorityInherit
                0x080071e4       0x9c Middlewares\FreeRTOS\tasks.o
                0x080071e4                vTaskPriorityInherit
 .text.xTaskPriorityDisinherit
                0x08007280       0xbc Middlewares\FreeRTOS\tasks.o
                0x08007280                xTaskPriorityDisinherit
 .text.pvTaskIncrementMutexHeldCount
                0x0800733c       0x18 Middlewares\FreeRTOS\tasks.o
                0x0800733c                pvTaskIncrementMutexHeldCount
 *fill*         0x08007354        0x4 
 .text.cos      0x08007358       0x78 c:/program files (x86)/atollic/truestudio for arm 8.1.0/armtools/bin/../lib/gcc/arm-atollic-eabi/6.3.1/../../../../arm-atollic-eabi/lib/armv7e-m/fpu/fpv5-d16\libm.a(lib_a-s_cos.o)
                0x08007358                cos
 .text.sin      0x080073d0       0x78 c:/program files (x86)/atollic/truestudio for arm 8.1.0/armtools/bin/../lib/gcc/arm-atollic-eabi/6.3.1/../../../../arm-atollic-eabi/lib/armv7e-m/fpu/fpv5-d16\libm.a(lib_a-s_sin.o)
                0x080073d0                sin
 .text.__ieee754_rem_pio2
                0x08007448      0x280 c:/program files (x86)/atollic/truestudio for arm 8.1.0/armtools/bin/../lib/gcc/arm-atollic-eabi/6.3.1/../../../../arm-atollic-eabi/lib/armv7e-m/fpu/fpv5-d16\libm.a(lib_a-e_rem_pio2.o)
                0x08007448                __ieee754_rem_pio2
 .text.__kernel_cos
                0x080076c8       0xd8 c:/program files (x86)/atollic/truestudio for arm 8.1.0/armtools/bin/../lib/gcc/arm-atollic-eabi/6.3.1/../../../../arm-atollic-eabi/lib/armv7e-m/fpu/fpv5-d16\libm.a(lib_a-k_cos.o)
                0x080076c8                __kernel_cos
 .text.__kernel_rem_pio2
                0x080077a0      0x4e8 c:/program files (x86)/atollic/truestudio for arm 8.1.0/armtools/bin/../lib/gcc/arm-atollic-eabi/6.3.1/../../../../arm-atollic-eabi/lib/armv7e-m/fpu/fpv5-d16\libm.a(lib_a-k_rem_pio2.o)
                0x080077a0                __kernel_rem_pio2
 .text.__kernel_sin
                0x08007c88       0xb0 c:/program files (x86)/atollic/truestudio for arm 8.1.0/armtools/bin/../lib/gcc/arm-atollic-eabi/6.3.1/../../../../arm-atollic-eabi/lib/armv7e-m/fpu/fpv5-d16\libm.a(lib_a-k_sin.o)
                0x08007c88                __kernel_sin
 .text.fabs     0x08007d38        0xe c:/program files (x86)/atollic/truestudio for arm 8.1.0/armtools/bin/../lib/gcc/arm-atollic-eabi/6.3.1/../../../../arm-atollic-eabi/lib/armv7e-m/fpu/fpv5-d16\libm.a(lib_a-s_fabs.o)
                0x08007d38                fabs
 *fill*         0x08007d46        0x2 
 .text.floor    0x08007d48       0xf0 c:/program files (x86)/atollic/truestudio for arm 8.1.0/armtools/bin/../lib/gcc/arm-atollic-eabi/6.3.1/../../../../arm-atollic-eabi/lib/armv7e-m/fpu/fpv5-d16\libm.a(lib_a-s_floor.o)
                0x08007d48                floor
 .text.scalbn   0x08007e38       0xfc c:/program files (x86)/atollic/truestudio for arm 8.1.0/armtools/bin/../lib/gcc/arm-atollic-eabi/6.3.1/../../../../arm-atollic-eabi/lib/armv7e-m/fpu/fpv5-d16\libm.a(lib_a-s_scalbn.o)
                0x08007e38                scalbn
 .text.copysign
                0x08007f34       0x1a c:/program files (x86)/atollic/truestudio for arm 8.1.0/armtools/bin/../lib/gcc/arm-atollic-eabi/6.3.1/../../../../arm-atollic-eabi/lib/armv7e-m/fpu/fpv5-d16\libm.a(lib_a-s_copysign.o)
                0x08007f34                copysign
 *fill*         0x08007f4e        0x2 
 .text.__libc_init_array
                0x08007f50       0x48 c:/program files (x86)/atollic/truestudio for arm 8.1.0/armtools/bin/../lib/gcc/arm-atollic-eabi/6.3.1/../../../../arm-atollic-eabi/lib/armv7e-m/fpu/fpv5-d16\libc_nano.a(lib_a-init.o)
                0x08007f50                __libc_init_array
 .text.memcpy   0x08007f98       0x16 c:/program files (x86)/atollic/truestudio for arm 8.1.0/armtools/bin/../lib/gcc/arm-atollic-eabi/6.3.1/../../../../arm-atollic-eabi/lib/armv7e-m/fpu/fpv5-d16\libc_nano.a(lib_a-memcpy-stub.o)
                0x08007f98                memcpy
 .text.memset   0x08007fae       0x10 c:/program files (x86)/atollic/truestudio for arm 8.1.0/armtools/bin/../lib/gcc/arm-atollic-eabi/6.3.1/../../../../arm-atollic-eabi/lib/armv7e-m/fpu/fpv5-d16\libc_nano.a(lib_a-memset.o)
                0x08007fae                memset
 *(.glue_7)
 .glue_7        0x08007fbe        0x0 linker stubs
 *(.glue_7t)
 .glue_7t       0x08007fbe        0x0 linker stubs
 *(.eh_frame)
 *fill*         0x08007fbe        0x2 
 .eh_frame      0x08007fc0        0x0 c:/program files (x86)/atollic/truestudio for arm 8.1.0/armtools/bin/../lib/gcc/arm-atollic-eabi/6.3.1/armv7e-m/fpu/fpv5-d16/crtbegin.o
 *(.init)
 .init          0x08007fc0        0x4 c:/program files (x86)/atollic/truestudio for arm 8.1.0/armtools/bin/../lib/gcc/arm-atollic-eabi/6.3.1/armv7e-m/fpu/fpv5-d16/crti.o
                0x08007fc0                _init
 .init          0x08007fc4        0x8 c:/program files (x86)/atollic/truestudio for arm 8.1.0/armtools/bin/../lib/gcc/arm-atollic-eabi/6.3.1/armv7e-m/fpu/fpv5-d16/crtn.o
 *(.fini)
 .fini          0x08007fcc        0x4 c:/program files (x86)/atollic/truestudio for arm 8.1.0/armtools/bin/../lib/gcc/arm-atollic-eabi/6.3.1/armv7e-m/fpu/fpv5-d16/crti.o
                0x08007fcc                _fini
 .fini          0x08007fd0        0x8 c:/program files (x86)/atollic/truestudio for arm 8.1.0/armtools/bin/../lib/gcc/arm-atollic-eabi/6.3.1/armv7e-m/fpu/fpv5-d16/crtn.o
                0x08007fd8                . = ALIGN (0x4)
                0x08007fd8                _etext = .

.vfp11_veneer   0x08007fd8        0x0
 .vfp11_veneer  0x08007fd8        0x0 linker stubs

.v4_bx          0x08007fd8        0x0
 .v4_bx         0x08007fd8        0x0 linker stubs

.iplt           0x08007fd8        0x0
 .iplt          0x08007fd8        0x0 c:/program files (x86)/atollic/truestudio for arm 8.1.0/armtools/bin/../lib/gcc/arm-atollic-eabi/6.3.1/armv7e-m/fpu/fpv5-d16/crtbegin.o

.rodata         0x08007fd8      0x3f8
                0x08007fd8                . = ALIGN (0x4)
 *(.rodata)
 .rodata        0x08007fd8       0x30 Application\User\Idletasks\idletasks.o
 .rodata        0x08008008       0xb4 Application\User\freertos.o
 *(.rodata*)
 .rodata.HAL_UART_ErrorCallback.str1.4
                0x080080bc       0x19 Application\User\ISRs\isrSensors.o
 *fill*         0x080080d5        0x3 
 .rodata.MX_DFSDM1_Init.str1.4
                0x080080d8       0x15 Application\User\dfsdm.o
 *fill*         0x080080ed        0x3 
 .rodata.str1.4
                0x080080f0       0x60 Application\User\freertos.o
 .rodata.MX_I2C4_Init.str1.4
                0x08008150       0x13 Application\User\i2c.o
 *fill*         0x08008163        0x1 
 .rodata.MX_SPI1_Init.str1.4
                0x08008164       0x13 Application\User\spi.o
 *fill*         0x08008177        0x1 
 .rodata.MX_TIM1_Init.str1.4
                0x08008178       0x13 Application\User\tim.o
 *fill*         0x0800818b        0x1 
 .rodata.MX_UART4_Init.str1.4
                0x0800818c       0x15 Application\User\usart.o
 *fill*         0x080081a1        0x3 
 .rodata.MX_USB_OTG_HS_PCD_Init.str1.4
                0x080081a4       0x17 Application\User\usb_otg.o
 *fill*         0x080081bb        0x1 
 .rodata.AHBPrescTable
                0x080081bc       0x10 Drivers\CMSIS\system_stm32f7xx.o
                0x080081bc                AHBPrescTable
 .rodata.APBPrescTable
                0x080081cc        0x8 Drivers\CMSIS\system_stm32f7xx.o
                0x080081cc                APBPrescTable
 .rodata.flagBitshiftOffset.10272
                0x080081d4        0x8 Drivers\STM32F7xx_HAL_Driver\stm32f7xx_hal_dma.o
 .rodata.CSWTCH.38
                0x080081dc        0x4 Drivers\STM32F7xx_HAL_Driver\stm32f7xx_hal_uart.o
 .rodata.CSWTCH.39
                0x080081e0        0xd Drivers\STM32F7xx_HAL_Driver\stm32f7xx_hal_uart.o
 *fill*         0x080081ed        0x3 
 .rodata.vTaskStartScheduler.str1.4
                0x080081f0        0x8 Middlewares\FreeRTOS\tasks.o
                                  0x5 (size before relaxing)
 .rodata.npio2_hw
                0x080081f8       0x80 c:/program files (x86)/atollic/truestudio for arm 8.1.0/armtools/bin/../lib/gcc/arm-atollic-eabi/6.3.1/../../../../arm-atollic-eabi/lib/armv7e-m/fpu/fpv5-d16\libm.a(lib_a-e_rem_pio2.o)
 .rodata.two_over_pi
                0x08008278      0x108 c:/program files (x86)/atollic/truestudio for arm 8.1.0/armtools/bin/../lib/gcc/arm-atollic-eabi/6.3.1/../../../../arm-atollic-eabi/lib/armv7e-m/fpu/fpv5-d16\libm.a(lib_a-e_rem_pio2.o)
 .rodata.PIo2   0x08008380       0x40 c:/program files (x86)/atollic/truestudio for arm 8.1.0/armtools/bin/../lib/gcc/arm-atollic-eabi/6.3.1/../../../../arm-atollic-eabi/lib/armv7e-m/fpu/fpv5-d16\libm.a(lib_a-k_rem_pio2.o)
 .rodata.init_jk
                0x080083c0       0x10 c:/program files (x86)/atollic/truestudio for arm 8.1.0/armtools/bin/../lib/gcc/arm-atollic-eabi/6.3.1/../../../../arm-atollic-eabi/lib/armv7e-m/fpu/fpv5-d16\libm.a(lib_a-k_rem_pio2.o)
                0x080083d0                . = ALIGN (0x4)

.rel.dyn        0x080083d0        0x0
 .rel.iplt      0x080083d0        0x0 c:/program files (x86)/atollic/truestudio for arm 8.1.0/armtools/bin/../lib/gcc/arm-atollic-eabi/6.3.1/armv7e-m/fpu/fpv5-d16/crtbegin.o

.ARM.extab
 *(.ARM.extab* .gnu.linkonce.armextab.*)

.ARM            0x080083d0        0x0
                0x080083d0                __exidx_start = .
 *(.ARM.exidx*)
                0x080083d0                __exidx_end = .

.preinit_array  0x080083d0        0x0
                0x080083d0                PROVIDE (__preinit_array_start, .)
 *(.preinit_array*)
                0x080083d0                PROVIDE (__preinit_array_end, .)

.init_array     0x080083d0        0x4
                0x080083d0                PROVIDE (__init_array_start, .)
 *(SORT(.init_array.*))
 *(.init_array*)
 .init_array    0x080083d0        0x4 c:/program files (x86)/atollic/truestudio for arm 8.1.0/armtools/bin/../lib/gcc/arm-atollic-eabi/6.3.1/armv7e-m/fpu/fpv5-d16/crtbegin.o
                0x080083d4                PROVIDE (__init_array_end, .)

.fini_array     0x080083d4        0x4
                [!provide]                PROVIDE (__fini_array_start, .)
 *(SORT(.fini_array.*))
 *(.fini_array*)
 .fini_array    0x080083d4        0x4 c:/program files (x86)/atollic/truestudio for arm 8.1.0/armtools/bin/../lib/gcc/arm-atollic-eabi/6.3.1/armv7e-m/fpu/fpv5-d16/crtbegin.o
                [!provide]                PROVIDE (__fini_array_end, .)
                0x080083d8                _sidata = LOADADDR (.data)

.data           0x20000000       0x18 load address 0x080083d8
                0x20000000                . = ALIGN (0x4)
                0x20000000                _sdata = .
 *(.data)
 *(.data*)
 .data.enchall  0x20000000        0xe Application\User\ISRs\isrSensors.o
 *fill*         0x2000000e        0x2 
 .data.SystemCoreClock
                0x20000010        0x4 Drivers\CMSIS\system_stm32f7xx.o
                0x20000010                SystemCoreClock
 .data.uxCriticalNesting
                0x20000014        0x4 Middlewares\FreeRTOS\port.o
                0x20000018                . = ALIGN (0x4)
                0x20000018                _edata = .

.igot.plt       0x20000018        0x0 load address 0x080083f0
 .igot.plt      0x20000018        0x0 c:/program files (x86)/atollic/truestudio for arm 8.1.0/armtools/bin/../lib/gcc/arm-atollic-eabi/6.3.1/armv7e-m/fpu/fpv5-d16/crtbegin.o
                0x20000018                . = ALIGN (0x4)

.bss            0x20000018     0x47bc load address 0x080083f0
                0x20000018                _sbss = .
                0x20000018                __bss_start__ = _sbss
 *(.bss)
 .bss           0x20000018       0x1c c:/program files (x86)/atollic/truestudio for arm 8.1.0/armtools/bin/../lib/gcc/arm-atollic-eabi/6.3.1/armv7e-m/fpu/fpv5-d16/crtbegin.o
 *(.bss*)
 .bss.last5bitsdata
                0x20000034        0x2 Application\User\ISRs\isrSensors.o
 *fill*         0x20000036        0x2 
 .bss.motorcurrent
                0x20000038       0x10 Application\User\ISRs\isrSensors.o
 .bss.xHigherPriorityTaskWoken.10940
                0x20000048        0x4 Application\User\ISRs\isrSensors.o
 .bss.DFSDM1_Init
                0x2000004c        0x4 Application\User\dfsdm.o
 .bss.HAL_RCC_DFSDM1_CLK_ENABLED
                0x20000050        0x4 Application\User\dfsdm.o
 .bss.a_dfsdm1ChannelHandle
                0x20000054       0x20 Drivers\STM32F7xx_HAL_Driver\stm32f7xx_hal_dfsdm.o
                0x20000054                a_dfsdm1ChannelHandle
 .bss.v_dfsdm1ChannelCounter
                0x20000074        0x4 Drivers\STM32F7xx_HAL_Driver\stm32f7xx_hal_dfsdm.o
                0x20000074                v_dfsdm1ChannelCounter
 .bss.pxEnd     0x20000078        0x4 Middlewares\FreeRTOS\heap_4.o
 .bss.ucHeap    0x2000007c     0x3c00 Middlewares\FreeRTOS\heap_4.o
 .bss.xBlockAllocatedBit
                0x20003c7c        0x4 Middlewares\FreeRTOS\heap_4.o
 .bss.xFreeBytesRemaining
                0x20003c80        0x4 Middlewares\FreeRTOS\heap_4.o
 .bss.xMinimumEverFreeBytesRemaining
                0x20003c84        0x4 Middlewares\FreeRTOS\heap_4.o
 .bss.xStart    0x20003c88        0x8 Middlewares\FreeRTOS\heap_4.o
 .bss.ucMaxSysCallPriority
                0x20003c90        0x1 Middlewares\FreeRTOS\port.o
 *fill*         0x20003c91        0x3 
 .bss.ulMaxPRIGROUPValue
                0x20003c94        0x4 Middlewares\FreeRTOS\port.o
 .bss.pxCurrentTCB
                0x20003c98        0x4 Middlewares\FreeRTOS\tasks.o
                0x20003c98                pxCurrentTCB
 .bss.pxDelayedTaskList
                0x20003c9c        0x4 Middlewares\FreeRTOS\tasks.o
 .bss.pxOverflowDelayedTaskList
                0x20003ca0        0x4 Middlewares\FreeRTOS\tasks.o
 .bss.pxReadyTasksLists
                0x20003ca4       0x8c Middlewares\FreeRTOS\tasks.o
 .bss.uxCurrentNumberOfTasks
                0x20003d30        0x4 Middlewares\FreeRTOS\tasks.o
 .bss.uxDeletedTasksWaitingCleanUp
                0x20003d34        0x4 Middlewares\FreeRTOS\tasks.o
 .bss.uxPendedTicks
                0x20003d38        0x4 Middlewares\FreeRTOS\tasks.o
 .bss.uxSchedulerSuspended
                0x20003d3c        0x4 Middlewares\FreeRTOS\tasks.o
 .bss.uxTaskNumber
                0x20003d40        0x4 Middlewares\FreeRTOS\tasks.o
 .bss.uxTopReadyPriority
                0x20003d44        0x4 Middlewares\FreeRTOS\tasks.o
 .bss.xDelayedTaskList1
                0x20003d48       0x14 Middlewares\FreeRTOS\tasks.o
 .bss.xDelayedTaskList2
                0x20003d5c       0x14 Middlewares\FreeRTOS\tasks.o
 .bss.xIdleTaskHandle
                0x20003d70        0x4 Middlewares\FreeRTOS\tasks.o
 .bss.xNextTaskUnblockTime
                0x20003d74        0x4 Middlewares\FreeRTOS\tasks.o
 .bss.xNumOfOverflows
                0x20003d78        0x4 Middlewares\FreeRTOS\tasks.o
 .bss.xPendingReadyList
                0x20003d7c       0x14 Middlewares\FreeRTOS\tasks.o
 .bss.xSchedulerRunning
                0x20003d90        0x4 Middlewares\FreeRTOS\tasks.o
 .bss.xSuspendedTaskList
                0x20003d94       0x14 Middlewares\FreeRTOS\tasks.o
 .bss.xTasksWaitingTermination
                0x20003da8       0x14 Middlewares\FreeRTOS\tasks.o
 .bss.xTickCount
                0x20003dbc        0x4 Middlewares\FreeRTOS\tasks.o
 .bss.xYieldPending
                0x20003dc0        0x4 Middlewares\FreeRTOS\tasks.o
 *(COMMON)
 COMMON         0x20003dc4        0xd Application\User\ISRs\isrSensors.o
                0x20003dc4                enchall_buff
                0x20003dcc                order_buff
 *fill*         0x20003dd1        0x3 
 COMMON         0x20003dd4      0x1d8 Application\User\dfsdm.o
                0x20003dd4                hdfsdm1_filter0
                0x20003e28                hdfsdm1_channel3
                0x20003e60                hdma_dfsdm1_flt1
                0x20003ec0                hdma_dfsdm1_flt0
                0x20003f20                hdfsdm1_filter1
                0x20003f74                hdfsdm1_channel0
 COMMON         0x20003fac       0x34 Application\User\freertos.o
                0x20003fac                conresQueueHandle
                0x20003fb0                buzzertoneTaskHandle
                0x20003fb4                buzzerQueueHandle
                0x20003fb8                rythmQueueHandle
                0x20003fbc                enchallTaskHandle
                0x20003fc0                buzzerMutexHandle
                0x20003fc4                enchallQueueHandle
                0x20003fc8                controlTaskHandle
                0x20003fcc                ledgreenTaskHandle
                0x20003fd0                ledblueTaskHandle
                0x20003fd4                shuntQueueHandle
                0x20003fd8                iwdgTaskHandle
                0x20003fdc                buzzerrythmTaskHandle
 COMMON         0x20003fe0       0x4c Application\User\i2c.o
                0x20003fe0                hi2c4
 COMMON         0x2000402c       0x64 Application\User\spi.o
                0x2000402c                hspi1
 COMMON         0x20004090       0x40 Application\User\stm32f7xx_hal_timebase_TIM.o
                0x20004090                htim4
 COMMON         0x200040d0       0x80 Application\User\tim.o
                0x200040d0                htim1
                0x20004110                htim2
 COMMON         0x20004150      0x280 Application\User\usart.o
                0x20004150                hdma_uart4_rx
                0x200041b0                huart3
                0x20004220                hdma_usart1_rx
                0x20004280                huart1
                0x200042f0                huart8
                0x20004360                huart4
 COMMON         0x200043d0      0x400 Application\User\usb_otg.o
                0x200043d0                hpcd_USB_OTG_HS
 COMMON         0x200047d0        0x4 Drivers\STM32F7xx_HAL_Driver\stm32f7xx_hal.o
                0x200047d0                uwTick
                0x200047d4                . = ALIGN (0x4)
                0x200047d4                _ebss = .
                0x200047d4                __bss_end__ = _ebss

._user_heap_stack
                0x200047d4      0x600 load address 0x080083f0
                0x200047d4                . = ALIGN (0x4)
                [!provide]                PROVIDE (end, .)
                [!provide]                PROVIDE (_end, .)
                0x200049d4                . = (. + _Min_Heap_Size)
 *fill*         0x200047d4      0x200 
                0x20004dd4                . = (. + _Min_Stack_Size)
 *fill*         0x200049d4      0x400 
                0x20004dd4                . = ALIGN (0x4)

/DISCARD/
 libc.a(*)
 libm.a(*)
 libgcc.a(*)

.ARM.attributes
                0x00000000       0x2e
 *(.ARM.attributes)
 .ARM.attributes
                0x00000000       0x20 c:/program files (x86)/atollic/truestudio for arm 8.1.0/armtools/bin/../lib/gcc/arm-atollic-eabi/6.3.1/armv7e-m/fpu/fpv5-d16/crti.o
 .ARM.attributes
                0x00000020       0x32 c:/program files (x86)/atollic/truestudio for arm 8.1.0/armtools/bin/../lib/gcc/arm-atollic-eabi/6.3.1/armv7e-m/fpu/fpv5-d16/crtbegin.o
 .ARM.attributes
                0x00000052       0x21 Application\TrueSTUDIO\startup_stm32f765xx.o
 .ARM.attributes
                0x00000073       0x33 Application\User\Foc\controlFoc.o
 .ARM.attributes
                0x000000a6       0x33 Application\User\ISRs\isrSensors.o
 .ARM.attributes
                0x000000d9       0x33 Application\User\Idletasks\idletasks.o
 .ARM.attributes
                0x0000010c       0x33 Application\User\SYSINIT\sysinitial.o
 .ARM.attributes
                0x0000013f       0x33 Application\User\debug\datatraceDebug.o
 .ARM.attributes
                0x00000172       0x33 Application\User\dfsdm.o
 .ARM.attributes
                0x000001a5       0x33 Application\User\dma.o
 .ARM.attributes
                0x000001d8       0x33 Application\User\freertos.o
 .ARM.attributes
                0x0000020b       0x33 Application\User\gpio.o
 .ARM.attributes
                0x0000023e       0x33 Application\User\i2c.o
 .ARM.attributes
                0x00000271       0x33 Application\User\main.o
 .ARM.attributes
                0x000002a4       0x33 Application\User\spi.o
 .ARM.attributes
                0x000002d7       0x33 Application\User\stm32f7xx_hal_msp.o
 .ARM.attributes
                0x0000030a       0x33 Application\User\stm32f7xx_hal_timebase_TIM.o
 .ARM.attributes
                0x0000033d       0x33 Application\User\stm32f7xx_it.o
 .ARM.attributes
                0x00000370       0x33 Application\User\tim.o
 .ARM.attributes
                0x000003a3       0x33 Application\User\usart.o
 .ARM.attributes
                0x000003d6       0x33 Application\User\usb_otg.o
 .ARM.attributes
                0x00000409       0x33 Drivers\CMSIS\system_stm32f7xx.o
 .ARM.attributes
                0x0000043c       0x33 Drivers\STM32F7xx_HAL_Driver\stm32f7xx_hal.o
 .ARM.attributes
                0x0000046f       0x33 Drivers\STM32F7xx_HAL_Driver\stm32f7xx_hal_cortex.o
 .ARM.attributes
                0x000004a2       0x33 Drivers\STM32F7xx_HAL_Driver\stm32f7xx_hal_dfsdm.o
 .ARM.attributes
                0x000004d5       0x33 Drivers\STM32F7xx_HAL_Driver\stm32f7xx_hal_dma.o
 .ARM.attributes
                0x00000508       0x33 Drivers\STM32F7xx_HAL_Driver\stm32f7xx_hal_gpio.o
 .ARM.attributes
                0x0000053b       0x33 Drivers\STM32F7xx_HAL_Driver\stm32f7xx_hal_i2c.o
 .ARM.attributes
                0x0000056e       0x33 Drivers\STM32F7xx_HAL_Driver\stm32f7xx_hal_i2c_ex.o
 .ARM.attributes
                0x000005a1       0x33 Drivers\STM32F7xx_HAL_Driver\stm32f7xx_hal_pcd.o
 .ARM.attributes
                0x000005d4       0x33 Drivers\STM32F7xx_HAL_Driver\stm32f7xx_hal_pcd_ex.o
 .ARM.attributes
                0x00000607       0x33 Drivers\STM32F7xx_HAL_Driver\stm32f7xx_hal_pwr_ex.o
 .ARM.attributes
                0x0000063a       0x33 Drivers\STM32F7xx_HAL_Driver\stm32f7xx_hal_rcc.o
 .ARM.attributes
                0x0000066d       0x33 Drivers\STM32F7xx_HAL_Driver\stm32f7xx_hal_rcc_ex.o
 .ARM.attributes
                0x000006a0       0x33 Drivers\STM32F7xx_HAL_Driver\stm32f7xx_hal_spi.o
 .ARM.attributes
                0x000006d3       0x33 Drivers\STM32F7xx_HAL_Driver\stm32f7xx_hal_tim.o
 .ARM.attributes
                0x00000706       0x33 Drivers\STM32F7xx_HAL_Driver\stm32f7xx_hal_tim_ex.o
 .ARM.attributes
                0x00000739       0x33 Drivers\STM32F7xx_HAL_Driver\stm32f7xx_hal_uart.o
 .ARM.attributes
                0x0000076c       0x33 Drivers\STM32F7xx_HAL_Driver\stm32f7xx_ll_usb.o
 .ARM.attributes
                0x0000079f       0x33 Middlewares\FreeRTOS\cmsis_os.o
 .ARM.attributes
                0x000007d2       0x33 Middlewares\FreeRTOS\heap_4.o
 .ARM.attributes
                0x00000805       0x33 Middlewares\FreeRTOS\list.o
 .ARM.attributes
                0x00000838       0x33 Middlewares\FreeRTOS\port.o
 .ARM.attributes
                0x0000086b       0x33 Middlewares\FreeRTOS\queue.o
 .ARM.attributes
                0x0000089e       0x33 Middlewares\FreeRTOS\tasks.o
 .ARM.attributes
                0x000008d1       0x32 c:/program files (x86)/atollic/truestudio for arm 8.1.0/armtools/bin/../lib/gcc/arm-atollic-eabi/6.3.1/../../../../arm-atollic-eabi/lib/armv7e-m/fpu/fpv5-d16\libm.a(lib_a-s_cos.o)
 .ARM.attributes
                0x00000903       0x32 c:/program files (x86)/atollic/truestudio for arm 8.1.0/armtools/bin/../lib/gcc/arm-atollic-eabi/6.3.1/../../../../arm-atollic-eabi/lib/armv7e-m/fpu/fpv5-d16\libm.a(lib_a-s_sin.o)
 .ARM.attributes
                0x00000935       0x32 c:/program files (x86)/atollic/truestudio for arm 8.1.0/armtools/bin/../lib/gcc/arm-atollic-eabi/6.3.1/../../../../arm-atollic-eabi/lib/armv7e-m/fpu/fpv5-d16\libm.a(lib_a-e_rem_pio2.o)
 .ARM.attributes
                0x00000967       0x32 c:/program files (x86)/atollic/truestudio for arm 8.1.0/armtools/bin/../lib/gcc/arm-atollic-eabi/6.3.1/../../../../arm-atollic-eabi/lib/armv7e-m/fpu/fpv5-d16\libm.a(lib_a-k_cos.o)
 .ARM.attributes
                0x00000999       0x32 c:/program files (x86)/atollic/truestudio for arm 8.1.0/armtools/bin/../lib/gcc/arm-atollic-eabi/6.3.1/../../../../arm-atollic-eabi/lib/armv7e-m/fpu/fpv5-d16\libm.a(lib_a-k_rem_pio2.o)
 .ARM.attributes
                0x000009cb       0x32 c:/program files (x86)/atollic/truestudio for arm 8.1.0/armtools/bin/../lib/gcc/arm-atollic-eabi/6.3.1/../../../../arm-atollic-eabi/lib/armv7e-m/fpu/fpv5-d16\libm.a(lib_a-k_sin.o)
 .ARM.attributes
                0x000009fd       0x32 c:/program files (x86)/atollic/truestudio for arm 8.1.0/armtools/bin/../lib/gcc/arm-atollic-eabi/6.3.1/../../../../arm-atollic-eabi/lib/armv7e-m/fpu/fpv5-d16\libm.a(lib_a-s_fabs.o)
 .ARM.attributes
                0x00000a2f       0x32 c:/program files (x86)/atollic/truestudio for arm 8.1.0/armtools/bin/../lib/gcc/arm-atollic-eabi/6.3.1/../../../../arm-atollic-eabi/lib/armv7e-m/fpu/fpv5-d16\libm.a(lib_a-s_floor.o)
 .ARM.attributes
                0x00000a61       0x32 c:/program files (x86)/atollic/truestudio for arm 8.1.0/armtools/bin/../lib/gcc/arm-atollic-eabi/6.3.1/../../../../arm-atollic-eabi/lib/armv7e-m/fpu/fpv5-d16\libm.a(lib_a-s_scalbn.o)
 .ARM.attributes
                0x00000a93       0x32 c:/program files (x86)/atollic/truestudio for arm 8.1.0/armtools/bin/../lib/gcc/arm-atollic-eabi/6.3.1/../../../../arm-atollic-eabi/lib/armv7e-m/fpu/fpv5-d16\libm.a(lib_a-s_copysign.o)
 .ARM.attributes
                0x00000ac5       0x32 c:/program files (x86)/atollic/truestudio for arm 8.1.0/armtools/bin/../lib/gcc/arm-atollic-eabi/6.3.1/../../../../arm-atollic-eabi/lib/armv7e-m/fpu/fpv5-d16\libc_nano.a(lib_a-init.o)
 .ARM.attributes
                0x00000af7       0x32 c:/program files (x86)/atollic/truestudio for arm 8.1.0/armtools/bin/../lib/gcc/arm-atollic-eabi/6.3.1/../../../../arm-atollic-eabi/lib/armv7e-m/fpu/fpv5-d16\libc_nano.a(lib_a-memcpy-stub.o)
 .ARM.attributes
                0x00000b29       0x32 c:/program files (x86)/atollic/truestudio for arm 8.1.0/armtools/bin/../lib/gcc/arm-atollic-eabi/6.3.1/../../../../arm-atollic-eabi/lib/armv7e-m/fpu/fpv5-d16\libc_nano.a(lib_a-memset.o)
 .ARM.attributes
                0x00000b5b       0x20 c:/program files (x86)/atollic/truestudio for arm 8.1.0/armtools/bin/../lib/gcc/arm-atollic-eabi/6.3.1/armv7e-m/fpu/fpv5-d16/crtn.o
OUTPUT(jsk_foc_f7.elf elf32-littlearm)

.debug_line     0x00000000    0x139ce
 .debug_line    0x00000000       0x7a Application\TrueSTUDIO\startup_stm32f765xx.o
 .debug_line    0x0000007a      0x5c4 Application\User\Foc\controlFoc.o
 .debug_line    0x0000063e      0x53e Application\User\ISRs\isrSensors.o
 .debug_line    0x00000b7c      0x4bc Application\User\Idletasks\idletasks.o
 .debug_line    0x00001038      0x3d2 Application\User\SYSINIT\sysinitial.o
 .debug_line    0x0000140a      0x640 Application\User\debug\datatraceDebug.o
 .debug_line    0x00001a4a      0x44c Application\User\dfsdm.o
 .debug_line    0x00001e96      0x2da Application\User\dma.o
 .debug_line    0x00002170      0x26c Application\User\freertos.o
 .debug_line    0x000023dc      0x2c1 Application\User\gpio.o
 .debug_line    0x0000269d      0x351 Application\User\i2c.o
 .debug_line    0x000029ee      0x56a Application\User\main.o
 .debug_line    0x00002f58      0x360 Application\User\spi.o
 .debug_line    0x000032b8      0x29b Application\User\stm32f7xx_hal_msp.o
 .debug_line    0x00003553      0x353 Application\User\stm32f7xx_hal_timebase_TIM.o
 .debug_line    0x000038a6      0x3d1 Application\User\stm32f7xx_it.o
 .debug_line    0x00003c77      0x46b Application\User\tim.o
 .debug_line    0x000040e2      0x4ee Application\User\usart.o
 .debug_line    0x000045d0      0x360 Application\User\usb_otg.o
 .debug_line    0x00004930      0x293 Drivers\CMSIS\system_stm32f7xx.o
 .debug_line    0x00004bc3      0x4a5 Drivers\STM32F7xx_HAL_Driver\stm32f7xx_hal.o
 .debug_line    0x00005068      0x532 Drivers\STM32F7xx_HAL_Driver\stm32f7xx_hal_cortex.o
 .debug_line    0x0000559a     0x1008 Drivers\STM32F7xx_HAL_Driver\stm32f7xx_hal_dfsdm.o
 .debug_line    0x000065a2      0x7ae Drivers\STM32F7xx_HAL_Driver\stm32f7xx_hal_dma.o
 .debug_line    0x00006d50      0x4fa Drivers\STM32F7xx_HAL_Driver\stm32f7xx_hal_gpio.o
 .debug_line    0x0000724a     0x20ad Drivers\STM32F7xx_HAL_Driver\stm32f7xx_hal_i2c.o
 .debug_line    0x000092f7      0x3d9 Drivers\STM32F7xx_HAL_Driver\stm32f7xx_hal_i2c_ex.o
 .debug_line    0x000096d0      0x93c Drivers\STM32F7xx_HAL_Driver\stm32f7xx_hal_pcd.o
 .debug_line    0x0000a00c      0x3ad Drivers\STM32F7xx_HAL_Driver\stm32f7xx_hal_pcd_ex.o
 .debug_line    0x0000a3b9      0x481 Drivers\STM32F7xx_HAL_Driver\stm32f7xx_hal_pwr_ex.o
 .debug_line    0x0000a83a      0x6d5 Drivers\STM32F7xx_HAL_Driver\stm32f7xx_hal_rcc.o
 .debug_line    0x0000af0f      0x4c7 Drivers\STM32F7xx_HAL_Driver\stm32f7xx_hal_rcc_ex.o
 .debug_line    0x0000b3d6     0x12e5 Drivers\STM32F7xx_HAL_Driver\stm32f7xx_hal_spi.o
 .debug_line    0x0000c6bb     0x1bea Drivers\STM32F7xx_HAL_Driver\stm32f7xx_hal_tim.o
 .debug_line    0x0000e2a5      0xc33 Drivers\STM32F7xx_HAL_Driver\stm32f7xx_hal_tim_ex.o
 .debug_line    0x0000eed8     0x12ce Drivers\STM32F7xx_HAL_Driver\stm32f7xx_hal_uart.o
 .debug_line    0x000101a6      0xb89 Drivers\STM32F7xx_HAL_Driver\stm32f7xx_ll_usb.o
 .debug_line    0x00010d2f      0xa93 Middlewares\FreeRTOS\cmsis_os.o
 .debug_line    0x000117c2      0x449 Middlewares\FreeRTOS\heap_4.o
 .debug_line    0x00011c0b      0x3a6 Middlewares\FreeRTOS\list.o
 .debug_line    0x00011fb1      0x375 Middlewares\FreeRTOS\port.o
 .debug_line    0x00012326      0x964 Middlewares\FreeRTOS\queue.o
 .debug_line    0x00012c8a      0xd44 Middlewares\FreeRTOS\tasks.o

.debug_info     0x00000000    0x44cbe
 .debug_info    0x00000000       0x87 Application\TrueSTUDIO\startup_stm32f765xx.o
 .debug_info    0x00000087     0x1b80 Application\User\Foc\controlFoc.o
 .debug_info    0x00001c07     0x17ad Application\User\ISRs\isrSensors.o
 .debug_info    0x000033b4     0x1594 Application\User\Idletasks\idletasks.o
 .debug_info    0x00004948     0x218f Application\User\SYSINIT\sysinitial.o
 .debug_info    0x00006ad7     0x162a Application\User\debug\datatraceDebug.o
 .debug_info    0x00008101     0x1798 Application\User\dfsdm.o
 .debug_info    0x00009899     0x1147 Application\User\dma.o
 .debug_info    0x0000a9e0      0x620 Application\User\freertos.o
 .debug_info    0x0000b000      0xdaa Application\User\gpio.o
 .debug_info    0x0000bdaa     0x12fa Application\User\i2c.o
 .debug_info    0x0000d0a4     0x2fe7 Application\User\main.o
 .debug_info    0x0001008b     0x1272 Application\User\spi.o
 .debug_info    0x000112fd      0xcf1 Application\User\stm32f7xx_hal_msp.o
 .debug_info    0x00011fee     0x14b9 Application\User\stm32f7xx_hal_timebase_TIM.o
 .debug_info    0x000134a7     0x12cf Application\User\stm32f7xx_it.o
 .debug_info    0x00014776     0x1925 Application\User\tim.o
 .debug_info    0x0001609b     0x188b Application\User\usart.o
 .debug_info    0x00017926     0x1281 Application\User\usb_otg.o
 .debug_info    0x00018ba7      0xf05 Drivers\CMSIS\system_stm32f7xx.o
 .debug_info    0x00019aac     0x1266 Drivers\STM32F7xx_HAL_Driver\stm32f7xx_hal.o
 .debug_info    0x0001ad12     0x1998 Drivers\STM32F7xx_HAL_Driver\stm32f7xx_hal_cortex.o
 .debug_info    0x0001c6aa     0x292f Drivers\STM32F7xx_HAL_Driver\stm32f7xx_hal_dfsdm.o
 .debug_info    0x0001efd9     0x12f0 Drivers\STM32F7xx_HAL_Driver\stm32f7xx_hal_dma.o
 .debug_info    0x000202c9      0xfbe Drivers\STM32F7xx_HAL_Driver\stm32f7xx_hal_gpio.o
 .debug_info    0x00021287     0x4bb6 Drivers\STM32F7xx_HAL_Driver\stm32f7xx_hal_i2c.o
 .debug_info    0x00025e3d     0x11b6 Drivers\STM32F7xx_HAL_Driver\stm32f7xx_hal_i2c_ex.o
 .debug_info    0x00026ff3     0x1e1e Drivers\STM32F7xx_HAL_Driver\stm32f7xx_hal_pcd.o
 .debug_info    0x00028e11      0xf76 Drivers\STM32F7xx_HAL_Driver\stm32f7xx_hal_pcd_ex.o
 .debug_info    0x00029d87     0x1228 Drivers\STM32F7xx_HAL_Driver\stm32f7xx_hal_pwr_ex.o
 .debug_info    0x0002afaf     0x134c Drivers\STM32F7xx_HAL_Driver\stm32f7xx_hal_rcc.o
 .debug_info    0x0002c2fb      0xf46 Drivers\STM32F7xx_HAL_Driver\stm32f7xx_hal_rcc_ex.o
 .debug_info    0x0002d241     0x3376 Drivers\STM32F7xx_HAL_Driver\stm32f7xx_hal_spi.o
 .debug_info    0x000305b7     0x445a Drivers\STM32F7xx_HAL_Driver\stm32f7xx_hal_tim.o
 .debug_info    0x00034a11     0x211e Drivers\STM32F7xx_HAL_Driver\stm32f7xx_hal_tim_ex.o
 .debug_info    0x00036b2f     0x28b3 Drivers\STM32F7xx_HAL_Driver\stm32f7xx_hal_uart.o
 .debug_info    0x000393e2     0x2331 Drivers\STM32F7xx_HAL_Driver\stm32f7xx_ll_usb.o
 .debug_info    0x0003b713     0x295e Middlewares\FreeRTOS\cmsis_os.o
 .debug_info    0x0003e071      0xc5c Middlewares\FreeRTOS\heap_4.o
 .debug_info    0x0003eccd      0xabe Middlewares\FreeRTOS\list.o
 .debug_info    0x0003f78b      0x4e8 Middlewares\FreeRTOS\port.o
 .debug_info    0x0003fc73     0x242a Middlewares\FreeRTOS\queue.o
 .debug_info    0x0004209d     0x2c21 Middlewares\FreeRTOS\tasks.o

.debug_abbrev   0x00000000     0x75fa
 .debug_abbrev  0x00000000       0x12 Application\TrueSTUDIO\startup_stm32f765xx.o
 .debug_abbrev  0x00000012      0x2cd Application\User\Foc\controlFoc.o
 .debug_abbrev  0x000002df      0x267 Application\User\ISRs\isrSensors.o
 .debug_abbrev  0x00000546      0x265 Application\User\Idletasks\idletasks.o
 .debug_abbrev  0x000007ab      0x21a Application\User\SYSINIT\sysinitial.o
 .debug_abbrev  0x000009c5      0x216 Application\User\debug\datatraceDebug.o
 .debug_abbrev  0x00000bdb      0x27b Application\User\dfsdm.o
 .debug_abbrev  0x00000e56      0x200 Application\User\dma.o
 .debug_abbrev  0x00001056      0x17b Application\User\freertos.o
 .debug_abbrev  0x000011d1      0x1f7 Application\User\gpio.o
 .debug_abbrev  0x000013c8      0x239 Application\User\i2c.o
 .debug_abbrev  0x00001601      0x332 Application\User\main.o
 .debug_abbrev  0x00001933      0x227 Application\User\spi.o
 .debug_abbrev  0x00001b5a      0x1d3 Application\User\stm32f7xx_hal_msp.o
 .debug_abbrev  0x00001d2d      0x258 Application\User\stm32f7xx_hal_timebase_TIM.o
 .debug_abbrev  0x00001f85      0x215 Application\User\stm32f7xx_it.o
 .debug_abbrev  0x0000219a      0x2d5 Application\User\tim.o
 .debug_abbrev  0x0000246f      0x2a2 Application\User\usart.o
 .debug_abbrev  0x00002711      0x241 Application\User\usb_otg.o
 .debug_abbrev  0x00002952      0x1e6 Drivers\CMSIS\system_stm32f7xx.o
 .debug_abbrev  0x00002b38      0x2a4 Drivers\STM32F7xx_HAL_Driver\stm32f7xx_hal.o
 .debug_abbrev  0x00002ddc      0x390 Drivers\STM32F7xx_HAL_Driver\stm32f7xx_hal_cortex.o
 .debug_abbrev  0x0000316c      0x373 Drivers\STM32F7xx_HAL_Driver\stm32f7xx_hal_dfsdm.o
 .debug_abbrev  0x000034df      0x35e Drivers\STM32F7xx_HAL_Driver\stm32f7xx_hal_dma.o
 .debug_abbrev  0x0000383d      0x268 Drivers\STM32F7xx_HAL_Driver\stm32f7xx_hal_gpio.o
 .debug_abbrev  0x00003aa5      0x3fb Drivers\STM32F7xx_HAL_Driver\stm32f7xx_hal_i2c.o
 .debug_abbrev  0x00003ea0      0x209 Drivers\STM32F7xx_HAL_Driver\stm32f7xx_hal_i2c_ex.o
 .debug_abbrev  0x000040a9      0x3aa Drivers\STM32F7xx_HAL_Driver\stm32f7xx_hal_pcd.o
 .debug_abbrev  0x00004453      0x25a Drivers\STM32F7xx_HAL_Driver\stm32f7xx_hal_pcd_ex.o
 .debug_abbrev  0x000046ad      0x2ab Drivers\STM32F7xx_HAL_Driver\stm32f7xx_hal_pwr_ex.o
 .debug_abbrev  0x00004958      0x35a Drivers\STM32F7xx_HAL_Driver\stm32f7xx_hal_rcc.o
 .debug_abbrev  0x00004cb2      0x25f Drivers\STM32F7xx_HAL_Driver\stm32f7xx_hal_rcc_ex.o
 .debug_abbrev  0x00004f11      0x3ee Drivers\STM32F7xx_HAL_Driver\stm32f7xx_hal_spi.o
 .debug_abbrev  0x000052ff      0x3c6 Drivers\STM32F7xx_HAL_Driver\stm32f7xx_hal_tim.o
 .debug_abbrev  0x000056c5      0x373 Drivers\STM32F7xx_HAL_Driver\stm32f7xx_hal_tim_ex.o
 .debug_abbrev  0x00005a38      0x3ce Drivers\STM32F7xx_HAL_Driver\stm32f7xx_hal_uart.o
 .debug_abbrev  0x00005e06      0x417 Drivers\STM32F7xx_HAL_Driver\stm32f7xx_ll_usb.o
 .debug_abbrev  0x0000621d      0x48f Middlewares\FreeRTOS\cmsis_os.o
 .debug_abbrev  0x000066ac      0x314 Middlewares\FreeRTOS\heap_4.o
 .debug_abbrev  0x000069c0      0x1e3 Middlewares\FreeRTOS\list.o
 .debug_abbrev  0x00006ba3      0x211 Middlewares\FreeRTOS\port.o
 .debug_abbrev  0x00006db4      0x3fa Middlewares\FreeRTOS\queue.o
 .debug_abbrev  0x000071ae      0x44c Middlewares\FreeRTOS\tasks.o

.debug_aranges  0x00000000     0x1870
 .debug_aranges
                0x00000000       0x28 Application\TrueSTUDIO\startup_stm32f765xx.o
 .debug_aranges
                0x00000028       0x20 Application\User\Foc\controlFoc.o
 .debug_aranges
                0x00000048       0x30 Application\User\ISRs\isrSensors.o
 .debug_aranges
                0x00000078       0x40 Application\User\Idletasks\idletasks.o
 .debug_aranges
                0x000000b8       0x20 Application\User\SYSINIT\sysinitial.o
 .debug_aranges
                0x000000d8       0x20 Application\User\debug\datatraceDebug.o
 .debug_aranges
                0x000000f8       0x40 Application\User\dfsdm.o
 .debug_aranges
                0x00000138       0x20 Application\User\dma.o
 .debug_aranges
                0x00000158       0x28 Application\User\freertos.o
 .debug_aranges
                0x00000180       0x20 Application\User\gpio.o
 .debug_aranges
                0x000001a0       0x30 Application\User\i2c.o
 .debug_aranges
                0x000001d0       0x38 Application\User\main.o
 .debug_aranges
                0x00000208       0x30 Application\User\spi.o
 .debug_aranges
                0x00000238       0x20 Application\User\stm32f7xx_hal_msp.o
 .debug_aranges
                0x00000258       0x30 Application\User\stm32f7xx_hal_timebase_TIM.o
 .debug_aranges
                0x00000288       0x78 Application\User\stm32f7xx_it.o
 .debug_aranges
                0x00000300       0x40 Application\User\tim.o
 .debug_aranges
                0x00000340       0x48 Application\User\usart.o
 .debug_aranges
                0x00000388       0x30 Application\User\usb_otg.o
 .debug_aranges
                0x000003b8       0x28 Drivers\CMSIS\system_stm32f7xx.o
 .debug_aranges
                0x000003e0       0xf0 Drivers\STM32F7xx_HAL_Driver\stm32f7xx_hal.o
 .debug_aranges
                0x000004d0       0xa8 Drivers\STM32F7xx_HAL_Driver\stm32f7xx_hal_cortex.o
 .debug_aranges
                0x00000578      0x1c8 Drivers\STM32F7xx_HAL_Driver\stm32f7xx_hal_dfsdm.o
 .debug_aranges
                0x00000740       0x78 Drivers\STM32F7xx_HAL_Driver\stm32f7xx_hal_dma.o
 .debug_aranges
                0x000007b8       0x58 Drivers\STM32F7xx_HAL_Driver\stm32f7xx_hal_gpio.o
 .debug_aranges
                0x00000810      0x1b8 Drivers\STM32F7xx_HAL_Driver\stm32f7xx_hal_i2c.o
 .debug_aranges
                0x000009c8       0x38 Drivers\STM32F7xx_HAL_Driver\stm32f7xx_hal_i2c_ex.o
 .debug_aranges
                0x00000a00       0xc0 Drivers\STM32F7xx_HAL_Driver\stm32f7xx_hal_pcd.o
 .debug_aranges
                0x00000ac0       0x40 Drivers\STM32F7xx_HAL_Driver\stm32f7xx_hal_pcd_ex.o
 .debug_aranges
                0x00000b00       0x80 Drivers\STM32F7xx_HAL_Driver\stm32f7xx_hal_pwr_ex.o
 .debug_aranges
                0x00000b80       0x88 Drivers\STM32F7xx_HAL_Driver\stm32f7xx_hal_rcc.o
 .debug_aranges
                0x00000c08       0x30 Drivers\STM32F7xx_HAL_Driver\stm32f7xx_hal_rcc_ex.o
 .debug_aranges
                0x00000c38      0x178 Drivers\STM32F7xx_HAL_Driver\stm32f7xx_hal_spi.o
 .debug_aranges
                0x00000db0      0x250 Drivers\STM32F7xx_HAL_Driver\stm32f7xx_hal_tim.o
 .debug_aranges
                0x00001000      0x110 Drivers\STM32F7xx_HAL_Driver\stm32f7xx_hal_tim_ex.o
 .debug_aranges
                0x00001110      0x138 Drivers\STM32F7xx_HAL_Driver\stm32f7xx_hal_uart.o
 .debug_aranges
                0x00001248      0x178 Drivers\STM32F7xx_HAL_Driver\stm32f7xx_ll_usb.o
 .debug_aranges
                0x000013c0      0x190 Middlewares\FreeRTOS\cmsis_os.o
 .debug_aranges
                0x00001550       0x48 Middlewares\FreeRTOS\heap_4.o
 .debug_aranges
                0x00001598       0x40 Middlewares\FreeRTOS\list.o
 .debug_aranges
                0x000015d8       0x80 Middlewares\FreeRTOS\port.o
 .debug_aranges
                0x00001658       0xc0 Middlewares\FreeRTOS\queue.o
 .debug_aranges
                0x00001718      0x158 Middlewares\FreeRTOS\tasks.o

.debug_ranges   0x00000000     0x4d60
 .debug_ranges  0x00000000       0x20 Application\TrueSTUDIO\startup_stm32f765xx.o
 .debug_ranges  0x00000020      0x130 Application\User\Foc\controlFoc.o
 .debug_ranges  0x00000150      0x138 Application\User\ISRs\isrSensors.o
 .debug_ranges  0x00000288       0x60 Application\User\Idletasks\idletasks.o
 .debug_ranges  0x000002e8       0x10 Application\User\SYSINIT\sysinitial.o
 .debug_ranges  0x000002f8       0x48 Application\User\debug\datatraceDebug.o
 .debug_ranges  0x00000340       0x30 Application\User\dfsdm.o
 .debug_ranges  0x00000370       0x30 Application\User\dma.o
 .debug_ranges  0x000003a0       0x18 Application\User\freertos.o
 .debug_ranges  0x000003b8       0x50 Application\User\gpio.o
 .debug_ranges  0x00000408       0x20 Application\User\i2c.o
 .debug_ranges  0x00000428       0xa0 Application\User\main.o
 .debug_ranges  0x000004c8       0x60 Application\User\spi.o
 .debug_ranges  0x00000528       0x10 Application\User\stm32f7xx_hal_msp.o
 .debug_ranges  0x00000538       0x48 Application\User\stm32f7xx_hal_timebase_TIM.o
 .debug_ranges  0x00000580       0x68 Application\User\stm32f7xx_it.o
 .debug_ranges  0x000005e8       0x70 Application\User\tim.o
 .debug_ranges  0x00000658      0x110 Application\User\usart.o
 .debug_ranges  0x00000768       0x20 Application\User\usb_otg.o
 .debug_ranges  0x00000788       0x18 Drivers\CMSIS\system_stm32f7xx.o
 .debug_ranges  0x000007a0       0xe0 Drivers\STM32F7xx_HAL_Driver\stm32f7xx_hal.o
 .debug_ranges  0x00000880      0x180 Drivers\STM32F7xx_HAL_Driver\stm32f7xx_hal_cortex.o
 .debug_ranges  0x00000a00      0x678 Drivers\STM32F7xx_HAL_Driver\stm32f7xx_hal_dfsdm.o
 .debug_ranges  0x00001078      0x148 Drivers\STM32F7xx_HAL_Driver\stm32f7xx_hal_dma.o
 .debug_ranges  0x000011c0       0x78 Drivers\STM32F7xx_HAL_Driver\stm32f7xx_hal_gpio.o
 .debug_ranges  0x00001238     0x1050 Drivers\STM32F7xx_HAL_Driver\stm32f7xx_hal_i2c.o
 .debug_ranges  0x00002288       0x58 Drivers\STM32F7xx_HAL_Driver\stm32f7xx_hal_i2c_ex.o
 .debug_ranges  0x000022e0       0xe8 Drivers\STM32F7xx_HAL_Driver\stm32f7xx_hal_pcd.o
 .debug_ranges  0x000023c8       0x30 Drivers\STM32F7xx_HAL_Driver\stm32f7xx_hal_pcd_ex.o
 .debug_ranges  0x000023f8      0x130 Drivers\STM32F7xx_HAL_Driver\stm32f7xx_hal_pwr_ex.o
 .debug_ranges  0x00002528      0x138 Drivers\STM32F7xx_HAL_Driver\stm32f7xx_hal_rcc.o
 .debug_ranges  0x00002660       0x40 Drivers\STM32F7xx_HAL_Driver\stm32f7xx_hal_rcc_ex.o
 .debug_ranges  0x000026a0      0x938 Drivers\STM32F7xx_HAL_Driver\stm32f7xx_hal_spi.o
 .debug_ranges  0x00002fd8      0x880 Drivers\STM32F7xx_HAL_Driver\stm32f7xx_hal_tim.o
 .debug_ranges  0x00003858      0x268 Drivers\STM32F7xx_HAL_Driver\stm32f7xx_hal_tim_ex.o
 .debug_ranges  0x00003ac0      0x648 Drivers\STM32F7xx_HAL_Driver\stm32f7xx_hal_uart.o
 .debug_ranges  0x00004108      0x238 Drivers\STM32F7xx_HAL_Driver\stm32f7xx_ll_usb.o
 .debug_ranges  0x00004340      0x308 Middlewares\FreeRTOS\cmsis_os.o
 .debug_ranges  0x00004648       0x38 Middlewares\FreeRTOS\heap_4.o
 .debug_ranges  0x00004680       0x30 Middlewares\FreeRTOS\list.o
 .debug_ranges  0x000046b0       0x98 Middlewares\FreeRTOS\port.o
 .debug_ranges  0x00004748      0x200 Middlewares\FreeRTOS\queue.o
 .debug_ranges  0x00004948      0x418 Middlewares\FreeRTOS\tasks.o

.debug_loc      0x00000000    0x1fb43
 .debug_loc     0x00000000      0x2df Application\User\Foc\controlFoc.o
 .debug_loc     0x000002df      0x33f Application\User\ISRs\isrSensors.o
 .debug_loc     0x0000061e      0x1f7 Application\User\Idletasks\idletasks.o
 .debug_loc     0x00000815      0x1c8 Application\User\debug\datatraceDebug.o
 .debug_loc     0x000009dd       0xad Application\User\dfsdm.o
 .debug_loc     0x00000a8a       0x21 Application\User\freertos.o
 .debug_loc     0x00000aab       0x42 Application\User\i2c.o
 .debug_loc     0x00000aed       0x34 Application\User\main.o
 .debug_loc     0x00000b21       0x42 Application\User\spi.o
 .debug_loc     0x00000b63       0x8b Application\User\stm32f7xx_hal_timebase_TIM.o
 .debug_loc     0x00000bee       0xe4 Application\User\tim.o
 .debug_loc     0x00000cd2      0x117 Application\User\usart.o
 .debug_loc     0x00000de9       0x42 Application\User\usb_otg.o
 .debug_loc     0x00000e2b      0x14c Drivers\CMSIS\system_stm32f7xx.o
 .debug_loc     0x00000f77       0x6a Drivers\STM32F7xx_HAL_Driver\stm32f7xx_hal.o
 .debug_loc     0x00000fe1      0x634 Drivers\STM32F7xx_HAL_Driver\stm32f7xx_hal_cortex.o
 .debug_loc     0x00001615     0x275e Drivers\STM32F7xx_HAL_Driver\stm32f7xx_hal_dfsdm.o
 .debug_loc     0x00003d73      0x92e Drivers\STM32F7xx_HAL_Driver\stm32f7xx_hal_dma.o
 .debug_loc     0x000046a1      0x43b Drivers\STM32F7xx_HAL_Driver\stm32f7xx_hal_gpio.o
 .debug_loc     0x00004adc     0x5dc4 Drivers\STM32F7xx_HAL_Driver\stm32f7xx_hal_i2c.o
 .debug_loc     0x0000a8a0      0x13b Drivers\STM32F7xx_HAL_Driver\stm32f7xx_hal_i2c_ex.o
 .debug_loc     0x0000a9db     0x11bd Drivers\STM32F7xx_HAL_Driver\stm32f7xx_hal_pcd.o
 .debug_loc     0x0000bb98      0x13f Drivers\STM32F7xx_HAL_Driver\stm32f7xx_hal_pcd_ex.o
 .debug_loc     0x0000bcd7      0x257 Drivers\STM32F7xx_HAL_Driver\stm32f7xx_hal_pwr_ex.o
 .debug_loc     0x0000bf2e      0x4dc Drivers\STM32F7xx_HAL_Driver\stm32f7xx_hal_rcc.o
 .debug_loc     0x0000c40a      0x559 Drivers\STM32F7xx_HAL_Driver\stm32f7xx_hal_rcc_ex.o
 .debug_loc     0x0000c963     0x3b84 Drivers\STM32F7xx_HAL_Driver\stm32f7xx_hal_spi.o
 .debug_loc     0x000104e7     0x54ee Drivers\STM32F7xx_HAL_Driver\stm32f7xx_hal_tim.o
 .debug_loc     0x000159d5     0x1a86 Drivers\STM32F7xx_HAL_Driver\stm32f7xx_hal_tim_ex.o
 .debug_loc     0x0001745b     0x1e88 Drivers\STM32F7xx_HAL_Driver\stm32f7xx_hal_uart.o
 .debug_loc     0x000192e3     0x1dcb Drivers\STM32F7xx_HAL_Driver\stm32f7xx_ll_usb.o
 .debug_loc     0x0001b0ae     0x14ca Middlewares\FreeRTOS\cmsis_os.o
 .debug_loc     0x0001c578      0x299 Middlewares\FreeRTOS\heap_4.o
 .debug_loc     0x0001c811       0x69 Middlewares\FreeRTOS\list.o
 .debug_loc     0x0001c87a       0xc4 Middlewares\FreeRTOS\port.o
 .debug_loc     0x0001c93e     0x162d Middlewares\FreeRTOS\queue.o
 .debug_loc     0x0001df6b     0x1bd8 Middlewares\FreeRTOS\tasks.o

.debug_str      0x00000000     0x96f4
 .debug_str     0x00000000     0x1186 Application\User\Foc\controlFoc.o
                               0x12f3 (size before relaxing)
 .debug_str     0x00001186      0x41a Application\User\ISRs\isrSensors.o
                               0x130a (size before relaxing)
 .debug_str     0x000015a0      0x112 Application\User\Idletasks\idletasks.o
                                0xedd (size before relaxing)
 .debug_str     0x000016b2      0x7fc Application\User\SYSINIT\sysinitial.o
                               0x1b1b (size before relaxing)
 .debug_str     0x00001eae       0x5b Application\User\debug\datatraceDebug.o
                               0x1253 (size before relaxing)
 .debug_str     0x00001f09      0x29d Application\User\dfsdm.o
                               0x112f (size before relaxing)
 .debug_str     0x000021a6      0x665 Application\User\dma.o
                               0x103a (size before relaxing)
 .debug_str     0x0000280b      0x377 Application\User\freertos.o
                                0x689 (size before relaxing)
 .debug_str     0x00002b82       0x4f Application\User\gpio.o
                                0x837 (size before relaxing)
 .debug_str     0x00002bd1       0x94 Application\User\i2c.o
                                0xdbb (size before relaxing)
 .debug_str     0x00002c65      0x6d7 Application\User\main.o
                               0x2910 (size before relaxing)
 .debug_str     0x0000333c       0x4c Application\User\spi.o
                                0xcca (size before relaxing)
 .debug_str     0x00003388       0x4a Application\User\stm32f7xx_hal_msp.o
                                0xcb6 (size before relaxing)
 .debug_str     0x000033d2       0xfe Application\User\stm32f7xx_hal_timebase_TIM.o
                               0x135a (size before relaxing)
 .debug_str     0x000034d0      0x16c Application\User\stm32f7xx_it.o
                                0xe92 (size before relaxing)
 .debug_str     0x0000363c      0x2c8 Application\User\tim.o
                                0xf5c (size before relaxing)
 .debug_str     0x00003904       0x66 Application\User\usart.o
                               0x1448 (size before relaxing)
 .debug_str     0x0000396a       0x50 Application\User\usb_otg.o
                                0xc59 (size before relaxing)
 .debug_str     0x000039ba       0x5c Drivers\CMSIS\system_stm32f7xx.o
                                0x8cb (size before relaxing)
 .debug_str     0x00003a16      0x2c1 Drivers\STM32F7xx_HAL_Driver\stm32f7xx_hal.o
                               0x1113 (size before relaxing)
 .debug_str     0x00003cd7      0x318 Drivers\STM32F7xx_HAL_Driver\stm32f7xx_hal_cortex.o
                               0x12a9 (size before relaxing)
 .debug_str     0x00003fef      0x7c6 Drivers\STM32F7xx_HAL_Driver\stm32f7xx_hal_dfsdm.o
                               0x174d (size before relaxing)
 .debug_str     0x000047b5      0x2c6 Drivers\STM32F7xx_HAL_Driver\stm32f7xx_hal_dma.o
                                0xc07 (size before relaxing)
 .debug_str     0x00004a7b       0xea Drivers\STM32F7xx_HAL_Driver\stm32f7xx_hal_gpio.o
                                0x99e (size before relaxing)
 .debug_str     0x00004b65      0x77e Drivers\STM32F7xx_HAL_Driver\stm32f7xx_hal_i2c.o
                               0x139e (size before relaxing)
 .debug_str     0x000052e3       0x8f Drivers\STM32F7xx_HAL_Driver\stm32f7xx_hal_i2c_ex.o
                                0xda2 (size before relaxing)
 .debug_str     0x00005372      0x70a Drivers\STM32F7xx_HAL_Driver\stm32f7xx_hal_pcd.o
                               0x1185 (size before relaxing)
 .debug_str     0x00005a7c       0xa3 Drivers\STM32F7xx_HAL_Driver\stm32f7xx_hal_pcd_ex.o
                                0xb3d (size before relaxing)
 .debug_str     0x00005b1f      0x1f0 Drivers\STM32F7xx_HAL_Driver\stm32f7xx_hal_pwr_ex.o
                                0xaf9 (size before relaxing)
 .debug_str     0x00005d0f      0x135 Drivers\STM32F7xx_HAL_Driver\stm32f7xx_hal_rcc.o
                                0xb71 (size before relaxing)
 .debug_str     0x00005e44       0xd9 Drivers\STM32F7xx_HAL_Driver\stm32f7xx_hal_rcc_ex.o
                                0xb66 (size before relaxing)
 .debug_str     0x00005f1d      0x501 Drivers\STM32F7xx_HAL_Driver\stm32f7xx_hal_spi.o
                               0x1077 (size before relaxing)
 .debug_str     0x0000641e      0xbb6 Drivers\STM32F7xx_HAL_Driver\stm32f7xx_hal_tim.o
                               0x1868 (size before relaxing)
 .debug_str     0x00006fd4      0x4c8 Drivers\STM32F7xx_HAL_Driver\stm32f7xx_hal_tim_ex.o
                               0x13ae (size before relaxing)
 .debug_str     0x0000749c      0x48d Drivers\STM32F7xx_HAL_Driver\stm32f7xx_hal_uart.o
                               0x12b0 (size before relaxing)
 .debug_str     0x00007929      0x3ca Drivers\STM32F7xx_HAL_Driver\stm32f7xx_ll_usb.o
                               0x1079 (size before relaxing)
 .debug_str     0x00007cf3      0x928 Middlewares\FreeRTOS\cmsis_os.o
                               0x1220 (size before relaxing)
 .debug_str     0x0000861b      0x215 Middlewares\FreeRTOS\heap_4.o
                                0x856 (size before relaxing)
 .debug_str     0x00008830      0x14a Middlewares\FreeRTOS\list.o
                                0x76d (size before relaxing)
 .debug_str     0x0000897a      0x216 Middlewares\FreeRTOS\port.o
                                0x4a0 (size before relaxing)
 .debug_str     0x00008b90      0x46b Middlewares\FreeRTOS\queue.o
                                0xd66 (size before relaxing)
 .debug_str     0x00008ffb      0x6f9 Middlewares\FreeRTOS\tasks.o
                               0x1268 (size before relaxing)

.comment        0x00000000       0x7c