Archive member included to satisfy reference by file (symbol)

../../../Jsk_lib/lib/libjskmath.a(vector3.o)
                              Application/User/Debug/datatraceDebug.o (Vector3<float>::operator%(Vector3<float> const&) const)
../../../Jsk_lib/lib/libjskmath.a(matrix3.o)
                              Application/User/Debug/datatraceDebug.o (Matrix3<float>::from_euler(float, float, float))
../../../Jsk_lib/lib/libjskmath.a(AP_Math.o)
                              ../../../Jsk_lib/lib/libjskmath.a(matrix3.o) (safe_asin(float))
/home/chen/ide/Atollic_TrueSTUDIO_for_STM32_x86_64_9.2.0/ARMTools/bin/../lib/gcc/arm-atollic-eabi/6.3.1/../../../../arm-atollic-eabi/lib/armv7e-m/fpu/fpv5-d16/libstdc++.a(si_class_type_info.o)
                              Application/User/Debug/datatraceDebug.o (vtable for __cxxabiv1::__si_class_type_info)
/home/chen/ide/Atollic_TrueSTUDIO_for_STM32_x86_64_9.2.0/ARMTools/bin/../lib/gcc/arm-atollic-eabi/6.3.1/../../../../arm-atollic-eabi/lib/armv7e-m/fpu/fpv5-d16/libstdc++.a(del_op.o)
                              Application/User/Debug/datatraceDebug.o (operator delete(void*))
/home/chen/ide/Atollic_TrueSTUDIO_for_STM32_x86_64_9.2.0/ARMTools/bin/../lib/gcc/arm-atollic-eabi/6.3.1/../../../../arm-atollic-eabi/lib/armv7e-m/fpu/fpv5-d16/libstdc++.a(atexit_arm.o)
                              Application/User/Debug/datatraceDebug.o (__aeabi_atexit)
/home/chen/ide/Atollic_TrueSTUDIO_for_STM32_x86_64_9.2.0/ARMTools/bin/../lib/gcc/arm-atollic-eabi/6.3.1/../../../../arm-atollic-eabi/lib/armv7e-m/fpu/fpv5-d16/libstdc++.a(new_op.o)
                              Application/User/Debug/datatraceDebug.o (operator new(unsigned int))
/home/chen/ide/Atollic_TrueSTUDIO_for_STM32_x86_64_9.2.0/ARMTools/bin/../lib/gcc/arm-atollic-eabi/6.3.1/../../../../arm-atollic-eabi/lib/armv7e-m/fpu/fpv5-d16/libstdc++.a(eh_alloc.o)
                              /home/chen/ide/Atollic_TrueSTUDIO_for_STM32_x86_64_9.2.0/ARMTools/bin/../lib/gcc/arm-atollic-eabi/6.3.1/../../../../arm-atollic-eabi/lib/armv7e-m/fpu/fpv5-d16/libstdc++.a(new_op.o) (__cxa_allocate_exception)
/home/chen/ide/Atollic_TrueSTUDIO_for_STM32_x86_64_9.2.0/ARMTools/bin/../lib/gcc/arm-atollic-eabi/6.3.1/../../../../arm-atollic-eabi/lib/armv7e-m/fpu/fpv5-d16/libstdc++.a(eh_throw.o)
                              /home/chen/ide/Atollic_TrueSTUDIO_for_STM32_x86_64_9.2.0/ARMTools/bin/../lib/gcc/arm-atollic-eabi/6.3.1/../../../../arm-atollic-eabi/lib/armv7e-m/fpu/fpv5-d16/libstdc++.a(new_op.o) (__cxa_throw)
/home/chen/ide/Atollic_TrueSTUDIO_for_STM32_x86_64_9.2.0/ARMTools/bin/../lib/gcc/arm-atollic-eabi/6.3.1/../../../../arm-atollic-eabi/lib/armv7e-m/fpu/fpv5-d16/libstdc++.a(bad_alloc.o)
                              /home/chen/ide/Atollic_TrueSTUDIO_for_STM32_x86_64_9.2.0/ARMTools/bin/../lib/gcc/arm-atollic-eabi/6.3.1/../../../../arm-atollic-eabi/lib/armv7e-m/fpu/fpv5-d16/libstdc++.a(new_op.o) (std::bad_alloc::~bad_alloc())
/home/chen/ide/Atollic_TrueSTUDIO_for_STM32_x86_64_9.2.0/ARMTools/bin/../lib/gcc/arm-atollic-eabi/6.3.1/../../../../arm-atollic-eabi/lib/armv7e-m/fpu/fpv5-d16/libstdc++.a(eh_globals.o)
                              /home/chen/ide/Atollic_TrueSTUDIO_for_STM32_x86_64_9.2.0/ARMTools/bin/../lib/gcc/arm-atollic-eabi/6.3.1/../../../../arm-atollic-eabi/lib/armv7e-m/fpu/fpv5-d16/libstdc++.a(eh_throw.o) (__cxa_get_globals)
/home/chen/ide/Atollic_TrueSTUDIO_for_STM32_x86_64_9.2.0/ARMTools/bin/../lib/gcc/arm-atollic-eabi/6.3.1/../../../../arm-atollic-eabi/lib/armv7e-m/fpu/fpv5-d16/libstdc++.a(eh_arm.o)
                              Application/User/Debug/datatraceDebug.o (__cxa_end_cleanup)
/home/chen/ide/Atollic_TrueSTUDIO_for_STM32_x86_64_9.2.0/ARMTools/bin/../lib/gcc/arm-atollic-eabi/6.3.1/../../../../arm-atollic-eabi/lib/armv7e-m/fpu/fpv5-d16/libstdc++.a(eh_personality.o)
                              Application/User/Debug/datatraceDebug.o (__gxx_personality_v0)
/home/chen/ide/Atollic_TrueSTUDIO_for_STM32_x86_64_9.2.0/ARMTools/bin/../lib/gcc/arm-atollic-eabi/6.3.1/../../../../arm-atollic-eabi/lib/armv7e-m/fpu/fpv5-d16/libstdc++.a(del_ops.o)
                              /home/chen/ide/Atollic_TrueSTUDIO_for_STM32_x86_64_9.2.0/ARMTools/bin/../lib/gcc/arm-atollic-eabi/6.3.1/../../../../arm-atollic-eabi/lib/armv7e-m/fpu/fpv5-d16/libstdc++.a(si_class_type_info.o) (operator delete(void*, unsigned int))
/home/chen/ide/Atollic_TrueSTUDIO_for_STM32_x86_64_9.2.0/ARMTools/bin/../lib/gcc/arm-atollic-eabi/6.3.1/../../../../arm-atollic-eabi/lib/armv7e-m/fpu/fpv5-d16/libstdc++.a(new_handler.o)
                              /home/chen/ide/Atollic_TrueSTUDIO_for_STM32_x86_64_9.2.0/ARMTools/bin/../lib/gcc/arm-atollic-eabi/6.3.1/../../../../arm-atollic-eabi/lib/armv7e-m/fpu/fpv5-d16/libstdc++.a(new_op.o) (std::get_new_handler())
/home/chen/ide/Atollic_TrueSTUDIO_for_STM32_x86_64_9.2.0/ARMTools/bin/../lib/gcc/arm-atollic-eabi/6.3.1/../../../../arm-atollic-eabi/lib/armv7e-m/fpu/fpv5-d16/libstdc++.a(class_type_info.o)
[...]
Memory Configuration

Name             Origin             Length             Attributes
RAM              0x0000000020000000 0x0000000000080000 xrw
FLASH            0x0000000008000000 0x0000000000200000 xr
*default*        0x0000000000000000 0xffffffffffffffff

Linker script and memory map

LOAD /home/chen/ide/Atollic_TrueSTUDIO_for_STM32_x86_64_9.2.0/ARMTools/bin/../lib/gcc/arm-atollic-eabi/6.3.1/armv7e-m/fpu/fpv5-d16/crti.o
LOAD /home/chen/ide/Atollic_TrueSTUDIO_for_STM32_x86_64_9.2.0/ARMTools/bin/../lib/gcc/arm-atollic-eabi/6.3.1/armv7e-m/fpu/fpv5-d16/crtbegin.o
LOAD Application/TrueSTUDIO/startup_stm32f765xx.o
LOAD Application/TrueSTUDIO/syscalls.o
LOAD Application/User/Debug/datatraceDebug.o
LOAD Application/User/Foc/controlFoc.o
LOAD Application/User/ISRs/isrSensors.o
LOAD Application/User/Idletasks/idletasks.o
LOAD Application/User/SYSINIT/sysinitial.o
LOAD Application/User/dfsdm.o
LOAD Application/User/dma.o
LOAD Application/User/freertos.o
LOAD Application/User/gpio.o
LOAD Application/User/i2c.o
LOAD Application/User/imu/imu_mpu9250.o
LOAD Application/User/main.o
LOAD Application/User/spi.o
LOAD Application/User/stm32f7xx_hal_msp.o
LOAD Application/User/stm32f7xx_hal_timebase_tim.o
LOAD Application/User/stm32f7xx_it.o
LOAD Application/User/tim.o
LOAD Application/User/usart.o
LOAD Application/ros/duration.o
LOAD Application/ros/time.o
LOAD Drivers/CMSIS/system_stm32f7xx.o
LOAD Drivers/STM32F7xx_HAL_Driver/stm32f7xx_hal.o
LOAD Drivers/STM32F7xx_HAL_Driver/stm32f7xx_hal_cortex.o
LOAD Drivers/STM32F7xx_HAL_Driver/stm32f7xx_hal_dfsdm.o
LOAD Drivers/STM32F7xx_HAL_Driver/stm32f7xx_hal_dma.o
LOAD Drivers/STM32F7xx_HAL_Driver/stm32f7xx_hal_dma_ex.o
LOAD Drivers/STM32F7xx_HAL_Driver/stm32f7xx_hal_flash.o
LOAD Drivers/STM32F7xx_HAL_Driver/stm32f7xx_hal_flash_ex.o
LOAD Drivers/STM32F7xx_HAL_Driver/stm32f7xx_hal_gpio.o
LOAD Drivers/STM32F7xx_HAL_Driver/stm32f7xx_hal_i2c.o
LOAD Drivers/STM32F7xx_HAL_Driver/stm32f7xx_hal_i2c_ex.o
LOAD Drivers/STM32F7xx_HAL_Driver/stm32f7xx_hal_pwr.o
LOAD Drivers/STM32F7xx_HAL_Driver/stm32f7xx_hal_pwr_ex.o
LOAD Drivers/STM32F7xx_HAL_Driver/stm32f7xx_hal_rcc.o
LOAD Drivers/STM32F7xx_HAL_Driver/stm32f7xx_hal_rcc_ex.o
LOAD Drivers/STM32F7xx_HAL_Driver/stm32f7xx_hal_spi.o
LOAD Drivers/STM32F7xx_HAL_Driver/stm32f7xx_hal_tim.o
LOAD Drivers/STM32F7xx_HAL_Driver/stm32f7xx_hal_tim_ex.o
LOAD Drivers/STM32F7xx_HAL_Driver/stm32f7xx_hal_uart.o
LOAD Middlewares/FreeRTOS/cmsis_os.o
LOAD Middlewares/FreeRTOS/croutine.o
LOAD Middlewares/FreeRTOS/event_groups.o
LOAD Middlewares/FreeRTOS/heap_4.o
LOAD Middlewares/FreeRTOS/list.o
LOAD Middlewares/FreeRTOS/port.o
LOAD Middlewares/FreeRTOS/queue.o
LOAD Middlewares/FreeRTOS/tasks.o
LOAD Middlewares/FreeRTOS/timers.o
LOAD ../../../Jsk_lib/lib/libjskmath.a
                0x0000000000001000                malloc_getpagesize_P = 0x1000
START GROUP
LOAD /home/chen/ide/Atollic_TrueSTUDIO_for_STM32_x86_64_9.2.0/ARMTools/bin/../lib/gcc/arm-atollic-eabi/6.3.1/../../../../arm-atollic-eabi/lib/armv7e-m/fpu/fpv5-d16/libstdc++.a
LOAD /home/chen/ide/Atollic_TrueSTUDIO_for_STM32_x86_64_9.2.0/ARMTools/bin/../lib/gcc/arm-atollic-eabi/6.3.1/../../../../arm-atollic-eabi/lib/armv7e-m/fpu/fpv5-d16/libsupc++.a
END GROUP
LOAD /home/chen/ide/Atollic_TrueSTUDIO_for_STM32_x86_64_9.2.0/ARMTools/bin/../lib/gcc/arm-atollic-eabi/6.3.1/../../../../arm-atollic-eabi/lib/armv7e-m/fpu/fpv5-d16/libstdc++.a
LOAD /home/chen/ide/Atollic_TrueSTUDIO_for_STM32_x86_64_9.2.0/ARMTools/bin/../lib/gcc/arm-atollic-eabi/6.3.1/../../../../arm-atollic-eabi/lib/armv7e-m/fpu/fpv5-d16/libm.a
LOAD /home/chen/ide/Atollic_TrueSTUDIO_for_STM32_x86_64_9.2.0/ARMTools/bin/../lib/gcc/arm-atollic-eabi/6.3.1/../../../../arm-atollic-eabi/lib/armv7e-m/fpu/fpv5-d16/libc.a
START GROUP
LOAD /home/chen/ide/Atollic_TrueSTUDIO_for_STM32_x86_64_9.2.0/ARMTools/bin/../lib/gcc/arm-atollic-eabi/6.3.1/armv7e-m/fpu/fpv5-d16/libgcc.a
LOAD /home/chen/ide/Atollic_TrueSTUDIO_for_STM32_x86_64_9.2.0/ARMTools/bin/../lib/gcc/arm-atollic-eabi/6.3.1/../../../../arm-atollic-eabi/lib/armv7e-m/fpu/fpv5-d16/libc.a
END GROUP
START GROUP
LOAD /home/chen/ide/Atollic_TrueSTUDIO_for_STM32_x86_64_9.2.0/ARMTools/bin/../lib/gcc/arm-atollic-eabi/6.3.1/armv7e-m/fpu/fpv5-d16/libgcc.a
LOAD /home/chen/ide/Atollic_TrueSTUDIO_for_STM32_x86_64_9.2.0/ARMTools/bin/../lib/gcc/arm-atollic-eabi/6.3.1/../../../../arm-atollic-eabi/lib/armv7e-m/fpu/fpv5-d16/libc.a
LOAD /home/chen/ide/Atollic_TrueSTUDIO_for_STM32_x86_64_9.2.0/ARMTools/bin/../lib/gcc/arm-atollic-eabi/6.3.1/../../../../arm-atollic-eabi/lib/armv7e-m/fpu/fpv5-d16/libnosys.a
END GROUP
LOAD /home/chen/ide/Atollic_TrueSTUDIO_for_STM32_x86_64_9.2.0/ARMTools/bin/../lib/gcc/arm-atollic-eabi/6.3.1/armv7e-m/fpu/fpv5-d16/crtend.o
LOAD /home/chen/ide/Atollic_TrueSTUDIO_for_STM32_x86_64_9.2.0/ARMTools/bin/../lib/gcc/arm-atollic-eabi/6.3.1/armv7e-m/fpu/fpv5-d16/crtn.o
                0x0000000020080000                _estack = 0x20080000
                0x0000000000000200                _Min_Heap_Size = 0x200
                0x0000000000000400                _Min_Stack_Size = 0x400

.isr_vector     0x0000000008000000      0x1f8
                0x0000000008000000                . = ALIGN (0x4)
 *(.isr_vector)
 .isr_vector    0x0000000008000000      0x1f8 Application/TrueSTUDIO/startup_stm32f765xx.o
                0x0000000008000000                g_pfnVectors
                0x00000000080001f8                . = ALIGN (0x4)

.text           0x0000000008000200    0x18b38
                0x0000000008000200                . = ALIGN (0x4)
 *(.text)
 .text          0x0000000008000200       0x40 /home/chen/ide/Atollic_TrueSTUDIO_for_STM32_x86_64_9.2.0/ARMTools/bin/../lib/gcc/arm-atollic-eabi/6.3.1/armv7e-m/fpu/fpv5-d16/crtbegin.o
 .text          0x0000000008000240     0x66a8 /home/chen/ide/Atollic_TrueSTUDIO_for_STM32_x86_64_9.2.0/ARMTools/bin/../lib/gcc/arm-atollic-eabi/6.3.1/../../../../arm-atollic-eabi/lib/armv7e-m/fpu/fpv5-d16/libstdc++.a(cp-demangle.o)
                0x000000000800680c                __cxa_demangle
                0x00000000080068c4                __gcclibcxx_demangle_callback
 *fill*         0x00000000080068e8        0x8 
 .text          0x00000000080068f0       0xa0 /home/chen/ide/Atollic_TrueSTUDIO_for_STM32_x86_64_9.2.0/ARMTools/bin/../lib/gcc/arm-atollic-eabi/6.3.1/../../../../arm-atollic-eabi/lib/armv7e-m/fpu/fpv5-d16/libc.a(lib_a-memchr.o)
                0x00000000080068f0                memchr
 .text          0x0000000008006990       0x14 /home/chen/ide/Atollic_TrueSTUDIO_for_STM32_x86_64_9.2.0/ARMTools/bin/../lib/gcc/arm-atollic-eabi/6.3.1/../../../../arm-atollic-eabi/lib/armv7e-m/fpu/fpv5-d16/libc.a(lib_a-strcmp.o)
                0x0000000008006990                strcmp
 .text          0x00000000080069a4       0x10 /home/chen/ide/Atollic_TrueSTUDIO_for_STM32_x86_64_9.2.0/ARMTools/bin/../lib/gcc/arm-atollic-eabi/6.3.1/../../../../arm-atollic-eabi/lib/armv7e-m/fpu/fpv5-d16/libc.a(lib_a-strlen.o)
                0x00000000080069a4                strlen
 .text          0x00000000080069b4       0x30 /home/chen/ide/Atollic_TrueSTUDIO_for_STM32_x86_64_9.2.0/ARMTools/bin/../lib/gcc/arm-atollic-eabi/6.3.1/armv7e-m/fpu/fpv5-d16/libgcc.a(_aeabi_uldivmod.o)
                0x00000000080069b4                __aeabi_uldivmod
 .text          0x00000000080069e4      0x2dc /home/chen/ide/Atollic_TrueSTUDIO_for_STM32_x86_64_9.2.0/ARMTools/bin/../lib/gcc/arm-atollic-eabi/6.3.1/armv7e-m/fpu/fpv5-d16/libgcc.a(_udivmoddi4.o)
                0x00000000080069e4                __udivmoddi4
 .text          0x0000000008006cc0      0x9cc /home/chen/ide/Atollic_TrueSTUDIO_for_STM32_x86_64_9.2.0/ARMTools/bin/../lib/gcc/arm-atollic-eabi/6.3.1/armv7e-m/fpu/fpv5-d16/libgcc.a(unwind-arm.o)
                0x0000000008006f80                _Unwind_GetCFA
                0x0000000008006f84                __gnu_Unwind_RaiseException
                0x0000000008006fe4                __gnu_Unwind_ForcedUnwind
                0x0000000008006ff8                __gnu_Unwind_Resume
                0x000000000800703c                __gnu_Unwind_Resume_or_Rethrow
                0x000000000800704c                _Unwind_Complete
                0x0000000008007050                _Unwind_DeleteException
                0x000000000800705c                _Unwind_VRS_Get
                0x00000000080070a8                _Unwind_VRS_Set
                0x00000000080070f8                __gnu_Unwind_Backtrace
                0x0000000008007438                __aeabi_unwind_cpp_pr0
                0x000000000800743c                __aeabi_unwind_cpp_pr1
                0x0000000008007440                __aeabi_unwind_cpp_pr2
                0x0000000008007444                _Unwind_VRS_Pop
 .text          0x000000000800768c      0x1ac /home/chen/ide/Atollic_TrueSTUDIO_for_STM32_x86_64_9.2.0/ARMTools/bin/../lib/gcc/arm-atollic-eabi/6.3.1/armv7e-m/fpu/fpv5-d16/libgcc.a(libunwind.o)
                0x000000000800768c                __restore_core_regs
                0x000000000800768c                restore_core_regs
                0x00000000080076a4                __gnu_Unwind_Restore_VFP
                0x00000000080076ac                __gnu_Unwind_Save_VFP
                0x00000000080076b4                __gnu_Unwind_Restore_VFP_D
                0x00000000080076bc                __gnu_Unwind_Save_VFP_D
                0x00000000080076c4                __gnu_Unwind_Restore_VFP_D_16_to_31
                0x00000000080076cc                __gnu_Unwind_Save_VFP_D_16_to_31
                0x00000000080076d4                __gnu_Unwind_Restore_WMMXD
                0x0000000008007718                __gnu_Unwind_Save_WMMXD
                0x000000000800775c                __gnu_Unwind_Restore_WMMXC
                0x0000000008007770                __gnu_Unwind_Save_WMMXC
                0x0000000008007784                ___Unwind_RaiseException
                0x0000000008007784                _Unwind_RaiseException
                0x00000000080077a8                ___Unwind_Resume
                0x00000000080077a8                _Unwind_Resume
                0x00000000080077cc                _Unwind_Resume_or_Rethrow
                0x00000000080077cc                ___Unwind_Resume_or_Rethrow
                0x00000000080077f0                ___Unwind_ForcedUnwind
                0x00000000080077f0                _Unwind_ForcedUnwind
                0x0000000008007814                _Unwind_Backtrace
                0x0000000008007814                ___Unwind_Backtrace
 .text          0x0000000008007838      0x380 /home/chen/ide/Atollic_TrueSTUDIO_for_STM32_x86_64_9.2.0/ARMTools/bin/../lib/gcc/arm-atollic-eabi/6.3.1/armv7e-m/fpu/fpv5-d16/libgcc.a(pr-support.o)
                0x0000000008007890                __gnu_unwind_execute
                0x0000000008007b60                __gnu_unwind_frame
                0x0000000008007b88                _Unwind_GetRegionStart
                0x0000000008007b94                _Unwind_GetLanguageSpecificData
                0x0000000008007ba8                _Unwind_GetTextRelBase
                0x0000000008007bb0                _Unwind_GetDataRelBase
 .text          0x0000000008007bb8        0x4 /home/chen/ide/Atollic_TrueSTUDIO_for_STM32_x86_64_9.2.0/ARMTools/bin/../lib/gcc/arm-atollic-eabi/6.3.1/armv7e-m/fpu/fpv5-d16/libgcc.a(_dvmd_tls.o)
                0x0000000008007bb8                __aeabi_ldiv0
                0x0000000008007bb8                __aeabi_idiv0
 *(.text*)
 .text.Reset_Handler
                0x0000000008007bbc       0x50 Application/TrueSTUDIO/startup_stm32f765xx.o
                0x0000000008007bbc                Reset_Handler
 .text.Default_Handler
                0x0000000008007c0c        0x2 Application/TrueSTUDIO/startup_stm32f765xx.o
                0x0000000008007c0c                RTC_Alarm_IRQHandler
                0x0000000008007c0c                EXTI2_IRQHandler
                0x0000000008007c0c                TIM8_CC_IRQHandler
                0x0000000008007c0c                UART8_IRQHandler
                0x0000000008007c0c                SPI4_IRQHandler
                0x0000000008007c0c                TIM1_CC_IRQHandler
                0x0000000008007c0c                DMA2_Stream5_IRQHandler
                0x0000000008007c0c                DMA1_Stream5_IRQHandler
                0x0000000008007c0c                CAN3_RX1_IRQHandler
                0x0000000008007c0c                PVD_IRQHandler
                0x0000000008007c0c                TAMP_STAMP_IRQHandler
                0x0000000008007c0c                CAN2_RX1_IRQHandler
                0x0000000008007c0c                EXTI3_IRQHandler
                0x0000000008007c0c                TIM8_TRG_COM_TIM14_IRQHandler
                0x0000000008007c0c                DFSDM1_FLT1_IRQHandler
                0x0000000008007c0c                TIM1_UP_TIM10_IRQHandler
                0x0000000008007c0c                TIM8_UP_TIM13_IRQHandler
                0x0000000008007c0c                I2C3_ER_IRQHandler
                0x0000000008007c0c                DFSDM1_FLT2_IRQHandler
                0x0000000008007c0c                EXTI0_IRQHandler
                0x0000000008007c0c                I2C2_EV_IRQHandler
                0x0000000008007c0c                CAN1_RX0_IRQHandler
                0x0000000008007c0c                FPU_IRQHandler
                0x0000000008007c0c                OTG_HS_WKUP_IRQHandler
                0x0000000008007c0c                CAN3_SCE_IRQHandler
                0x0000000008007c0c                CAN2_SCE_IRQHandler
                0x0000000008007c0c                SPI1_IRQHandler
                0x0000000008007c0c                TIM6_DAC_IRQHandler
                0x0000000008007c0c                TIM1_BRK_TIM9_IRQHandler
                0x0000000008007c0c                DCMI_IRQHandler
                0x0000000008007c0c                CAN2_RX0_IRQHandler
                0x0000000008007c0c                DMA2_Stream3_IRQHandler
                0x0000000008007c0c                SAI2_IRQHandler
                0x0000000008007c0c                DFSDM1_FLT3_IRQHandler
                0x0000000008007c0c                USART6_IRQHandler
                0x0000000008007c0c                CAN3_RX0_IRQHandler
                0x0000000008007c0c                USART3_IRQHandler
                0x0000000008007c0c                CAN1_RX1_IRQHandler
                0x0000000008007c0c                UART5_IRQHandler
                0x0000000008007c0c                QUADSPI_IRQHandler
                0x0000000008007c0c                I2C1_EV_IRQHandler
                0x0000000008007c0c                DMA1_Stream6_IRQHandler
                0x0000000008007c0c                DMA1_Stream1_IRQHandler
                0x0000000008007c0c                UART4_IRQHandler
                0x0000000008007c0c                TIM3_IRQHandler
                0x0000000008007c0c                RCC_IRQHandler
                0x0000000008007c0c                TIM8_BRK_TIM12_IRQHandler
                0x0000000008007c0c                Default_Handler
                0x0000000008007c0c                CEC_IRQHandler
                0x0000000008007c0c                EXTI15_10_IRQHandler
                0x0000000008007c0c                ADC_IRQHandler
                0x0000000008007c0c                DMA1_Stream7_IRQHandler
                0x0000000008007c0c                SPI5_IRQHandler
                0x0000000008007c0c                TIM7_IRQHandler
                0x0000000008007c0c                SDMMC1_IRQHandler
                0x0000000008007c0c                CAN2_TX_IRQHandler
                0x0000000008007c0c                TIM5_IRQHandler
                0x0000000008007c0c                I2C3_EV_IRQHandler
                0x0000000008007c0c                EXTI9_5_IRQHandler
                0x0000000008007c0c                RTC_WKUP_IRQHandler
                0x0000000008007c0c                ETH_WKUP_IRQHandler
                0x0000000008007c0c                SPDIF_RX_IRQHandler
                0x0000000008007c0c                SPI2_IRQHandler
                0x0000000008007c0c                OTG_HS_EP1_IN_IRQHandler
                0x0000000008007c0c                DMA1_Stream0_IRQHandler
                0x0000000008007c0c                CAN1_TX_IRQHandler
                0x0000000008007c0c                EXTI4_IRQHandler
                0x0000000008007c0c                RNG_IRQHandler
                0x0000000008007c0c                ETH_IRQHandler
                0x0000000008007c0c                OTG_HS_EP1_OUT_IRQHandler
                0x0000000008007c0c                WWDG_IRQHandler
                0x0000000008007c0c                SPI6_IRQHandler
                0x0000000008007c0c                MDIOS_IRQHandler
                0x0000000008007c0c                I2C4_EV_IRQHandler
                0x0000000008007c0c                CAN3_TX_IRQHandler
                0x0000000008007c0c                TIM2_IRQHandler
                0x0000000008007c0c                OTG_FS_WKUP_IRQHandler
                0x0000000008007c0c                TIM1_TRG_COM_TIM11_IRQHandler
                0x0000000008007c0c                OTG_HS_IRQHandler
                0x0000000008007c0c                DMA2D_IRQHandler
                0x0000000008007c0c                EXTI1_IRQHandler
                0x0000000008007c0c                SDMMC2_IRQHandler
                0x0000000008007c0c                UART7_IRQHandler
                0x0000000008007c0c                USART2_IRQHandler
                0x0000000008007c0c                DFSDM1_FLT0_IRQHandler
                0x0000000008007c0c                I2C2_ER_IRQHandler
                0x0000000008007c0c                CAN1_SCE_IRQHandler
                0x0000000008007c0c                FLASH_IRQHandler
                0x0000000008007c0c                DMA2_Stream4_IRQHandler
                0x0000000008007c0c                USART1_IRQHandler
                0x0000000008007c0c                OTG_FS_IRQHandler
                0x0000000008007c0c                SPI3_IRQHandler
                0x0000000008007c0c                DMA1_Stream4_IRQHandler
                0x0000000008007c0c                I2C1_ER_IRQHandler
                0x0000000008007c0c                FMC_IRQHandler
                0x0000000008007c0c                LPTIM1_IRQHandler
                0x0000000008007c0c                I2C4_ER_IRQHandler
                0x0000000008007c0c                DMA2_Stream6_IRQHandler
                0x0000000008007c0c                SAI1_IRQHandler
                0x0000000008007c0c                DMA1_Stream3_IRQHandler
 .text._getpid  0x0000000008007c0e        0x4 Application/TrueSTUDIO/syscalls.o
                0x0000000008007c0e                _getpid
 .text._kill    0x0000000008007c12       0x10 Application/TrueSTUDIO/syscalls.o
                0x0000000008007c12                _kill
 .text._exit    0x0000000008007c22        0xc Application/TrueSTUDIO/syscalls.o
                0x0000000008007c22                _exit
 .text._read    0x0000000008007c2e       0x1e Application/TrueSTUDIO/syscalls.o
                0x0000000008007c2e                _read
 .text._write   0x0000000008007c4c       0x1c Application/TrueSTUDIO/syscalls.o
                0x0000000008007c4c                _write
 .text._sbrk    0x0000000008007c68       0x3c Application/TrueSTUDIO/syscalls.o
                0x0000000008007c68                _sbrk
 .text._close   0x0000000008007ca4        0x6 Application/TrueSTUDIO/syscalls.o
                0x0000000008007ca4                _close
 .text._fstat   0x0000000008007caa        0xa Application/TrueSTUDIO/syscalls.o
                0x0000000008007caa                _fstat
 .text._isatty  0x0000000008007cb4        0x4 Application/TrueSTUDIO/syscalls.o
                0x0000000008007cb4                _isatty
 .text._lseek   0x0000000008007cb8        0x4 Application/TrueSTUDIO/syscalls.o
                0x0000000008007cb8                _lseek
 .text._ZNK8std_msgs4Time9serializeEPh
                0x0000000008007cbc       0x24 Application/User/Debug/datatraceDebug.o
                0x0000000008007cbc                std_msgs::Time::serialize(unsigned char*) const
 .text._ZN8std_msgs4Time11deserializeEPh
                0x0000000008007ce0       0x3c Application/User/Debug/datatraceDebug.o
                0x0000000008007ce0                std_msgs::Time::deserialize(unsigned char*)
 .text._ZN8std_msgs4Time7getTypeEv
                0x0000000008007d1c        0x8 Application/User/Debug/datatraceDebug.o
                0x0000000008007d1c                std_msgs::Time::getType()
 .text._ZN8std_msgs4Time6getMD5Ev
                0x0000000008007d24        0x8 Application/User/Debug/datatraceDebug.o
                0x0000000008007d24                std_msgs::Time::getMD5()
 .text._ZN14rosserial_msgs9TopicInfo11deserializeEPh
                0x0000000008007d2c       0x94 Application/User/Debug/datatraceDebug.o
                0x0000000008007d2c                rosserial_msgs::TopicInfo::deserialize(unsigned char*)
 .text._ZN14rosserial_msgs9TopicInfo7getTypeEv
                0x0000000008007dc0        0x8 Application/User/Debug/datatraceDebug.o
                0x0000000008007dc0                rosserial_msgs::TopicInfo::getType()
 .text._ZN14rosserial_msgs9TopicInfo6getMD5Ev
                0x0000000008007dc8        0x8 Application/User/Debug/datatraceDebug.o
                0x0000000008007dc8                rosserial_msgs::TopicInfo::getMD5()
 .text._ZN14rosserial_msgs3Log11deserializeEPh
                0x0000000008007dd0       0x2c Application/User/Debug/datatraceDebug.o
                0x0000000008007dd0                rosserial_msgs::Log::deserialize(unsigned char*)
 .text._ZN14rosserial_msgs3Log7getTypeEv
                0x0000000008007dfc        0x8 Application/User/Debug/datatraceDebug.o
                0x0000000008007dfc                rosserial_msgs::Log::getType()
 .text._ZN14rosserial_msgs3Log6getMD5Ev
                0x0000000008007e04        0x8 Application/User/Debug/datatraceDebug.o
                0x0000000008007e04                rosserial_msgs::Log::getMD5()
 .text._ZN14rosserial_msgs20RequestParamResponse7getTypeEv
                0x0000000008007e0c        0x8 Application/User/Debug/datatraceDebug.o
                0x0000000008007e0c                rosserial_msgs::RequestParamResponse::getType()
 .text._ZN14rosserial_msgs20RequestParamResponse6getMD5Ev
                0x0000000008007e14        0x8 Application/User/Debug/datatraceDebug.o
                0x0000000008007e14                rosserial_msgs::RequestParamResponse::getMD5()
 .text._ZNK17jsk_imu_mini_msgs3Imu9serializeEPh
                0x0000000008007e1c       0xe2 Application/User/Debug/datatraceDebug.o
                0x0000000008007e1c                jsk_imu_mini_msgs::Imu::serialize(unsigned char*) const
 .text._ZN17jsk_imu_mini_msgs3Imu11deserializeEPh
                0x0000000008007efe      0x106 Application/User/Debug/datatraceDebug.o
                0x0000000008007efe                jsk_imu_mini_msgs::Imu::deserialize(unsigned char*)
 .text._ZN17jsk_imu_mini_msgs3Imu7getTypeEv
                0x0000000008008004        0x8 Application/User/Debug/datatraceDebug.o
                0x0000000008008004                jsk_imu_mini_msgs::Imu::getType()
 .text._ZN17jsk_imu_mini_msgs3Imu6getMD5Ev
                0x000000000800800c        0x8 Application/User/Debug/datatraceDebug.o
                0x000000000800800c                jsk_imu_mini_msgs::Imu::getMD5()
 .text._ZNK17jsk_imu_mini_msgs11DesireCoord9serializeEPh
                0x0000000008008014       0x44 Application/User/Debug/datatraceDebug.o
                0x0000000008008014                jsk_imu_mini_msgs::DesireCoord::serialize(unsigned char*) const
 .text._ZN17jsk_imu_mini_msgs11DesireCoord11deserializeEPh
                0x0000000008008058       0x4a Application/User/Debug/datatraceDebug.o
                0x0000000008008058                jsk_imu_mini_msgs::DesireCoord::deserialize(unsigned char*)
 *fill*         0x00000000080080a2        0x2 
 .text._ZN17jsk_imu_mini_msgs11DesireCoord7getTypeEv
                0x00000000080080a4        0x8 Application/User/Debug/datatraceDebug.o
                0x00000000080080a4                jsk_imu_mini_msgs::DesireCoord::getType()
 .text._ZN17jsk_imu_mini_msgs11DesireCoord6getMD5Ev
                0x00000000080080ac        0x8 Application/User/Debug/datatraceDebug.o
                0x00000000080080ac                jsk_imu_mini_msgs::DesireCoord::getMD5()
 .text._ZNK17aerial_robot_msgs9Barometer9serializeEPh
                0x00000000080080b4       0x60 Application/User/Debug/datatraceDebug.o
                0x00000000080080b4                aerial_robot_msgs::Barometer::serialize(unsigned char*) const
 .text._ZN17aerial_robot_msgs9Barometer11deserializeEPh
                0x0000000008008114       0x7e Application/User/Debug/datatraceDebug.o
                0x0000000008008114                aerial_robot_msgs::Barometer::deserialize(unsigned char*)
 *fill*         0x0000000008008192        0x2 
 .text._ZN17aerial_robot_msgs9Barometer7getTypeEv
                0x0000000008008194        0x8 Application/User/Debug/datatraceDebug.o
                0x0000000008008194                aerial_robot_msgs::Barometer::getType()
 .text._ZN17aerial_robot_msgs9Barometer6getMD5Ev
                0x000000000800819c        0x8 Application/User/Debug/datatraceDebug.o
                0x000000000800819c                aerial_robot_msgs::Barometer::getMD5()
 .text._ZNK17aerial_robot_msgs3Gps9serializeEPh
                0x00000000080081a4       0x8a Application/User/Debug/datatraceDebug.o
                0x00000000080081a4                aerial_robot_msgs::Gps::serialize(unsigned char*) const
 .text._ZN17aerial_robot_msgs3Gps11deserializeEPh
                0x000000000800822e       0xa6 Application/User/Debug/datatraceDebug.o
                0x000000000800822e                aerial_robot_msgs::Gps::deserialize(unsigned char*)
 .text._ZN17aerial_robot_msgs3Gps7getTypeEv
                0x00000000080082d4        0x8 Application/User/Debug/datatraceDebug.o
                0x00000000080082d4                aerial_robot_msgs::Gps::getType()
 .text._ZN17aerial_robot_msgs3Gps6getMD5Ev
                0x00000000080082dc        0x8 Application/User/Debug/datatraceDebug.o
                0x00000000080082dc                aerial_robot_msgs::Gps::getMD5()
 .text._ZN3ros11NodeHandle_I13STMF7HardwareLi20ELi20ELi255ELi255EE9connectedEv
                0x00000000080082e4        0x6 Application/User/Debug/datatraceDebug.o
                0x00000000080082e4                ros::NodeHandle_<STMF7Hardware, 20, 20, 255, 255>::connected()
 *fill*         0x00000000080082ea        0x2 
 .text._ZN8RxBufferI18UART_HandleTypeDefLi400ELi8EE11ReceiveCpltEP19__DMA_HandleTypeDef
                0x00000000080082ec       0x70 Application/User/Debug/datatraceDebug.o
                0x00000000080082ec                RxBuffer<UART_HandleTypeDef, 400, 8>::ReceiveCplt(__DMA_HandleTypeDef*)
 .text._ZN8TxBufferI18UART_HandleTypeDefLi50ELi250EE12TransmitCpltEP19__DMA_HandleTypeDef
                0x000000000800835c      0x38c Application/User/Debug/datatraceDebug.o
                0x000000000800835c                TxBuffer<UART_HandleTypeDef, 50, 250>::TransmitCplt(__DMA_HandleTypeDef*)
 .text._ZN3ros11Subscriber2IN17jsk_imu_mini_msgs11DesireCoordE16AttitudeEstimateE15getEndpointTypeEv
                0x00000000080086e8        0x4 Application/User/Debug/datatraceDebug.o
                0x00000000080086e8                ros::Subscriber2<jsk_imu_mini_msgs::DesireCoord, AttitudeEstimate>::getEndpointType()
 .text._ZN3ros11Subscriber2IN17jsk_imu_mini_msgs11DesireCoordE16AttitudeEstimateE10getMsgTypeEv
                0x00000000080086ec        0x8 Application/User/Debug/datatraceDebug.o
                0x00000000080086ec                ros::Subscriber2<jsk_imu_mini_msgs::DesireCoord, AttitudeEstimate>::getMsgType()
 .text._ZN3ros11Subscriber2IN17jsk_imu_mini_msgs11DesireCoordE16AttitudeEstimateE9getMsgMD5Ev
                0x00000000080086f4        0x8 Application/User/Debug/datatraceDebug.o
                0x00000000080086f4                ros::Subscriber2<jsk_imu_mini_msgs::DesireCoord, AttitudeEstimate>::getMsgMD5()
 .text._ZN3ros11NodeHandle_I13STMF7HardwareLi20ELi20ELi255ELi255EE7publishEiPKNS_3MsgE
                0x00000000080086fc      0x484 Application/User/Debug/datatraceDebug.o
                0x00000000080086fc                ros::NodeHandle_<STMF7Hardware, 20, 20, 255, 255>::publish(int, ros::Msg const*)
 .text._ZNK14rosserial_msgs3Log9serializeEPh
                0x0000000008008b80       0x24 Application/User/Debug/datatraceDebug.o
                0x0000000008008b80                rosserial_msgs::Log::serialize(unsigned char*) const
 .text._ZNK14rosserial_msgs20RequestParamResponse9serializeEPh
                0x0000000008008ba4       0xd4 Application/User/Debug/datatraceDebug.o
                0x0000000008008ba4                rosserial_msgs::RequestParamResponse::serialize(unsigned char*) const
 .text._ZNK14rosserial_msgs9TopicInfo9serializeEPh
                0x0000000008008c78       0x7e Application/User/Debug/datatraceDebug.o
                0x0000000008008c78                rosserial_msgs::TopicInfo::serialize(unsigned char*) const
 .text._ZN14rosserial_msgs20RequestParamResponse11deserializeEPh
                0x0000000008008cf6       0xf0 Application/User/Debug/datatraceDebug.o
                0x0000000008008cf6                rosserial_msgs::RequestParamResponse::deserialize(unsigned char*)
 .text._ZN7encoder8ENCODER_D2Ev
                0x0000000008008de6       0x20 Application/User/Debug/datatraceDebug.o
                0x0000000008008de6                encoder::ENCODER_::~ENCODER_()
                0x0000000008008de6                encoder::ENCODER_::~ENCODER_()
 *fill*         0x0000000008008e06        0x2 
 .text._ZN16AttitudeEstimate19desireCoordCallbackERKN17jsk_imu_mini_msgs11DesireCoordE
                0x0000000008008e08       0x24 Application/User/Debug/datatraceDebug.o
                0x0000000008008e08                AttitudeEstimate::desireCoordCallback(jsk_imu_mini_msgs::DesireCoord const&)
 .text._ZN17ComplementaryAHRS10estimationEv
                0x0000000008008e2c      0x288 Application/User/Debug/datatraceDebug.o
                0x0000000008008e2c                ComplementaryAHRS::estimation()
 .text._Z41__static_initialization_and_destruction_0ii
                0x00000000080090b4       0x8c Application/User/Debug/datatraceDebug.o
 .text._ZN3ros11Subscriber2IN17jsk_imu_mini_msgs11DesireCoordE16AttitudeEstimateE8callbackEPh
                0x0000000008009140       0x6c Application/User/Debug/datatraceDebug.o
                0x0000000008009140                ros::Subscriber2<jsk_imu_mini_msgs::DesireCoord, AttitudeEstimate>::callback(unsigned char*)
 .text._ZN3ros11NodeHandle_I13STMF7HardwareLi20ELi20ELi255ELi255EE8spinOnceEv
                0x00000000080091ac      0x53c Application/User/Debug/datatraceDebug.o
                0x00000000080091ac                ros::NodeHandle_<STMF7Hardware, 20, 20, 255, 255>::spinOnce()
 .text._ZN16AttitudeEstimate4initEP3IMUPN3ros11NodeHandle_I13STMF7HardwareLi20ELi20ELi255ELi255EEE
                0x00000000080096e8      0x170 Application/User/Debug/datatraceDebug.o
                0x00000000080096e8                AttitudeEstimate::init(IMU*, ros::NodeHandle_<STMF7Hardware, 20, 20, 255, 255>*)
 .text.StartenchallTask
                0x0000000008009858      0xc04 Application/User/Debug/datatraceDebug.o
                0x0000000008009858                StartenchallTask
 .text._GLOBAL__sub_I_Enc_handle_left
                0x000000000800a45c        0xe Application/User/Debug/datatraceDebug.o
 *fill*         0x000000000800a46a        0x6 
 .text.StartcontrolTask
                0x000000000800a470      0x3e8 Application/User/Foc/controlFoc.o
                0x000000000800a470                StartcontrolTask
 .text.HAL_UART_ErrorCallback
                0x000000000800a858        0x8 Application/User/ISRs/isrSensors.o
                0x000000000800a858                HAL_UART_ErrorCallback
 .text.HAL_UART_RxCpltCallback
                0x000000000800a860      0x3f4 Application/User/ISRs/isrSensors.o
                0x000000000800a860                HAL_UART_RxCpltCallback
 .text.StartledblueTask
                0x000000000800ac54       0x18 Application/User/Idletasks/idletasks.o
                0x000000000800ac54                StartledblueTask
 .text.StartledgreenTask
                0x000000000800ac6c       0x18 Application/User/Idletasks/idletasks.o
                0x000000000800ac6c                StartledgreenTask
 .text.StartiwdgTask
                0x000000000800ac84        0xa Application/User/Idletasks/idletasks.o
                0x000000000800ac84                StartiwdgTask
 *fill*         0x000000000800ac8e        0x2 
 .text.StartbuzzerrythmTask
                0x000000000800ac90      0x180 Application/User/Idletasks/idletasks.o
                0x000000000800ac90                StartbuzzerrythmTask
 .text.StartbuzzertoneTask
                0x000000000800ae10      0x188 Application/User/Idletasks/idletasks.o
                0x000000000800ae10                StartbuzzertoneTask
 .text.SystemInitialization
                0x000000000800af98       0x78 Application/User/SYSINIT/sysinitial.o
                0x000000000800af98                SystemInitialization
 .text.MX_DFSDM1_Init
                0x000000000800b010       0xe0 Application/User/dfsdm.o
                0x000000000800b010                MX_DFSDM1_Init
 .text.HAL_DFSDM_FilterMspInit
                0x000000000800b0f0      0x168 Application/User/dfsdm.o
                0x000000000800b0f0                HAL_DFSDM_FilterMspInit
 .text.HAL_DFSDM_ChannelMspInit
                0x000000000800b258       0xac Application/User/dfsdm.o
                0x000000000800b258                HAL_DFSDM_ChannelMspInit
 .text.MX_DMA_Init
                0x000000000800b304       0x84 Application/User/dma.o
                0x000000000800b304                MX_DMA_Init
 .text.MX_FREERTOS_Init
                0x000000000800b388      0x184 Application/User/freertos.o
                0x000000000800b388                MX_FREERTOS_Init
 .text.MX_GPIO_Init
                0x000000000800b50c      0x174 Application/User/gpio.o
                0x000000000800b50c                MX_GPIO_Init
 .text.MX_I2C4_Init
                0x000000000800b680       0x58 Application/User/i2c.o
                0x000000000800b680                MX_I2C4_Init
 .text.HAL_I2C_MspInit
                0x000000000800b6d8       0x70 Application/User/i2c.o
                0x000000000800b6d8                HAL_I2C_MspInit
 .text._ZNK8std_msgs5UInt89serializeEPh
                0x000000000800b748        0x8 Application/User/imu/imu_mpu9250.o
                0x000000000800b748                std_msgs::UInt8::serialize(unsigned char*) const
 .text._ZN8std_msgs5UInt811deserializeEPh
                0x000000000800b750        0x8 Application/User/imu/imu_mpu9250.o
                0x000000000800b750                std_msgs::UInt8::deserialize(unsigned char*)
 .text._ZN8std_msgs5UInt87getTypeEv
                0x000000000800b758        0x8 Application/User/imu/imu_mpu9250.o
                0x000000000800b758                std_msgs::UInt8::getType()
 .text._ZN8std_msgs5UInt86getMD5Ev
                0x000000000800b760        0x8 Application/User/imu/imu_mpu9250.o
                0x000000000800b760                std_msgs::UInt8::getMD5()
 .text._ZN3IMU17imuConfigCallbackERKN8std_msgs5UInt8E
                0x000000000800b768       0x42 Application/User/imu/imu_mpu9250.o
                0x000000000800b768                IMU::imuConfigCallback(std_msgs::UInt8 const&)
 .text._ZN3ros11Subscriber2IN8std_msgs5UInt8E3IMUE8callbackEPh
                0x000000000800b7aa       0x28 Application/User/imu/imu_mpu9250.o
                0x000000000800b7aa                ros::Subscriber2<std_msgs::UInt8, IMU>::callback(unsigned char*)
 .text._ZN3ros11Subscriber2IN8std_msgs5UInt8E3IMUE15getEndpointTypeEv
                0x000000000800b7d2        0x4 Application/User/imu/imu_mpu9250.o
                0x000000000800b7d2                ros::Subscriber2<std_msgs::UInt8, IMU>::getEndpointType()
 *fill*         0x000000000800b7d6        0x2 
 .text._ZN3ros11Subscriber2IN8std_msgs5UInt8E3IMUE10getMsgTypeEv
                0x000000000800b7d8        0x8 Application/User/imu/imu_mpu9250.o
                0x000000000800b7d8                ros::Subscriber2<std_msgs::UInt8, IMU>::getMsgType()
 .text._ZN3ros11Subscriber2IN8std_msgs5UInt8E3IMUE9getMsgMD5Ev
                0x000000000800b7e0        0x8 Application/User/imu/imu_mpu9250.o
                0x000000000800b7e0                ros::Subscriber2<std_msgs::UInt8, IMU>::getMsgMD5()
 .text._ZN3IMU13getCalibratedEv
                0x000000000800b7e8       0x22 Application/User/imu/imu_mpu9250.o
                0x000000000800b7e8                IMU::getCalibrated()
 *fill*         0x000000000800b80a        0x2 
 .text._ZN3IMU13readCalibDataEv
                0x000000000800b80c       0x54 Application/User/imu/imu_mpu9250.o
                0x000000000800b80c                IMU::readCalibData()
 .text._ZN3IMU14writeCalibDataEv
                0x000000000800b860       0x74 Application/User/imu/imu_mpu9250.o
                0x000000000800b860                IMU::writeCalibData()
 .text._ZN3IMU8mpuWriteEhh
                0x000000000800b8d4       0x4c Application/User/imu/imu_mpu9250.o
                0x000000000800b8d4                IMU::mpuWrite(unsigned char, unsigned char)
 .text._ZN3IMU8gyroInitEv
                0x000000000800b920       0x66 Application/User/imu/imu_mpu9250.o
                0x000000000800b920                IMU::gyroInit()
 .text._ZN3IMU7accInitEv
                0x000000000800b986       0x38 Application/User/imu/imu_mpu9250.o
                0x000000000800b986                IMU::accInit()
 .text._ZN3IMU7magInitEv
                0x000000000800b9be       0xe2 Application/User/imu/imu_mpu9250.o
                0x000000000800b9be                IMU::magInit()
 .text._ZN3IMU4initEP19__SPI_HandleTypeDefPN3ros11NodeHandle_I13STMF7HardwareLi20ELi20ELi255ELi255EEE
                0x000000000800baa0       0xec Application/User/imu/imu_mpu9250.o
                0x000000000800baa0                IMU::init(__SPI_HandleTypeDef*, ros::NodeHandle_<STMF7Hardware, 20, 20, 255, 255>*)
 .text._ZN3IMU4readEv
                0x000000000800bb8c      0x298 Application/User/imu/imu_mpu9250.o
                0x000000000800bb8c                IMU::read()
 .text._ZN3IMU7processEv
                0x000000000800be24      0x374 Application/User/imu/imu_mpu9250.o
                0x000000000800be24                IMU::process()
 .text._ZN3IMU6updateEt
                0x000000000800c198      0x370 Application/User/imu/imu_mpu9250.o
                0x000000000800c198                IMU::update(unsigned short)
 .text._Z18SystemClock_Configv
                0x000000000800c508       0xc0 Application/User/main.o
                0x000000000800c508                SystemClock_Config()
 .text.main     0x000000000800c5c8       0x48 Application/User/main.o
                0x000000000800c5c8                main
 .text.HAL_TIM_PeriodElapsedCallback
                0x000000000800c610       0x18 Application/User/main.o
                0x000000000800c610                HAL_TIM_PeriodElapsedCallback
 .text.Error_Handler
                0x000000000800c628        0x2 Application/User/main.o
                0x000000000800c628                Error_Handler
 *fill*         0x000000000800c62a        0x2 
 .text.MX_SPI1_Init
                0x000000000800c62c       0x4c Application/User/spi.o
                0x000000000800c62c                MX_SPI1_Init
 .text.HAL_SPI_MspInit
                0x000000000800c678       0x94 Application/User/spi.o
                0x000000000800c678                HAL_SPI_MspInit
 .text.HAL_MspInit
                0x000000000800c70c       0x40 Application/User/stm32f7xx_hal_msp.o
                0x000000000800c70c                HAL_MspInit
 .text.HAL_InitTick
                0x000000000800c74c       0x7c Application/User/stm32f7xx_hal_timebase_tim.o
                0x000000000800c74c                HAL_InitTick
 .text.NMI_Handler
                0x000000000800c7c8        0x2 Application/User/stm32f7xx_it.o
                0x000000000800c7c8                NMI_Handler
 .text.HardFault_Handler
                0x000000000800c7ca        0x2 Application/User/stm32f7xx_it.o
                0x000000000800c7ca                HardFault_Handler
 .text.MemManage_Handler
                0x000000000800c7cc        0x2 Application/User/stm32f7xx_it.o
                0x000000000800c7cc                MemManage_Handler
 .text.BusFault_Handler
                0x000000000800c7ce        0x2 Application/User/stm32f7xx_it.o
                0x000000000800c7ce                BusFault_Handler
 .text.UsageFault_Handler
                0x000000000800c7d0        0x2 Application/User/stm32f7xx_it.o
                0x000000000800c7d0                UsageFault_Handler
 .text.DebugMon_Handler
                0x000000000800c7d2        0x2 Application/User/stm32f7xx_it.o
                0x000000000800c7d2                DebugMon_Handler
 .text.DMA1_Stream2_IRQHandler
                0x000000000800c7d4       0x10 Application/User/stm32f7xx_it.o
                0x000000000800c7d4                DMA1_Stream2_IRQHandler
 .text.TIM4_IRQHandler
                0x000000000800c7e4       0x10 Application/User/stm32f7xx_it.o
                0x000000000800c7e4                TIM4_IRQHandler
 .text.DMA2_Stream0_IRQHandler
                0x000000000800c7f4       0x10 Application/User/stm32f7xx_it.o
                0x000000000800c7f4                DMA2_Stream0_IRQHandler
 .text.DMA2_Stream1_IRQHandler
                0x000000000800c804       0x10 Application/User/stm32f7xx_it.o
                0x000000000800c804                DMA2_Stream1_IRQHandler
 .text.DMA2_Stream2_IRQHandler
                0x000000000800c814       0x10 Application/User/stm32f7xx_it.o
                0x000000000800c814                DMA2_Stream2_IRQHandler
 .text.DMA2_Stream7_IRQHandler
                0x000000000800c824       0x10 Application/User/stm32f7xx_it.o
                0x000000000800c824                DMA2_Stream7_IRQHandler
 .text.MX_TIM3_Init
                0x000000000800c834       0x74 Application/User/tim.o
                0x000000000800c834                MX_TIM3_Init
 .text.HAL_TIM_Base_MspInit
                0x000000000800c8a8       0x6c Application/User/tim.o
                0x000000000800c8a8                HAL_TIM_Base_MspInit
 .text.HAL_TIM_MspPostInit
                0x000000000800c914       0xb8 Application/User/tim.o
                0x000000000800c914                HAL_TIM_MspPostInit
 .text.MX_TIM1_Init
                0x000000000800c9cc      0x130 Application/User/tim.o
                0x000000000800c9cc                MX_TIM1_Init
 .text.MX_TIM2_Init
                0x000000000800cafc       0xb0 Application/User/tim.o
                0x000000000800cafc                MX_TIM2_Init
 .text.MX_UART4_Init
                0x000000000800cbac       0x50 Application/User/usart.o
                0x000000000800cbac                MX_UART4_Init
 .text.MX_UART8_Init
                0x000000000800cbfc       0x40 Application/User/usart.o
                0x000000000800cbfc                MX_UART8_Init
 .text.MX_USART1_UART_Init
                0x000000000800cc3c       0x38 Application/User/usart.o
                0x000000000800cc3c                MX_USART1_UART_Init
 .text.MX_USART3_UART_Init
                0x000000000800cc74       0x40 Application/User/usart.o
                0x000000000800cc74                MX_USART3_UART_Init
 .text.HAL_UART_MspInit
                0x000000000800ccb4      0x22c Application/User/usart.o
                0x000000000800ccb4                HAL_UART_MspInit
 .text._ZN3ros16normalizeSecNSecERmS0_
                0x000000000800cee0       0x2c Application/ros/time.o
                0x000000000800cee0                ros::normalizeSecNSec(unsigned long&, unsigned long&)
 .text.SystemInit
                0x000000000800cf0c       0x50 Drivers/CMSIS/system_stm32f7xx.o
                0x000000000800cf0c                SystemInit
 .text.HAL_Init
                0x000000000800cf5c       0x2c Drivers/STM32F7xx_HAL_Driver/stm32f7xx_hal.o
                0x000000000800cf5c                HAL_Init
 .text.HAL_IncTick
                0x000000000800cf88       0x18 Drivers/STM32F7xx_HAL_Driver/stm32f7xx_hal.o
                0x000000000800cf88                HAL_IncTick
 .text.HAL_GetTick
                0x000000000800cfa0        0xc Drivers/STM32F7xx_HAL_Driver/stm32f7xx_hal.o
                0x000000000800cfa0                HAL_GetTick
 .text.HAL_Delay
                0x000000000800cfac       0x28 Drivers/STM32F7xx_HAL_Driver/stm32f7xx_hal.o
                0x000000000800cfac                HAL_Delay
 .text.HAL_NVIC_SetPriorityGrouping
                0x000000000800cfd4       0x24 Drivers/STM32F7xx_HAL_Driver/stm32f7xx_hal_cortex.o
                0x000000000800cfd4                HAL_NVIC_SetPriorityGrouping
 .text.HAL_NVIC_SetPriority
                0x000000000800cff8       0x60 Drivers/STM32F7xx_HAL_Driver/stm32f7xx_hal_cortex.o
                0x000000000800cff8                HAL_NVIC_SetPriority
 .text.HAL_NVIC_EnableIRQ
                0x000000000800d058       0x18 Drivers/STM32F7xx_HAL_Driver/stm32f7xx_hal_cortex.o
                0x000000000800d058                HAL_NVIC_EnableIRQ
 .text.DFSDM_GetChannelFromInstance
                0x000000000800d070       0x58 Drivers/STM32F7xx_HAL_Driver/stm32f7xx_hal_dfsdm.o
 .text.DFSDM_RegConvStart
                0x000000000800d0c8       0x68 Drivers/STM32F7xx_HAL_Driver/stm32f7xx_hal_dfsdm.o
 .text.HAL_DFSDM_ChannelInit
                0x000000000800d130      0x108 Drivers/STM32F7xx_HAL_Driver/stm32f7xx_hal_dfsdm.o
                0x000000000800d130                HAL_DFSDM_ChannelInit
 .text.HAL_DFSDM_FilterInit
                0x000000000800d238      0x128 Drivers/STM32F7xx_HAL_Driver/stm32f7xx_hal_dfsdm.o
                0x000000000800d238                HAL_DFSDM_FilterInit
 .text.HAL_DFSDM_FilterConfigRegChannel
                0x000000000800d360       0x50 Drivers/STM32F7xx_HAL_Driver/stm32f7xx_hal_dfsdm.o
                0x000000000800d360                HAL_DFSDM_FilterConfigRegChannel
 .text.HAL_DFSDM_FilterRegularStart
                0x000000000800d3b0       0x1a Drivers/STM32F7xx_HAL_Driver/stm32f7xx_hal_dfsdm.o
                0x000000000800d3b0                HAL_DFSDM_FilterRegularStart
 .text.HAL_DFSDM_FilterGetRegularValue
                0x000000000800d3ca        0xe Drivers/STM32F7xx_HAL_Driver/stm32f7xx_hal_dfsdm.o
                0x000000000800d3ca                HAL_DFSDM_FilterGetRegularValue
 .text.HAL_DFSDM_FilterErrorCallback
                0x000000000800d3d8        0x2 Drivers/STM32F7xx_HAL_Driver/stm32f7xx_hal_dfsdm.o
                0x000000000800d3d8                HAL_DFSDM_FilterErrorCallback
 .text.HAL_DFSDM_FilterPollForRegConversion
                0x000000000800d3da       0x80 Drivers/STM32F7xx_HAL_Driver/stm32f7xx_hal_dfsdm.o
                0x000000000800d3da                HAL_DFSDM_FilterPollForRegConversion
 .text.DMA_SetConfig
                0x000000000800d45a       0x2c Drivers/STM32F7xx_HAL_Driver/stm32f7xx_hal_dma.o
 *fill*         0x000000000800d486        0x2 
 .text.DMA_CalcBaseAndBitshift
                0x000000000800d488       0x38 Drivers/STM32F7xx_HAL_Driver/stm32f7xx_hal_dma.o
 .text.DMA_CheckFifoParam
                0x000000000800d4c0       0x8e Drivers/STM32F7xx_HAL_Driver/stm32f7xx_hal_dma.o
 *fill*         0x000000000800d54e        0x2 
 .text.HAL_DMA_Init
                0x000000000800d550       0xd0 Drivers/STM32F7xx_HAL_Driver/stm32f7xx_hal_dma.o
                0x000000000800d550                HAL_DMA_Init
 .text.HAL_DMA_Start_IT
                0x000000000800d620       0x74 Drivers/STM32F7xx_HAL_Driver/stm32f7xx_hal_dma.o
                0x000000000800d620                HAL_DMA_Start_IT
 .text.HAL_DMA_Abort
                0x000000000800d694       0x94 Drivers/STM32F7xx_HAL_Driver/stm32f7xx_hal_dma.o
                0x000000000800d694                HAL_DMA_Abort
 .text.HAL_DMA_IRQHandler
                0x000000000800d728      0x1dc Drivers/STM32F7xx_HAL_Driver/stm32f7xx_hal_dma.o
                0x000000000800d728                HAL_DMA_IRQHandler
 .text.FLASH_Program_DoubleWord
                0x000000000800d904       0x30 Drivers/STM32F7xx_HAL_Driver/stm32f7xx_hal_flash.o
 .text.FLASH_Program_Word
                0x000000000800d934       0x28 Drivers/STM32F7xx_HAL_Driver/stm32f7xx_hal_flash.o
 .text.FLASH_Program_HalfWord
                0x000000000800d95c       0x28 Drivers/STM32F7xx_HAL_Driver/stm32f7xx_hal_flash.o
 .text.FLASH_Program_Byte
                0x000000000800d984       0x24 Drivers/STM32F7xx_HAL_Driver/stm32f7xx_hal_flash.o
 .text.FLASH_SetErrorCode
                0x000000000800d9a8       0x74 Drivers/STM32F7xx_HAL_Driver/stm32f7xx_hal_flash.o
 .text.HAL_FLASH_Unlock
                0x000000000800da1c       0x30 Drivers/STM32F7xx_HAL_Driver/stm32f7xx_hal_flash.o
                0x000000000800da1c                HAL_FLASH_Unlock
 .text.HAL_FLASH_Lock
                0x000000000800da4c       0x14 Drivers/STM32F7xx_HAL_Driver/stm32f7xx_hal_flash.o
                0x000000000800da4c                HAL_FLASH_Lock
 .text.FLASH_WaitForLastOperation
                0x000000000800da60       0x68 Drivers/STM32F7xx_HAL_Driver/stm32f7xx_hal_flash.o
                0x000000000800da60                FLASH_WaitForLastOperation
 .text.HAL_FLASH_Program
                0x000000000800dac8       0x88 Drivers/STM32F7xx_HAL_Driver/stm32f7xx_hal_flash.o
                0x000000000800dac8                HAL_FLASH_Program
 .text.FLASH_MassErase
                0x000000000800db50       0x4c Drivers/STM32F7xx_HAL_Driver/stm32f7xx_hal_flash_ex.o
 .text.FLASH_Erase_Sector
                0x000000000800db9c       0x5c Drivers/STM32F7xx_HAL_Driver/stm32f7xx_hal_flash_ex.o
                0x000000000800db9c                FLASH_Erase_Sector
 .text.HAL_FLASHEx_Erase
                0x000000000800dbf8       0x98 Drivers/STM32F7xx_HAL_Driver/stm32f7xx_hal_flash_ex.o
                0x000000000800dbf8                HAL_FLASHEx_Erase
 .text.HAL_GPIO_Init
                0x000000000800dc90      0x1dc Drivers/STM32F7xx_HAL_Driver/stm32f7xx_hal_gpio.o
                0x000000000800dc90                HAL_GPIO_Init
 .text.HAL_GPIO_WritePin
                0x000000000800de6c        0xc Drivers/STM32F7xx_HAL_Driver/stm32f7xx_hal_gpio.o
                0x000000000800de6c                HAL_GPIO_WritePin
 .text.HAL_GPIO_TogglePin
                0x000000000800de78        0x8 Drivers/STM32F7xx_HAL_Driver/stm32f7xx_hal_gpio.o
                0x000000000800de78                HAL_GPIO_TogglePin
 .text.HAL_I2C_Init
                0x000000000800de80       0xbc Drivers/STM32F7xx_HAL_Driver/stm32f7xx_hal_i2c.o
                0x000000000800de80                HAL_I2C_Init
 .text.HAL_I2CEx_ConfigAnalogFilter
                0x000000000800df3c       0x5c Drivers/STM32F7xx_HAL_Driver/stm32f7xx_hal_i2c_ex.o
                0x000000000800df3c                HAL_I2CEx_ConfigAnalogFilter
 .text.HAL_I2CEx_ConfigDigitalFilter
                0x000000000800df98       0x58 Drivers/STM32F7xx_HAL_Driver/stm32f7xx_hal_i2c_ex.o
                0x000000000800df98                HAL_I2CEx_ConfigDigitalFilter
 .text.HAL_PWREx_EnableOverDrive
                0x000000000800dff0       0x7c Drivers/STM32F7xx_HAL_Driver/stm32f7xx_hal_pwr_ex.o
                0x000000000800dff0                HAL_PWREx_EnableOverDrive
 .text.HAL_RCC_OscConfig
                0x000000000800e06c      0x3d4 Drivers/STM32F7xx_HAL_Driver/stm32f7xx_hal_rcc.o
                0x000000000800e06c                HAL_RCC_OscConfig
 .text.HAL_RCC_GetSysClockFreq
                0x000000000800e440       0xd4 Drivers/STM32F7xx_HAL_Driver/stm32f7xx_hal_rcc.o
                0x000000000800e440                HAL_RCC_GetSysClockFreq
 .text.HAL_RCC_ClockConfig
                0x000000000800e514      0x164 Drivers/STM32F7xx_HAL_Driver/stm32f7xx_hal_rcc.o
                0x000000000800e514                HAL_RCC_ClockConfig
 .text.HAL_RCC_GetHCLKFreq
                0x000000000800e678        0xc Drivers/STM32F7xx_HAL_Driver/stm32f7xx_hal_rcc.o
                0x000000000800e678                HAL_RCC_GetHCLKFreq
 .text.HAL_RCC_GetPCLK1Freq
                0x000000000800e684       0x20 Drivers/STM32F7xx_HAL_Driver/stm32f7xx_hal_rcc.o
                0x000000000800e684                HAL_RCC_GetPCLK1Freq
 .text.HAL_RCC_GetPCLK2Freq
                0x000000000800e6a4       0x20 Drivers/STM32F7xx_HAL_Driver/stm32f7xx_hal_rcc.o
                0x000000000800e6a4                HAL_RCC_GetPCLK2Freq
 .text.HAL_RCC_GetClockConfig
                0x000000000800e6c4       0x3c Drivers/STM32F7xx_HAL_Driver/stm32f7xx_hal_rcc.o
                0x000000000800e6c4                HAL_RCC_GetClockConfig
 .text.HAL_RCCEx_PeriphCLKConfig
                0x000000000800e700      0x5bc Drivers/STM32F7xx_HAL_Driver/stm32f7xx_hal_rcc_ex.o
                0x000000000800e700                HAL_RCCEx_PeriphCLKConfig
 .text.SPI_WaitFlagStateUntilTimeout
                0x000000000800ecbc       0x8a Drivers/STM32F7xx_HAL_Driver/stm32f7xx_hal_spi.o
 .text.SPI_WaitFifoStateUntilTimeout
                0x000000000800ed46       0xa8 Drivers/STM32F7xx_HAL_Driver/stm32f7xx_hal_spi.o
 .text.SPI_EndRxTxTransaction
                0x000000000800edee       0x68 Drivers/STM32F7xx_HAL_Driver/stm32f7xx_hal_spi.o
 .text.SPI_EndRxTransaction
                0x000000000800ee56       0x86 Drivers/STM32F7xx_HAL_Driver/stm32f7xx_hal_spi.o
 .text.HAL_SPI_Init
                0x000000000800eedc       0xba Drivers/STM32F7xx_HAL_Driver/stm32f7xx_hal_spi.o
                0x000000000800eedc                HAL_SPI_Init
 .text.HAL_SPI_Transmit
                0x000000000800ef96      0x16c Drivers/STM32F7xx_HAL_Driver/stm32f7xx_hal_spi.o
                0x000000000800ef96                HAL_SPI_Transmit
 .text.HAL_SPI_TransmitReceive
                0x000000000800f102      0x2a8 Drivers/STM32F7xx_HAL_Driver/stm32f7xx_hal_spi.o
                0x000000000800f102                HAL_SPI_TransmitReceive
 .text.HAL_SPI_Receive
                0x000000000800f3aa      0x180 Drivers/STM32F7xx_HAL_Driver/stm32f7xx_hal_spi.o
                0x000000000800f3aa                HAL_SPI_Receive
 .text.TIM_TI1_ConfigInputStage
                0x000000000800f52a       0x26 Drivers/STM32F7xx_HAL_Driver/stm32f7xx_hal_tim.o
 .text.TIM_TI2_ConfigInputStage
                0x000000000800f550       0x28 Drivers/STM32F7xx_HAL_Driver/stm32f7xx_hal_tim.o
 .text.TIM_ITRx_SetConfig
                0x000000000800f578       0x10 Drivers/STM32F7xx_HAL_Driver/stm32f7xx_hal_tim.o
 .text.HAL_TIM_Base_Start
                0x000000000800f588       0x1a Drivers/STM32F7xx_HAL_Driver/stm32f7xx_hal_tim.o
                0x000000000800f588                HAL_TIM_Base_Start
 .text.HAL_TIM_Base_Start_IT
                0x000000000800f5a2       0x18 Drivers/STM32F7xx_HAL_Driver/stm32f7xx_hal_tim.o
                0x000000000800f5a2                HAL_TIM_Base_Start_IT
 .text.HAL_TIM_PWM_MspInit
                0x000000000800f5ba        0x2 Drivers/STM32F7xx_HAL_Driver/stm32f7xx_hal_tim.o
                0x000000000800f5ba                HAL_TIM_PWM_MspInit
 .text.HAL_TIM_OC_DelayElapsedCallback
                0x000000000800f5bc        0x2 Drivers/STM32F7xx_HAL_Driver/stm32f7xx_hal_tim.o
                0x000000000800f5bc                HAL_TIM_OC_DelayElapsedCallback
 .text.HAL_TIM_IC_CaptureCallback
                0x000000000800f5be        0x2 Drivers/STM32F7xx_HAL_Driver/stm32f7xx_hal_tim.o
                0x000000000800f5be                HAL_TIM_IC_CaptureCallback
 .text.HAL_TIM_PWM_PulseFinishedCallback
                0x000000000800f5c0        0x2 Drivers/STM32F7xx_HAL_Driver/stm32f7xx_hal_tim.o
                0x000000000800f5c0                HAL_TIM_PWM_PulseFinishedCallback
 .text.HAL_TIM_TriggerCallback
                0x000000000800f5c2        0x2 Drivers/STM32F7xx_HAL_Driver/stm32f7xx_hal_tim.o
                0x000000000800f5c2                HAL_TIM_TriggerCallback
 .text.HAL_TIM_IRQHandler
                0x000000000800f5c4      0x19a Drivers/STM32F7xx_HAL_Driver/stm32f7xx_hal_tim.o
                0x000000000800f5c4                HAL_TIM_IRQHandler
 *fill*         0x000000000800f75e        0x2 
 .text.TIM_Base_SetConfig
                0x000000000800f760      0x140 Drivers/STM32F7xx_HAL_Driver/stm32f7xx_hal_tim.o
                0x000000000800f760                TIM_Base_SetConfig
 .text.HAL_TIM_Base_Init
                0x000000000800f8a0       0x32 Drivers/STM32F7xx_HAL_Driver/stm32f7xx_hal_tim.o
                0x000000000800f8a0                HAL_TIM_Base_Init
 .text.HAL_TIM_PWM_Init
                0x000000000800f8d2       0x32 Drivers/STM32F7xx_HAL_Driver/stm32f7xx_hal_tim.o
                0x000000000800f8d2                HAL_TIM_PWM_Init
 .text.TIM_OC1_SetConfig
                0x000000000800f904       0x60 Drivers/STM32F7xx_HAL_Driver/stm32f7xx_hal_tim.o
                0x000000000800f904                TIM_OC1_SetConfig
 .text.TIM_OC2_SetConfig
                0x000000000800f964       0x68 Drivers/STM32F7xx_HAL_Driver/stm32f7xx_hal_tim.o
                0x000000000800f964                TIM_OC2_SetConfig
 .text.TIM_OC3_SetConfig
                0x000000000800f9cc       0x68 Drivers/STM32F7xx_HAL_Driver/stm32f7xx_hal_tim.o
                0x000000000800f9cc                TIM_OC3_SetConfig
 .text.TIM_OC4_SetConfig
                0x000000000800fa34       0x54 Drivers/STM32F7xx_HAL_Driver/stm32f7xx_hal_tim.o
                0x000000000800fa34                TIM_OC4_SetConfig
 .text.TIM_ETR_SetConfig
                0x000000000800fa88       0x18 Drivers/STM32F7xx_HAL_Driver/stm32f7xx_hal_tim.o
                0x000000000800fa88                TIM_ETR_SetConfig
 .text.HAL_TIM_ConfigClockSource
                0x000000000800faa0      0x114 Drivers/STM32F7xx_HAL_Driver/stm32f7xx_hal_tim.o
                0x000000000800faa0                HAL_TIM_ConfigClockSource
 .text.TIM_CCxChannelCmd
                0x000000000800fbb4       0x1e Drivers/STM32F7xx_HAL_Driver/stm32f7xx_hal_tim.o
                0x000000000800fbb4                TIM_CCxChannelCmd
 *fill*         0x000000000800fbd2        0x2 
 .text.HAL_TIM_PWM_Start
                0x000000000800fbd4       0x38 Drivers/STM32F7xx_HAL_Driver/stm32f7xx_hal_tim.o
                0x000000000800fbd4                HAL_TIM_PWM_Start
 .text.TIM_CCxNChannelCmd
                0x000000000800fc0c       0x1e Drivers/STM32F7xx_HAL_Driver/stm32f7xx_hal_tim_ex.o
 *fill*         0x000000000800fc2a        0x2 
 .text.TIM_OC5_SetConfig
                0x000000000800fc2c       0x54 Drivers/STM32F7xx_HAL_Driver/stm32f7xx_hal_tim_ex.o
 .text.TIM_OC6_SetConfig
                0x000000000800fc80       0x54 Drivers/STM32F7xx_HAL_Driver/stm32f7xx_hal_tim_ex.o
 .text.HAL_TIMEx_PWMN_Start
                0x000000000800fcd4       0x24 Drivers/STM32F7xx_HAL_Driver/stm32f7xx_hal_tim_ex.o
                0x000000000800fcd4                HAL_TIMEx_PWMN_Start
 .text.HAL_TIMEx_MasterConfigSynchronization
                0x000000000800fcf8       0x58 Drivers/STM32F7xx_HAL_Driver/stm32f7xx_hal_tim_ex.o
                0x000000000800fcf8                HAL_TIMEx_MasterConfigSynchronization
 .text.HAL_TIMEx_ConfigBreakDeadTime
                0x000000000800fd50       0x94 Drivers/STM32F7xx_HAL_Driver/stm32f7xx_hal_tim_ex.o
                0x000000000800fd50                HAL_TIMEx_ConfigBreakDeadTime
 .text.HAL_TIMEx_CommutationCallback
                0x000000000800fde4        0x2 Drivers/STM32F7xx_HAL_Driver/stm32f7xx_hal_tim_ex.o
                0x000000000800fde4                HAL_TIMEx_CommutationCallback
 .text.HAL_TIMEx_BreakCallback
                0x000000000800fde6        0x2 Drivers/STM32F7xx_HAL_Driver/stm32f7xx_hal_tim_ex.o
                0x000000000800fde6                HAL_TIMEx_BreakCallback
 .text.HAL_TIM_PWM_ConfigChannel
                0x000000000800fde8      0x134 Drivers/STM32F7xx_HAL_Driver/stm32f7xx_hal_tim_ex.o
                0x000000000800fde8                HAL_TIM_PWM_ConfigChannel
 .text.UART_EndTxTransfer
                0x000000000800ff1c       0x12 Drivers/STM32F7xx_HAL_Driver/stm32f7xx_hal_uart.o
 .text.UART_EndRxTransfer
                0x000000000800ff2e       0x1c Drivers/STM32F7xx_HAL_Driver/stm32f7xx_hal_uart.o
 *fill*         0x000000000800ff4a        0x2 
 .text.HAL_UART_Transmit_DMA
                0x000000000800ff4c       0x8c Drivers/STM32F7xx_HAL_Driver/stm32f7xx_hal_uart.o
                0x000000000800ff4c                HAL_UART_Transmit_DMA
 .text.HAL_UART_Receive_DMA
                0x000000000800ffd8       0x98 Drivers/STM32F7xx_HAL_Driver/stm32f7xx_hal_uart.o
                0x000000000800ffd8                HAL_UART_Receive_DMA
 .text.HAL_UART_DMAResume
                0x0000000008010070       0x72 Drivers/STM32F7xx_HAL_Driver/stm32f7xx_hal_uart.o
                0x0000000008010070                HAL_UART_DMAResume
 .text.UART_WaitOnFlagUntilTimeout
                0x00000000080100e2       0x64 Drivers/STM32F7xx_HAL_Driver/stm32f7xx_hal_uart.o
                0x00000000080100e2                UART_WaitOnFlagUntilTimeout
 .text.HAL_UART_TxCpltCallback
                0x0000000008010146        0x2 Drivers/STM32F7xx_HAL_Driver/stm32f7xx_hal_uart.o
                0x0000000008010146                HAL_UART_TxCpltCallback
 .text.UART_DMATransmitCplt
                0x0000000008010148       0x32 Drivers/STM32F7xx_HAL_Driver/stm32f7xx_hal_uart.o
 .text.HAL_UART_TxHalfCpltCallback
                0x000000000801017a        0x2 Drivers/STM32F7xx_HAL_Driver/stm32f7xx_hal_uart.o
                0x000000000801017a                HAL_UART_TxHalfCpltCallback
 .text.UART_DMATxHalfCplt
                0x000000000801017c        0xa Drivers/STM32F7xx_HAL_Driver/stm32f7xx_hal_uart.o
 .text.UART_DMAReceiveCplt
                0x0000000008010186       0x40 Drivers/STM32F7xx_HAL_Driver/stm32f7xx_hal_uart.o
 .text.HAL_UART_RxHalfCpltCallback
                0x00000000080101c6        0x2 Drivers/STM32F7xx_HAL_Driver/stm32f7xx_hal_uart.o
                0x00000000080101c6                HAL_UART_RxHalfCpltCallback
 .text.UART_DMARxHalfCplt
                0x00000000080101c8        0xa Drivers/STM32F7xx_HAL_Driver/stm32f7xx_hal_uart.o
 .text.UART_DMAError
                0x00000000080101d2       0x56 Drivers/STM32F7xx_HAL_Driver/stm32f7xx_hal_uart.o
 .text.UART_SetConfig
                0x0000000008010228      0x360 Drivers/STM32F7xx_HAL_Driver/stm32f7xx_hal_uart.o
                0x0000000008010228                UART_SetConfig
 .text.UART_AdvFeatureConfig
                0x0000000008010588       0xca Drivers/STM32F7xx_HAL_Driver/stm32f7xx_hal_uart.o
                0x0000000008010588                UART_AdvFeatureConfig
 .text.UART_CheckIdleState
                0x0000000008010652       0x48 Drivers/STM32F7xx_HAL_Driver/stm32f7xx_hal_uart.o
                0x0000000008010652                UART_CheckIdleState
 .text.HAL_UART_Init
                0x000000000801069a       0x68 Drivers/STM32F7xx_HAL_Driver/stm32f7xx_hal_uart.o
                0x000000000801069a                HAL_UART_Init
 .text.makeFreeRtosPriority
                0x0000000008010702        0xc Middlewares/FreeRTOS/cmsis_os.o
 .text.osKernelStart
                0x000000000801070e        0xa Middlewares/FreeRTOS/cmsis_os.o
                0x000000000801070e                osKernelStart
 .text.osThreadCreate
                0x0000000008010718       0x34 Middlewares/FreeRTOS/cmsis_os.o
                0x0000000008010718                osThreadCreate
 .text.osDelay  0x000000000801074c       0x12 Middlewares/FreeRTOS/cmsis_os.o
                0x000000000801074c                osDelay
 .text.osMutexCreate
                0x000000000801075e        0xa Middlewares/FreeRTOS/cmsis_os.o
                0x000000000801075e                osMutexCreate
 .text.osMessageCreate
                0x0000000008010768        0xe Middlewares/FreeRTOS/cmsis_os.o
                0x0000000008010768                osMessageCreate
 *fill*         0x0000000008010776        0x2 
 .text.prvHeapInit
                0x0000000008010778       0x64 Middlewares/FreeRTOS/heap_4.o
 .text.prvInsertBlockIntoFreeList
                0x00000000080107dc       0x58 Middlewares/FreeRTOS/heap_4.o
 .text.pvPortMalloc
                0x0000000008010834      0x114 Middlewares/FreeRTOS/heap_4.o
                0x0000000008010834                pvPortMalloc
 .text.vPortFree
                0x0000000008010948       0x78 Middlewares/FreeRTOS/heap_4.o
                0x0000000008010948                vPortFree
 .text.vListInitialise
                0x00000000080109c0       0x16 Middlewares/FreeRTOS/list.o
                0x00000000080109c0                vListInitialise
 .text.vListInitialiseItem
                0x00000000080109d6        0x6 Middlewares/FreeRTOS/list.o
                0x00000000080109d6                vListInitialiseItem
 .text.vListInsertEnd
                0x00000000080109dc       0x18 Middlewares/FreeRTOS/list.o
                0x00000000080109dc                vListInsertEnd
 .text.vListInsert
                0x00000000080109f4       0x34 Middlewares/FreeRTOS/list.o
                0x00000000080109f4                vListInsert
 .text.uxListRemove
                0x0000000008010a28       0x26 Middlewares/FreeRTOS/list.o
                0x0000000008010a28                uxListRemove
 *fill*         0x0000000008010a4e        0x2 
 .text.prvTaskExitError
                0x0000000008010a50       0x3c Middlewares/FreeRTOS/port.o
 .text.prvPortStartFirstTask
                0x0000000008010a8c       0x20 Middlewares/FreeRTOS/port.o
 .text.vPortEnableVFP
                0x0000000008010aac       0x14 Middlewares/FreeRTOS/port.o
 .text.pxPortInitialiseStack
                0x0000000008010ac0       0x2c Middlewares/FreeRTOS/port.o
                0x0000000008010ac0                pxPortInitialiseStack
 *fill*         0x0000000008010aec        0x4 
 .text.SVC_Handler
                0x0000000008010af0       0x24 Middlewares/FreeRTOS/port.o
                0x0000000008010af0                SVC_Handler
 .text.vPortEnterCritical
                0x0000000008010b14       0x4c Middlewares/FreeRTOS/port.o
                0x0000000008010b14                vPortEnterCritical
 .text.vPortExitCritical
                0x0000000008010b60       0x30 Middlewares/FreeRTOS/port.o
                0x0000000008010b60                vPortExitCritical
 .text.PendSV_Handler
                0x0000000008010b90       0x64 Middlewares/FreeRTOS/port.o
                0x0000000008010b90                PendSV_Handler
 .text.SysTick_Handler
                0x0000000008010bf4       0x30 Middlewares/FreeRTOS/port.o
                0x0000000008010bf4                SysTick_Handler
 .text.vPortSetupTimerInterrupt
                0x0000000008010c24       0x2c Middlewares/FreeRTOS/port.o
                0x0000000008010c24                vPortSetupTimerInterrupt
 .text.xPortStartScheduler
                0x0000000008010c50       0xa8 Middlewares/FreeRTOS/port.o
                0x0000000008010c50                xPortStartScheduler
 .text.vPortValidateInterruptPriority
                0x0000000008010cf8       0x64 Middlewares/FreeRTOS/port.o
                0x0000000008010cf8                vPortValidateInterruptPriority
 .text.prvIsQueueFull
                0x0000000008010d5c       0x1e Middlewares/FreeRTOS/queue.o
 .text.prvIsQueueEmpty
                0x0000000008010d7a       0x1a Middlewares/FreeRTOS/queue.o
 .text.prvCopyDataToQueue
                0x0000000008010d94       0x76 Middlewares/FreeRTOS/queue.o
 .text.prvCopyDataFromQueue
                0x0000000008010e0a       0x24 Middlewares/FreeRTOS/queue.o
 .text.prvUnlockQueue
                0x0000000008010e2e       0x6e Middlewares/FreeRTOS/queue.o
 .text.xQueueGenericReset
                0x0000000008010e9c       0x84 Middlewares/FreeRTOS/queue.o
                0x0000000008010e9c                xQueueGenericReset
 .text.prvInitialiseNewQueue
                0x0000000008010f20       0x1c Middlewares/FreeRTOS/queue.o
 .text.xQueueGenericCreate
                0x0000000008010f3c       0x4c Middlewares/FreeRTOS/queue.o
                0x0000000008010f3c                xQueueGenericCreate
 .text.xQueueGenericSend
                0x0000000008010f88      0x198 Middlewares/FreeRTOS/queue.o
                0x0000000008010f88                xQueueGenericSend
 .text.prvInitialiseMutex
                0x0000000008011120       0x18 Middlewares/FreeRTOS/queue.o
 .text.xQueueCreateMutex
                0x0000000008011138       0x16 Middlewares/FreeRTOS/queue.o
                0x0000000008011138                xQueueCreateMutex
 .text.xQueueGenericSendFromISR
                0x000000000801114e       0xee Middlewares/FreeRTOS/queue.o
                0x000000000801114e                xQueueGenericSendFromISR
 .text.xQueueGenericReceive
                0x000000000801123c      0x1bc Middlewares/FreeRTOS/queue.o
                0x000000000801123c                xQueueGenericReceive
 .text.prvResetNextTaskUnblockTime
                0x00000000080113f8       0x34 Middlewares/FreeRTOS/tasks.o
 .text.prvDeleteTCB
                0x000000000801142c       0x12 Middlewares/FreeRTOS/tasks.o
 .text.prvInitialiseNewTask
                0x000000000801143e       0x80 Middlewares/FreeRTOS/tasks.o
 *fill*         0x00000000080114be        0x2 
 .text.prvInitialiseTaskLists
                0x00000000080114c0       0x68 Middlewares/FreeRTOS/tasks.o
 .text.prvAddNewTaskToReadyList
                0x0000000008011528       0xa8 Middlewares/FreeRTOS/tasks.o
 .text.prvAddCurrentTaskToDelayedList
                0x00000000080115d0       0xa0 Middlewares/FreeRTOS/tasks.o
 .text.xTaskCreate
                0x0000000008011670       0x62 Middlewares/FreeRTOS/tasks.o
                0x0000000008011670                xTaskCreate
 *fill*         0x00000000080116d2        0x2 
 .text.vTaskStartScheduler
                0x00000000080116d4       0x84 Middlewares/FreeRTOS/tasks.o
                0x00000000080116d4                vTaskStartScheduler
 .text.vTaskSuspendAll
                0x0000000008011758       0x10 Middlewares/FreeRTOS/tasks.o
                0x0000000008011758                vTaskSuspendAll
 .text.xTaskIncrementTick
                0x0000000008011768      0x124 Middlewares/FreeRTOS/tasks.o
                0x0000000008011768                xTaskIncrementTick
 .text.xTaskResumeAll
                0x000000000801188c      0x100 Middlewares/FreeRTOS/tasks.o
                0x000000000801188c                xTaskResumeAll
 .text.vTaskDelay
                0x000000000801198c       0x54 Middlewares/FreeRTOS/tasks.o
                0x000000000801198c                vTaskDelay
 .text.prvCheckTasksWaitingTermination
                0x00000000080119e0       0x5c Middlewares/FreeRTOS/tasks.o
 .text.prvIdleTask
                0x0000000008011a3c       0x28 Middlewares/FreeRTOS/tasks.o
 .text.vTaskSwitchContext
                0x0000000008011a64       0xa0 Middlewares/FreeRTOS/tasks.o
                0x0000000008011a64                vTaskSwitchContext
 .text.vTaskPlaceOnEventList
                0x0000000008011b04       0x34 Middlewares/FreeRTOS/tasks.o
                0x0000000008011b04                vTaskPlaceOnEventList
 .text.xTaskRemoveFromEventList
                0x0000000008011b38       0x90 Middlewares/FreeRTOS/tasks.o
                0x0000000008011b38                xTaskRemoveFromEventList
 .text.vTaskSetTimeOutState
                0x0000000008011bc8       0x30 Middlewares/FreeRTOS/tasks.o
                0x0000000008011bc8                vTaskSetTimeOutState
 .text.xTaskCheckForTimeOut
                0x0000000008011bf8       0x88 Middlewares/FreeRTOS/tasks.o
                0x0000000008011bf8                xTaskCheckForTimeOut
 .text.vTaskMissedYield
                0x0000000008011c80        0xc Middlewares/FreeRTOS/tasks.o
                0x0000000008011c80                vTaskMissedYield
 .text.xTaskGetSchedulerState
                0x0000000008011c8c       0x20 Middlewares/FreeRTOS/tasks.o
                0x0000000008011c8c                xTaskGetSchedulerState
 .text.vTaskPriorityInherit
                0x0000000008011cac       0xa4 Middlewares/FreeRTOS/tasks.o
                0x0000000008011cac                vTaskPriorityInherit
 .text.xTaskPriorityDisinherit
                0x0000000008011d50       0xbc Middlewares/FreeRTOS/tasks.o
                0x0000000008011d50                xTaskPriorityDisinherit
 .text.pvTaskIncrementMutexHeldCount
                0x0000000008011e0c       0x1c Middlewares/FreeRTOS/tasks.o
                0x0000000008011e0c                pvTaskIncrementMutexHeldCount
 .text._ZNK7Vector3IfErmERKS0_
                0x0000000008011e28       0xc0 ../../../Jsk_lib/lib/libjskmath.a(vector3.o)
                0x0000000008011e28                Vector3<float>::operator%(Vector3<float> const&) const
 .text._ZNK7Vector3IfEmlERKS0_
                0x0000000008011ee8       0x50 ../../../Jsk_lib/lib/libjskmath.a(vector3.o)
                0x0000000008011ee8                Vector3<float>::operator*(Vector3<float> const&) const
 .text._ZN7Vector3IfEdVEf
                0x0000000008011f38       0x58 ../../../Jsk_lib/lib/libjskmath.a(vector3.o)
                0x0000000008011f38                Vector3<float>::operator/=(float)
 .text._ZN7Vector3IfEmIERKS0_
                0x0000000008011f90       0x5c ../../../Jsk_lib/lib/libjskmath.a(vector3.o)
                0x0000000008011f90                Vector3<float>::operator-=(Vector3<float> const&)
 .text._ZN7Vector3IfEpLERKS0_
                0x0000000008011fec       0x5c ../../../Jsk_lib/lib/libjskmath.a(vector3.o)
                0x0000000008011fec                Vector3<float>::operator+=(Vector3<float> const&)
 .text._ZNK7Vector3IfEdvEf
                0x0000000008012048       0x80 ../../../Jsk_lib/lib/libjskmath.a(vector3.o)
                0x0000000008012048                Vector3<float>::operator/(float) const
 .text._ZNK7Vector3IfEmlEf
                0x00000000080120c8       0x80 ../../../Jsk_lib/lib/libjskmath.a(vector3.o)
                0x00000000080120c8                Vector3<float>::operator*(float) const
 .text._ZNK7Vector3IfEplERKS0_
                0x0000000008012148       0x84 ../../../Jsk_lib/lib/libjskmath.a(vector3.o)
                0x0000000008012148                Vector3<float>::operator+(Vector3<float> const&) const
 .text._ZNK7Vector3IfEmiERKS0_
                0x00000000080121cc       0x84 ../../../Jsk_lib/lib/libjskmath.a(vector3.o)
                0x00000000080121cc                Vector3<float>::operator-(Vector3<float> const&) const
 .text._ZN7Vector3IfEC2Efff
                0x0000000008012250       0x34 ../../../Jsk_lib/lib/libjskmath.a(vector3.o)
                0x0000000008012250                Vector3<float>::Vector3(float, float, float)
                0x0000000008012250                Vector3<float>::Vector3(float, float, float)
 .text._ZN7Matrix3IfE10from_eulerEfff
                0x0000000008012284      0x164 ../../../Jsk_lib/lib/libjskmath.a(matrix3.o)
                0x0000000008012284                Matrix3<float>::from_euler(float, float, float)
 .text._ZNK7Matrix3IfEmlERK7Vector3IfE
                0x00000000080123e8       0xfc ../../../Jsk_lib/lib/libjskmath.a(matrix3.o)
                0x00000000080123e8                Matrix3<float>::operator*(Vector3<float> const&) const
 .text._Z8inv_sqrtf
                0x00000000080124e4       0x78 ../../../Jsk_lib/lib/libjskmath.a(AP_Math.o)
                0x00000000080124e4                inv_sqrt(float)
 .text._ZN10__cxxabiv120__si_class_type_infoD2Ev
                0x000000000801255c       0x14 /home/chen/ide/Atollic_TrueSTUDIO_for_STM32_x86_64_9.2.0/ARMTools/bin/../lib/gcc/arm-atollic-eabi/6.3.1/../../../../arm-atollic-eabi/lib/armv7e-m/fpu/fpv5-d16/libstdc++.a(si_class_type_info.o)
                0x000000000801255c                __cxxabiv1::__si_class_type_info::~__si_class_type_info()
                0x000000000801255c                __cxxabiv1::__si_class_type_info::~__si_class_type_info()
 .text._ZN10__cxxabiv120__si_class_type_infoD0Ev
                0x0000000008012570       0x1c /home/chen/ide/Atollic_TrueSTUDIO_for_STM32_x86_64_9.2.0/ARMTools/bin/../lib/gcc/arm-atollic-eabi/6.3.1/../../../../arm-atollic-eabi/lib/armv7e-m/fpu/fpv5-d16/libstdc++.a(si_class_type_info.o)
                0x0000000008012570                __cxxabiv1::__si_class_type_info::~__si_class_type_info()
 .text._ZNK10__cxxabiv120__si_class_type_info20__do_find_public_srcEiPKvPKNS_17__class_type_infoES2_
                0x000000000801258c       0x3c /home/chen/ide/Atollic_TrueSTUDIO_for_STM32_x86_64_9.2.0/ARMTools/bin/../lib/gcc/arm-atollic-eabi/6.3.1/../../../../arm-atollic-eabi/lib/armv7e-m/fpu/fpv5-d16/libstdc++.a(si_class_type_info.o)
                0x000000000801258c                __cxxabiv1::__si_class_type_info::__do_find_public_src(int, void const*, __cxxabiv1::__class_type_info const*, void const*) const
 .text._ZNK10__cxxabiv120__si_class_type_info12__do_dyncastEiNS_17__class_type_info10__sub_kindEPKS1_PKvS4_S6_RNS1_16__dyncast_resultE
                0x00000000080125c8       0x90 /home/chen/ide/Atollic_TrueSTUDIO_for_STM32_x86_64_9.2.0/ARMTools/bin/../lib/gcc/arm-atollic-eabi/6.3.1/../../../../arm-atollic-eabi/lib/armv7e-m/fpu/fpv5-d16/libstdc++.a(si_class_type_info.o)
                0x00000000080125c8                __cxxabiv1::__si_class_type_info::__do_dyncast(int, __cxxabiv1::__class_type_info::__sub_kind, __cxxabiv1::__class_type_info const*, void const*, __cxxabiv1::__class_type_info const*, void const*, __cxxabiv1::__class_type_info::__dyncast_result&) const
 .text._ZNK10__cxxabiv120__si_class_type_info11__do_upcastEPKNS_17__class_type_infoEPKvRNS1_15__upcast_resultE
                0x0000000008012658       0x2c /home/chen/ide/Atollic_TrueSTUDIO_for_STM32_x86_64_9.2.0/ARMTools/bin/../lib/gcc/arm-atollic-eabi/6.3.1/../../../../arm-atollic-eabi/lib/armv7e-m/fpu/fpv5-d16/libstdc++.a(si_class_type_info.o)
                0x0000000008012658                __cxxabiv1::__si_class_type_info::__do_upcast(__cxxabiv1::__class_type_info const*, void const*, __cxxabiv1::__class_type_info::__upcast_result&) const
 .text._ZdlPv   0x0000000008012684        0x4 /home/chen/ide/Atollic_TrueSTUDIO_for_STM32_x86_64_9.2.0/ARMTools/bin/../lib/gcc/arm-atollic-eabi/6.3.1/../../../../arm-atollic-eabi/lib/armv7e-m/fpu/fpv5-d16/libstdc++.a(del_op.o)
                0x0000000008012684                operator delete(void*)
 .text.__aeabi_atexit
                0x0000000008012688        0xc /home/chen/ide/Atollic_TrueSTUDIO_for_STM32_x86_64_9.2.0/ARMTools/bin/../lib/gcc/arm-atollic-eabi/6.3.1/../../../../arm-atollic-eabi/lib/armv7e-m/fpu/fpv5-d16/libstdc++.a(atexit_arm.o)
                0x0000000008012688                __aeabi_atexit
 .text._Znwj    0x0000000008012694       0x3c /home/chen/ide/Atollic_TrueSTUDIO_for_STM32_x86_64_9.2.0/ARMTools/bin/../lib/gcc/arm-atollic-eabi/6.3.1/../../../../arm-atollic-eabi/lib/armv7e-m/fpu/fpv5-d16/libstdc++.a(new_op.o)
                0x0000000008012694                operator new(unsigned int)
 .text._ZN12_GLOBAL__N_14pool4freeEPv.constprop.4
                0x00000000080126d0       0x74 /home/chen/ide/Atollic_TrueSTUDIO_for_STM32_x86_64_9.2.0/ARMTools/bin/../lib/gcc/arm-atollic-eabi/6.3.1/../../../../arm-atollic-eabi/lib/armv7e-m/fpu/fpv5-d16/libstdc++.a(eh_alloc.o)
 .text._ZN12_GLOBAL__N_14pool8allocateEj.constprop.5
                0x0000000008012744       0x68 /home/chen/ide/Atollic_TrueSTUDIO_for_STM32_x86_64_9.2.0/ARMTools/bin/../lib/gcc/arm-atollic-eabi/6.3.1/../../../../arm-atollic-eabi/lib/armv7e-m/fpu/fpv5-d16/libstdc++.a(eh_alloc.o)
 .text.__cxa_allocate_exception
                0x00000000080127ac       0x30 /home/chen/ide/Atollic_TrueSTUDIO_for_STM32_x86_64_9.2.0/ARMTools/bin/../lib/gcc/arm-atollic-eabi/6.3.1/../../../../arm-atollic-eabi/lib/armv7e-m/fpu/fpv5-d16/libstdc++.a(eh_alloc.o)
                0x00000000080127ac                __cxa_allocate_exception
 .text.__cxa_free_exception
                0x00000000080127dc       0x20 /home/chen/ide/Atollic_TrueSTUDIO_for_STM32_x86_64_9.2.0/ARMTools/bin/../lib/gcc/arm-atollic-eabi/6.3.1/../../../../arm-atollic-eabi/lib/armv7e-m/fpu/fpv5-d16/libstdc++.a(eh_alloc.o)
                0x00000000080127dc                __cxa_free_exception
 .text.startup._GLOBAL__sub_I__ZN9__gnu_cxx9__freeresEv
                0x00000000080127fc       0x28 /home/chen/ide/Atollic_TrueSTUDIO_for_STM32_x86_64_9.2.0/ARMTools/bin/../lib/gcc/arm-atollic-eabi/6.3.1/../../../../arm-atollic-eabi/lib/armv7e-m/fpu/fpv5-d16/libstdc++.a(eh_alloc.o)
 .text._ZL23__gxx_exception_cleanup19_Unwind_Reason_CodeP21_Unwind_Control_Block
                0x0000000008012824       0x44 /home/chen/ide/Atollic_TrueSTUDIO_for_STM32_x86_64_9.2.0/ARMTools/bin/../lib/gcc/arm-atollic-eabi/6.3.1/../../../../arm-atollic-eabi/lib/armv7e-m/fpu/fpv5-d16/libstdc++.a(eh_throw.o)
 .text.__cxa_throw
                0x0000000008012868       0x7c /home/chen/ide/Atollic_TrueSTUDIO_for_STM32_x86_64_9.2.0/ARMTools/bin/../lib/gcc/arm-atollic-eabi/6.3.1/../../../../arm-atollic-eabi/lib/armv7e-m/fpu/fpv5-d16/libstdc++.a(eh_throw.o)
                0x0000000008012868                __cxa_throw
 .text.__cxa_rethrow
                0x00000000080128e4       0x70 /home/chen/ide/Atollic_TrueSTUDIO_for_STM32_x86_64_9.2.0/ARMTools/bin/../lib/gcc/arm-atollic-eabi/6.3.1/../../../../arm-atollic-eabi/lib/armv7e-m/fpu/fpv5-d16/libstdc++.a(eh_throw.o)
                0x00000000080128e4                __cxa_rethrow
 .text._ZNKSt9bad_alloc4whatEv
                0x0000000008012954        0x8 /home/chen/ide/Atollic_TrueSTUDIO_for_STM32_x86_64_9.2.0/ARMTools/bin/../lib/gcc/arm-atollic-eabi/6.3.1/../../../../arm-atollic-eabi/lib/armv7e-m/fpu/fpv5-d16/libstdc++.a(bad_alloc.o)
                0x0000000008012954                std::bad_alloc::what() const
 .text._ZNSt9bad_allocD2Ev
                0x000000000801295c       0x14 /home/chen/ide/Atollic_TrueSTUDIO_for_STM32_x86_64_9.2.0/ARMTools/bin/../lib/gcc/arm-atollic-eabi/6.3.1/../../../../arm-atollic-eabi/lib/armv7e-m/fpu/fpv5-d16/libstdc++.a(bad_alloc.o)
                0x000000000801295c                std::bad_alloc::~bad_alloc()
                0x000000000801295c                std::bad_alloc::~bad_alloc()
 .text._ZNSt9bad_allocD0Ev
                0x0000000008012970       0x1c /home/chen/ide/Atollic_TrueSTUDIO_for_STM32_x86_64_9.2.0/ARMTools/bin/../lib/gcc/arm-atollic-eabi/6.3.1/../../../../arm-atollic-eabi/lib/armv7e-m/fpu/fpv5-d16/libstdc++.a(bad_alloc.o)
                0x0000000008012970                std::bad_alloc::~bad_alloc()
 .text.__cxa_get_globals_fast
                0x000000000801298c        0x8 /home/chen/ide/Atollic_TrueSTUDIO_for_STM32_x86_64_9.2.0/ARMTools/bin/../lib/gcc/arm-atollic-eabi/6.3.1/../../../../arm-atollic-eabi/lib/armv7e-m/fpu/fpv5-d16/libstdc++.a(eh_globals.o)
                0x000000000801298c                __cxa_get_globals_fast
 .text.__cxa_get_globals
                0x0000000008012994        0x8 /home/chen/ide/Atollic_TrueSTUDIO_for_STM32_x86_64_9.2.0/ARMTools/bin/../lib/gcc/arm-atollic-eabi/6.3.1/../../../../arm-atollic-eabi/lib/armv7e-m/fpu/fpv5-d16/libstdc++.a(eh_globals.o)
                0x0000000008012994                __cxa_get_globals
 .text.__cxa_end_cleanup
                0x000000000801299c        0xc /home/chen/ide/Atollic_TrueSTUDIO_for_STM32_x86_64_9.2.0/ARMTools/bin/../lib/gcc/arm-atollic-eabi/6.3.1/../../../../arm-atollic-eabi/lib/armv7e-m/fpu/fpv5-d16/libstdc++.a(eh_arm.o)
                0x000000000801299c                __cxa_end_cleanup
 .text.__cxa_type_match
                0x00000000080129a8       0xb8 /home/chen/ide/Atollic_TrueSTUDIO_for_STM32_x86_64_9.2.0/ARMTools/bin/../lib/gcc/arm-atollic-eabi/6.3.1/../../../../arm-atollic-eabi/lib/armv7e-m/fpu/fpv5-d16/libstdc++.a(eh_arm.o)
                0x00000000080129a8                __cxa_type_match
 .text.__cxa_begin_cleanup
                0x0000000008012a60       0x64 /home/chen/ide/Atollic_TrueSTUDIO_for_STM32_x86_64_9.2.0/ARMTools/bin/../lib/gcc/arm-atollic-eabi/6.3.1/../../../../arm-atollic-eabi/lib/armv7e-m/fpu/fpv5-d16/libstdc++.a(eh_arm.o)
                0x0000000008012a60                __cxa_begin_cleanup
 .text.__gnu_end_cleanup
                0x0000000008012ac4       0x70 /home/chen/ide/Atollic_TrueSTUDIO_for_STM32_x86_64_9.2.0/ARMTools/bin/../lib/gcc/arm-atollic-eabi/6.3.1/../../../../arm-atollic-eabi/lib/armv7e-m/fpu/fpv5-d16/libstdc++.a(eh_arm.o)
                0x0000000008012ac4                __gnu_end_cleanup
 .text._ZL28read_encoded_value_with_basehjPKhPj
                0x0000000008012b34       0xc0 /home/chen/ide/Atollic_TrueSTUDIO_for_STM32_x86_64_9.2.0/ARMTools/bin/../lib/gcc/arm-atollic-eabi/6.3.1/../../../../arm-atollic-eabi/lib/armv7e-m/fpu/fpv5-d16/libstdc++.a(eh_personality.o)
 .text._ZL21base_of_encoded_valuehP15_Unwind_Context
                0x0000000008012bf4       0x40 /home/chen/ide/Atollic_TrueSTUDIO_for_STM32_x86_64_9.2.0/ARMTools/bin/../lib/gcc/arm-atollic-eabi/6.3.1/../../../../arm-atollic-eabi/lib/armv7e-m/fpu/fpv5-d16/libstdc++.a(eh_personality.o)
 .text._ZL17parse_lsda_headerP15_Unwind_ContextPKhP16lsda_header_info
                0x0000000008012c34       0x98 /home/chen/ide/Atollic_TrueSTUDIO_for_STM32_x86_64_9.2.0/ARMTools/bin/../lib/gcc/arm-atollic-eabi/6.3.1/../../../../arm-atollic-eabi/lib/armv7e-m/fpu/fpv5-d16/libstdc++.a(eh_personality.o)
 .text.__gxx_personality_v0
                0x0000000008012ccc      0x4b8 /home/chen/ide/Atollic_TrueSTUDIO_for_STM32_x86_64_9.2.0/ARMTools/bin/../lib/gcc/arm-atollic-eabi/6.3.1/../../../../arm-atollic-eabi/lib/armv7e-m/fpu/fpv5-d16/libstdc++.a(eh_personality.o)
                0x0000000008012ccc                __gxx_personality_v0
 .text._ZdlPvj  0x0000000008013184        0x4 /home/chen/ide/Atollic_TrueSTUDIO_for_STM32_x86_64_9.2.0/ARMTools/bin/../lib/gcc/arm-atollic-eabi/6.3.1/../../../../arm-atollic-eabi/lib/armv7e-m/fpu/fpv5-d16/libstdc++.a(del_ops.o)
                0x0000000008013184                operator delete(void*, unsigned int)
 .text._ZSt15get_new_handlerv
                0x0000000008013188       0x10 /home/chen/ide/Atollic_TrueSTUDIO_for_STM32_x86_64_9.2.0/ARMTools/bin/../lib/gcc/arm-atollic-eabi/6.3.1/../../../../arm-atollic-eabi/lib/armv7e-m/fpu/fpv5-d16/libstdc++.a(new_handler.o)
                0x0000000008013188                std::get_new_handler()
 .text._ZNK10__cxxabiv117__class_type_info11__do_upcastEPKS0_PPv
                0x0000000008013198       0x38 /home/chen/ide/Atollic_TrueSTUDIO_for_STM32_x86_64_9.2.0/ARMTools/bin/../lib/gcc/arm-atollic-eabi/6.3.1/../../../../arm-atollic-eabi/lib/armv7e-m/fpu/fpv5-d16/libstdc++.a(class_type_info.o)
                0x0000000008013198                __cxxabiv1::__class_type_info::__do_upcast(__cxxabiv1::__class_type_info const*, void**) const
 .text._ZNK10__cxxabiv117__class_type_info20__do_find_public_srcEiPKvPKS0_S2_
                0x00000000080131d0        0xc /home/chen/ide/Atollic_TrueSTUDIO_for_STM32_x86_64_9.2.0/ARMTools/bin/../lib/gcc/arm-atollic-eabi/6.3.1/../../../../arm-atollic-eabi/lib/armv7e-m/fpu/fpv5-d16/libstdc++.a(class_type_info.o)
                0x00000000080131d0                __cxxabiv1::__class_type_info::__do_find_public_src(int, void const*, __cxxabiv1::__class_type_info const*, void const*) const
 .text._ZN10__cxxabiv117__class_type_infoD2Ev
                0x00000000080131dc       0x14 /home/chen/ide/Atollic_TrueSTUDIO_for_STM32_x86_64_9.2.0/ARMTools/bin/../lib/gcc/arm-atollic-eabi/6.3.1/../../../../arm-atollic-eabi/lib/armv7e-m/fpu/fpv5-d16/libstdc++.a(class_type_info.o)
                0x00000000080131dc                __cxxabiv1::__class_type_info::~__class_type_info()
                0x00000000080131dc                __cxxabiv1::__class_type_info::~__class_type_info()
 .text._ZN10__cxxabiv117__class_type_infoD0Ev
                0x00000000080131f0       0x1c /home/chen/ide/Atollic_TrueSTUDIO_for_STM32_x86_64_9.2.0/ARMTools/bin/../lib/gcc/arm-atollic-eabi/6.3.1/../../../../arm-atollic-eabi/lib/armv7e-m/fpu/fpv5-d16/libstdc++.a(class_type_info.o)
                0x00000000080131f0                __cxxabiv1::__class_type_info::~__class_type_info()
 .text._ZNK10__cxxabiv117__class_type_info11__do_upcastEPKS0_PKvRNS0_15__upcast_resultE
                0x000000000801320c       0x18 /home/chen/ide/Atollic_TrueSTUDIO_for_STM32_x86_64_9.2.0/ARMTools/bin/../lib/gcc/arm-atollic-eabi/6.3.1/../../../../arm-atollic-eabi/lib/armv7e-m/fpu/fpv5-d16/libstdc++.a(class_type_info.o)
                0x000000000801320c                __cxxabiv1::__class_type_info::__do_upcast(__cxxabiv1::__class_type_info const*, void const*, __cxxabiv1::__class_type_info::__upcast_result&) const
 .text._ZNK10__cxxabiv117__class_type_info10__do_catchEPKSt9type_infoPPvj
                0x0000000008013224       0x2c /home/chen/ide/Atollic_TrueSTUDIO_for_STM32_x86_64_9.2.0/ARMTools/bin/../lib/gcc/arm-atollic-eabi/6.3.1/../../../../arm-atollic-eabi/lib/armv7e-m/fpu/fpv5-d16/libstdc++.a(class_type_info.o)
                0x0000000008013224                __cxxabiv1::__class_type_info::__do_catch(std::type_info const*, void**, unsigned int) const
 .text._ZNK10__cxxabiv117__class_type_info12__do_dyncastEiNS0_10__sub_kindEPKS0_PKvS3_S5_RNS0_16__dyncast_resultE
                0x0000000008013250       0x40 /home/chen/ide/Atollic_TrueSTUDIO_for_STM32_x86_64_9.2.0/ARMTools/bin/../lib/gcc/arm-atollic-eabi/6.3.1/../../../../arm-atollic-eabi/lib/armv7e-m/fpu/fpv5-d16/libstdc++.a(class_type_info.o)
                0x0000000008013250                __cxxabiv1::__class_type_info::__do_dyncast(int, __cxxabiv1::__class_type_info::__sub_kind, __cxxabiv1::__class_type_info const*, void const*, __cxxabiv1::__class_type_info const*, void const*, __cxxabiv1::__class_type_info::__dyncast_result&) const
 .text._ZNSt9type_infoD2Ev
                0x0000000008013290        0x4 /home/chen/ide/Atollic_TrueSTUDIO_for_STM32_x86_64_9.2.0/ARMTools/bin/../lib/gcc/arm-atollic-eabi/6.3.1/../../../../arm-atollic-eabi/lib/armv7e-m/fpu/fpv5-d16/libstdc++.a(tinfo.o)
                0x0000000008013290                std::type_info::~type_info()
                0x0000000008013290                std::type_info::~type_info()
 .text._ZNKSt9type_info15__is_function_pEv
                0x0000000008013294        0x4 /home/chen/ide/Atollic_TrueSTUDIO_for_STM32_x86_64_9.2.0/ARMTools/bin/../lib/gcc/arm-atollic-eabi/6.3.1/../../../../arm-atollic-eabi/lib/armv7e-m/fpu/fpv5-d16/libstdc++.a(tinfo.o)
                0x0000000008013294                std::type_info::__is_function_p() const
                0x0000000008013294                std::type_info::__is_pointer_p() const
 .text._ZNKSt9type_infoeqERKS_
                0x0000000008013298       0x2c /home/chen/ide/Atollic_TrueSTUDIO_for_STM32_x86_64_9.2.0/ARMTools/bin/../lib/gcc/arm-atollic-eabi/6.3.1/../../../../arm-atollic-eabi/lib/armv7e-m/fpu/fpv5-d16/libstdc++.a(tinfo.o)
                0x0000000008013298                std::type_info::operator==(std::type_info const&) const
 .text._ZNSt9exceptionD2Ev
                0x00000000080132c4        0x4 /home/chen/ide/Atollic_TrueSTUDIO_for_STM32_x86_64_9.2.0/ARMTools/bin/../lib/gcc/arm-atollic-eabi/6.3.1/../../../../arm-atollic-eabi/lib/armv7e-m/fpu/fpv5-d16/libstdc++.a(eh_exception.o)
                0x00000000080132c4                std::exception::~exception()
                0x00000000080132c4                std::exception::~exception()
 .text._ZNSt13bad_exceptionD2Ev
                0x00000000080132c8        0x4 /home/chen/ide/Atollic_TrueSTUDIO_for_STM32_x86_64_9.2.0/ARMTools/bin/../lib/gcc/arm-atollic-eabi/6.3.1/../../../../arm-atollic-eabi/lib/armv7e-m/fpu/fpv5-d16/libstdc++.a(eh_exception.o)
                0x00000000080132c8                std::bad_exception::~bad_exception()
                0x00000000080132c8                std::bad_exception::~bad_exception()
 .text._ZGTtNKSt13bad_exception4whatEv
                0x00000000080132cc        0x8 /home/chen/ide/Atollic_TrueSTUDIO_for_STM32_x86_64_9.2.0/ARMTools/bin/../lib/gcc/arm-atollic-eabi/6.3.1/../../../../arm-atollic-eabi/lib/armv7e-m/fpu/fpv5-d16/libstdc++.a(eh_exception.o)
                0x00000000080132cc                transaction clone for std::bad_exception::what() const
                0x00000000080132cc                std::bad_exception::what() const
 .text._ZNSt13bad_exceptionD0Ev
                0x00000000080132d4       0x10 /home/chen/ide/Atollic_TrueSTUDIO_for_STM32_x86_64_9.2.0/ARMTools/bin/../lib/gcc/arm-atollic-eabi/6.3.1/../../../../arm-atollic-eabi/lib/armv7e-m/fpu/fpv5-d16/libstdc++.a(eh_exception.o)
                0x00000000080132d4                std::bad_exception::~bad_exception()
 .text._ZN10__cxxabiv1L24__is_gxx_exception_classEPc
                0x00000000080132e4       0x3c /home/chen/ide/Atollic_TrueSTUDIO_for_STM32_x86_64_9.2.0/ARMTools/bin/../lib/gcc/arm-atollic-eabi/6.3.1/../../../../arm-atollic-eabi/lib/armv7e-m/fpu/fpv5-d16/libstdc++.a(eh_call.o)
 .text.__cxa_call_terminate
                0x0000000008013320       0x20 /home/chen/ide/Atollic_TrueSTUDIO_for_STM32_x86_64_9.2.0/ARMTools/bin/../lib/gcc/arm-atollic-eabi/6.3.1/../../../../arm-atollic-eabi/lib/armv7e-m/fpu/fpv5-d16/libstdc++.a(eh_call.o)
                0x0000000008013320                __cxa_call_terminate
 .text.__cxa_call_unexpected
                0x0000000008013340       0xe0 /home/chen/ide/Atollic_TrueSTUDIO_for_STM32_x86_64_9.2.0/ARMTools/bin/../lib/gcc/arm-atollic-eabi/6.3.1/../../../../arm-atollic-eabi/lib/armv7e-m/fpu/fpv5-d16/libstdc++.a(eh_call.o)
                0x0000000008013340                __cxa_call_unexpected
 .text.__cxa_begin_catch
                0x0000000008013420       0x7c /home/chen/ide/Atollic_TrueSTUDIO_for_STM32_x86_64_9.2.0/ARMTools/bin/../lib/gcc/arm-atollic-eabi/6.3.1/../../../../arm-atollic-eabi/lib/armv7e-m/fpu/fpv5-d16/libstdc++.a(eh_catch.o)
                0x0000000008013420                __cxa_begin_catch
 .text.__cxa_end_catch