Archive member included to satisfy reference by file (symbol)

/home/chen/softwares/truestudio/ARMTools/bin/../lib/gcc/arm-atollic-eabi/6.3.1/../../../../arm-atollic-eabi/lib/armv7e-m/fpu/fpv5-d16/libc_nano.a(lib_a-errno.o)
                              Application/TrueSTUDIO/syscalls.o (__errno)
/home/chen/softwares/truestudio/ARMTools/bin/../lib/gcc/arm-atollic-eabi/6.3.1/../../../../arm-atollic-eabi/lib/armv7e-m/fpu/fpv5-d16/libc_nano.a(lib_a-impure.o)
                              /home/chen/softwares/truestudio/ARMTools/bin/../lib/gcc/arm-atollic-eabi/6.3.1/../../../../arm-atollic-eabi/lib/armv7e-m/fpu/fpv5-d16/libc_nano.a(lib_a-errno.o) (_impure_ptr)
/home/chen/softwares/truestudio/ARMTools/bin/../lib/gcc/arm-atollic-eabi/6.3.1/../../../../arm-atollic-eabi/lib/armv7e-m/fpu/fpv5-d16/libc_nano.a(lib_a-init.o)
                              Application/TrueSTUDIO/startup_stm32f765xx.o (__libc_init_array)
/home/chen/softwares/truestudio/ARMTools/bin/../lib/gcc/arm-atollic-eabi/6.3.1/../../../../arm-atollic-eabi/lib/armv7e-m/fpu/fpv5-d16/libc_nano.a(lib_a-memcpy-stub.o)
                              Middlewares/FreeRTOS/queue.o (memcpy)
/home/chen/softwares/truestudio/ARMTools/bin/../lib/gcc/arm-atollic-eabi/6.3.1/../../../../arm-atollic-eabi/lib/armv7e-m/fpu/fpv5-d16/libc_nano.a(lib_a-memset.o)
                              Application/User/Idletasks/idletasks.o (memset)
/home/chen/softwares/truestudio/ARMTools/bin/../lib/gcc/arm-atollic-eabi/6.3.1/../../../../arm-atollic-eabi/lib/armv7e-m/fpu/fpv5-d16/libm.a(lib_a-s_cos.o)
                              Application/User/Foc/controlFoc.o (cos)
/home/chen/softwares/truestudio/ARMTools/bin/../lib/gcc/arm-atollic-eabi/6.3.1/../../../../arm-atollic-eabi/lib/armv7e-m/fpu/fpv5-d16/libm.a(lib_a-s_sin.o)
                              Application/User/Foc/controlFoc.o (sin)
/home/chen/softwares/truestudio/ARMTools/bin/../lib/gcc/arm-atollic-eabi/6.3.1/../../../../arm-atollic-eabi/lib/armv7e-m/fpu/fpv5-d16/libm.a(lib_a-e_rem_pio2.o)
                              /home/chen/softwares/truestudio/ARMTools/bin/../lib/gcc/arm-atollic-eabi/6.3.1/../../../../arm-atollic-eabi/lib/armv7e-m/fpu/fpv5-d16/libm.a(lib_a-s_cos.o) (__ieee754_rem_pio2)
/home/chen/softwares/truestudio/ARMTools/bin/../lib/gcc/arm-atollic-eabi/6.3.1/../../../../arm-atollic-eabi/lib/armv7e-m/fpu/fpv5-d16/libm.a(lib_a-k_cos.o)
                              /home/chen/softwares/truestudio/ARMTools/bin/../lib/gcc/arm-atollic-eabi/6.3.1/../../../../arm-atollic-eabi/lib/armv7e-m/fpu/fpv5-d16/libm.a(lib_a-s_cos.o) (__kernel_cos)
/home/chen/softwares/truestudio/ARMTools/bin/../lib/gcc/arm-atollic-eabi/6.3.1/../../../../arm-atollic-eabi/lib/armv7e-m/fpu/fpv5-d16/libm.a(lib_a-k_rem_pio2.o)
                              /home/chen/softwares/truestudio/ARMTools/bin/../lib/gcc/arm-atollic-eabi/6.3.1/../../../../arm-atollic-eabi/lib/armv7e-m/fpu/fpv5-d16/libm.a(lib_a-e_rem_pio2.o) (__kernel_rem_pio2)
/home/chen/softwares/truestudio/ARMTools/bin/../lib/gcc/arm-atollic-eabi/6.3.1/../../../../arm-atollic-eabi/lib/armv7e-m/fpu/fpv5-d16/libm.a(lib_a-k_sin.o)
                              /home/chen/softwares/truestudio/ARMTools/bin/../lib/gcc/arm-atollic-eabi/6.3.1/../../../../arm-atollic-eabi/lib/armv7e-m/fpu/fpv5-d16/libm.a(lib_a-s_cos.o) (__kernel_sin)
/home/chen/softwares/truestudio/ARMTools/bin/../lib/gcc/arm-atollic-eabi/6.3.1/../../../../arm-atollic-eabi/lib/armv7e-m/fpu/fpv5-d16/libm.a(lib_a-s_fabs.o)
                              /home/chen/softwares/truestudio/ARMTools/bin/../lib/gcc/arm-atollic-eabi/6.3.1/../../../../arm-atollic-eabi/lib/armv7e-m/fpu/fpv5-d16/libm.a(lib_a-e_rem_pio2.o) (fabs)
/home/chen/softwares/truestudio/ARMTools/bin/../lib/gcc/arm-atollic-eabi/6.3.1/../../../../arm-atollic-eabi/lib/armv7e-m/fpu/fpv5-d16/libm.a(lib_a-s_floor.o)
                              /home/chen/softwares/truestudio/ARMTools/bin/../lib/gcc/arm-atollic-eabi/6.3.1/../../../../arm-atollic-eabi/lib/armv7e-m/fpu/fpv5-d16/libm.a(lib_a-k_rem_pio2.o) (floor)
/home/chen/softwares/truestudio/ARMTools/bin/../lib/gcc/arm-atollic-eabi/6.3.1/../../../../arm-atollic-eabi/lib/armv7e-m/fpu/fpv5-d16/libm.a(lib_a-s_scalbn.o)
                              /home/chen/softwares/truestudio/ARMTools/bin/../lib/gcc/arm-atollic-eabi/6.3.1/../../../../arm-atollic-eabi/lib/armv7e-m/fpu/fpv5-d16/libm.a(lib_a-k_rem_pio2.o) (scalbn)
/home/chen/softwares/truestudio/ARMTools/bin/../lib/gcc/arm-atollic-eabi/6.3.1/../../../../arm-atollic-eabi/lib/armv7e-m/fpu/fpv5-d16/libm.a(lib_a-s_copysign.o)
                              /home/chen/softwares/truestudio/ARMTools/bin/../lib/gcc/arm-atollic-eabi/6.3.1/../../../../arm-atollic-eabi/lib/armv7e-m/fpu/fpv5-d16/libm.a(lib_a-s_scalbn.o) (copysign)
/home/chen/softwares/truestudio/ARMTools/bin/../lib/gcc/arm-atollic-eabi/6.3.1/armv7e-m/fpu/fpv5-d16/libgcc.a(_aeabi_uldivmod.o)
                              Drivers/STM32F7xx_HAL_Driver/stm32f7xx_hal_rcc.o (__aeabi_uldivmod)
[...]
Memory Configuration

Name             Origin             Length             Attributes
RAM              0x0000000020000000 0x0000000000080000 xrw
FLASH            0x0000000008000000 0x0000000000200000 xr
*default*        0x0000000000000000 0xffffffffffffffff

Linker script and memory map

LOAD /home/chen/softwares/truestudio/ARMTools/bin/../lib/gcc/arm-atollic-eabi/6.3.1/armv7e-m/fpu/fpv5-d16/crti.o
LOAD /home/chen/softwares/truestudio/ARMTools/bin/../lib/gcc/arm-atollic-eabi/6.3.1/armv7e-m/fpu/fpv5-d16/crtbegin.o
LOAD Application/TrueSTUDIO/startup_stm32f765xx.o
LOAD Application/TrueSTUDIO/syscalls.o
LOAD Application/User/Foc/controlFoc.o
LOAD Application/User/ISRs/isrSensors.o
LOAD Application/User/Idletasks/idletasks.o
LOAD Application/User/SYSINIT/sysinitial.o
LOAD Application/User/debug/datatraceDebug.o
LOAD Application/User/dfsdm.o
LOAD Application/User/dma.o
LOAD Application/User/freertos.o
LOAD Application/User/gpio.o
LOAD Application/User/i2c.o
LOAD Application/User/main.o
LOAD Application/User/spi.o
LOAD Application/User/stm32f7xx_hal_msp.o
LOAD Application/User/stm32f7xx_hal_timebase_tim.o
LOAD Application/User/stm32f7xx_it.o
LOAD Application/User/tim.o
LOAD Application/User/usart.o
LOAD Application/User/usb_otg.o
LOAD Drivers/CMSIS/system_stm32f7xx.o
LOAD Drivers/STM32F7xx_HAL_Driver/stm32f7xx_hal.o
LOAD Drivers/STM32F7xx_HAL_Driver/stm32f7xx_hal_cortex.o
LOAD Drivers/STM32F7xx_HAL_Driver/stm32f7xx_hal_dfsdm.o
LOAD Drivers/STM32F7xx_HAL_Driver/stm32f7xx_hal_dma.o
LOAD Drivers/STM32F7xx_HAL_Driver/stm32f7xx_hal_dma_ex.o
LOAD Drivers/STM32F7xx_HAL_Driver/stm32f7xx_hal_flash.o
LOAD Drivers/STM32F7xx_HAL_Driver/stm32f7xx_hal_flash_ex.o
LOAD Drivers/STM32F7xx_HAL_Driver/stm32f7xx_hal_gpio.o
LOAD Drivers/STM32F7xx_HAL_Driver/stm32f7xx_hal_i2c.o
LOAD Drivers/STM32F7xx_HAL_Driver/stm32f7xx_hal_i2c_ex.o
LOAD Drivers/STM32F7xx_HAL_Driver/stm32f7xx_hal_pcd.o
LOAD Drivers/STM32F7xx_HAL_Driver/stm32f7xx_hal_pcd_ex.o
LOAD Drivers/STM32F7xx_HAL_Driver/stm32f7xx_hal_pwr.o
LOAD Drivers/STM32F7xx_HAL_Driver/stm32f7xx_hal_pwr_ex.o
LOAD Drivers/STM32F7xx_HAL_Driver/stm32f7xx_hal_rcc.o
LOAD Drivers/STM32F7xx_HAL_Driver/stm32f7xx_hal_rcc_ex.o
LOAD Drivers/STM32F7xx_HAL_Driver/stm32f7xx_hal_spi.o
LOAD Drivers/STM32F7xx_HAL_Driver/stm32f7xx_hal_tim.o
LOAD Drivers/STM32F7xx_HAL_Driver/stm32f7xx_hal_tim_ex.o
LOAD Drivers/STM32F7xx_HAL_Driver/stm32f7xx_hal_uart.o
LOAD Drivers/STM32F7xx_HAL_Driver/stm32f7xx_ll_usb.o
LOAD Middlewares/FreeRTOS/cmsis_os.o
LOAD Middlewares/FreeRTOS/croutine.o
LOAD Middlewares/FreeRTOS/event_groups.o
LOAD Middlewares/FreeRTOS/heap_4.o
LOAD Middlewares/FreeRTOS/list.o
LOAD Middlewares/FreeRTOS/port.o
LOAD Middlewares/FreeRTOS/queue.o
LOAD Middlewares/FreeRTOS/tasks.o
LOAD Middlewares/FreeRTOS/timers.o
                0x0000000000000080                malloc_getpagesize_P = 0x80
START GROUP
LOAD /home/chen/softwares/truestudio/ARMTools/bin/../lib/gcc/arm-atollic-eabi/6.3.1/../../../../arm-atollic-eabi/lib/armv7e-m/fpu/fpv5-d16/libc_nano.a
LOAD /home/chen/softwares/truestudio/ARMTools/bin/../lib/gcc/arm-atollic-eabi/6.3.1/../../../../arm-atollic-eabi/lib/armv7e-m/fpu/fpv5-d16/libm.a
END GROUP
START GROUP
LOAD /home/chen/softwares/truestudio/ARMTools/bin/../lib/gcc/arm-atollic-eabi/6.3.1/armv7e-m/fpu/fpv5-d16/libgcc.a
LOAD /home/chen/softwares/truestudio/ARMTools/bin/../lib/gcc/arm-atollic-eabi/6.3.1/../../../../arm-atollic-eabi/lib/armv7e-m/fpu/fpv5-d16/libc_nano.a
END GROUP
START GROUP
LOAD /home/chen/softwares/truestudio/ARMTools/bin/../lib/gcc/arm-atollic-eabi/6.3.1/armv7e-m/fpu/fpv5-d16/libgcc.a
LOAD /home/chen/softwares/truestudio/ARMTools/bin/../lib/gcc/arm-atollic-eabi/6.3.1/../../../../arm-atollic-eabi/lib/armv7e-m/fpu/fpv5-d16/libc_nano.a
LOAD /home/chen/softwares/truestudio/ARMTools/bin/../lib/gcc/arm-atollic-eabi/6.3.1/../../../../arm-atollic-eabi/lib/armv7e-m/fpu/fpv5-d16/libnosys.a
END GROUP
START GROUP
LOAD /home/chen/softwares/truestudio/ARMTools/bin/../lib/gcc/arm-atollic-eabi/6.3.1/armv7e-m/fpu/fpv5-d16/libgcc.a
LOAD /home/chen/softwares/truestudio/ARMTools/bin/../lib/gcc/arm-atollic-eabi/6.3.1/../../../../arm-atollic-eabi/lib/armv7e-m/fpu/fpv5-d16/libc_nano.a
LOAD /home/chen/softwares/truestudio/ARMTools/bin/../lib/gcc/arm-atollic-eabi/6.3.1/../../../../arm-atollic-eabi/lib/armv7e-m/fpu/fpv5-d16/libnosys.a
END GROUP
LOAD /home/chen/softwares/truestudio/ARMTools/bin/../lib/gcc/arm-atollic-eabi/6.3.1/armv7e-m/fpu/fpv5-d16/crtend.o
LOAD /home/chen/softwares/truestudio/ARMTools/bin/../lib/gcc/arm-atollic-eabi/6.3.1/armv7e-m/fpu/fpv5-d16/crtn.o
                0x0000000020080000                _estack = 0x20080000
                0x0000000000000200                _Min_Heap_Size = 0x200
                0x0000000000000400                _Min_Stack_Size = 0x400

.isr_vector     0x0000000008000000      0x1f8
                0x0000000008000000                . = ALIGN (0x4)
 *(.isr_vector)
 .isr_vector    0x0000000008000000      0x1f8 Application/TrueSTUDIO/startup_stm32f765xx.o
                0x0000000008000000                g_pfnVectors
                0x00000000080001f8                . = ALIGN (0x4)

.text           0x0000000008000200     0x7468
                0x0000000008000200                . = ALIGN (0x4)
 *(.text)
 .text          0x0000000008000200       0x40 /home/chen/softwares/truestudio/ARMTools/bin/../lib/gcc/arm-atollic-eabi/6.3.1/armv7e-m/fpu/fpv5-d16/crtbegin.o
 .text          0x0000000008000240       0x30 /home/chen/softwares/truestudio/ARMTools/bin/../lib/gcc/arm-atollic-eabi/6.3.1/armv7e-m/fpu/fpv5-d16/libgcc.a(_aeabi_uldivmod.o)
                0x0000000008000240                __aeabi_uldivmod
 .text          0x0000000008000270      0x2dc /home/chen/softwares/truestudio/ARMTools/bin/../lib/gcc/arm-atollic-eabi/6.3.1/armv7e-m/fpu/fpv5-d16/libgcc.a(_udivmoddi4.o)
                0x0000000008000270                __udivmoddi4
 .text          0x000000000800054c        0x4 /home/chen/softwares/truestudio/ARMTools/bin/../lib/gcc/arm-atollic-eabi/6.3.1/armv7e-m/fpu/fpv5-d16/libgcc.a(_dvmd_tls.o)
                0x000000000800054c                __aeabi_ldiv0
                0x000000000800054c                __aeabi_idiv0
 *(.text*)
 .text.Reset_Handler
                0x0000000008000550       0x50 Application/TrueSTUDIO/startup_stm32f765xx.o
                0x0000000008000550                Reset_Handler
 .text.Default_Handler
                0x00000000080005a0        0x2 Application/TrueSTUDIO/startup_stm32f765xx.o
                0x00000000080005a0                RTC_Alarm_IRQHandler
                0x00000000080005a0                EXTI2_IRQHandler
                0x00000000080005a0                TIM8_CC_IRQHandler
                0x00000000080005a0                UART8_IRQHandler
                0x00000000080005a0                SPI4_IRQHandler
                0x00000000080005a0                TIM1_CC_IRQHandler
                0x00000000080005a0                DMA2_Stream5_IRQHandler
                0x00000000080005a0                DMA1_Stream5_IRQHandler
                0x00000000080005a0                CAN3_RX1_IRQHandler
                0x00000000080005a0                PVD_IRQHandler
                0x00000000080005a0                TAMP_STAMP_IRQHandler
                0x00000000080005a0                CAN2_RX1_IRQHandler
                0x00000000080005a0                EXTI3_IRQHandler
                0x00000000080005a0                TIM8_TRG_COM_TIM14_IRQHandler
                0x00000000080005a0                DFSDM1_FLT1_IRQHandler
                0x00000000080005a0                TIM1_UP_TIM10_IRQHandler
                0x00000000080005a0                TIM8_UP_TIM13_IRQHandler
                0x00000000080005a0                I2C3_ER_IRQHandler
                0x00000000080005a0                DFSDM1_FLT2_IRQHandler
                0x00000000080005a0                EXTI0_IRQHandler
                0x00000000080005a0                I2C2_EV_IRQHandler
                0x00000000080005a0                CAN1_RX0_IRQHandler
                0x00000000080005a0                FPU_IRQHandler
                0x00000000080005a0                OTG_HS_WKUP_IRQHandler
                0x00000000080005a0                CAN3_SCE_IRQHandler
                0x00000000080005a0                CAN2_SCE_IRQHandler
                0x00000000080005a0                SPI1_IRQHandler
                0x00000000080005a0                TIM6_DAC_IRQHandler
                0x00000000080005a0                TIM1_BRK_TIM9_IRQHandler
                0x00000000080005a0                DCMI_IRQHandler
                0x00000000080005a0                CAN2_RX0_IRQHandler
                0x00000000080005a0                DMA2_Stream3_IRQHandler
                0x00000000080005a0                SAI2_IRQHandler
                0x00000000080005a0                DFSDM1_FLT3_IRQHandler
                0x00000000080005a0                USART6_IRQHandler
                0x00000000080005a0                CAN3_RX0_IRQHandler
                0x00000000080005a0                USART3_IRQHandler
                0x00000000080005a0                CAN1_RX1_IRQHandler
                0x00000000080005a0                UART5_IRQHandler
                0x00000000080005a0                QUADSPI_IRQHandler
                0x00000000080005a0                I2C1_EV_IRQHandler
                0x00000000080005a0                DMA1_Stream6_IRQHandler
                0x00000000080005a0                DMA1_Stream1_IRQHandler
                0x00000000080005a0                UART4_IRQHandler
                0x00000000080005a0                TIM3_IRQHandler
                0x00000000080005a0                RCC_IRQHandler
                0x00000000080005a0                TIM8_BRK_TIM12_IRQHandler
                0x00000000080005a0                Default_Handler
                0x00000000080005a0                CEC_IRQHandler
                0x00000000080005a0                EXTI15_10_IRQHandler
                0x00000000080005a0                ADC_IRQHandler
                0x00000000080005a0                DMA1_Stream7_IRQHandler
                0x00000000080005a0                SPI5_IRQHandler
                0x00000000080005a0                TIM7_IRQHandler
                0x00000000080005a0                SDMMC1_IRQHandler
                0x00000000080005a0                CAN2_TX_IRQHandler
                0x00000000080005a0                TIM5_IRQHandler
                0x00000000080005a0                DMA2_Stream7_IRQHandler
                0x00000000080005a0                I2C3_EV_IRQHandler
                0x00000000080005a0                EXTI9_5_IRQHandler
                0x00000000080005a0                RTC_WKUP_IRQHandler
                0x00000000080005a0                ETH_WKUP_IRQHandler
                0x00000000080005a0                SPDIF_RX_IRQHandler
                0x00000000080005a0                SPI2_IRQHandler
                0x00000000080005a0                OTG_HS_EP1_IN_IRQHandler
                0x00000000080005a0                DMA1_Stream0_IRQHandler
                0x00000000080005a0                CAN1_TX_IRQHandler
                0x00000000080005a0                EXTI4_IRQHandler
                0x00000000080005a0                RNG_IRQHandler
                0x00000000080005a0                ETH_IRQHandler
                0x00000000080005a0                OTG_HS_EP1_OUT_IRQHandler
                0x00000000080005a0                WWDG_IRQHandler
                0x00000000080005a0                SPI6_IRQHandler
                0x00000000080005a0                MDIOS_IRQHandler
                0x00000000080005a0                I2C4_EV_IRQHandler
                0x00000000080005a0                CAN3_TX_IRQHandler
                0x00000000080005a0                TIM2_IRQHandler
                0x00000000080005a0                OTG_FS_WKUP_IRQHandler
                0x00000000080005a0                TIM1_TRG_COM_TIM11_IRQHandler
                0x00000000080005a0                OTG_HS_IRQHandler
                0x00000000080005a0                DMA2D_IRQHandler
                0x00000000080005a0                EXTI1_IRQHandler
                0x00000000080005a0                SDMMC2_IRQHandler
                0x00000000080005a0                UART7_IRQHandler
                0x00000000080005a0                USART2_IRQHandler
                0x00000000080005a0                DFSDM1_FLT0_IRQHandler
                0x00000000080005a0                I2C2_ER_IRQHandler
                0x00000000080005a0                CAN1_SCE_IRQHandler
                0x00000000080005a0                FLASH_IRQHandler
                0x00000000080005a0                DMA2_Stream4_IRQHandler
                0x00000000080005a0                USART1_IRQHandler
                0x00000000080005a0                OTG_FS_IRQHandler
                0x00000000080005a0                SPI3_IRQHandler
                0x00000000080005a0                DMA1_Stream4_IRQHandler
                0x00000000080005a0                I2C1_ER_IRQHandler
                0x00000000080005a0                FMC_IRQHandler
                0x00000000080005a0                LPTIM1_IRQHandler
                0x00000000080005a0                I2C4_ER_IRQHandler
                0x00000000080005a0                DMA2_Stream6_IRQHandler
                0x00000000080005a0                SAI1_IRQHandler
                0x00000000080005a0                DMA1_Stream3_IRQHandler
 *fill*         0x00000000080005a2        0x6 
 .text.StartcontrolTask
                0x00000000080005a8      0x3c8 Application/User/Foc/controlFoc.o
                0x00000000080005a8                StartcontrolTask
 .text.HAL_UART_ErrorCallback
                0x0000000008000970        0x4 Application/User/ISRs/isrSensors.o
                0x0000000008000970                HAL_UART_ErrorCallback
 *fill*         0x0000000008000974        0x4 
 .text.HAL_UART_RxCpltCallback
                0x0000000008000978      0x64c Application/User/ISRs/isrSensors.o
                0x0000000008000978                HAL_UART_RxCpltCallback
 .text.StartledblueTask
                0x0000000008000fc4       0x1c Application/User/Idletasks/idletasks.o
                0x0000000008000fc4                StartledblueTask
 .text.StartledgreenTask
                0x0000000008000fe0       0x1c Application/User/Idletasks/idletasks.o
                0x0000000008000fe0                StartledgreenTask
 .text.StartiwdgTask
                0x0000000008000ffc        0xc Application/User/Idletasks/idletasks.o
                0x0000000008000ffc                StartiwdgTask
 .text.StartbuzzerrythmTask
                0x0000000008001008      0x180 Application/User/Idletasks/idletasks.o
                0x0000000008001008                StartbuzzerrythmTask
 .text.StartbuzzertoneTask
                0x0000000008001188      0x1a0 Application/User/Idletasks/idletasks.o
                0x0000000008001188                StartbuzzertoneTask
 .text.SystemInitialization
                0x0000000008001328       0x8c Application/User/SYSINIT/sysinitial.o
                0x0000000008001328                SystemInitialization
 .text.StartenchallTask
                0x00000000080013b4       0xc0 Application/User/debug/datatraceDebug.o
                0x00000000080013b4                StartenchallTask
 .text.MX_DFSDM1_Init
                0x0000000008001474       0xe8 Application/User/dfsdm.o
                0x0000000008001474                MX_DFSDM1_Init
 .text.HAL_DFSDM_FilterMspInit
                0x000000000800155c      0x168 Application/User/dfsdm.o
                0x000000000800155c                HAL_DFSDM_FilterMspInit
 .text.HAL_DFSDM_ChannelMspInit
                0x00000000080016c4       0xac Application/User/dfsdm.o
                0x00000000080016c4                HAL_DFSDM_ChannelMspInit
 .text.MX_DMA_Init
                0x0000000008001770       0x74 Application/User/dma.o
                0x0000000008001770                MX_DMA_Init
 .text.MX_FREERTOS_Init
                0x00000000080017e4      0x188 Application/User/freertos.o
                0x00000000080017e4                MX_FREERTOS_Init
 .text.MX_GPIO_Init
                0x000000000800196c      0x10c Application/User/gpio.o
                0x000000000800196c                MX_GPIO_Init
 .text.MX_I2C4_Init
                0x0000000008001a78       0x5c Application/User/i2c.o
                0x0000000008001a78                MX_I2C4_Init
 .text.HAL_I2C_MspInit
                0x0000000008001ad4       0x74 Application/User/i2c.o
                0x0000000008001ad4                HAL_I2C_MspInit
 .text.SystemClock_Config
                0x0000000008001b48       0xd4 Application/User/main.o
                0x0000000008001b48                SystemClock_Config
 .text.startup.main
                0x0000000008001c1c       0xc0 Application/User/main.o
                0x0000000008001c1c                main
 .text.HAL_TIM_PeriodElapsedCallback
                0x0000000008001cdc       0x14 Application/User/main.o
                0x0000000008001cdc                HAL_TIM_PeriodElapsedCallback
 .text.Error_Handler
                0x0000000008001cf0        0x4 Application/User/main.o
                0x0000000008001cf0                Error_Handler
 .text.MX_SPI1_Init
                0x0000000008001cf4       0x50 Application/User/spi.o
                0x0000000008001cf4                MX_SPI1_Init
 .text.HAL_SPI_MspInit
                0x0000000008001d44       0x90 Application/User/spi.o
                0x0000000008001d44                HAL_SPI_MspInit
 .text.HAL_MspInit
                0x0000000008001dd4       0x40 Application/User/stm32f7xx_hal_msp.o
                0x0000000008001dd4                HAL_MspInit
 .text.HAL_InitTick
                0x0000000008001e14       0x7c Application/User/stm32f7xx_hal_timebase_tim.o
                0x0000000008001e14                HAL_InitTick
 .text.NMI_Handler
                0x0000000008001e90        0x4 Application/User/stm32f7xx_it.o
                0x0000000008001e90                NMI_Handler
 .text.HardFault_Handler
                0x0000000008001e94        0x4 Application/User/stm32f7xx_it.o
                0x0000000008001e94                HardFault_Handler
 .text.MemManage_Handler
                0x0000000008001e98        0x4 Application/User/stm32f7xx_it.o
                0x0000000008001e98                MemManage_Handler
 .text.BusFault_Handler
                0x0000000008001e9c        0x4 Application/User/stm32f7xx_it.o
                0x0000000008001e9c                BusFault_Handler
 .text.UsageFault_Handler
                0x0000000008001ea0        0x4 Application/User/stm32f7xx_it.o
                0x0000000008001ea0                UsageFault_Handler
 .text.DebugMon_Handler
                0x0000000008001ea4        0x4 Application/User/stm32f7xx_it.o
                0x0000000008001ea4                DebugMon_Handler
 .text.DMA1_Stream2_IRQHandler
                0x0000000008001ea8        0xc Application/User/stm32f7xx_it.o
                0x0000000008001ea8                DMA1_Stream2_IRQHandler
 .text.TIM4_IRQHandler
                0x0000000008001eb4        0xc Application/User/stm32f7xx_it.o
                0x0000000008001eb4                TIM4_IRQHandler
 .text.DMA2_Stream0_IRQHandler
                0x0000000008001ec0        0xc Application/User/stm32f7xx_it.o
                0x0000000008001ec0                DMA2_Stream0_IRQHandler
 .text.DMA2_Stream1_IRQHandler
                0x0000000008001ecc        0xc Application/User/stm32f7xx_it.o
                0x0000000008001ecc                DMA2_Stream1_IRQHandler
 .text.DMA2_Stream2_IRQHandler
                0x0000000008001ed8        0xc Application/User/stm32f7xx_it.o
                0x0000000008001ed8                DMA2_Stream2_IRQHandler
 .text.MX_TIM2_Init
                0x0000000008001ee4      0x150 Application/User/tim.o
                0x0000000008001ee4                MX_TIM2_Init
 .text.MX_TIM3_Init
                0x0000000008002034       0x70 Application/User/tim.o
                0x0000000008002034                MX_TIM3_Init
 .text.HAL_TIM_Base_MspInit
                0x00000000080020a4       0x70 Application/User/tim.o
                0x00000000080020a4                HAL_TIM_Base_MspInit
 .text.HAL_TIM_MspPostInit
                0x0000000008002114       0xb0 Application/User/tim.o
                0x0000000008002114                HAL_TIM_MspPostInit
 .text.MX_TIM1_Init
                0x00000000080021c4      0x130 Application/User/tim.o
                0x00000000080021c4                MX_TIM1_Init
 .text.MX_UART4_Init
                0x00000000080022f4       0x54 Application/User/usart.o
                0x00000000080022f4                MX_UART4_Init
 .text.MX_UART8_Init
                0x0000000008002348       0x44 Application/User/usart.o
                0x0000000008002348                MX_UART8_Init
 .text.MX_USART1_UART_Init
                0x000000000800238c       0x48 Application/User/usart.o
                0x000000000800238c                MX_USART1_UART_Init
 .text.MX_USART3_UART_Init
                0x00000000080023d4       0x44 Application/User/usart.o
                0x00000000080023d4                MX_USART3_UART_Init
 .text.HAL_UART_MspInit
                0x0000000008002418      0x1dc Application/User/usart.o
                0x0000000008002418                HAL_UART_MspInit
 .text.SystemInit
                0x00000000080025f4       0x50 Drivers/CMSIS/system_stm32f7xx.o
                0x00000000080025f4                SystemInit
 .text.HAL_Init
                0x0000000008002644       0x2c Drivers/STM32F7xx_HAL_Driver/stm32f7xx_hal.o
                0x0000000008002644                HAL_Init
 .text.HAL_IncTick
                0x0000000008002670       0x18 Drivers/STM32F7xx_HAL_Driver/stm32f7xx_hal.o
                0x0000000008002670                HAL_IncTick
 .text.HAL_GetTick
                0x0000000008002688        0xc Drivers/STM32F7xx_HAL_Driver/stm32f7xx_hal.o
                0x0000000008002688                HAL_GetTick
 .text.HAL_NVIC_SetPriorityGrouping
                0x0000000008002694       0x28 Drivers/STM32F7xx_HAL_Driver/stm32f7xx_hal_cortex.o
                0x0000000008002694                HAL_NVIC_SetPriorityGrouping
 .text.HAL_NVIC_SetPriority
                0x00000000080026bc       0x74 Drivers/STM32F7xx_HAL_Driver/stm32f7xx_hal_cortex.o
                0x00000000080026bc                HAL_NVIC_SetPriority
 .text.HAL_NVIC_EnableIRQ
                0x0000000008002730       0x18 Drivers/STM32F7xx_HAL_Driver/stm32f7xx_hal_cortex.o
                0x0000000008002730                HAL_NVIC_EnableIRQ
 .text.HAL_DFSDM_ChannelInit
                0x0000000008002748      0x194 Drivers/STM32F7xx_HAL_Driver/stm32f7xx_hal_dfsdm.o
                0x0000000008002748                HAL_DFSDM_ChannelInit
 .text.HAL_DFSDM_FilterInit
                0x00000000080028dc       0xec Drivers/STM32F7xx_HAL_Driver/stm32f7xx_hal_dfsdm.o
                0x00000000080028dc                HAL_DFSDM_FilterInit
 .text.HAL_DFSDM_FilterConfigRegChannel
                0x00000000080029c8       0x54 Drivers/STM32F7xx_HAL_Driver/stm32f7xx_hal_dfsdm.o
                0x00000000080029c8                HAL_DFSDM_FilterConfigRegChannel
 .text.HAL_DFSDM_FilterRegularStart
                0x0000000008002a1c       0x74 Drivers/STM32F7xx_HAL_Driver/stm32f7xx_hal_dfsdm.o
                0x0000000008002a1c                HAL_DFSDM_FilterRegularStart
 .text.HAL_DFSDM_FilterGetRegularValue
                0x0000000008002a90       0x10 Drivers/STM32F7xx_HAL_Driver/stm32f7xx_hal_dfsdm.o
                0x0000000008002a90                HAL_DFSDM_FilterGetRegularValue
 .text.HAL_DFSDM_FilterErrorCallback
                0x0000000008002aa0        0x4 Drivers/STM32F7xx_HAL_Driver/stm32f7xx_hal_dfsdm.o
                0x0000000008002aa0                HAL_DFSDM_FilterErrorCallback
 .text.HAL_DFSDM_FilterPollForRegConversion
                0x0000000008002aa4       0x74 Drivers/STM32F7xx_HAL_Driver/stm32f7xx_hal_dfsdm.o
                0x0000000008002aa4                HAL_DFSDM_FilterPollForRegConversion
 .text.HAL_DMA_Init
                0x0000000008002b18      0x13c Drivers/STM32F7xx_HAL_Driver/stm32f7xx_hal_dma.o
                0x0000000008002b18                HAL_DMA_Init
 .text.HAL_DMA_Start_IT
                0x0000000008002c54       0x88 Drivers/STM32F7xx_HAL_Driver/stm32f7xx_hal_dma.o
                0x0000000008002c54                HAL_DMA_Start_IT
 .text.HAL_DMA_IRQHandler
                0x0000000008002cdc      0x1a0 Drivers/STM32F7xx_HAL_Driver/stm32f7xx_hal_dma.o
                0x0000000008002cdc                HAL_DMA_IRQHandler
 .text.HAL_GPIO_Init
                0x0000000008002e7c      0x254 Drivers/STM32F7xx_HAL_Driver/stm32f7xx_hal_gpio.o
                0x0000000008002e7c                HAL_GPIO_Init
 .text.HAL_GPIO_WritePin
                0x00000000080030d0        0x8 Drivers/STM32F7xx_HAL_Driver/stm32f7xx_hal_gpio.o
                0x00000000080030d0                HAL_GPIO_WritePin
 .text.HAL_GPIO_TogglePin
                0x00000000080030d8        0x8 Drivers/STM32F7xx_HAL_Driver/stm32f7xx_hal_gpio.o
                0x00000000080030d8                HAL_GPIO_TogglePin
 .text.HAL_I2C_Init
                0x00000000080030e0       0xac Drivers/STM32F7xx_HAL_Driver/stm32f7xx_hal_i2c.o
                0x00000000080030e0                HAL_I2C_Init
 .text.HAL_I2CEx_ConfigAnalogFilter
                0x000000000800318c       0x50 Drivers/STM32F7xx_HAL_Driver/stm32f7xx_hal_i2c_ex.o
                0x000000000800318c                HAL_I2CEx_ConfigAnalogFilter
 .text.HAL_I2CEx_ConfigDigitalFilter
                0x00000000080031dc       0x50 Drivers/STM32F7xx_HAL_Driver/stm32f7xx_hal_i2c_ex.o
                0x00000000080031dc                HAL_I2CEx_ConfigDigitalFilter
 .text.HAL_PWREx_EnableOverDrive
                0x000000000800322c       0x78 Drivers/STM32F7xx_HAL_Driver/stm32f7xx_hal_pwr_ex.o
                0x000000000800322c                HAL_PWREx_EnableOverDrive
 .text.HAL_RCC_OscConfig
                0x00000000080032a4      0x3b0 Drivers/STM32F7xx_HAL_Driver/stm32f7xx_hal_rcc.o
                0x00000000080032a4                HAL_RCC_OscConfig
 .text.HAL_RCC_ClockConfig
                0x0000000008003654      0x194 Drivers/STM32F7xx_HAL_Driver/stm32f7xx_hal_rcc.o
                0x0000000008003654                HAL_RCC_ClockConfig
 .text.HAL_RCC_GetSysClockFreq
                0x00000000080037e8       0x68 Drivers/STM32F7xx_HAL_Driver/stm32f7xx_hal_rcc.o
                0x00000000080037e8                HAL_RCC_GetSysClockFreq
 .text.HAL_RCC_GetPCLK1Freq
                0x0000000008003850       0x20 Drivers/STM32F7xx_HAL_Driver/stm32f7xx_hal_rcc.o
                0x0000000008003850                HAL_RCC_GetPCLK1Freq
 .text.HAL_RCC_GetPCLK2Freq
                0x0000000008003870       0x20 Drivers/STM32F7xx_HAL_Driver/stm32f7xx_hal_rcc.o
                0x0000000008003870                HAL_RCC_GetPCLK2Freq
 .text.HAL_RCC_GetClockConfig
                0x0000000008003890       0x44 Drivers/STM32F7xx_HAL_Driver/stm32f7xx_hal_rcc.o
                0x0000000008003890                HAL_RCC_GetClockConfig
 .text.HAL_RCCEx_PeriphCLKConfig
                0x00000000080038d4      0x540 Drivers/STM32F7xx_HAL_Driver/stm32f7xx_hal_rcc_ex.o
                0x00000000080038d4                HAL_RCCEx_PeriphCLKConfig
 .text.HAL_SPI_Init
                0x0000000008003e14       0xc4 Drivers/STM32F7xx_HAL_Driver/stm32f7xx_hal_spi.o
                0x0000000008003e14                HAL_SPI_Init
 .text.HAL_TIM_Base_Init
                0x0000000008003ed8      0x14c Drivers/STM32F7xx_HAL_Driver/stm32f7xx_hal_tim.o
                0x0000000008003ed8                HAL_TIM_Base_Init
 .text.HAL_TIM_Base_Start
                0x0000000008004024       0x20 Drivers/STM32F7xx_HAL_Driver/stm32f7xx_hal_tim.o
                0x0000000008004024                HAL_TIM_Base_Start
 .text.HAL_TIM_Base_Start_IT
                0x0000000008004044       0x18 Drivers/STM32F7xx_HAL_Driver/stm32f7xx_hal_tim.o
                0x0000000008004044                HAL_TIM_Base_Start_IT
 .text.HAL_TIM_PWM_MspInit
                0x000000000800405c        0x4 Drivers/STM32F7xx_HAL_Driver/stm32f7xx_hal_tim.o
                0x000000000800405c                HAL_TIM_PWM_MspInit
 .text.HAL_TIM_PWM_Init
                0x0000000008004060      0x14c Drivers/STM32F7xx_HAL_Driver/stm32f7xx_hal_tim.o
                0x0000000008004060                HAL_TIM_PWM_Init
 .text.HAL_TIM_PWM_Start
                0x00000000080041ac       0x48 Drivers/STM32F7xx_HAL_Driver/stm32f7xx_hal_tim.o
                0x00000000080041ac                HAL_TIM_PWM_Start
 .text.HAL_TIM_ConfigClockSource
                0x00000000080041f4      0x190 Drivers/STM32F7xx_HAL_Driver/stm32f7xx_hal_tim.o
                0x00000000080041f4                HAL_TIM_ConfigClockSource
 .text.HAL_TIM_OC_DelayElapsedCallback
                0x0000000008004384        0x4 Drivers/STM32F7xx_HAL_Driver/stm32f7xx_hal_tim.o
                0x0000000008004384                HAL_TIM_OC_DelayElapsedCallback
 .text.HAL_TIM_IC_CaptureCallback
                0x0000000008004388        0x4 Drivers/STM32F7xx_HAL_Driver/stm32f7xx_hal_tim.o
                0x0000000008004388                HAL_TIM_IC_CaptureCallback
 .text.HAL_TIM_PWM_PulseFinishedCallback
                0x000000000800438c        0x4 Drivers/STM32F7xx_HAL_Driver/stm32f7xx_hal_tim.o
                0x000000000800438c                HAL_TIM_PWM_PulseFinishedCallback
 .text.HAL_TIM_TriggerCallback
                0x0000000008004390        0x4 Drivers/STM32F7xx_HAL_Driver/stm32f7xx_hal_tim.o
                0x0000000008004390                HAL_TIM_TriggerCallback
 .text.HAL_TIM_IRQHandler
                0x0000000008004394      0x170 Drivers/STM32F7xx_HAL_Driver/stm32f7xx_hal_tim.o
                0x0000000008004394                HAL_TIM_IRQHandler
 .text.TIM_OC1_SetConfig
                0x0000000008004504       0x64 Drivers/STM32F7xx_HAL_Driver/stm32f7xx_hal_tim.o
                0x0000000008004504                TIM_OC1_SetConfig
 .text.TIM_OC2_SetConfig
                0x0000000008004568       0x68 Drivers/STM32F7xx_HAL_Driver/stm32f7xx_hal_tim.o
                0x0000000008004568                TIM_OC2_SetConfig
 .text.TIM_OC3_SetConfig
                0x00000000080045d0       0x68 Drivers/STM32F7xx_HAL_Driver/stm32f7xx_hal_tim.o
                0x00000000080045d0                TIM_OC3_SetConfig
 .text.TIM_OC4_SetConfig
                0x0000000008004638       0x58 Drivers/STM32F7xx_HAL_Driver/stm32f7xx_hal_tim.o
                0x0000000008004638                TIM_OC4_SetConfig
 .text.HAL_TIMEx_PWMN_Start
                0x0000000008004690       0x30 Drivers/STM32F7xx_HAL_Driver/stm32f7xx_hal_tim_ex.o
                0x0000000008004690                HAL_TIMEx_PWMN_Start
 .text.HAL_TIMEx_MasterConfigSynchronization
                0x00000000080046c0       0x58 Drivers/STM32F7xx_HAL_Driver/stm32f7xx_hal_tim_ex.o
                0x00000000080046c0                HAL_TIMEx_MasterConfigSynchronization
 .text.HAL_TIMEx_ConfigBreakDeadTime
                0x0000000008004718       0x9c Drivers/STM32F7xx_HAL_Driver/stm32f7xx_hal_tim_ex.o
                0x0000000008004718                HAL_TIMEx_ConfigBreakDeadTime
 .text.HAL_TIMEx_CommutationCallback
                0x00000000080047b4        0x4 Drivers/STM32F7xx_HAL_Driver/stm32f7xx_hal_tim_ex.o
                0x00000000080047b4                HAL_TIMEx_CommutationCallback
 .text.HAL_TIMEx_BreakCallback
                0x00000000080047b8        0x4 Drivers/STM32F7xx_HAL_Driver/stm32f7xx_hal_tim_ex.o
                0x00000000080047b8                HAL_TIMEx_BreakCallback
 .text.HAL_TIM_PWM_ConfigChannel
                0x00000000080047bc      0x1bc Drivers/STM32F7xx_HAL_Driver/stm32f7xx_hal_tim_ex.o
                0x00000000080047bc                HAL_TIM_PWM_ConfigChannel
 .text.HAL_UART_Transmit
                0x0000000008004978      0x100 Drivers/STM32F7xx_HAL_Driver/stm32f7xx_hal_uart.o
                0x0000000008004978                HAL_UART_Transmit
 .text.HAL_UART_Receive_DMA
                0x0000000008004a78       0x90 Drivers/STM32F7xx_HAL_Driver/stm32f7xx_hal_uart.o
                0x0000000008004a78                HAL_UART_Receive_DMA
 .text.HAL_UART_DMAResume
                0x0000000008004b08       0x74 Drivers/STM32F7xx_HAL_Driver/stm32f7xx_hal_uart.o
                0x0000000008004b08                HAL_UART_DMAResume
 .text.UART_DMAReceiveCplt
                0x0000000008004b7c       0x38 Drivers/STM32F7xx_HAL_Driver/stm32f7xx_hal_uart.o
 .text.HAL_UART_RxHalfCpltCallback
                0x0000000008004bb4        0x4 Drivers/STM32F7xx_HAL_Driver/stm32f7xx_hal_uart.o
                0x0000000008004bb4                HAL_UART_RxHalfCpltCallback
 .text.UART_DMARxHalfCplt
                0x0000000008004bb8        0xc Drivers/STM32F7xx_HAL_Driver/stm32f7xx_hal_uart.o
 .text.UART_DMAError
                0x0000000008004bc4       0x68 Drivers/STM32F7xx_HAL_Driver/stm32f7xx_hal_uart.o
 .text.UART_AdvFeatureConfig
                0x0000000008004c2c       0xb0 Drivers/STM32F7xx_HAL_Driver/stm32f7xx_hal_uart.o
                0x0000000008004c2c                UART_AdvFeatureConfig
 .text.HAL_UART_Init
                0x0000000008004cdc      0x388 Drivers/STM32F7xx_HAL_Driver/stm32f7xx_hal_uart.o
                0x0000000008004cdc                HAL_UART_Init
 .text.osKernelStart
                0x0000000008005064        0xc Middlewares/FreeRTOS/cmsis_os.o
                0x0000000008005064                osKernelStart
 .text.osThreadCreate
                0x0000000008005070       0x30 Middlewares/FreeRTOS/cmsis_os.o
                0x0000000008005070                osThreadCreate
 .text.osDelay  0x00000000080050a0       0x10 Middlewares/FreeRTOS/cmsis_os.o
                0x00000000080050a0                osDelay
 .text.osMutexCreate
                0x00000000080050b0        0x8 Middlewares/FreeRTOS/cmsis_os.o
                0x00000000080050b0                osMutexCreate
 .text.osMessageCreate
                0x00000000080050b8        0x8 Middlewares/FreeRTOS/cmsis_os.o
                0x00000000080050b8                osMessageCreate
 .text.unlikely.prvInsertBlockIntoFreeList
                0x00000000080050c0       0x50 Middlewares/FreeRTOS/heap_4.o
 .text.pvPortMalloc
                0x0000000008005110      0x13c Middlewares/FreeRTOS/heap_4.o
                0x0000000008005110                pvPortMalloc
 .text.vPortFree
                0x000000000800524c       0x78 Middlewares/FreeRTOS/heap_4.o
                0x000000000800524c                vPortFree
 .text.vListInitialise
                0x00000000080052c4       0x18 Middlewares/FreeRTOS/list.o
                0x00000000080052c4                vListInitialise
 .text.vListInitialiseItem
                0x00000000080052dc        0x8 Middlewares/FreeRTOS/list.o
                0x00000000080052dc                vListInitialiseItem
 .text.vListInsertEnd
                0x00000000080052e4       0x20 Middlewares/FreeRTOS/list.o
                0x00000000080052e4                vListInsertEnd
 .text.vListInsert
                0x0000000008005304       0x34 Middlewares/FreeRTOS/list.o
                0x0000000008005304                vListInsert
 .text.uxListRemove
                0x0000000008005338       0x28 Middlewares/FreeRTOS/list.o
                0x0000000008005338                uxListRemove
 .text.prvTaskExitError
                0x0000000008005360       0x38 Middlewares/FreeRTOS/port.o
 .text.prvPortStartFirstTask
                0x0000000008005398       0x20 Middlewares/FreeRTOS/port.o
 .text.vPortEnableVFP
                0x00000000080053b8       0x14 Middlewares/FreeRTOS/port.o
 .text.pxPortInitialiseStack
                0x00000000080053cc       0x30 Middlewares/FreeRTOS/port.o
                0x00000000080053cc                pxPortInitialiseStack
 *fill*         0x00000000080053fc        0x4 
 .text.SVC_Handler
                0x0000000008005400       0x24 Middlewares/FreeRTOS/port.o
                0x0000000008005400                SVC_Handler
 .text.vPortEnterCritical
                0x0000000008005424       0x4c Middlewares/FreeRTOS/port.o
                0x0000000008005424                vPortEnterCritical
 .text.vPortExitCritical
                0x0000000008005470       0x2c Middlewares/FreeRTOS/port.o
                0x0000000008005470                vPortExitCritical
 *fill*         0x000000000800549c        0x4 
 .text.PendSV_Handler
                0x00000000080054a0       0x64 Middlewares/FreeRTOS/port.o
                0x00000000080054a0                PendSV_Handler
 .text.SysTick_Handler
                0x0000000008005504       0x30 Middlewares/FreeRTOS/port.o
                0x0000000008005504                SysTick_Handler
 .text.vPortSetupTimerInterrupt
                0x0000000008005534       0x2c Middlewares/FreeRTOS/port.o
                0x0000000008005534                vPortSetupTimerInterrupt
 .text.xPortStartScheduler
                0x0000000008005560       0xa8 Middlewares/FreeRTOS/port.o
                0x0000000008005560                xPortStartScheduler
 .text.vPortValidateInterruptPriority
                0x0000000008005608       0x64 Middlewares/FreeRTOS/port.o
                0x0000000008005608                vPortValidateInterruptPriority
 .text.unlikely.prvCopyDataToQueue
                0x000000000800566c       0x6c Middlewares/FreeRTOS/queue.o
 .text.unlikely.prvCopyDataFromQueue
                0x00000000080056d8       0x26 Middlewares/FreeRTOS/queue.o
 *fill*         0x00000000080056fe        0x2 
 .text.prvUnlockQueue
                0x0000000008005700       0x94 Middlewares/FreeRTOS/queue.o
 .text.xQueueGenericCreate
                0x0000000008005794       0x7c Middlewares/FreeRTOS/queue.o
                0x0000000008005794                xQueueGenericCreate
 .text.xQueueGenericSend
                0x0000000008005810      0x2cc Middlewares/FreeRTOS/queue.o
                0x0000000008005810                xQueueGenericSend
 .text.xQueueCreateMutex
                0x0000000008005adc       0x68 Middlewares/FreeRTOS/queue.o
                0x0000000008005adc                xQueueCreateMutex
 .text.xQueueGenericSendFromISR
                0x0000000008005b44       0xe0 Middlewares/FreeRTOS/queue.o
                0x0000000008005b44                xQueueGenericSendFromISR
 .text.xQueueGenericReceive
                0x0000000008005c24      0x2d4 Middlewares/FreeRTOS/queue.o
                0x0000000008005c24                xQueueGenericReceive
 .text.prvAddCurrentTaskToDelayedList
                0x0000000008005ef8       0x8c Middlewares/FreeRTOS/tasks.o
 .text.xTaskCreate
                0x0000000008005f84      0x260 Middlewares/FreeRTOS/tasks.o
                0x0000000008005f84                xTaskCreate
 .text.vTaskStartScheduler
                0x00000000080061e4       0x80 Middlewares/FreeRTOS/tasks.o
                0x00000000080061e4                vTaskStartScheduler
 .text.vTaskSuspendAll
                0x0000000008006264       0x10 Middlewares/FreeRTOS/tasks.o
                0x0000000008006264                vTaskSuspendAll
 .text.xTaskIncrementTick
                0x0000000008006274      0x160 Middlewares/FreeRTOS/tasks.o
                0x0000000008006274                xTaskIncrementTick
 .text.xTaskResumeAll
                0x00000000080063d4      0x120 Middlewares/FreeRTOS/tasks.o
                0x00000000080063d4                xTaskResumeAll
 .text.vTaskDelay
                0x00000000080064f4       0x50 Middlewares/FreeRTOS/tasks.o
                0x00000000080064f4                vTaskDelay
 .text.prvIdleTask
                0x0000000008006544       0x90 Middlewares/FreeRTOS/tasks.o
 .text.vTaskSwitchContext
                0x00000000080065d4       0x7c Middlewares/FreeRTOS/tasks.o
                0x00000000080065d4                vTaskSwitchContext
 .text.vTaskPlaceOnEventList
                0x0000000008006650       0xa8 Middlewares/FreeRTOS/tasks.o
                0x0000000008006650                vTaskPlaceOnEventList
 .text.xTaskRemoveFromEventList
                0x00000000080066f8       0x90 Middlewares/FreeRTOS/tasks.o
                0x00000000080066f8                xTaskRemoveFromEventList
 .text.vTaskSetTimeOutState
                0x0000000008006788       0x30 Middlewares/FreeRTOS/tasks.o
                0x0000000008006788                vTaskSetTimeOutState
 .text.xTaskCheckForTimeOut
                0x00000000080067b8       0x90 Middlewares/FreeRTOS/tasks.o
                0x00000000080067b8                xTaskCheckForTimeOut
 .text.vTaskMissedYield
                0x0000000008006848        0xc Middlewares/FreeRTOS/tasks.o
                0x0000000008006848                vTaskMissedYield
 .text.xTaskGetSchedulerState
                0x0000000008006854       0x20 Middlewares/FreeRTOS/tasks.o
                0x0000000008006854                xTaskGetSchedulerState
 .text.vTaskPriorityInherit
                0x0000000008006874       0x9c Middlewares/FreeRTOS/tasks.o
                0x0000000008006874                vTaskPriorityInherit
 .text.xTaskPriorityDisinherit
                0x0000000008006910       0xbc Middlewares/FreeRTOS/tasks.o
                0x0000000008006910                xTaskPriorityDisinherit
 .text.pvTaskIncrementMutexHeldCount
                0x00000000080069cc       0x18 Middlewares/FreeRTOS/tasks.o
                0x00000000080069cc                pvTaskIncrementMutexHeldCount
 .text.__libc_init_array
                0x00000000080069e4       0x48 /home/chen/softwares/truestudio/ARMTools/bin/../lib/gcc/arm-atollic-eabi/6.3.1/../../../../arm-atollic-eabi/lib/armv7e-m/fpu/fpv5-d16/libc_nano.a(lib_a-init.o)
                0x00000000080069e4                __libc_init_array
 .text.memcpy   0x0000000008006a2c       0x16 /home/chen/softwares/truestudio/ARMTools/bin/../lib/gcc/arm-atollic-eabi/6.3.1/../../../../arm-atollic-eabi/lib/armv7e-m/fpu/fpv5-d16/libc_nano.a(lib_a-memcpy-stub.o)
                0x0000000008006a2c                memcpy
 .text.memset   0x0000000008006a42       0x10 /home/chen/softwares/truestudio/ARMTools/bin/../lib/gcc/arm-atollic-eabi/6.3.1/../../../../arm-atollic-eabi/lib/armv7e-m/fpu/fpv5-d16/libc_nano.a(lib_a-memset.o)
                0x0000000008006a42                memset
 *fill*         0x0000000008006a52        0x6 
 .text.cos      0x0000000008006a58       0x78 /home/chen/softwares/truestudio/ARMTools/bin/../lib/gcc/arm-atollic-eabi/6.3.1/../../../../arm-atollic-eabi/lib/armv7e-m/fpu/fpv5-d16/libm.a(lib_a-s_cos.o)
                0x0000000008006a58                cos
 .text.sin      0x0000000008006ad0       0x78 /home/chen/softwares/truestudio/ARMTools/bin/../lib/gcc/arm-atollic-eabi/6.3.1/../../../../arm-atollic-eabi/lib/armv7e-m/fpu/fpv5-d16/libm.a(lib_a-s_sin.o)
                0x0000000008006ad0                sin
 .text.__ieee754_rem_pio2
                0x0000000008006b48      0x280 /home/chen/softwares/truestudio/ARMTools/bin/../lib/gcc/arm-atollic-eabi/6.3.1/../../../../arm-atollic-eabi/lib/armv7e-m/fpu/fpv5-d16/libm.a(lib_a-e_rem_pio2.o)
                0x0000000008006b48                __ieee754_rem_pio2
 .text.__kernel_cos
                0x0000000008006dc8       0xd8 /home/chen/softwares/truestudio/ARMTools/bin/../lib/gcc/arm-atollic-eabi/6.3.1/../../../../arm-atollic-eabi/lib/armv7e-m/fpu/fpv5-d16/libm.a(lib_a-k_cos.o)
                0x0000000008006dc8                __kernel_cos
 .text.__kernel_rem_pio2
                0x0000000008006ea0      0x4e8 /home/chen/softwares/truestudio/ARMTools/bin/../lib/gcc/arm-atollic-eabi/6.3.1/../../../../arm-atollic-eabi/lib/armv7e-m/fpu/fpv5-d16/libm.a(lib_a-k_rem_pio2.o)
                0x0000000008006ea0                __kernel_rem_pio2
 .text.__kernel_sin
                0x0000000008007388       0xb0 /home/chen/softwares/truestudio/ARMTools/bin/../lib/gcc/arm-atollic-eabi/6.3.1/../../../../arm-atollic-eabi/lib/armv7e-m/fpu/fpv5-d16/libm.a(lib_a-k_sin.o)
                0x0000000008007388                __kernel_sin
 .text.fabs     0x0000000008007438        0xe /home/chen/softwares/truestudio/ARMTools/bin/../lib/gcc/arm-atollic-eabi/6.3.1/../../../../arm-atollic-eabi/lib/armv7e-m/fpu/fpv5-d16/libm.a(lib_a-s_fabs.o)
                0x0000000008007438                fabs
 *fill*         0x0000000008007446        0x2 
 .text.floor    0x0000000008007448       0xf0 /home/chen/softwares/truestudio/ARMTools/bin/../lib/gcc/arm-atollic-eabi/6.3.1/../../../../arm-atollic-eabi/lib/armv7e-m/fpu/fpv5-d16/libm.a(lib_a-s_floor.o)
                0x0000000008007448                floor
 .text.scalbn   0x0000000008007538       0xfc /home/chen/softwares/truestudio/ARMTools/bin/../lib/gcc/arm-atollic-eabi/6.3.1/../../../../arm-atollic-eabi/lib/armv7e-m/fpu/fpv5-d16/libm.a(lib_a-s_scalbn.o)
                0x0000000008007538                scalbn
 .text.copysign
                0x0000000008007634       0x1a /home/chen/softwares/truestudio/ARMTools/bin/../lib/gcc/arm-atollic-eabi/6.3.1/../../../../arm-atollic-eabi/lib/armv7e-m/fpu/fpv5-d16/libm.a(lib_a-s_copysign.o)
                0x0000000008007634                copysign
 *(.glue_7)
 .glue_7        0x000000000800764e        0x0 linker stubs
 *(.glue_7t)
 .glue_7t       0x000000000800764e        0x0 linker stubs
 *(.eh_frame)
 *fill*         0x000000000800764e        0x2 
 .eh_frame      0x0000000008007650        0x0 /home/chen/softwares/truestudio/ARMTools/bin/../lib/gcc/arm-atollic-eabi/6.3.1/armv7e-m/fpu/fpv5-d16/crtbegin.o
 *(.init)
 .init          0x0000000008007650        0x4 /home/chen/softwares/truestudio/ARMTools/bin/../lib/gcc/arm-atollic-eabi/6.3.1/armv7e-m/fpu/fpv5-d16/crti.o
                0x0000000008007650                _init
 .init          0x0000000008007654        0x8 /home/chen/softwares/truestudio/ARMTools/bin/../lib/gcc/arm-atollic-eabi/6.3.1/armv7e-m/fpu/fpv5-d16/crtn.o
 *(.fini)
 .fini          0x000000000800765c        0x4 /home/chen/softwares/truestudio/ARMTools/bin/../lib/gcc/arm-atollic-eabi/6.3.1/armv7e-m/fpu/fpv5-d16/crti.o
                0x000000000800765c                _fini
 .fini          0x0000000008007660        0x8 /home/chen/softwares/truestudio/ARMTools/bin/../lib/gcc/arm-atollic-eabi/6.3.1/armv7e-m/fpu/fpv5-d16/crtn.o
                0x0000000008007668                . = ALIGN (0x4)
                0x0000000008007668                _etext = .

.vfp11_veneer   0x0000000008007668        0x0
 .vfp11_veneer  0x0000000008007668        0x0 linker stubs

.v4_bx          0x0000000008007668        0x0
 .v4_bx         0x0000000008007668        0x0 linker stubs

.iplt           0x0000000008007668        0x0
 .iplt          0x0000000008007668        0x0 /home/chen/softwares/truestudio/ARMTools/bin/../lib/gcc/arm-atollic-eabi/6.3.1/armv7e-m/fpu/fpv5-d16/crtbegin.o

.rodata         0x0000000008007668      0x358
                0x0000000008007668                . = ALIGN (0x4)
 *(.rodata)
 .rodata        0x0000000008007668       0x30 Application/User/Idletasks/idletasks.o
 .rodata        0x0000000008007698       0xb4 Application/User/freertos.o
 *(.rodata*)
 .rodata.str1.4
                0x000000000800774c       0x60 Application/User/freertos.o
 .rodata.AHBPrescTable
                0x00000000080077ac       0x10 Drivers/CMSIS/system_stm32f7xx.o
                0x00000000080077ac                AHBPrescTable
 .rodata.APBPrescTable
                0x00000000080077bc        0x8 Drivers/CMSIS/system_stm32f7xx.o
                0x00000000080077bc                APBPrescTable
 .rodata.flagBitshiftOffset.10257
                0x00000000080077c4        0x8 Drivers/STM32F7xx_HAL_Driver/stm32f7xx_hal_dma.o
 .rodata.CSWTCH.38
                0x00000000080077cc        0x4 Drivers/STM32F7xx_HAL_Driver/stm32f7xx_hal_uart.o
 .rodata.CSWTCH.39
                0x00000000080077d0        0xd Drivers/STM32F7xx_HAL_Driver/stm32f7xx_hal_uart.o
 *fill*         0x00000000080077dd        0x3 
 .rodata.vTaskStartScheduler.str1.4
                0x00000000080077e0        0x8 Middlewares/FreeRTOS/tasks.o
                                          0x5 (size before relaxing)
 .rodata.npio2_hw
                0x00000000080077e8       0x80 /home/chen/softwares/truestudio/ARMTools/bin/../lib/gcc/arm-atollic-eabi/6.3.1/../../../../arm-atollic-eabi/lib/armv7e-m/fpu/fpv5-d16/libm.a(lib_a-e_rem_pio2.o)
 .rodata.two_over_pi
                0x0000000008007868      0x108 /home/chen/softwares/truestudio/ARMTools/bin/../lib/gcc/arm-atollic-eabi/6.3.1/../../../../arm-atollic-eabi/lib/armv7e-m/fpu/fpv5-d16/libm.a(lib_a-e_rem_pio2.o)
 .rodata.PIo2   0x0000000008007970       0x40 /home/chen/softwares/truestudio/ARMTools/bin/../lib/gcc/arm-atollic-eabi/6.3.1/../../../../arm-atollic-eabi/lib/armv7e-m/fpu/fpv5-d16/libm.a(lib_a-k_rem_pio2.o)
 .rodata.init_jk
                0x00000000080079b0       0x10 /home/chen/softwares/truestudio/ARMTools/bin/../lib/gcc/arm-atollic-eabi/6.3.1/../../../../arm-atollic-eabi/lib/armv7e-m/fpu/fpv5-d16/libm.a(lib_a-k_rem_pio2.o)
                0x00000000080079c0                . = ALIGN (0x4)

.ARM.extab
 *(.ARM.extab* .gnu.linkonce.armextab.*)

.ARM            0x00000000080079c0        0x8
                0x00000000080079c0                __exidx_start = .
 *(.ARM.exidx*)
 .ARM.exidx     0x00000000080079c0        0x8 /home/chen/softwares/truestudio/ARMTools/bin/../lib/gcc/arm-atollic-eabi/6.3.1/armv7e-m/fpu/fpv5-d16/libgcc.a(_udivmoddi4.o)
                0x00000000080079c8                __exidx_end = .

.rel.dyn        0x00000000080079c8        0x0
 .rel.iplt      0x00000000080079c8        0x0 /home/chen/softwares/truestudio/ARMTools/bin/../lib/gcc/arm-atollic-eabi/6.3.1/armv7e-m/fpu/fpv5-d16/crtbegin.o

.preinit_array  0x00000000080079c8        0x0
                0x00000000080079c8                PROVIDE (__preinit_array_start, .)
 *(.preinit_array*)
                0x00000000080079c8                PROVIDE (__preinit_array_end, .)

.init_array     0x00000000080079c8        0x4
                0x00000000080079c8                PROVIDE (__init_array_start, .)
 *(SORT(.init_array.*))
 *(.init_array*)
 .init_array    0x00000000080079c8        0x4 /home/chen/softwares/truestudio/ARMTools/bin/../lib/gcc/arm-atollic-eabi/6.3.1/armv7e-m/fpu/fpv5-d16/crtbegin.o
                0x00000000080079cc                PROVIDE (__init_array_end, .)

.fini_array     0x00000000080079cc        0x4
                [!provide]                        PROVIDE (__fini_array_start, .)
 *(SORT(.fini_array.*))
 *(.fini_array*)
 .fini_array    0x00000000080079cc        0x4 /home/chen/softwares/truestudio/ARMTools/bin/../lib/gcc/arm-atollic-eabi/6.3.1/armv7e-m/fpu/fpv5-d16/crtbegin.o
                [!provide]                        PROVIDE (__fini_array_end, .)
                0x00000000080079d0                _sidata = LOADADDR (.data)

.data           0x0000000020000000       0x28 load address 0x00000000080079d0
                0x0000000020000000                . = ALIGN (0x4)
                0x0000000020000000                _sdata = .
 *(.data)
 *(.data*)
 .data.enchall  0x0000000020000000       0x18 Application/User/ISRs/isrSensors.o
 .data.fivetimecount
                0x0000000020000018        0x1 Application/User/ISRs/isrSensors.o
 *fill*         0x0000000020000019        0x3 
 .data.SystemCoreClock
                0x000000002000001c        0x4 Drivers/CMSIS/system_stm32f7xx.o
                0x000000002000001c                SystemCoreClock
 .data.uwTickFreq
                0x0000000020000020        0x1 Drivers/STM32F7xx_HAL_Driver/stm32f7xx_hal.o
                0x0000000020000020                uwTickFreq
 *fill*         0x0000000020000021        0x3 
 .data.uxCriticalNesting
                0x0000000020000024        0x4 Middlewares/FreeRTOS/port.o
                0x0000000020000028                . = ALIGN (0x4)
                0x0000000020000028                _edata = .

.igot.plt       0x0000000020000028        0x0 load address 0x00000000080079f8
 .igot.plt      0x0000000020000028        0x0 /home/chen/softwares/truestudio/ARMTools/bin/../lib/gcc/arm-atollic-eabi/6.3.1/armv7e-m/fpu/fpv5-d16/crtbegin.o
                0x0000000020000028                . = ALIGN (0x4)

.bss            0x0000000020000028     0x4490 load address 0x00000000080079f8
                0x0000000020000028                _sbss = .
                0x0000000020000028                __bss_start__ = _sbss
 *(.bss)
 .bss           0x0000000020000028       0x1c /home/chen/softwares/truestudio/ARMTools/bin/../lib/gcc/arm-atollic-eabi/6.3.1/armv7e-m/fpu/fpv5-d16/crtbegin.o
 *(.bss*)
 .bss.cnt       0x0000000020000044        0x4 Application/User/ISRs/isrSensors.o
 .bss.cnt_e     0x0000000020000048        0x4 Application/User/ISRs/isrSensors.o
 .bss.flag      0x000000002000004c        0x1 Application/User/ISRs/isrSensors.o
 *fill*         0x000000002000004d        0x1 
 .bss.last5bitsdata
                0x000000002000004e        0x2 Application/User/ISRs/isrSensors.o
 .bss.last_recon
                0x0000000020000050        0x2 Application/User/ISRs/isrSensors.o
 *fill*         0x0000000020000052        0x2 
 .bss.lasttick  0x0000000020000054        0x4 Application/User/ISRs/isrSensors.o
 .bss.motorcurrent
                0x0000000020000058       0x14 Application/User/ISRs/isrSensors.o
 .bss.v_buff    0x000000002000006c       0x78 Application/User/ISRs/isrSensors.o
 .bss.v_index   0x00000000200000e4        0x1 Application/User/ISRs/isrSensors.o
                0x00000000200000e4                v_index
 *fill*         0x00000000200000e5        0x3 
 .bss.xHigherPriorityTaskWoken.10969
                0x00000000200000e8        0x4 Application/User/ISRs/isrSensors.o
 .bss.xHigherPriorityTaskWoken.10984
                0x00000000200000ec        0x4 Application/User/ISRs/isrSensors.o
 .bss.DFSDM1_Init
                0x00000000200000f0        0x4 Application/User/dfsdm.o
 .bss.HAL_RCC_DFSDM1_CLK_ENABLED
                0x00000000200000f4        0x4 Application/User/dfsdm.o
 .bss.a_dfsdm1ChannelHandle
                0x00000000200000f8       0x20 Drivers/STM32F7xx_HAL_Driver/stm32f7xx_hal_dfsdm.o
                0x00000000200000f8                a_dfsdm1ChannelHandle
 .bss.v_dfsdm1ChannelCounter
                0x0000000020000118        0x4 Drivers/STM32F7xx_HAL_Driver/stm32f7xx_hal_dfsdm.o
                0x0000000020000118                v_dfsdm1ChannelCounter
 .bss.pxEnd     0x000000002000011c        0x4 Middlewares/FreeRTOS/heap_4.o
 .bss.ucHeap    0x0000000020000120     0x3c00 Middlewares/FreeRTOS/heap_4.o
 .bss.xBlockAllocatedBit
                0x0000000020003d20        0x4 Middlewares/FreeRTOS/heap_4.o
 .bss.xFreeBytesRemaining
                0x0000000020003d24        0x4 Middlewares/FreeRTOS/heap_4.o
 .bss.xMinimumEverFreeBytesRemaining
                0x0000000020003d28        0x4 Middlewares/FreeRTOS/heap_4.o
 .bss.xStart    0x0000000020003d2c        0x8 Middlewares/FreeRTOS/heap_4.o
 .bss.ucMaxSysCallPriority
                0x0000000020003d34        0x1 Middlewares/FreeRTOS/port.o
 *fill*         0x0000000020003d35        0x3 
 .bss.ulMaxPRIGROUPValue
                0x0000000020003d38        0x4 Middlewares/FreeRTOS/port.o
 .bss.pxCurrentTCB
                0x0000000020003d3c        0x4 Middlewares/FreeRTOS/tasks.o
                0x0000000020003d3c                pxCurrentTCB
 .bss.pxDelayedTaskList
                0x0000000020003d40        0x4 Middlewares/FreeRTOS/tasks.o
 .bss.pxOverflowDelayedTaskList
                0x0000000020003d44        0x4 Middlewares/FreeRTOS/tasks.o
 .bss.pxReadyTasksLists
                0x0000000020003d48       0x8c Middlewares/FreeRTOS/tasks.o
 .bss.uxCurrentNumberOfTasks
                0x0000000020003dd4        0x4 Middlewares/FreeRTOS/tasks.o
 .bss.uxDeletedTasksWaitingCleanUp
                0x0000000020003dd8        0x4 Middlewares/FreeRTOS/tasks.o
 .bss.uxPendedTicks
                0x0000000020003ddc        0x4 Middlewares/FreeRTOS/tasks.o
 .bss.uxSchedulerSuspended
                0x0000000020003de0        0x4 Middlewares/FreeRTOS/tasks.o
 .bss.uxTaskNumber
                0x0000000020003de4        0x4 Middlewares/FreeRTOS/tasks.o
 .bss.uxTopReadyPriority
                0x0000000020003de8        0x4 Middlewares/FreeRTOS/tasks.o
 .bss.xDelayedTaskList1
                0x0000000020003dec       0x14 Middlewares/FreeRTOS/tasks.o
 .bss.xDelayedTaskList2
                0x0000000020003e00       0x14 Middlewares/FreeRTOS/tasks.o
 .bss.xIdleTaskHandle
                0x0000000020003e14        0x4 Middlewares/FreeRTOS/tasks.o
 .bss.xNextTaskUnblockTime
                0x0000000020003e18        0x4 Middlewares/FreeRTOS/tasks.o
 .bss.xNumOfOverflows
                0x0000000020003e1c        0x4 Middlewares/FreeRTOS/tasks.o
 .bss.xPendingReadyList
                0x0000000020003e20       0x14 Middlewares/FreeRTOS/tasks.o
 .bss.xSchedulerRunning
                0x0000000020003e34        0x4 Middlewares/FreeRTOS/tasks.o
 .bss.xSuspendedTaskList
                0x0000000020003e38       0x14 Middlewares/FreeRTOS/tasks.o
 .bss.xTasksWaitingTermination
                0x0000000020003e4c       0x14 Middlewares/FreeRTOS/tasks.o
 .bss.xTickCount
                0x0000000020003e60        0x4 Middlewares/FreeRTOS/tasks.o
 .bss.xYieldPending
                0x0000000020003e64        0x4 Middlewares/FreeRTOS/tasks.o
 *(COMMON)
 COMMON         0x0000000020003e68        0xf Application/User/ISRs/isrSensors.o
                0x0000000020003e68                enchall_buff
                0x0000000020003e70                order_buff
 *fill*         0x0000000020003e77        0x1 
 COMMON         0x0000000020003e78      0x1d8 Application/User/dfsdm.o
                0x0000000020003e78                hdfsdm1_filter0
                0x0000000020003ecc                hdfsdm1_channel3
                0x0000000020003f04                hdma_dfsdm1_flt1
                0x0000000020003f64                hdma_dfsdm1_flt0
                0x0000000020003fc4                hdfsdm1_filter1
                0x0000000020004018                hdfsdm1_channel0
 COMMON         0x0000000020004050       0x34 Application/User/freertos.o
                0x0000000020004050                conresQueueHandle
                0x0000000020004054                buzzertoneTaskHandle
                0x0000000020004058                buzzerQueueHandle
                0x000000002000405c                rythmQueueHandle
                0x0000000020004060                enchallTaskHandle
                0x0000000020004064                buzzerMutexHandle
                0x0000000020004068                enchallQueueHandle
                0x000000002000406c                controlTaskHandle
                0x0000000020004070                ledgreenTaskHandle
                0x0000000020004074                ledblueTaskHandle
                0x0000000020004078                shuntQueueHandle
                0x000000002000407c                iwdgTaskHandle
                0x0000000020004080                buzzerrythmTaskHandle
 COMMON         0x0000000020004084       0x4c Application/User/i2c.o
                0x0000000020004084                hi2c4
 COMMON         0x00000000200040d0       0x64 Application/User/spi.o
                0x00000000200040d0                hspi1
 COMMON         0x0000000020004134       0x40 Application/User/stm32f7xx_hal_timebase_tim.o
                0x0000000020004134                htim4
 COMMON         0x0000000020004174       0xc0 Application/User/tim.o
                0x0000000020004174                htim3
                0x00000000200041b4                htim1
                0x00000000200041f4                htim2
 COMMON         0x0000000020004234      0x280 Application/User/usart.o
                0x0000000020004234                hdma_uart4_rx
                0x0000000020004294                huart3
                0x0000000020004304                hdma_usart1_rx
                0x0000000020004364                huart1
                0x00000000200043d4                huart8
                0x0000000020004444                huart4
 COMMON         0x00000000200044b4        0x4 Drivers/STM32F7xx_HAL_Driver/stm32f7xx_hal.o
                0x00000000200044b4                uwTick
                0x00000000200044b8                . = ALIGN (0x4)
                0x00000000200044b8                _ebss = .
                0x00000000200044b8                __bss_end__ = _ebss

._user_heap_stack
                0x00000000200044b8      0x600 load address 0x00000000080079f8
                0x00000000200044b8                . = ALIGN (0x4)
                0x00000000200044b8                PROVIDE (end, .)
                [!provide]                        PROVIDE (_end, .)
                0x00000000200046b8                . = (. + _Min_Heap_Size)
 *fill*         0x00000000200044b8      0x200 
                0x0000000020004ab8                . = (. + _Min_Stack_Size)
 *fill*         0x00000000200046b8      0x400 
                0x0000000020004ab8                . = ALIGN (0x4)

/DISCARD/
 libc.a(*)
 libm.a(*)
 libgcc.a(*)

.ARM.attributes
                0x0000000000000000       0x2e
 *(.ARM.attributes)
 .ARM.attributes
                0x0000000000000000       0x20 /home/chen/softwares/truestudio/ARMTools/bin/../lib/gcc/arm-atollic-eabi/6.3.1/armv7e-m/fpu/fpv5-d16/crti.o
 .ARM.attributes
                0x0000000000000020       0x32 /home/chen/softwares/truestudio/ARMTools/bin/../lib/gcc/arm-atollic-eabi/6.3.1/armv7e-m/fpu/fpv5-d16/crtbegin.o
 .ARM.attributes
                0x0000000000000052       0x21 Application/TrueSTUDIO/startup_stm32f765xx.o
 .ARM.attributes
                0x0000000000000073       0x33 Application/User/Foc/controlFoc.o
 .ARM.attributes
                0x00000000000000a6       0x33 Application/User/ISRs/isrSensors.o
 .ARM.attributes
                0x00000000000000d9       0x33 Application/User/Idletasks/idletasks.o
 .ARM.attributes
                0x000000000000010c       0x33 Application/User/SYSINIT/sysinitial.o
 .ARM.attributes
                0x000000000000013f       0x33 Application/User/debug/datatraceDebug.o
 .ARM.attributes
                0x0000000000000172       0x33 Application/User/dfsdm.o
 .ARM.attributes
                0x00000000000001a5       0x33 Application/User/dma.o
 .ARM.attributes
                0x00000000000001d8       0x33 Application/User/freertos.o
 .ARM.attributes
                0x000000000000020b       0x33 Application/User/gpio.o
 .ARM.attributes
                0x000000000000023e       0x33 Application/User/i2c.o
 .ARM.attributes
                0x0000000000000271       0x33 Application/User/main.o
 .ARM.attributes
                0x00000000000002a4       0x33 Application/User/spi.o
 .ARM.attributes
                0x00000000000002d7       0x33 Application/User/stm32f7xx_hal_msp.o
 .ARM.attributes
                0x000000000000030a       0x33 Application/User/stm32f7xx_hal_timebase_tim.o
 .ARM.attributes
                0x000000000000033d       0x33 Application/User/stm32f7xx_it.o
 .ARM.attributes
                0x0000000000000370       0x33 Application/User/tim.o
 .ARM.attributes
                0x00000000000003a3       0x33 Application/User/usart.o
 .ARM.attributes
                0x00000000000003d6       0x33 Drivers/CMSIS/system_stm32f7xx.o
 .ARM.attributes
                0x0000000000000409       0x33 Drivers/STM32F7xx_HAL_Driver/stm32f7xx_hal.o
 .ARM.attributes
                0x000000000000043c       0x33 Drivers/STM32F7xx_HAL_Driver/stm32f7xx_hal_cortex.o
 .ARM.attributes
                0x000000000000046f       0x33 Drivers/STM32F7xx_HAL_Driver/stm32f7xx_hal_dfsdm.o
 .ARM.attributes
                0x00000000000004a2       0x33 Drivers/STM32F7xx_HAL_Driver/stm32f7xx_hal_dma.o
 .ARM.attributes
                0x00000000000004d5       0x33 Drivers/STM32F7xx_HAL_Driver/stm32f7xx_hal_gpio.o
 .ARM.attributes
                0x0000000000000508       0x33 Drivers/STM32F7xx_HAL_Driver/stm32f7xx_hal_i2c.o
 .ARM.attributes
                0x000000000000053b       0x33 Drivers/STM32F7xx_HAL_Driver/stm32f7xx_hal_i2c_ex.o
 .ARM.attributes
                0x000000000000056e       0x33 Drivers/STM32F7xx_HAL_Driver/stm32f7xx_hal_pwr_ex.o
 .ARM.attributes
                0x00000000000005a1       0x33 Drivers/STM32F7xx_HAL_Driver/stm32f7xx_hal_rcc.o
 .ARM.attributes
                0x00000000000005d4       0x33 Drivers/STM32F7xx_HAL_Driver/stm32f7xx_hal_rcc_ex.o
 .ARM.attributes
                0x0000000000000607       0x33 Drivers/STM32F7xx_HAL_Driver/stm32f7xx_hal_spi.o
 .ARM.attributes
                0x000000000000063a       0x33 Drivers/STM32F7xx_HAL_Driver/stm32f7xx_hal_tim.o
 .ARM.attributes
                0x000000000000066d       0x33 Drivers/STM32F7xx_HAL_Driver/stm32f7xx_hal_tim_ex.o
 .ARM.attributes
                0x00000000000006a0       0x33 Drivers/STM32F7xx_HAL_Driver/stm32f7xx_hal_uart.o
 .ARM.attributes
                0x00000000000006d3       0x33 Middlewares/FreeRTOS/cmsis_os.o
 .ARM.attributes
                0x0000000000000706       0x33 Middlewares/FreeRTOS/heap_4.o
 .ARM.attributes
                0x0000000000000739       0x33 Middlewares/FreeRTOS/list.o
 .ARM.attributes
                0x000000000000076c       0x33 Middlewares/FreeRTOS/port.o
 .ARM.attributes
                0x000000000000079f       0x33 Middlewares/FreeRTOS/queue.o
 .ARM.attributes
                0x00000000000007d2       0x33 Middlewares/FreeRTOS/tasks.o
 .ARM.attributes
                0x0000000000000805       0x32 /home/chen/softwares/truestudio/ARMTools/bin/../lib/gcc/arm-atollic-eabi/6.3.1/../../../../arm-atollic-eabi/lib/armv7e-m/fpu/fpv5-d16/libc_nano.a(lib_a-init.o)
 .ARM.attributes
                0x0000000000000837       0x32 /home/chen/softwares/truestudio/ARMTools/bin/../lib/gcc/arm-atollic-eabi/6.3.1/../../../../arm-atollic-eabi/lib/armv7e-m/fpu/fpv5-d16/libc_nano.a(lib_a-memcpy-stub.o)
 .ARM.attributes
                0x0000000000000869       0x32 /home/chen/softwares/truestudio/ARMTools/bin/../lib/gcc/arm-atollic-eabi/6.3.1/../../../../arm-atollic-eabi/lib/armv7e-m/fpu/fpv5-d16/libc_nano.a(lib_a-memset.o)
 .ARM.attributes
                0x000000000000089b       0x32 /home/chen/softwares/truestudio/ARMTools/bin/../lib/gcc/arm-atollic-eabi/6.3.1/../../../../arm-atollic-eabi/lib/armv7e-m/fpu/fpv5-d16/libm.a(lib_a-s_cos.o)
 .ARM.attributes
                0x00000000000008cd       0x32 /home/chen/softwares/truestudio/ARMTools/bin/../lib/gcc/arm-atollic-eabi/6.3.1/../../../../arm-atollic-eabi/lib/armv7e-m/fpu/fpv5-d16/libm.a(lib_a-s_sin.o)
 .ARM.attributes
                0x00000000000008ff       0x32 /home/chen/softwares/truestudio/ARMTools/bin/../lib/gcc/arm-atollic-eabi/6.3.1/../../../../arm-atollic-eabi/lib/armv7e-m/fpu/fpv5-d16/libm.a(lib_a-e_rem_pio2.o)
 .ARM.attributes
                0x0000000000000931       0x32 /home/chen/softwares/truestudio/ARMTools/bin/../lib/gcc/arm-atollic-eabi/6.3.1/../../../../arm-atollic-eabi/lib/armv7e-m/fpu/fpv5-d16/libm.a(lib_a-k_cos.o)
 .ARM.attributes
                0x0000000000000963       0x32 /home/chen/softwares/truestudio/ARMTools/bin/../lib/gcc/arm-atollic-eabi/6.3.1/../../../../arm-atollic-eabi/lib/armv7e-m/fpu/fpv5-d16/libm.a(lib_a-k_rem_pio2.o)
 .ARM.attributes
                0x0000000000000995       0x32 /home/chen/softwares/truestudio/ARMTools/bin/../lib/gcc/arm-atollic-eabi/6.3.1/../../../../arm-atollic-eabi/lib/armv7e-m/fpu/fpv5-d16/libm.a(lib_a-k_sin.o)
 .ARM.attributes
                0x00000000000009c7       0x32 /home/chen/softwares/truestudio/ARMTools/bin/../lib/gcc/arm-atollic-eabi/6.3.1/../../../../arm-atollic-eabi/lib/armv7e-m/fpu/fpv5-d16/libm.a(lib_a-s_fabs.o)
 .ARM.attributes
                0x00000000000009f9       0x32 /home/chen/softwares/truestudio/ARMTools/bin/../lib/gcc/arm-atollic-eabi/6.3.1/../../../../arm-atollic-eabi/lib/armv7e-m/fpu/fpv5-d16/libm.a(lib_a-s_floor.o)
 .ARM.attributes
                0x0000000000000a2b       0x32 /home/chen/softwares/truestudio/ARMTools/bin/../lib/gcc/arm-atollic-eabi/6.3.1/../../../../arm-atollic-eabi/lib/armv7e-m/fpu/fpv5-d16/libm.a(lib_a-s_scalbn.o)
 .ARM.attributes
                0x0000000000000a5d       0x32 /home/chen/softwares/truestudio/ARMTools/bin/../lib/gcc/arm-atollic-eabi/6.3.1/../../../../arm-atollic-eabi/lib/armv7e-m/fpu/fpv5-d16/libm.a(lib_a-s_copysign.o)
 .ARM.attributes
                0x0000000000000a8f       0x20 /home/chen/softwares/truestudio/ARMTools/bin/../lib/gcc/arm-atollic-eabi/6.3.1/armv7e-m/fpu/fpv5-d16/libgcc.a(_aeabi_uldivmod.o)
 .ARM.attributes
                0x0000000000000aaf       0x32 /home/chen/softwares/truestudio/ARMTools/bin/../lib/gcc/arm-atollic-eabi/6.3.1/armv7e-m/fpu/fpv5-d16/libgcc.a(_udivmoddi4.o)
 .ARM.attributes
                0x0000000000000ae1       0x20 /home/chen/softwares/truestudio/ARMTools/bin/../lib/gcc/arm-atollic-eabi/6.3.1/armv7e-m/fpu/fpv5-d16/libgcc.a(_dvmd_tls.o)
 .ARM.attributes
                0x0000000000000b01       0x20 /home/chen/softwares/truestudio/ARMTools/bin/../lib/gcc/arm-atollic-eabi/6.3.1/armv7e-m/fpu/fpv5-d16/crtn.o
OUTPUT(jsk_foc_f7.elf elf32-littlearm)

.debug_line     0x0000000000000000    0x11475
 .debug_line    0x0000000000000000       0x7a Application/TrueSTUDIO/startup_stm32f765xx.o
 .debug_line    0x000000000000007a      0x55c Application/User/Foc/controlFoc.o
 .debug_line    0x00000000000005d6      0x66c Application/User/ISRs/isrSensors.o
 .debug_line    0x0000000000000c42      0x475 Application/User/Idletasks/idletasks.o
 .debug_line    0x00000000000010b7      0x387 Application/User/SYSINIT/sysinitial.o
 .debug_line    0x000000000000143e      0x3dd Application/User/debug/datatraceDebug.o
 .debug_line    0x000000000000181b      0x42c Application/User/dfsdm.o
 .debug_line    0x0000000000001c47      0x24e Application/User/dma.o
 .debug_line    0x0000000000001e95      0x32f Application/User/freertos.o
 .debug_line    0x00000000000021c4      0x285 Application/User/gpio.o
 .debug_line    0x0000000000002449      0x327 Application/User/i2c.o
 .debug_line    0x0000000000002770      0x518 Application/User/main.o
 .debug_line    0x0000000000002c88      0x323 Application/User/spi.o
 .debug_line    0x0000000000002fab      0x255 Application/User/stm32f7xx_hal_msp.o
 .debug_line    0x0000000000003200      0x30b Application/User/stm32f7xx_hal_timebase_tim.o
 .debug_line    0x000000000000350b      0x305 Application/User/stm32f7xx_it.o
 .debug_line    0x0000000000003810      0x48d Application/User/tim.o
 .debug_line    0x0000000000003c9d      0x46c Application/User/usart.o
 .debug_line    0x0000000000004109      0x24b Drivers/CMSIS/system_stm32f7xx.o
 .debug_line    0x0000000000004354      0x4b5 Drivers/STM32F7xx_HAL_Driver/stm32f7xx_hal.o
 .debug_line    0x0000000000004809      0x4ea Drivers/STM32F7xx_HAL_Driver/stm32f7xx_hal_cortex.o
 .debug_line    0x0000000000004cf3      0xfc0 Drivers/STM32F7xx_HAL_Driver/stm32f7xx_hal_dfsdm.o
 .debug_line    0x0000000000005cb3      0x76e Drivers/STM32F7xx_HAL_Driver/stm32f7xx_hal_dma.o
 .debug_line    0x0000000000006421      0x4b2 Drivers/STM32F7xx_HAL_Driver/stm32f7xx_hal_gpio.o
 .debug_line    0x00000000000068d3     0x203a Drivers/STM32F7xx_HAL_Driver/stm32f7xx_hal_i2c.o
 .debug_line    0x000000000000890d      0x391 Drivers/STM32F7xx_HAL_Driver/stm32f7xx_hal_i2c_ex.o
 .debug_line    0x0000000000008c9e      0x439 Drivers/STM32F7xx_HAL_Driver/stm32f7xx_hal_pwr_ex.o
 .debug_line    0x00000000000090d7      0x6d1 Drivers/STM32F7xx_HAL_Driver/stm32f7xx_hal_rcc.o
 .debug_line    0x00000000000097a8      0x51f Drivers/STM32F7xx_HAL_Driver/stm32f7xx_hal_rcc_ex.o
 .debug_line    0x0000000000009cc7     0x129d Drivers/STM32F7xx_HAL_Driver/stm32f7xx_hal_spi.o
 .debug_line    0x000000000000af64     0x1bd9 Drivers/STM32F7xx_HAL_Driver/stm32f7xx_hal_tim.o
 .debug_line    0x000000000000cb3d      0xc0b Drivers/STM32F7xx_HAL_Driver/stm32f7xx_hal_tim_ex.o
 .debug_line    0x000000000000d748     0x1286 Drivers/STM32F7xx_HAL_Driver/stm32f7xx_hal_uart.o
 .debug_line    0x000000000000e9ce      0xa4b Middlewares/FreeRTOS/cmsis_os.o
 .debug_line    0x000000000000f419      0x3e9 Middlewares/FreeRTOS/heap_4.o
 .debug_line    0x000000000000f802      0x346 Middlewares/FreeRTOS/list.o
 .debug_line    0x000000000000fb48      0x345 Middlewares/FreeRTOS/port.o
 .debug_line    0x000000000000fe8d      0x904 Middlewares/FreeRTOS/queue.o
 .debug_line    0x0000000000010791      0xce4 Middlewares/FreeRTOS/tasks.o

.debug_info     0x0000000000000000    0x3eca7
 .debug_info    0x0000000000000000       0x84 Application/TrueSTUDIO/startup_stm32f765xx.o
 .debug_info    0x0000000000000084     0x1c14 Application/User/Foc/controlFoc.o
 .debug_info    0x0000000000001c98     0x1bd7 Application/User/ISRs/isrSensors.o
 .debug_info    0x000000000000386f     0x15b6 Application/User/Idletasks/idletasks.o
 .debug_info    0x0000000000004e25     0x21b6 Application/User/SYSINIT/sysinitial.o
 .debug_info    0x0000000000006fdb     0x160f Application/User/debug/datatraceDebug.o
 .debug_info    0x00000000000085ea     0x1797 Application/User/dfsdm.o
 .debug_info    0x0000000000009d81      0xedd Application/User/dma.o
 .debug_info    0x000000000000ac5e      0xead Application/User/freertos.o
 .debug_info    0x000000000000bb0b      0xdc4 Application/User/gpio.o
 .debug_info    0x000000000000c8cf     0x12da Application/User/i2c.o
 .debug_info    0x000000000000dba9     0x2cc4 Application/User/main.o
 .debug_info    0x000000000001086d     0x1296 Application/User/spi.o
 .debug_info    0x0000000000011b03      0xe29 Application/User/stm32f7xx_hal_msp.o
 .debug_info    0x000000000001292c     0x14ac Application/User/stm32f7xx_hal_timebase_tim.o
 .debug_info    0x0000000000013dd8      0xf84 Application/User/stm32f7xx_it.o
 .debug_info    0x0000000000014d5c     0x1904 Application/User/tim.o
 .debug_info    0x0000000000016660     0x1543 Application/User/usart.o
 .debug_info    0x0000000000017ba3      0xf05 Drivers/CMSIS/system_stm32f7xx.o
 .debug_info    0x0000000000018aa8     0x135f Drivers/STM32F7xx_HAL_Driver/stm32f7xx_hal.o
 .debug_info    0x0000000000019e07     0x1998 Drivers/STM32F7xx_HAL_Driver/stm32f7xx_hal_cortex.o
 .debug_info    0x000000000001b79f     0x292f Drivers/STM32F7xx_HAL_Driver/stm32f7xx_hal_dfsdm.o
 .debug_info    0x000000000001e0ce     0x12f0 Drivers/STM32F7xx_HAL_Driver/stm32f7xx_hal_dma.o
 .debug_info    0x000000000001f3be      0xfbe Drivers/STM32F7xx_HAL_Driver/stm32f7xx_hal_gpio.o
 .debug_info    0x000000000002037c     0x4981 Drivers/STM32F7xx_HAL_Driver/stm32f7xx_hal_i2c.o
 .debug_info    0x0000000000024cfd     0x11b6 Drivers/STM32F7xx_HAL_Driver/stm32f7xx_hal_i2c_ex.o
 .debug_info    0x0000000000025eb3     0x1228 Drivers/STM32F7xx_HAL_Driver/stm32f7xx_hal_pwr_ex.o
 .debug_info    0x00000000000270db     0x13e7 Drivers/STM32F7xx_HAL_Driver/stm32f7xx_hal_rcc.o
 .debug_info    0x00000000000284c2     0x108a Drivers/STM32F7xx_HAL_Driver/stm32f7xx_hal_rcc_ex.o
 .debug_info    0x000000000002954c     0x3376 Drivers/STM32F7xx_HAL_Driver/stm32f7xx_hal_spi.o
 .debug_info    0x000000000002c8c2     0x4463 Drivers/STM32F7xx_HAL_Driver/stm32f7xx_hal_tim.o
 .debug_info    0x0000000000030d25     0x2124 Drivers/STM32F7xx_HAL_Driver/stm32f7xx_hal_tim_ex.o
 .debug_info    0x0000000000032e49     0x28b3 Drivers/STM32F7xx_HAL_Driver/stm32f7xx_hal_uart.o
 .debug_info    0x00000000000356fc     0x295e Middlewares/FreeRTOS/cmsis_os.o
 .debug_info    0x000000000003805a      0xc5c Middlewares/FreeRTOS/heap_4.o
 .debug_info    0x0000000000038cb6      0xabe Middlewares/FreeRTOS/list.o
 .debug_info    0x0000000000039774      0x4e8 Middlewares/FreeRTOS/port.o
 .debug_info    0x0000000000039c5c     0x242a Middlewares/FreeRTOS/queue.o
 .debug_info    0x000000000003c086     0x2c21 Middlewares/FreeRTOS/tasks.o

.debug_abbrev   0x0000000000000000     0x6b61
 .debug_abbrev  0x0000000000000000       0x12 Application/TrueSTUDIO/startup_stm32f765xx.o
 .debug_abbrev  0x0000000000000012      0x2f9 Application/User/Foc/controlFoc.o
 .debug_abbrev  0x000000000000030b      0x277 Application/User/ISRs/isrSensors.o
 .debug_abbrev  0x0000000000000582      0x265 Application/User/Idletasks/idletasks.o
 .debug_abbrev  0x00000000000007e7      0x21a Application/User/SYSINIT/sysinitial.o
 .debug_abbrev  0x0000000000000a01      0x218 Application/User/debug/datatraceDebug.o
 .debug_abbrev  0x0000000000000c19      0x295 Application/User/dfsdm.o
 .debug_abbrev  0x0000000000000eae      0x200 Application/User/dma.o
 .debug_abbrev  0x00000000000010ae      0x25f Application/User/freertos.o
 .debug_abbrev  0x000000000000130d      0x1f7 Application/User/gpio.o
 .debug_abbrev  0x0000000000001504      0x24b Application/User/i2c.o
 .debug_abbrev  0x000000000000174f      0x31c Application/User/main.o
 .debug_abbrev  0x0000000000001a6b      0x240 Application/User/spi.o
 .debug_abbrev  0x0000000000001cab      0x1f3 Application/User/stm32f7xx_hal_msp.o
 .debug_abbrev  0x0000000000001e9e      0x258 Application/User/stm32f7xx_hal_timebase_tim.o
 .debug_abbrev  0x00000000000020f6      0x215 Application/User/stm32f7xx_it.o
 .debug_abbrev  0x000000000000230b      0x2ff Application/User/tim.o
 .debug_abbrev  0x000000000000260a      0x28b Application/User/usart.o
 .debug_abbrev  0x0000000000002895      0x1e6 Drivers/CMSIS/system_stm32f7xx.o
 .debug_abbrev  0x0000000000002a7b      0x2f9 Drivers/STM32F7xx_HAL_Driver/stm32f7xx_hal.o
 .debug_abbrev  0x0000000000002d74      0x390 Drivers/STM32F7xx_HAL_Driver/stm32f7xx_hal_cortex.o
 .debug_abbrev  0x0000000000003104      0x373 Drivers/STM32F7xx_HAL_Driver/stm32f7xx_hal_dfsdm.o
 .debug_abbrev  0x0000000000003477      0x35e Drivers/STM32F7xx_HAL_Driver/stm32f7xx_hal_dma.o
 .debug_abbrev  0x00000000000037d5      0x268 Drivers/STM32F7xx_HAL_Driver/stm32f7xx_hal_gpio.o
 .debug_abbrev  0x0000000000003a3d      0x3fb Drivers/STM32F7xx_HAL_Driver/stm32f7xx_hal_i2c.o
 .debug_abbrev  0x0000000000003e38      0x209 Drivers/STM32F7xx_HAL_Driver/stm32f7xx_hal_i2c_ex.o
 .debug_abbrev  0x0000000000004041      0x2ab Drivers/STM32F7xx_HAL_Driver/stm32f7xx_hal_pwr_ex.o
 .debug_abbrev  0x00000000000042ec      0x380 Drivers/STM32F7xx_HAL_Driver/stm32f7xx_hal_rcc.o
 .debug_abbrev  0x000000000000466c      0x25f Drivers/STM32F7xx_HAL_Driver/stm32f7xx_hal_rcc_ex.o
 .debug_abbrev  0x00000000000048cb      0x3ee Drivers/STM32F7xx_HAL_Driver/stm32f7xx_hal_spi.o
 .debug_abbrev  0x0000000000004cb9      0x38a Drivers/STM32F7xx_HAL_Driver/stm32f7xx_hal_tim.o
 .debug_abbrev  0x0000000000005043      0x373 Drivers/STM32F7xx_HAL_Driver/stm32f7xx_hal_tim_ex.o
 .debug_abbrev  0x00000000000053b6      0x3ce Drivers/STM32F7xx_HAL_Driver/stm32f7xx_hal_uart.o
 .debug_abbrev  0x0000000000005784      0x48f Middlewares/FreeRTOS/cmsis_os.o
 .debug_abbrev  0x0000000000005c13      0x314 Middlewares/FreeRTOS/heap_4.o
 .debug_abbrev  0x0000000000005f27      0x1e3 Middlewares/FreeRTOS/list.o
 .debug_abbrev  0x000000000000610a      0x211 Middlewares/FreeRTOS/port.o
 .debug_abbrev  0x000000000000631b      0x3fa Middlewares/FreeRTOS/queue.o
 .debug_abbrev  0x0000000000006715      0x44c Middlewares/FreeRTOS/tasks.o

.debug_aranges  0x0000000000000000     0x15f0
 .debug_aranges
                0x0000000000000000       0x28 Application/TrueSTUDIO/startup_stm32f765xx.o
 .debug_aranges
                0x0000000000000028       0x20 Application/User/Foc/controlFoc.o
 .debug_aranges
                0x0000000000000048       0x28 Application/User/ISRs/isrSensors.o
 .debug_aranges
                0x0000000000000070       0x40 Application/User/Idletasks/idletasks.o
 .debug_aranges
                0x00000000000000b0       0x20 Application/User/SYSINIT/sysinitial.o
 .debug_aranges
                0x00000000000000d0       0x20 Application/User/debug/datatraceDebug.o
 .debug_aranges
                0x00000000000000f0       0x40 Application/User/dfsdm.o
 .debug_aranges
                0x0000000000000130       0x20 Application/User/dma.o
 .debug_aranges
                0x0000000000000150       0x28 Application/User/freertos.o
 .debug_aranges
                0x0000000000000178       0x20 Application/User/gpio.o
 .debug_aranges
                0x0000000000000198       0x30 Application/User/i2c.o
 .debug_aranges
                0x00000000000001c8       0x38 Application/User/main.o
 .debug_aranges
                0x0000000000000200       0x30 Application/User/spi.o
 .debug_aranges
                0x0000000000000230       0x20 Application/User/stm32f7xx_hal_msp.o
 .debug_aranges
                0x0000000000000250       0x30 Application/User/stm32f7xx_hal_timebase_tim.o
 .debug_aranges
                0x0000000000000280       0x68 Application/User/stm32f7xx_it.o
 .debug_aranges
                0x00000000000002e8       0x48 Application/User/tim.o
 .debug_aranges
                0x0000000000000330       0x48 Application/User/usart.o
 .debug_aranges
                0x0000000000000378       0x28 Drivers/CMSIS/system_stm32f7xx.o
 .debug_aranges
                0x00000000000003a0      0x108 Drivers/STM32F7xx_HAL_Driver/stm32f7xx_hal.o
 .debug_aranges
                0x00000000000004a8       0xa8 Drivers/STM32F7xx_HAL_Driver/stm32f7xx_hal_cortex.o
 .debug_aranges
                0x0000000000000550      0x1c8 Drivers/STM32F7xx_HAL_Driver/stm32f7xx_hal_dfsdm.o
 .debug_aranges
                0x0000000000000718       0x78 Drivers/STM32F7xx_HAL_Driver/stm32f7xx_hal_dma.o
 .debug_aranges
                0x0000000000000790       0x58 Drivers/STM32F7xx_HAL_Driver/stm32f7xx_hal_gpio.o
 .debug_aranges
                0x00000000000007e8      0x1b8 Drivers/STM32F7xx_HAL_Driver/stm32f7xx_hal_i2c.o
 .debug_aranges
                0x00000000000009a0       0x38 Drivers/STM32F7xx_HAL_Driver/stm32f7xx_hal_i2c_ex.o
 .debug_aranges
                0x00000000000009d8       0x80 Drivers/STM32F7xx_HAL_Driver/stm32f7xx_hal_pwr_ex.o
 .debug_aranges
                0x0000000000000a58       0x88 Drivers/STM32F7xx_HAL_Driver/stm32f7xx_hal_rcc.o
 .debug_aranges
                0x0000000000000ae0       0x50 Drivers/STM32F7xx_HAL_Driver/stm32f7xx_hal_rcc_ex.o
 .debug_aranges
                0x0000000000000b30      0x178 Drivers/STM32F7xx_HAL_Driver/stm32f7xx_hal_spi.o
 .debug_aranges
                0x0000000000000ca8      0x250 Drivers/STM32F7xx_HAL_Driver/stm32f7xx_hal_tim.o
 .debug_aranges
                0x0000000000000ef8      0x110 Drivers/STM32F7xx_HAL_Driver/stm32f7xx_hal_tim_ex.o
 .debug_aranges
                0x0000000000001008      0x138 Drivers/STM32F7xx_HAL_Driver/stm32f7xx_hal_uart.o
 .debug_aranges
                0x0000000000001140      0x190 Middlewares/FreeRTOS/cmsis_os.o
 .debug_aranges
                0x00000000000012d0       0x48 Middlewares/FreeRTOS/heap_4.o
 .debug_aranges
                0x0000000000001318       0x40 Middlewares/FreeRTOS/list.o
 .debug_aranges
                0x0000000000001358       0x80 Middlewares/FreeRTOS/port.o
 .debug_aranges
                0x00000000000013d8       0xc0 Middlewares/FreeRTOS/queue.o
 .debug_aranges
                0x0000000000001498      0x158 Middlewares/FreeRTOS/tasks.o

.debug_ranges   0x0000000000000000     0x4e08
 .debug_ranges  0x0000000000000000       0x20 Application/TrueSTUDIO/startup_stm32f765xx.o
 .debug_ranges  0x0000000000000020      0x1c8 Application/User/Foc/controlFoc.o
 .debug_ranges  0x00000000000001e8      0x230 Application/User/ISRs/isrSensors.o
 .debug_ranges  0x0000000000000418       0x60 Application/User/Idletasks/idletasks.o
 .debug_ranges  0x0000000000000478       0x10 Application/User/SYSINIT/sysinitial.o
 .debug_ranges  0x0000000000000488       0x28 Application/User/debug/datatraceDebug.o
 .debug_ranges  0x00000000000004b0       0xb0 Application/User/dfsdm.o
 .debug_ranges  0x0000000000000560       0x30 Application/User/dma.o
 .debug_ranges  0x0000000000000590       0x18 Application/User/freertos.o
 .debug_ranges  0x00000000000005a8       0x50 Application/User/gpio.o
 .debug_ranges  0x00000000000005f8       0x58 Application/User/i2c.o
 .debug_ranges  0x0000000000000650       0x90 Application/User/main.o
 .debug_ranges  0x00000000000006e0       0x60 Application/User/spi.o
 .debug_ranges  0x0000000000000740       0x30 Application/User/stm32f7xx_hal_msp.o
 .debug_ranges  0x0000000000000770       0x48 Application/User/stm32f7xx_hal_timebase_tim.o
 .debug_ranges  0x00000000000007b8       0x58 Application/User/stm32f7xx_it.o
 .debug_ranges  0x0000000000000810      0x138 Application/User/tim.o
 .debug_ranges  0x0000000000000948      0x140 Application/User/usart.o
 .debug_ranges  0x0000000000000a88       0x18 Drivers/CMSIS/system_stm32f7xx.o
 .debug_ranges  0x0000000000000aa0       0xf8 Drivers/STM32F7xx_HAL_Driver/stm32f7xx_hal.o
 .debug_ranges  0x0000000000000b98      0x180 Drivers/STM32F7xx_HAL_Driver/stm32f7xx_hal_cortex.o
 .debug_ranges  0x0000000000000d18      0x678 Drivers/STM32F7xx_HAL_Driver/stm32f7xx_hal_dfsdm.o
 .debug_ranges  0x0000000000001390      0x148 Drivers/STM32F7xx_HAL_Driver/stm32f7xx_hal_dma.o
 .debug_ranges  0x00000000000014d8       0x78 Drivers/STM32F7xx_HAL_Driver/stm32f7xx_hal_gpio.o
 .debug_ranges  0x0000000000001550     0x10e0 Drivers/STM32F7xx_HAL_Driver/stm32f7xx_hal_i2c.o
 .debug_ranges  0x0000000000002630       0x58 Drivers/STM32F7xx_HAL_Driver/stm32f7xx_hal_i2c_ex.o
 .debug_ranges  0x0000000000002688      0x130 Drivers/STM32F7xx_HAL_Driver/stm32f7xx_hal_pwr_ex.o
 .debug_ranges  0x00000000000027b8      0x168 Drivers/STM32F7xx_HAL_Driver/stm32f7xx_hal_rcc.o
 .debug_ranges  0x0000000000002920       0x60 Drivers/STM32F7xx_HAL_Driver/stm32f7xx_hal_rcc_ex.o
 .debug_ranges  0x0000000000002980      0x938 Drivers/STM32F7xx_HAL_Driver/stm32f7xx_hal_spi.o
 .debug_ranges  0x00000000000032b8      0x880 Drivers/STM32F7xx_HAL_Driver/stm32f7xx_hal_tim.o
 .debug_ranges  0x0000000000003b38      0x268 Drivers/STM32F7xx_HAL_Driver/stm32f7xx_hal_tim_ex.o
 .debug_ranges  0x0000000000003da0      0x648 Drivers/STM32F7xx_HAL_Driver/stm32f7xx_hal_uart.o
 .debug_ranges  0x00000000000043e8      0x308 Middlewares/FreeRTOS/cmsis_os.o
 .debug_ranges  0x00000000000046f0       0x38 Middlewares/FreeRTOS/heap_4.o
 .debug_ranges  0x0000000000004728       0x30 Middlewares/FreeRTOS/list.o
 .debug_ranges  0x0000000000004758       0x98 Middlewares/FreeRTOS/port.o
 .debug_ranges  0x00000000000047f0      0x200 Middlewares/FreeRTOS/queue.o
 .debug_ranges  0x00000000000049f0      0x418 Middlewares/FreeRTOS/tasks.o

.debug_loc      0x0000000000000000    0x1c9e7
 .debug_loc     0x0000000000000000      0x602 Application/User/Foc/controlFoc.o
 .debug_loc     0x0000000000000602      0x33a Application/User/ISRs/isrSensors.o
 .debug_loc     0x000000000000093c      0x302 Application/User/Idletasks/idletasks.o
 .debug_loc     0x0000000000000c3e       0x7d Application/User/debug/datatraceDebug.o
 .debug_loc     0x0000000000000cbb       0xad Application/User/dfsdm.o
 .debug_loc     0x0000000000000d68       0x21 Application/User/freertos.o
 .debug_loc     0x0000000000000d89       0x42 Application/User/i2c.o
 .debug_loc     0x0000000000000dcb       0x34 Application/User/main.o
 .debug_loc     0x0000000000000dff       0x42 Application/User/spi.o
 .debug_loc     0x0000000000000e41       0x8b Application/User/stm32f7xx_hal_timebase_tim.o
 .debug_loc     0x0000000000000ecc       0x8b Application/User/tim.o
 .debug_loc     0x0000000000000f57      0x117 Application/User/usart.o
 .debug_loc     0x000000000000106e      0x14c Drivers/CMSIS/system_stm32f7xx.o
 .debug_loc     0x00000000000011ba      0x11b Drivers/STM32F7xx_HAL_Driver/stm32f7xx_hal.o
 .debug_loc     0x00000000000012d5      0x634 Drivers/STM32F7xx_HAL_Driver/stm32f7xx_hal_cortex.o
 .debug_loc     0x0000000000001909     0x275e Drivers/STM32F7xx_HAL_Driver/stm32f7xx_hal_dfsdm.o
 .debug_loc     0x0000000000004067      0x92b Drivers/STM32F7xx_HAL_Driver/stm32f7xx_hal_dma.o
 .debug_loc     0x0000000000004992      0x43b Drivers/STM32F7xx_HAL_Driver/stm32f7xx_hal_gpio.o
 .debug_loc     0x0000000000004dcd     0x589d Drivers/STM32F7xx_HAL_Driver/stm32f7xx_hal_i2c.o
 .debug_loc     0x000000000000a66a      0x13b Drivers/STM32F7xx_HAL_Driver/stm32f7xx_hal_i2c_ex.o
 .debug_loc     0x000000000000a7a5      0x257 Drivers/STM32F7xx_HAL_Driver/stm32f7xx_hal_pwr_ex.o
 .debug_loc     0x000000000000a9fc      0x595 Drivers/STM32F7xx_HAL_Driver/stm32f7xx_hal_rcc.o
 .debug_loc     0x000000000000af91      0x655 Drivers/STM32F7xx_HAL_Driver/stm32f7xx_hal_rcc_ex.o
 .debug_loc     0x000000000000b5e6     0x3b84 Drivers/STM32F7xx_HAL_Driver/stm32f7xx_hal_spi.o
 .debug_loc     0x000000000000f16a     0x54ee Drivers/STM32F7xx_HAL_Driver/stm32f7xx_hal_tim.o
 .debug_loc     0x0000000000014658     0x1a72 Drivers/STM32F7xx_HAL_Driver/stm32f7xx_hal_tim_ex.o
 .debug_loc     0x00000000000160ca     0x1e88 Drivers/STM32F7xx_HAL_Driver/stm32f7xx_hal_uart.o
 .debug_loc     0x0000000000017f52     0x14ca Middlewares/FreeRTOS/cmsis_os.o
 .debug_loc     0x000000000001941c      0x299 Middlewares/FreeRTOS/heap_4.o
 .debug_loc     0x00000000000196b5       0x69 Middlewares/FreeRTOS/list.o
 .debug_loc     0x000000000001971e       0xc4 Middlewares/FreeRTOS/port.o
 .debug_loc     0x00000000000197e2     0x162d Middlewares/FreeRTOS/queue.o
 .debug_loc     0x000000000001ae0f     0x1bd8 Middlewares/FreeRTOS/tasks.o

.debug_str      0x0000000000000000     0x8c8b
 .debug_str     0x0000000000000000     0x11c6 Application/User/Foc/controlFoc.o
                                       0x1356 (size before relaxing)
 .debug_str     0x00000000000011c6      0x3f4 Application/User/ISRs/isrSensors.o
                                       0x1523 (size before relaxing)
 .debug_str     0x00000000000015ba      0x112 Application/User/Idletasks/idletasks.o
                                        0xef4 (size before relaxing)
 .debug_str     0x00000000000016cc      0x81d Application/User/SYSINIT/sysinitial.o
                                       0x1b17 (size before relaxing)
 .debug_str     0x0000000000001ee9       0x5b Application/User/debug/datatraceDebug.o
                                       0x1211 (size before relaxing)
 .debug_str     0x0000000000001f44      0x2c5 Application/User/dfsdm.o
                                       0x111d (size before relaxing)
 .debug_str     0x0000000000002209      0x665 Application/User/dma.o
                                        0xdbb (size before relaxing)
 .debug_str     0x000000000000286e      0x377 Application/User/freertos.o
                                        0xaef (size before relaxing)
 .debug_str     0x0000000000002be5       0x4f Application/User/gpio.o
                                        0x834 (size before relaxing)
 .debug_str     0x0000000000002c34       0x94 Application/User/i2c.o
                                        0xdb7 (size before relaxing)
 .debug_str     0x0000000000002cc8      0x677 Application/User/main.o
                                       0x2267 (size before relaxing)
 .debug_str     0x000000000000333f       0x4c Application/User/spi.o
                                        0xcc6 (size before relaxing)
 .debug_str     0x000000000000338b       0x2d Application/User/stm32f7xx_hal_msp.o
                                        0xdb6 (size before relaxing)
 .debug_str     0x00000000000033b8       0xed Application/User/stm32f7xx_hal_timebase_tim.o
                                       0x135a (size before relaxing)
 .debug_str     0x00000000000034a5      0x126 Application/User/stm32f7xx_it.o
                                        0xbd5 (size before relaxing)
 .debug_str     0x00000000000035cb      0x2c8 Application/User/tim.o
                                        0xf86 (size before relaxing)
 .debug_str     0x0000000000003893       0x52 Application/User/usart.o
                                        0xdc8 (size before relaxing)
 .debug_str     0x00000000000038e5       0x5c Drivers/CMSIS/system_stm32f7xx.o
                                        0x8c8 (size before relaxing)
 .debug_str     0x0000000000003941      0x3a0 Drivers/STM32F7xx_HAL_Driver/stm32f7xx_hal.o
                                       0x11cb (size before relaxing)
 .debug_str     0x0000000000003ce1      0x348 Drivers/STM32F7xx_HAL_Driver/stm32f7xx_hal_cortex.o
                                       0x12a6 (size before relaxing)
 .debug_str     0x0000000000004029      0x7f8 Drivers/STM32F7xx_HAL_Driver/stm32f7xx_hal_dfsdm.o
                                       0x174a (size before relaxing)
 .debug_str     0x0000000000004821      0x2c6 Drivers/STM32F7xx_HAL_Driver/stm32f7xx_hal_dma.o
                                        0xc04 (size before relaxing)
 .debug_str     0x0000000000004ae7       0xea Drivers/STM32F7xx_HAL_Driver/stm32f7xx_hal_gpio.o
                                        0x99b (size before relaxing)
 .debug_str     0x0000000000004bd1      0x789 Drivers/STM32F7xx_HAL_Driver/stm32f7xx_hal_i2c.o
                                       0x1394 (size before relaxing)
 .debug_str     0x000000000000535a       0x8f Drivers/STM32F7xx_HAL_Driver/stm32f7xx_hal_i2c_ex.o
                                        0xd9f (size before relaxing)
 .debug_str     0x00000000000053e9      0x1f0 Drivers/STM32F7xx_HAL_Driver/stm32f7xx_hal_pwr_ex.o
                                        0xaf6 (size before relaxing)
 .debug_str     0x00000000000055d9      0x154 Drivers/STM32F7xx_HAL_Driver/stm32f7xx_hal_rcc.o
                                        0xb82 (size before relaxing)
 .debug_str     0x000000000000572d      0x14d Drivers/STM32F7xx_HAL_Driver/stm32f7xx_hal_rcc_ex.o
                                        0xbd7 (size before relaxing)
 .debug_str     0x000000000000587a      0x506 Drivers/STM32F7xx_HAL_Driver/stm32f7xx_hal_spi.o
                                       0x1074 (size before relaxing)
 .debug_str     0x0000000000005d80      0xba3 Drivers/STM32F7xx_HAL_Driver/stm32f7xx_hal_tim.o
                                       0x1879 (size before relaxing)
 .debug_str     0x0000000000006923      0x4c8 Drivers/STM32F7xx_HAL_Driver/stm32f7xx_hal_tim_ex.o
                                       0x13bf (size before relaxing)
 .debug_str     0x0000000000006deb      0x4a1 Drivers/STM32F7xx_HAL_Driver/stm32f7xx_hal_uart.o
                                       0x12ad (size before relaxing)
 .debug_str     0x000000000000728c      0x92f Middlewares/FreeRTOS/cmsis_os.o
                                       0x1219 (size before relaxing)
 .debug_str     0x0000000000007bbb      0x215 Middlewares/FreeRTOS/heap_4.o
                                        0x853 (size before relaxing)
 .debug_str     0x0000000000007dd0      0x14a Middlewares/FreeRTOS/list.o
                                        0x76a (size before relaxing)
 .debug_str     0x0000000000007f1a      0x216 Middlewares/FreeRTOS/port.o