Archive member included to satisfy reference by file (symbol)

/home/chen/IDEs/TrueStudio/ARMTools/bin/../lib/gcc/arm-atollic-eabi/6.3.1/../../../../arm-atollic-eabi/lib/armv7e-m/fpu/fpv5-d16/libm.a(lib_a-s_cos.o)
                              Application/User/Foc/controlFoc.o (cos)
/home/chen/IDEs/TrueStudio/ARMTools/bin/../lib/gcc/arm-atollic-eabi/6.3.1/../../../../arm-atollic-eabi/lib/armv7e-m/fpu/fpv5-d16/libm.a(lib_a-s_sin.o)
                              Application/User/Foc/controlFoc.o (sin)
/home/chen/IDEs/TrueStudio/ARMTools/bin/../lib/gcc/arm-atollic-eabi/6.3.1/../../../../arm-atollic-eabi/lib/armv7e-m/fpu/fpv5-d16/libm.a(lib_a-e_rem_pio2.o)
                              /home/chen/IDEs/TrueStudio/ARMTools/bin/../lib/gcc/arm-atollic-eabi/6.3.1/../../../../arm-atollic-eabi/lib/armv7e-m/fpu/fpv5-d16/libm.a(lib_a-s_cos.o) (__ieee754_rem_pio2)
/home/chen/IDEs/TrueStudio/ARMTools/bin/../lib/gcc/arm-atollic-eabi/6.3.1/../../../../arm-atollic-eabi/lib/armv7e-m/fpu/fpv5-d16/libm.a(lib_a-k_cos.o)
                              /home/chen/IDEs/TrueStudio/ARMTools/bin/../lib/gcc/arm-atollic-eabi/6.3.1/../../../../arm-atollic-eabi/lib/armv7e-m/fpu/fpv5-d16/libm.a(lib_a-s_cos.o) (__kernel_cos)
/home/chen/IDEs/TrueStudio/ARMTools/bin/../lib/gcc/arm-atollic-eabi/6.3.1/../../../../arm-atollic-eabi/lib/armv7e-m/fpu/fpv5-d16/libm.a(lib_a-k_rem_pio2.o)
                              /home/chen/IDEs/TrueStudio/ARMTools/bin/../lib/gcc/arm-atollic-eabi/6.3.1/../../../../arm-atollic-eabi/lib/armv7e-m/fpu/fpv5-d16/libm.a(lib_a-e_rem_pio2.o) (__kernel_rem_pio2)
/home/chen/IDEs/TrueStudio/ARMTools/bin/../lib/gcc/arm-atollic-eabi/6.3.1/../../../../arm-atollic-eabi/lib/armv7e-m/fpu/fpv5-d16/libm.a(lib_a-k_sin.o)
                              /home/chen/IDEs/TrueStudio/ARMTools/bin/../lib/gcc/arm-atollic-eabi/6.3.1/../../../../arm-atollic-eabi/lib/armv7e-m/fpu/fpv5-d16/libm.a(lib_a-s_cos.o) (__kernel_sin)
/home/chen/IDEs/TrueStudio/ARMTools/bin/../lib/gcc/arm-atollic-eabi/6.3.1/../../../../arm-atollic-eabi/lib/armv7e-m/fpu/fpv5-d16/libm.a(lib_a-s_fabs.o)
                              /home/chen/IDEs/TrueStudio/ARMTools/bin/../lib/gcc/arm-atollic-eabi/6.3.1/../../../../arm-atollic-eabi/lib/armv7e-m/fpu/fpv5-d16/libm.a(lib_a-e_rem_pio2.o) (fabs)
/home/chen/IDEs/TrueStudio/ARMTools/bin/../lib/gcc/arm-atollic-eabi/6.3.1/../../../../arm-atollic-eabi/lib/armv7e-m/fpu/fpv5-d16/libm.a(lib_a-s_floor.o)
                              /home/chen/IDEs/TrueStudio/ARMTools/bin/../lib/gcc/arm-atollic-eabi/6.3.1/../../../../arm-atollic-eabi/lib/armv7e-m/fpu/fpv5-d16/libm.a(lib_a-k_rem_pio2.o) (floor)
/home/chen/IDEs/TrueStudio/ARMTools/bin/../lib/gcc/arm-atollic-eabi/6.3.1/../../../../arm-atollic-eabi/lib/armv7e-m/fpu/fpv5-d16/libm.a(lib_a-s_scalbn.o)
                              /home/chen/IDEs/TrueStudio/ARMTools/bin/../lib/gcc/arm-atollic-eabi/6.3.1/../../../../arm-atollic-eabi/lib/armv7e-m/fpu/fpv5-d16/libm.a(lib_a-k_rem_pio2.o) (scalbn)
/home/chen/IDEs/TrueStudio/ARMTools/bin/../lib/gcc/arm-atollic-eabi/6.3.1/../../../../arm-atollic-eabi/lib/armv7e-m/fpu/fpv5-d16/libm.a(lib_a-s_copysign.o)
                              /home/chen/IDEs/TrueStudio/ARMTools/bin/../lib/gcc/arm-atollic-eabi/6.3.1/../../../../arm-atollic-eabi/lib/armv7e-m/fpu/fpv5-d16/libm.a(lib_a-s_scalbn.o) (copysign)
/home/chen/IDEs/TrueStudio/ARMTools/bin/../lib/gcc/arm-atollic-eabi/6.3.1/../../../../arm-atollic-eabi/lib/armv7e-m/fpu/fpv5-d16/libc_nano.a(lib_a-init.o)
                              Application/TrueSTUDIO/startup_stm32f765xx.o (__libc_init_array)
/home/chen/IDEs/TrueStudio/ARMTools/bin/../lib/gcc/arm-atollic-eabi/6.3.1/../../../../arm-atollic-eabi/lib/armv7e-m/fpu/fpv5-d16/libc_nano.a(lib_a-memcpy-stub.o)
                              Middlewares/FreeRTOS/queue.o (memcpy)
/home/chen/IDEs/TrueStudio/ARMTools/bin/../lib/gcc/arm-atollic-eabi/6.3.1/../../../../arm-atollic-eabi/lib/armv7e-m/fpu/fpv5-d16/libc_nano.a(lib_a-memset.o)
                              Application/User/Idletasks/idletasks.o (memset)

Allocating common symbols
Common symbol       size              file

conresQueueHandle   0x4               Application/User/freertos.o
buzzertoneTaskHandle
                    0x4               Application/User/freertos.o
hdma_uart4_rx       0x60              Application/User/usart.o
hi2c4               0x4c              Application/User/i2c.o
htim4               0x40              Application/User/stm32f7xx_hal_timebase_TIM.o
huart3              0x70              Application/User/usart.o
hpcd_USB_OTG_HS     0x400             Application/User/usb_otg.o
buzzerQueueHandle   0x4               Application/User/freertos.o
hdfsdm1_filter0     0x54              Application/User/dfsdm.o
enchall_buff        0x5               Application/User/ISRs/isrSensors.o
uwTick              0x4               Drivers/STM32F7xx_HAL_Driver/stm32f7xx_hal.o
xQueueRegistry      0x40              Middlewares/FreeRTOS/queue.o
[...]
Memory Configuration

Name             Origin             Length             Attributes
RAM              0x0000000020000000 0x0000000000080000 xrw
FLASH            0x0000000008000000 0x0000000000200000 xr
*default*        0x0000000000000000 0xffffffffffffffff

Linker script and memory map

LOAD /home/chen/IDEs/TrueStudio/ARMTools/bin/../lib/gcc/arm-atollic-eabi/6.3.1/armv7e-m/fpu/fpv5-d16/crti.o
LOAD /home/chen/IDEs/TrueStudio/ARMTools/bin/../lib/gcc/arm-atollic-eabi/6.3.1/armv7e-m/fpu/fpv5-d16/crtbegin.o
LOAD Application/TrueSTUDIO/startup_stm32f765xx.o
LOAD Application/User/Foc/controlFoc.o
LOAD Application/User/ISRs/isrSensors.o
LOAD Application/User/Idletasks/idletasks.o
LOAD Application/User/SYSINIT/sysinitial.o
LOAD Application/User/debug/datatraceDebug.o
LOAD Application/User/dfsdm.o
LOAD Application/User/dma.o
LOAD Application/User/freertos.o
LOAD Application/User/gpio.o
LOAD Application/User/i2c.o
LOAD Application/User/main.o
LOAD Application/User/spi.o
LOAD Application/User/stm32f7xx_hal_msp.o
LOAD Application/User/stm32f7xx_hal_timebase_TIM.o
LOAD Application/User/stm32f7xx_it.o
LOAD Application/User/tim.o
LOAD Application/User/usart.o
LOAD Application/User/usb_otg.o
LOAD Drivers/CMSIS/system_stm32f7xx.o
LOAD Drivers/STM32F7xx_HAL_Driver/stm32f7xx_hal.o
LOAD Drivers/STM32F7xx_HAL_Driver/stm32f7xx_hal_cortex.o
LOAD Drivers/STM32F7xx_HAL_Driver/stm32f7xx_hal_dfsdm.o
LOAD Drivers/STM32F7xx_HAL_Driver/stm32f7xx_hal_dma.o
LOAD Drivers/STM32F7xx_HAL_Driver/stm32f7xx_hal_dma_ex.o
LOAD Drivers/STM32F7xx_HAL_Driver/stm32f7xx_hal_flash.o
LOAD Drivers/STM32F7xx_HAL_Driver/stm32f7xx_hal_flash_ex.o
LOAD Drivers/STM32F7xx_HAL_Driver/stm32f7xx_hal_gpio.o
LOAD Drivers/STM32F7xx_HAL_Driver/stm32f7xx_hal_i2c.o
LOAD Drivers/STM32F7xx_HAL_Driver/stm32f7xx_hal_i2c_ex.o
LOAD Drivers/STM32F7xx_HAL_Driver/stm32f7xx_hal_pcd.o
LOAD Drivers/STM32F7xx_HAL_Driver/stm32f7xx_hal_pcd_ex.o
LOAD Drivers/STM32F7xx_HAL_Driver/stm32f7xx_hal_pwr.o
LOAD Drivers/STM32F7xx_HAL_Driver/stm32f7xx_hal_pwr_ex.o
LOAD Drivers/STM32F7xx_HAL_Driver/stm32f7xx_hal_rcc.o
LOAD Drivers/STM32F7xx_HAL_Driver/stm32f7xx_hal_rcc_ex.o
LOAD Drivers/STM32F7xx_HAL_Driver/stm32f7xx_hal_spi.o
LOAD Drivers/STM32F7xx_HAL_Driver/stm32f7xx_hal_tim.o
LOAD Drivers/STM32F7xx_HAL_Driver/stm32f7xx_hal_tim_ex.o
LOAD Drivers/STM32F7xx_HAL_Driver/stm32f7xx_hal_uart.o
LOAD Drivers/STM32F7xx_HAL_Driver/stm32f7xx_ll_usb.o
LOAD Middlewares/FreeRTOS/cmsis_os.o
LOAD Middlewares/FreeRTOS/croutine.o
LOAD Middlewares/FreeRTOS/event_groups.o
LOAD Middlewares/FreeRTOS/heap_4.o
LOAD Middlewares/FreeRTOS/list.o
LOAD Middlewares/FreeRTOS/port.o
LOAD Middlewares/FreeRTOS/queue.o
LOAD Middlewares/FreeRTOS/tasks.o
LOAD Middlewares/FreeRTOS/timers.o
                0x0000000000001000                malloc_getpagesize_P = 0x1000
START GROUP
LOAD /home/chen/IDEs/TrueStudio/ARMTools/bin/../lib/gcc/arm-atollic-eabi/6.3.1/../../../../arm-atollic-eabi/lib/armv7e-m/fpu/fpv5-d16/libstdc++_nano.a
LOAD /home/chen/IDEs/TrueStudio/ARMTools/bin/../lib/gcc/arm-atollic-eabi/6.3.1/../../../../arm-atollic-eabi/lib/armv7e-m/fpu/fpv5-d16/libsupc++_nano.a
END GROUP
LOAD /home/chen/IDEs/TrueStudio/ARMTools/bin/../lib/gcc/arm-atollic-eabi/6.3.1/../../../../arm-atollic-eabi/lib/armv7e-m/fpu/fpv5-d16/libstdc++_nano.a
LOAD /home/chen/IDEs/TrueStudio/ARMTools/bin/../lib/gcc/arm-atollic-eabi/6.3.1/../../../../arm-atollic-eabi/lib/armv7e-m/fpu/fpv5-d16/libm.a
LOAD /home/chen/IDEs/TrueStudio/ARMTools/bin/../lib/gcc/arm-atollic-eabi/6.3.1/../../../../arm-atollic-eabi/lib/armv7e-m/fpu/fpv5-d16/libc_nano.a
START GROUP
LOAD /home/chen/IDEs/TrueStudio/ARMTools/bin/../lib/gcc/arm-atollic-eabi/6.3.1/armv7e-m/fpu/fpv5-d16/libgcc.a
LOAD /home/chen/IDEs/TrueStudio/ARMTools/bin/../lib/gcc/arm-atollic-eabi/6.3.1/../../../../arm-atollic-eabi/lib/armv7e-m/fpu/fpv5-d16/libc_nano.a
END GROUP
START GROUP
LOAD /home/chen/IDEs/TrueStudio/ARMTools/bin/../lib/gcc/arm-atollic-eabi/6.3.1/armv7e-m/fpu/fpv5-d16/libgcc.a
LOAD /home/chen/IDEs/TrueStudio/ARMTools/bin/../lib/gcc/arm-atollic-eabi/6.3.1/../../../../arm-atollic-eabi/lib/armv7e-m/fpu/fpv5-d16/libc_nano.a
LOAD /home/chen/IDEs/TrueStudio/ARMTools/bin/../lib/gcc/arm-atollic-eabi/6.3.1/../../../../arm-atollic-eabi/lib/armv7e-m/fpu/fpv5-d16/libnosys.a
END GROUP
START GROUP
LOAD /home/chen/IDEs/TrueStudio/ARMTools/bin/../lib/gcc/arm-atollic-eabi/6.3.1/armv7e-m/fpu/fpv5-d16/libgcc.a
LOAD /home/chen/IDEs/TrueStudio/ARMTools/bin/../lib/gcc/arm-atollic-eabi/6.3.1/../../../../arm-atollic-eabi/lib/armv7e-m/fpu/fpv5-d16/libc_nano.a
LOAD /home/chen/IDEs/TrueStudio/ARMTools/bin/../lib/gcc/arm-atollic-eabi/6.3.1/../../../../arm-atollic-eabi/lib/armv7e-m/fpu/fpv5-d16/libnosys.a
END GROUP
LOAD /home/chen/IDEs/TrueStudio/ARMTools/bin/../lib/gcc/arm-atollic-eabi/6.3.1/armv7e-m/fpu/fpv5-d16/crtend.o
LOAD /home/chen/IDEs/TrueStudio/ARMTools/bin/../lib/gcc/arm-atollic-eabi/6.3.1/armv7e-m/fpu/fpv5-d16/crtn.o
                0x0000000020080000                _estack = 0x20080000
                0x0000000000000200                _Min_Heap_Size = 0x200
                0x0000000000000400                _Min_Stack_Size = 0x400

.isr_vector     0x0000000008000000      0x1f8
                0x0000000008000000                . = ALIGN (0x4)
 *(.isr_vector)
 .isr_vector    0x0000000008000000      0x1f8 Application/TrueSTUDIO/startup_stm32f765xx.o
                0x0000000008000000                g_pfnVectors
                0x00000000080001f8                . = ALIGN (0x4)

.text           0x0000000008000200     0x7ae8
                0x0000000008000200                . = ALIGN (0x4)
 *(.text)
 .text          0x0000000008000200       0x40 /home/chen/IDEs/TrueStudio/ARMTools/bin/../lib/gcc/arm-atollic-eabi/6.3.1/armv7e-m/fpu/fpv5-d16/crtbegin.o
 *(.text*)
 .text.Reset_Handler
                0x0000000008000240       0x50 Application/TrueSTUDIO/startup_stm32f765xx.o
                0x0000000008000240                Reset_Handler
 .text.Default_Handler
                0x0000000008000290        0x2 Application/TrueSTUDIO/startup_stm32f765xx.o
                0x0000000008000290                RTC_Alarm_IRQHandler
                0x0000000008000290                EXTI2_IRQHandler
                0x0000000008000290                TIM8_CC_IRQHandler
                0x0000000008000290                UART8_IRQHandler
                0x0000000008000290                SPI4_IRQHandler
                0x0000000008000290                TIM1_CC_IRQHandler
                0x0000000008000290                DMA2_Stream5_IRQHandler
                0x0000000008000290                DMA1_Stream5_IRQHandler
                0x0000000008000290                CAN3_RX1_IRQHandler
                0x0000000008000290                PVD_IRQHandler
                0x0000000008000290                TAMP_STAMP_IRQHandler
                0x0000000008000290                CAN2_RX1_IRQHandler
                0x0000000008000290                EXTI3_IRQHandler
                0x0000000008000290                TIM8_TRG_COM_TIM14_IRQHandler
                0x0000000008000290                DFSDM1_FLT1_IRQHandler
                0x0000000008000290                TIM1_UP_TIM10_IRQHandler
                0x0000000008000290                TIM8_UP_TIM13_IRQHandler
                0x0000000008000290                I2C3_ER_IRQHandler
                0x0000000008000290                DFSDM1_FLT2_IRQHandler
                0x0000000008000290                EXTI0_IRQHandler
                0x0000000008000290                I2C2_EV_IRQHandler
                0x0000000008000290                CAN1_RX0_IRQHandler
                0x0000000008000290                FPU_IRQHandler
                0x0000000008000290                OTG_HS_WKUP_IRQHandler
                0x0000000008000290                CAN3_SCE_IRQHandler
                0x0000000008000290                CAN2_SCE_IRQHandler
                0x0000000008000290                SPI1_IRQHandler
                0x0000000008000290                TIM6_DAC_IRQHandler
                0x0000000008000290                TIM1_BRK_TIM9_IRQHandler
                0x0000000008000290                DCMI_IRQHandler
                0x0000000008000290                CAN2_RX0_IRQHandler
                0x0000000008000290                DMA2_Stream3_IRQHandler
                0x0000000008000290                SAI2_IRQHandler
                0x0000000008000290                DFSDM1_FLT3_IRQHandler
                0x0000000008000290                USART6_IRQHandler
                0x0000000008000290                CAN3_RX0_IRQHandler
                0x0000000008000290                USART3_IRQHandler
                0x0000000008000290                CAN1_RX1_IRQHandler
                0x0000000008000290                UART5_IRQHandler
                0x0000000008000290                QUADSPI_IRQHandler
                0x0000000008000290                I2C1_EV_IRQHandler
                0x0000000008000290                DMA1_Stream6_IRQHandler
                0x0000000008000290                DMA1_Stream1_IRQHandler
                0x0000000008000290                UART4_IRQHandler
                0x0000000008000290                TIM3_IRQHandler
                0x0000000008000290                RCC_IRQHandler
                0x0000000008000290                TIM8_BRK_TIM12_IRQHandler
                0x0000000008000290                Default_Handler
                0x0000000008000290                CEC_IRQHandler
                0x0000000008000290                EXTI15_10_IRQHandler
                0x0000000008000290                ADC_IRQHandler
                0x0000000008000290                DMA1_Stream7_IRQHandler
                0x0000000008000290                SPI5_IRQHandler
                0x0000000008000290                TIM7_IRQHandler
                0x0000000008000290                SDMMC1_IRQHandler
                0x0000000008000290                CAN2_TX_IRQHandler
                0x0000000008000290                TIM5_IRQHandler
                0x0000000008000290                DMA2_Stream7_IRQHandler
                0x0000000008000290                I2C3_EV_IRQHandler
                0x0000000008000290                EXTI9_5_IRQHandler
                0x0000000008000290                RTC_WKUP_IRQHandler
                0x0000000008000290                ETH_WKUP_IRQHandler
                0x0000000008000290                SPDIF_RX_IRQHandler
                0x0000000008000290                SPI2_IRQHandler
                0x0000000008000290                OTG_HS_EP1_IN_IRQHandler
                0x0000000008000290                DMA1_Stream0_IRQHandler
                0x0000000008000290                CAN1_TX_IRQHandler
                0x0000000008000290                EXTI4_IRQHandler
                0x0000000008000290                RNG_IRQHandler
                0x0000000008000290                ETH_IRQHandler
                0x0000000008000290                OTG_HS_EP1_OUT_IRQHandler
                0x0000000008000290                WWDG_IRQHandler
                0x0000000008000290                SPI6_IRQHandler
                0x0000000008000290                MDIOS_IRQHandler
                0x0000000008000290                I2C4_EV_IRQHandler
                0x0000000008000290                CAN3_TX_IRQHandler
                0x0000000008000290                TIM2_IRQHandler
                0x0000000008000290                OTG_FS_WKUP_IRQHandler
                0x0000000008000290                TIM1_TRG_COM_TIM11_IRQHandler
                0x0000000008000290                OTG_HS_IRQHandler
                0x0000000008000290                DMA2D_IRQHandler
                0x0000000008000290                EXTI1_IRQHandler
                0x0000000008000290                SDMMC2_IRQHandler
                0x0000000008000290                UART7_IRQHandler
                0x0000000008000290                USART2_IRQHandler
                0x0000000008000290                DFSDM1_FLT0_IRQHandler
                0x0000000008000290                I2C2_ER_IRQHandler
                0x0000000008000290                CAN1_SCE_IRQHandler
                0x0000000008000290                FLASH_IRQHandler
                0x0000000008000290                DMA2_Stream4_IRQHandler
                0x0000000008000290                USART1_IRQHandler
                0x0000000008000290                OTG_FS_IRQHandler
                0x0000000008000290                SPI3_IRQHandler
                0x0000000008000290                DMA1_Stream4_IRQHandler
                0x0000000008000290                I2C1_ER_IRQHandler
                0x0000000008000290                FMC_IRQHandler
                0x0000000008000290                LPTIM1_IRQHandler
                0x0000000008000290                I2C4_ER_IRQHandler
                0x0000000008000290                DMA2_Stream6_IRQHandler
                0x0000000008000290                SAI1_IRQHandler
                0x0000000008000290                DMA1_Stream3_IRQHandler
 *fill*         0x0000000008000292        0x6 
 .text.StartcontrolTask
                0x0000000008000298      0x390 Application/User/Foc/controlFoc.o
                0x0000000008000298                StartcontrolTask
 .text.HAL_UART_ErrorCallback
                0x0000000008000628        0xc Application/User/ISRs/isrSensors.o
                0x0000000008000628                HAL_UART_ErrorCallback
 .text.HAL_UART_RxCpltCallback
                0x0000000008000634      0x4b4 Application/User/ISRs/isrSensors.o
                0x0000000008000634                HAL_UART_RxCpltCallback
 .text.StartledblueTask
                0x0000000008000ae8       0x1c Application/User/Idletasks/idletasks.o
                0x0000000008000ae8                StartledblueTask
 .text.StartledgreenTask
                0x0000000008000b04       0x1c Application/User/Idletasks/idletasks.o
                0x0000000008000b04                StartledgreenTask
 .text.StartiwdgTask
                0x0000000008000b20        0xc Application/User/Idletasks/idletasks.o
                0x0000000008000b20                StartiwdgTask
 .text.StartbuzzerrythmTask
                0x0000000008000b2c      0x180 Application/User/Idletasks/idletasks.o
                0x0000000008000b2c                StartbuzzerrythmTask
 *fill*         0x0000000008000cac        0x4 
 .text.StartbuzzertoneTask
                0x0000000008000cb0      0x198 Application/User/Idletasks/idletasks.o
                0x0000000008000cb0                StartbuzzertoneTask
 .text.SystemInitialization
                0x0000000008000e48       0x80 Application/User/SYSINIT/sysinitial.o
                0x0000000008000e48                SystemInitialization
 .text.StartenchallTask
                0x0000000008000ec8      0x5ac Application/User/debug/datatraceDebug.o
                0x0000000008000ec8                StartenchallTask
 .text.MX_DFSDM1_Init
                0x0000000008001474       0xf4 Application/User/dfsdm.o
                0x0000000008001474                MX_DFSDM1_Init
 .text.HAL_DFSDM_FilterMspInit
                0x0000000008001568      0x144 Application/User/dfsdm.o
                0x0000000008001568                HAL_DFSDM_FilterMspInit
 .text.HAL_DFSDM_ChannelMspInit
                0x00000000080016ac       0x7c Application/User/dfsdm.o
                0x00000000080016ac                HAL_DFSDM_ChannelMspInit
 .text.MX_DMA_Init
                0x0000000008001728       0x74 Application/User/dma.o
                0x0000000008001728                MX_DMA_Init
 .text.MX_FREERTOS_Init
                0x000000000800179c      0x188 Application/User/freertos.o
                0x000000000800179c                MX_FREERTOS_Init
 .text.MX_GPIO_Init
                0x0000000008001924       0xf4 Application/User/gpio.o
                0x0000000008001924                MX_GPIO_Init
 .text.MX_I2C4_Init
                0x0000000008001a18       0x6c Application/User/i2c.o
                0x0000000008001a18                MX_I2C4_Init
 .text.HAL_I2C_MspInit
                0x0000000008001a84       0x54 Application/User/i2c.o
                0x0000000008001a84                HAL_I2C_MspInit
 .text.SystemClock_Config
                0x0000000008001ad8       0xe4 Application/User/main.o
                0x0000000008001ad8                SystemClock_Config
 .text.startup.main
                0x0000000008001bbc       0xc0 Application/User/main.o
                0x0000000008001bbc                main
 .text.HAL_TIM_PeriodElapsedCallback
                0x0000000008001c7c       0x14 Application/User/main.o
                0x0000000008001c7c                HAL_TIM_PeriodElapsedCallback
 .text._Error_Handler
                0x0000000008001c90        0x4 Application/User/main.o
                0x0000000008001c90                _Error_Handler
 .text.MX_SPI1_Init
                0x0000000008001c94       0x58 Application/User/spi.o
                0x0000000008001c94                MX_SPI1_Init
 .text.HAL_SPI_MspInit
                0x0000000008001cec       0x64 Application/User/spi.o
                0x0000000008001cec                HAL_SPI_MspInit
 .text.HAL_MspInit
                0x0000000008001d50       0x60 Application/User/stm32f7xx_hal_msp.o
                0x0000000008001d50                HAL_MspInit
 .text.HAL_InitTick
                0x0000000008001db0       0x7c Application/User/stm32f7xx_hal_timebase_TIM.o
                0x0000000008001db0                HAL_InitTick
 .text.NMI_Handler
                0x0000000008001e2c        0x4 Application/User/stm32f7xx_it.o
                0x0000000008001e2c                NMI_Handler
 .text.HardFault_Handler
                0x0000000008001e30        0x4 Application/User/stm32f7xx_it.o
                0x0000000008001e30                HardFault_Handler
 .text.MemManage_Handler
                0x0000000008001e34        0x4 Application/User/stm32f7xx_it.o
                0x0000000008001e34                MemManage_Handler
 .text.BusFault_Handler
                0x0000000008001e38        0x4 Application/User/stm32f7xx_it.o
                0x0000000008001e38                BusFault_Handler
 .text.UsageFault_Handler
                0x0000000008001e3c        0x4 Application/User/stm32f7xx_it.o
                0x0000000008001e3c                UsageFault_Handler
 .text.DebugMon_Handler
                0x0000000008001e40        0x4 Application/User/stm32f7xx_it.o
                0x0000000008001e40                DebugMon_Handler
 .text.SysTick_Handler
                0x0000000008001e44        0x4 Application/User/stm32f7xx_it.o
                0x0000000008001e44                SysTick_Handler
 .text.DMA1_Stream2_IRQHandler
                0x0000000008001e48        0xc Application/User/stm32f7xx_it.o
                0x0000000008001e48                DMA1_Stream2_IRQHandler
 .text.TIM4_IRQHandler
                0x0000000008001e54        0xc Application/User/stm32f7xx_it.o
                0x0000000008001e54                TIM4_IRQHandler
 .text.DMA2_Stream0_IRQHandler
                0x0000000008001e60        0xc Application/User/stm32f7xx_it.o
                0x0000000008001e60                DMA2_Stream0_IRQHandler
 .text.DMA2_Stream1_IRQHandler
                0x0000000008001e6c        0xc Application/User/stm32f7xx_it.o
                0x0000000008001e6c                DMA2_Stream1_IRQHandler
 .text.DMA2_Stream2_IRQHandler
                0x0000000008001e78        0xc Application/User/stm32f7xx_it.o
                0x0000000008001e78                DMA2_Stream2_IRQHandler
 .text.MX_TIM1_Init
                0x0000000008001e84      0x190 Application/User/tim.o
                0x0000000008001e84                MX_TIM1_Init
 .text.MX_TIM2_Init
                0x0000000008002014      0x114 Application/User/tim.o
                0x0000000008002014                MX_TIM2_Init
 .text.HAL_TIM_Base_MspInit
                0x0000000008002128       0x50 Application/User/tim.o
                0x0000000008002128                HAL_TIM_Base_MspInit
 .text.MX_UART4_Init
                0x0000000008002178       0x54 Application/User/usart.o
                0x0000000008002178                MX_UART4_Init
 .text.MX_UART8_Init
                0x00000000080021cc       0x4c Application/User/usart.o
                0x00000000080021cc                MX_UART8_Init
 .text.MX_USART1_UART_Init
                0x0000000008002218       0x4c Application/User/usart.o
                0x0000000008002218                MX_USART1_UART_Init
 .text.MX_USART3_UART_Init
                0x0000000008002264       0x4c Application/User/usart.o
                0x0000000008002264                MX_USART3_UART_Init
 .text.HAL_UART_MspInit
                0x00000000080022b0      0x1a8 Application/User/usart.o
                0x00000000080022b0                HAL_UART_MspInit
 .text.MX_USB_OTG_HS_PCD_Init
                0x0000000008002458       0x44 Application/User/usb_otg.o
                0x0000000008002458                MX_USB_OTG_HS_PCD_Init
 .text.HAL_PCD_MspInit
                0x000000000800249c       0x94 Application/User/usb_otg.o
                0x000000000800249c                HAL_PCD_MspInit
 .text.SystemInit
                0x0000000008002530       0x50 Drivers/CMSIS/system_stm32f7xx.o
                0x0000000008002530                SystemInit
 .text.HAL_Init
                0x0000000008002580       0x24 Drivers/STM32F7xx_HAL_Driver/stm32f7xx_hal.o
                0x0000000008002580                HAL_Init
 .text.HAL_IncTick
                0x00000000080025a4       0x10 Drivers/STM32F7xx_HAL_Driver/stm32f7xx_hal.o
                0x00000000080025a4                HAL_IncTick
 .text.HAL_GetTick
                0x00000000080025b4        0xc Drivers/STM32F7xx_HAL_Driver/stm32f7xx_hal.o
                0x00000000080025b4                HAL_GetTick
 .text.HAL_Delay
                0x00000000080025c0       0x1c Drivers/STM32F7xx_HAL_Driver/stm32f7xx_hal.o
                0x00000000080025c0                HAL_Delay
 .text.HAL_NVIC_SetPriorityGrouping
                0x00000000080025dc       0x28 Drivers/STM32F7xx_HAL_Driver/stm32f7xx_hal_cortex.o
                0x00000000080025dc                HAL_NVIC_SetPriorityGrouping
 .text.HAL_NVIC_SetPriority
                0x0000000008002604       0x74 Drivers/STM32F7xx_HAL_Driver/stm32f7xx_hal_cortex.o
                0x0000000008002604                HAL_NVIC_SetPriority
 .text.HAL_NVIC_EnableIRQ
                0x0000000008002678       0x18 Drivers/STM32F7xx_HAL_Driver/stm32f7xx_hal_cortex.o
                0x0000000008002678                HAL_NVIC_EnableIRQ
 .text.HAL_SYSTICK_Config
                0x0000000008002690       0x30 Drivers/STM32F7xx_HAL_Driver/stm32f7xx_hal_cortex.o
                0x0000000008002690                HAL_SYSTICK_Config
 .text.HAL_SYSTICK_CLKSourceConfig
                0x00000000080026c0       0x18 Drivers/STM32F7xx_HAL_Driver/stm32f7xx_hal_cortex.o
                0x00000000080026c0                HAL_SYSTICK_CLKSourceConfig
 .text.HAL_DFSDM_ChannelInit
                0x00000000080026d8      0x194 Drivers/STM32F7xx_HAL_Driver/stm32f7xx_hal_dfsdm.o
                0x00000000080026d8                HAL_DFSDM_ChannelInit
 .text.HAL_DFSDM_FilterInit
                0x000000000800286c       0xec Drivers/STM32F7xx_HAL_Driver/stm32f7xx_hal_dfsdm.o
                0x000000000800286c                HAL_DFSDM_FilterInit
 .text.HAL_DFSDM_FilterConfigRegChannel
                0x0000000008002958       0x54 Drivers/STM32F7xx_HAL_Driver/stm32f7xx_hal_dfsdm.o
                0x0000000008002958                HAL_DFSDM_FilterConfigRegChannel
 .text.HAL_DFSDM_FilterRegularStart
                0x00000000080029ac       0x74 Drivers/STM32F7xx_HAL_Driver/stm32f7xx_hal_dfsdm.o
                0x00000000080029ac                HAL_DFSDM_FilterRegularStart
 .text.HAL_DFSDM_FilterGetRegularValue
                0x0000000008002a20       0x10 Drivers/STM32F7xx_HAL_Driver/stm32f7xx_hal_dfsdm.o
                0x0000000008002a20                HAL_DFSDM_FilterGetRegularValue
 .text.HAL_DFSDM_FilterErrorCallback
                0x0000000008002a30        0x4 Drivers/STM32F7xx_HAL_Driver/stm32f7xx_hal_dfsdm.o
                0x0000000008002a30                HAL_DFSDM_FilterErrorCallback
 .text.HAL_DFSDM_FilterPollForRegConversion
                0x0000000008002a34       0x74 Drivers/STM32F7xx_HAL_Driver/stm32f7xx_hal_dfsdm.o
                0x0000000008002a34                HAL_DFSDM_FilterPollForRegConversion
 .text.HAL_DMA_Init
                0x0000000008002aa8      0x13c Drivers/STM32F7xx_HAL_Driver/stm32f7xx_hal_dma.o
                0x0000000008002aa8                HAL_DMA_Init
 .text.HAL_DMA_Start_IT
                0x0000000008002be4       0x88 Drivers/STM32F7xx_HAL_Driver/stm32f7xx_hal_dma.o
                0x0000000008002be4                HAL_DMA_Start_IT
 .text.HAL_DMA_IRQHandler
                0x0000000008002c6c      0x1a8 Drivers/STM32F7xx_HAL_Driver/stm32f7xx_hal_dma.o
                0x0000000008002c6c                HAL_DMA_IRQHandler
 .text.HAL_GPIO_Init
                0x0000000008002e14      0x254 Drivers/STM32F7xx_HAL_Driver/stm32f7xx_hal_gpio.o
                0x0000000008002e14                HAL_GPIO_Init
 .text.HAL_GPIO_WritePin
                0x0000000008003068        0x8 Drivers/STM32F7xx_HAL_Driver/stm32f7xx_hal_gpio.o
                0x0000000008003068                HAL_GPIO_WritePin
 .text.HAL_GPIO_TogglePin
                0x0000000008003070        0x8 Drivers/STM32F7xx_HAL_Driver/stm32f7xx_hal_gpio.o
                0x0000000008003070                HAL_GPIO_TogglePin
 .text.HAL_I2C_Init
                0x0000000008003078       0xac Drivers/STM32F7xx_HAL_Driver/stm32f7xx_hal_i2c.o
                0x0000000008003078                HAL_I2C_Init
 .text.HAL_I2CEx_ConfigAnalogFilter
                0x0000000008003124       0x50 Drivers/STM32F7xx_HAL_Driver/stm32f7xx_hal_i2c_ex.o
                0x0000000008003124                HAL_I2CEx_ConfigAnalogFilter
 .text.HAL_I2CEx_ConfigDigitalFilter
                0x0000000008003174       0x50 Drivers/STM32F7xx_HAL_Driver/stm32f7xx_hal_i2c_ex.o
                0x0000000008003174                HAL_I2CEx_ConfigDigitalFilter
 .text.HAL_PCD_Init
                0x00000000080031c4      0x438 Drivers/STM32F7xx_HAL_Driver/stm32f7xx_hal_pcd.o
                0x00000000080031c4                HAL_PCD_Init
 .text.HAL_PCDEx_ActivateLPM
                0x00000000080035fc       0x2c Drivers/STM32F7xx_HAL_Driver/stm32f7xx_hal_pcd_ex.o
                0x00000000080035fc                HAL_PCDEx_ActivateLPM
 .text.HAL_PWREx_EnableOverDrive
                0x0000000008003628       0x78 Drivers/STM32F7xx_HAL_Driver/stm32f7xx_hal_pwr_ex.o
                0x0000000008003628                HAL_PWREx_EnableOverDrive
 .text.HAL_RCC_OscConfig
                0x00000000080036a0      0x3b0 Drivers/STM32F7xx_HAL_Driver/stm32f7xx_hal_rcc.o
                0x00000000080036a0                HAL_RCC_OscConfig
 .text.HAL_RCC_ClockConfig
                0x0000000008003a50      0x168 Drivers/STM32F7xx_HAL_Driver/stm32f7xx_hal_rcc.o
                0x0000000008003a50                HAL_RCC_ClockConfig
 .text.HAL_RCC_GetSysClockFreq
                0x0000000008003bb8       0x54 Drivers/STM32F7xx_HAL_Driver/stm32f7xx_hal_rcc.o
                0x0000000008003bb8                HAL_RCC_GetSysClockFreq
 .text.HAL_RCC_GetHCLKFreq
                0x0000000008003c0c        0xc Drivers/STM32F7xx_HAL_Driver/stm32f7xx_hal_rcc.o
                0x0000000008003c0c                HAL_RCC_GetHCLKFreq
 .text.HAL_RCC_GetPCLK1Freq
                0x0000000008003c18       0x20 Drivers/STM32F7xx_HAL_Driver/stm32f7xx_hal_rcc.o
                0x0000000008003c18                HAL_RCC_GetPCLK1Freq
 .text.HAL_RCC_GetPCLK2Freq
                0x0000000008003c38       0x20 Drivers/STM32F7xx_HAL_Driver/stm32f7xx_hal_rcc.o
                0x0000000008003c38                HAL_RCC_GetPCLK2Freq
 .text.HAL_RCC_GetClockConfig
                0x0000000008003c58       0x44 Drivers/STM32F7xx_HAL_Driver/stm32f7xx_hal_rcc.o
                0x0000000008003c58                HAL_RCC_GetClockConfig
 .text.HAL_RCCEx_PeriphCLKConfig
                0x0000000008003c9c      0x540 Drivers/STM32F7xx_HAL_Driver/stm32f7xx_hal_rcc_ex.o
                0x0000000008003c9c                HAL_RCCEx_PeriphCLKConfig
 .text.HAL_SPI_Init
                0x00000000080041dc       0xc4 Drivers/STM32F7xx_HAL_Driver/stm32f7xx_hal_spi.o
                0x00000000080041dc                HAL_SPI_Init
 .text.HAL_TIM_Base_Init
                0x00000000080042a0      0x14c Drivers/STM32F7xx_HAL_Driver/stm32f7xx_hal_tim.o
                0x00000000080042a0                HAL_TIM_Base_Init
 .text.HAL_TIM_Base_Start_IT
                0x00000000080043ec       0x18 Drivers/STM32F7xx_HAL_Driver/stm32f7xx_hal_tim.o
                0x00000000080043ec                HAL_TIM_Base_Start_IT
 .text.HAL_TIM_PWM_MspInit
                0x0000000008004404        0x4 Drivers/STM32F7xx_HAL_Driver/stm32f7xx_hal_tim.o
                0x0000000008004404                HAL_TIM_PWM_MspInit
 .text.HAL_TIM_PWM_Init
                0x0000000008004408      0x14c Drivers/STM32F7xx_HAL_Driver/stm32f7xx_hal_tim.o
                0x0000000008004408                HAL_TIM_PWM_Init
 .text.HAL_TIM_PWM_Start
                0x0000000008004554       0x48 Drivers/STM32F7xx_HAL_Driver/stm32f7xx_hal_tim.o
                0x0000000008004554                HAL_TIM_PWM_Start
 .text.HAL_TIM_ConfigClockSource
                0x000000000800459c      0x190 Drivers/STM32F7xx_HAL_Driver/stm32f7xx_hal_tim.o
                0x000000000800459c                HAL_TIM_ConfigClockSource
 .text.HAL_TIM_OC_DelayElapsedCallback
                0x000000000800472c        0x4 Drivers/STM32F7xx_HAL_Driver/stm32f7xx_hal_tim.o
                0x000000000800472c                HAL_TIM_OC_DelayElapsedCallback
 .text.HAL_TIM_IC_CaptureCallback
                0x0000000008004730        0x4 Drivers/STM32F7xx_HAL_Driver/stm32f7xx_hal_tim.o
                0x0000000008004730                HAL_TIM_IC_CaptureCallback
 .text.HAL_TIM_PWM_PulseFinishedCallback
                0x0000000008004734        0x4 Drivers/STM32F7xx_HAL_Driver/stm32f7xx_hal_tim.o
                0x0000000008004734                HAL_TIM_PWM_PulseFinishedCallback
 .text.HAL_TIM_TriggerCallback
                0x0000000008004738        0x4 Drivers/STM32F7xx_HAL_Driver/stm32f7xx_hal_tim.o
                0x0000000008004738                HAL_TIM_TriggerCallback
 .text.HAL_TIM_IRQHandler
                0x000000000800473c      0x170 Drivers/STM32F7xx_HAL_Driver/stm32f7xx_hal_tim.o
                0x000000000800473c                HAL_TIM_IRQHandler
 .text.TIM_OC1_SetConfig
                0x00000000080048ac       0x64 Drivers/STM32F7xx_HAL_Driver/stm32f7xx_hal_tim.o
                0x00000000080048ac                TIM_OC1_SetConfig
 .text.TIM_OC2_SetConfig
                0x0000000008004910       0x68 Drivers/STM32F7xx_HAL_Driver/stm32f7xx_hal_tim.o
                0x0000000008004910                TIM_OC2_SetConfig
 .text.TIM_OC3_SetConfig
                0x0000000008004978       0x68 Drivers/STM32F7xx_HAL_Driver/stm32f7xx_hal_tim.o
                0x0000000008004978                TIM_OC3_SetConfig
 .text.TIM_OC4_SetConfig
                0x00000000080049e0       0x58 Drivers/STM32F7xx_HAL_Driver/stm32f7xx_hal_tim.o
                0x00000000080049e0                TIM_OC4_SetConfig
 .text.HAL_TIMEx_PWMN_Start
                0x0000000008004a38       0x30 Drivers/STM32F7xx_HAL_Driver/stm32f7xx_hal_tim_ex.o
                0x0000000008004a38                HAL_TIMEx_PWMN_Start
 .text.HAL_TIMEx_MasterConfigSynchronization
                0x0000000008004a68       0x58 Drivers/STM32F7xx_HAL_Driver/stm32f7xx_hal_tim_ex.o
                0x0000000008004a68                HAL_TIMEx_MasterConfigSynchronization
 .text.HAL_TIMEx_ConfigBreakDeadTime
                0x0000000008004ac0       0x98 Drivers/STM32F7xx_HAL_Driver/stm32f7xx_hal_tim_ex.o
                0x0000000008004ac0                HAL_TIMEx_ConfigBreakDeadTime
 .text.HAL_TIMEx_CommutationCallback
                0x0000000008004b58        0x4 Drivers/STM32F7xx_HAL_Driver/stm32f7xx_hal_tim_ex.o
                0x0000000008004b58                HAL_TIMEx_CommutationCallback
 .text.HAL_TIMEx_BreakCallback
                0x0000000008004b5c        0x4 Drivers/STM32F7xx_HAL_Driver/stm32f7xx_hal_tim_ex.o
                0x0000000008004b5c                HAL_TIMEx_BreakCallback
 .text.HAL_TIM_PWM_ConfigChannel
                0x0000000008004b60      0x1bc Drivers/STM32F7xx_HAL_Driver/stm32f7xx_hal_tim_ex.o
                0x0000000008004b60                HAL_TIM_PWM_ConfigChannel
 .text.HAL_UART_Transmit
                0x0000000008004d1c      0x100 Drivers/STM32F7xx_HAL_Driver/stm32f7xx_hal_uart.o
                0x0000000008004d1c                HAL_UART_Transmit
 .text.HAL_UART_Receive_DMA
                0x0000000008004e1c       0x90 Drivers/STM32F7xx_HAL_Driver/stm32f7xx_hal_uart.o
                0x0000000008004e1c                HAL_UART_Receive_DMA
 .text.HAL_UART_DMAResume
                0x0000000008004eac       0x74 Drivers/STM32F7xx_HAL_Driver/stm32f7xx_hal_uart.o
                0x0000000008004eac                HAL_UART_DMAResume
 .text.UART_DMAReceiveCplt
                0x0000000008004f20       0x38 Drivers/STM32F7xx_HAL_Driver/stm32f7xx_hal_uart.o
 .text.HAL_UART_RxHalfCpltCallback
                0x0000000008004f58        0x4 Drivers/STM32F7xx_HAL_Driver/stm32f7xx_hal_uart.o
                0x0000000008004f58                HAL_UART_RxHalfCpltCallback
 .text.UART_DMARxHalfCplt
                0x0000000008004f5c        0xc Drivers/STM32F7xx_HAL_Driver/stm32f7xx_hal_uart.o
 .text.UART_DMAError
                0x0000000008004f68       0x68 Drivers/STM32F7xx_HAL_Driver/stm32f7xx_hal_uart.o
 .text.UART_AdvFeatureConfig
                0x0000000008004fd0       0xb0 Drivers/STM32F7xx_HAL_Driver/stm32f7xx_hal_uart.o
                0x0000000008004fd0                UART_AdvFeatureConfig
 .text.HAL_UART_Init
                0x0000000008005080      0x388 Drivers/STM32F7xx_HAL_Driver/stm32f7xx_hal_uart.o
                0x0000000008005080                HAL_UART_Init
 .text.USB_CoreInit
                0x0000000008005408       0xb8 Drivers/STM32F7xx_HAL_Driver/stm32f7xx_ll_usb.o
                0x0000000008005408                USB_CoreInit
 .text.USB_DisableGlobalInt
                0x00000000080054c0       0x10 Drivers/STM32F7xx_HAL_Driver/stm32f7xx_ll_usb.o
                0x00000000080054c0                USB_DisableGlobalInt
 .text.USB_SetCurrentMode
                0x00000000080054d0       0x34 Drivers/STM32F7xx_HAL_Driver/stm32f7xx_ll_usb.o
                0x00000000080054d0                USB_SetCurrentMode
 .text.USB_DevInit
                0x0000000008005504      0x1b0 Drivers/STM32F7xx_HAL_Driver/stm32f7xx_ll_usb.o
                0x0000000008005504                USB_DevInit
 .text.USB_DevDisconnect
                0x00000000080056b4       0x18 Drivers/STM32F7xx_HAL_Driver/stm32f7xx_ll_usb.o
                0x00000000080056b4                USB_DevDisconnect
 .text.osKernelStart
                0x00000000080056cc        0xc Middlewares/FreeRTOS/cmsis_os.o
                0x00000000080056cc                osKernelStart
 .text.osThreadCreate
                0x00000000080056d8       0x30 Middlewares/FreeRTOS/cmsis_os.o
                0x00000000080056d8                osThreadCreate
 .text.osDelay  0x0000000008005708       0x10 Middlewares/FreeRTOS/cmsis_os.o
                0x0000000008005708                osDelay
 .text.osMutexCreate
                0x0000000008005718        0x8 Middlewares/FreeRTOS/cmsis_os.o
                0x0000000008005718                osMutexCreate
 .text.osMessageCreate
                0x0000000008005720        0x8 Middlewares/FreeRTOS/cmsis_os.o
                0x0000000008005720                osMessageCreate
 .text.osSystickHandler
                0x0000000008005728       0x14 Middlewares/FreeRTOS/cmsis_os.o
                0x0000000008005728                osSystickHandler
 .text.unlikely.prvInsertBlockIntoFreeList
                0x000000000800573c       0x50 Middlewares/FreeRTOS/heap_4.o
 .text.pvPortMalloc
                0x000000000800578c      0x13c Middlewares/FreeRTOS/heap_4.o
                0x000000000800578c                pvPortMalloc
 .text.vPortFree
                0x00000000080058c8       0x78 Middlewares/FreeRTOS/heap_4.o
                0x00000000080058c8                vPortFree
 .text.vListInitialise
                0x0000000008005940       0x18 Middlewares/FreeRTOS/list.o
                0x0000000008005940                vListInitialise
 .text.vListInitialiseItem
                0x0000000008005958        0x8 Middlewares/FreeRTOS/list.o
                0x0000000008005958                vListInitialiseItem
 .text.vListInsertEnd
                0x0000000008005960       0x20 Middlewares/FreeRTOS/list.o
                0x0000000008005960                vListInsertEnd
 .text.vListInsert
                0x0000000008005980       0x34 Middlewares/FreeRTOS/list.o
                0x0000000008005980                vListInsert
 .text.uxListRemove
                0x00000000080059b4       0x28 Middlewares/FreeRTOS/list.o
                0x00000000080059b4                uxListRemove
 .text.prvTaskExitError
                0x00000000080059dc       0x38 Middlewares/FreeRTOS/port.o
 .text.prvPortStartFirstTask
                0x0000000008005a14       0x20 Middlewares/FreeRTOS/port.o
 .text.vPortEnableVFP
                0x0000000008005a34       0x14 Middlewares/FreeRTOS/port.o
 .text.pxPortInitialiseStack
                0x0000000008005a48       0x30 Middlewares/FreeRTOS/port.o
                0x0000000008005a48                pxPortInitialiseStack
 *fill*         0x0000000008005a78        0x8 
 .text.SVC_Handler
                0x0000000008005a80       0x24 Middlewares/FreeRTOS/port.o
                0x0000000008005a80                SVC_Handler
 .text.vPortEnterCritical
                0x0000000008005aa4       0x4c Middlewares/FreeRTOS/port.o
                0x0000000008005aa4                vPortEnterCritical
 .text.vPortExitCritical
                0x0000000008005af0       0x2c Middlewares/FreeRTOS/port.o
                0x0000000008005af0                vPortExitCritical
 *fill*         0x0000000008005b1c        0x4 
 .text.PendSV_Handler
                0x0000000008005b20       0x64 Middlewares/FreeRTOS/port.o
                0x0000000008005b20                PendSV_Handler
 .text.xPortSysTickHandler
                0x0000000008005b84       0x30 Middlewares/FreeRTOS/port.o
                0x0000000008005b84                xPortSysTickHandler
 .text.vPortSetupTimerInterrupt
                0x0000000008005bb4       0x2c Middlewares/FreeRTOS/port.o
                0x0000000008005bb4                vPortSetupTimerInterrupt
 .text.xPortStartScheduler
                0x0000000008005be0       0xa8 Middlewares/FreeRTOS/port.o
                0x0000000008005be0                xPortStartScheduler
 .text.vPortValidateInterruptPriority
                0x0000000008005c88       0x64 Middlewares/FreeRTOS/port.o
                0x0000000008005c88                vPortValidateInterruptPriority
 .text.unlikely.prvCopyDataToQueue
                0x0000000008005cec       0x6c Middlewares/FreeRTOS/queue.o
 .text.unlikely.prvCopyDataFromQueue
                0x0000000008005d58       0x26 Middlewares/FreeRTOS/queue.o
 *fill*         0x0000000008005d7e        0x2 
 .text.prvUnlockQueue
                0x0000000008005d80       0x94 Middlewares/FreeRTOS/queue.o
 .text.xQueueGenericCreate
                0x0000000008005e14       0x7c Middlewares/FreeRTOS/queue.o
                0x0000000008005e14                xQueueGenericCreate
 .text.xQueueGenericSend
                0x0000000008005e90      0x2cc Middlewares/FreeRTOS/queue.o
                0x0000000008005e90                xQueueGenericSend
 .text.xQueueCreateMutex
                0x000000000800615c       0x68 Middlewares/FreeRTOS/queue.o
                0x000000000800615c                xQueueCreateMutex
 .text.xQueueGenericSendFromISR
                0x00000000080061c4       0xe0 Middlewares/FreeRTOS/queue.o
                0x00000000080061c4                xQueueGenericSendFromISR
 .text.xQueueGenericReceive
                0x00000000080062a4      0x2d4 Middlewares/FreeRTOS/queue.o
                0x00000000080062a4                xQueueGenericReceive
 .text.prvAddCurrentTaskToDelayedList
                0x0000000008006578       0x8c Middlewares/FreeRTOS/tasks.o
 .text.xTaskCreate
                0x0000000008006604      0x260 Middlewares/FreeRTOS/tasks.o
                0x0000000008006604                xTaskCreate
 .text.vTaskStartScheduler
                0x0000000008006864       0x80 Middlewares/FreeRTOS/tasks.o
                0x0000000008006864                vTaskStartScheduler
 .text.vTaskSuspendAll
                0x00000000080068e4       0x10 Middlewares/FreeRTOS/tasks.o
                0x00000000080068e4                vTaskSuspendAll
 .text.xTaskIncrementTick
                0x00000000080068f4      0x160 Middlewares/FreeRTOS/tasks.o
                0x00000000080068f4                xTaskIncrementTick
 .text.xTaskResumeAll
                0x0000000008006a54      0x120 Middlewares/FreeRTOS/tasks.o
                0x0000000008006a54                xTaskResumeAll
 .text.vTaskDelay
                0x0000000008006b74       0x50 Middlewares/FreeRTOS/tasks.o
                0x0000000008006b74                vTaskDelay
 .text.prvIdleTask
                0x0000000008006bc4       0x90 Middlewares/FreeRTOS/tasks.o
 .text.vTaskSwitchContext
                0x0000000008006c54       0x7c Middlewares/FreeRTOS/tasks.o
                0x0000000008006c54                vTaskSwitchContext
 .text.vTaskPlaceOnEventList
                0x0000000008006cd0       0xa8 Middlewares/FreeRTOS/tasks.o
                0x0000000008006cd0                vTaskPlaceOnEventList
 .text.xTaskRemoveFromEventList
                0x0000000008006d78       0x90 Middlewares/FreeRTOS/tasks.o
                0x0000000008006d78                xTaskRemoveFromEventList
 .text.vTaskSetTimeOutState
                0x0000000008006e08       0x30 Middlewares/FreeRTOS/tasks.o
                0x0000000008006e08                vTaskSetTimeOutState
 .text.xTaskCheckForTimeOut
                0x0000000008006e38       0x90 Middlewares/FreeRTOS/tasks.o
                0x0000000008006e38                xTaskCheckForTimeOut
 .text.vTaskMissedYield
                0x0000000008006ec8        0xc Middlewares/FreeRTOS/tasks.o
                0x0000000008006ec8                vTaskMissedYield
 .text.xTaskGetSchedulerState
                0x0000000008006ed4       0x20 Middlewares/FreeRTOS/tasks.o
                0x0000000008006ed4                xTaskGetSchedulerState
 .text.vTaskPriorityInherit
                0x0000000008006ef4       0x9c Middlewares/FreeRTOS/tasks.o
                0x0000000008006ef4                vTaskPriorityInherit
 .text.xTaskPriorityDisinherit
                0x0000000008006f90       0xbc Middlewares/FreeRTOS/tasks.o
                0x0000000008006f90                xTaskPriorityDisinherit
 .text.pvTaskIncrementMutexHeldCount
                0x000000000800704c       0x18 Middlewares/FreeRTOS/tasks.o
                0x000000000800704c                pvTaskIncrementMutexHeldCount
 *fill*         0x0000000008007064        0x4 
 .text.cos      0x0000000008007068       0x78 /home/chen/IDEs/TrueStudio/ARMTools/bin/../lib/gcc/arm-atollic-eabi/6.3.1/../../../../arm-atollic-eabi/lib/armv7e-m/fpu/fpv5-d16/libm.a(lib_a-s_cos.o)
                0x0000000008007068                cos
 .text.sin      0x00000000080070e0       0x78 /home/chen/IDEs/TrueStudio/ARMTools/bin/../lib/gcc/arm-atollic-eabi/6.3.1/../../../../arm-atollic-eabi/lib/armv7e-m/fpu/fpv5-d16/libm.a(lib_a-s_sin.o)
                0x00000000080070e0                sin
 .text.__ieee754_rem_pio2
                0x0000000008007158      0x280 /home/chen/IDEs/TrueStudio/ARMTools/bin/../lib/gcc/arm-atollic-eabi/6.3.1/../../../../arm-atollic-eabi/lib/armv7e-m/fpu/fpv5-d16/libm.a(lib_a-e_rem_pio2.o)
                0x0000000008007158                __ieee754_rem_pio2
 .text.__kernel_cos
                0x00000000080073d8       0xd8 /home/chen/IDEs/TrueStudio/ARMTools/bin/../lib/gcc/arm-atollic-eabi/6.3.1/../../../../arm-atollic-eabi/lib/armv7e-m/fpu/fpv5-d16/libm.a(lib_a-k_cos.o)
                0x00000000080073d8                __kernel_cos
 .text.__kernel_rem_pio2
                0x00000000080074b0      0x4e8 /home/chen/IDEs/TrueStudio/ARMTools/bin/../lib/gcc/arm-atollic-eabi/6.3.1/../../../../arm-atollic-eabi/lib/armv7e-m/fpu/fpv5-d16/libm.a(lib_a-k_rem_pio2.o)
                0x00000000080074b0                __kernel_rem_pio2
 .text.__kernel_sin
                0x0000000008007998       0xb0 /home/chen/IDEs/TrueStudio/ARMTools/bin/../lib/gcc/arm-atollic-eabi/6.3.1/../../../../arm-atollic-eabi/lib/armv7e-m/fpu/fpv5-d16/libm.a(lib_a-k_sin.o)
                0x0000000008007998                __kernel_sin
 .text.fabs     0x0000000008007a48        0xe /home/chen/IDEs/TrueStudio/ARMTools/bin/../lib/gcc/arm-atollic-eabi/6.3.1/../../../../arm-atollic-eabi/lib/armv7e-m/fpu/fpv5-d16/libm.a(lib_a-s_fabs.o)
                0x0000000008007a48                fabs
 *fill*         0x0000000008007a56        0x2 
 .text.floor    0x0000000008007a58       0xf0 /home/chen/IDEs/TrueStudio/ARMTools/bin/../lib/gcc/arm-atollic-eabi/6.3.1/../../../../arm-atollic-eabi/lib/armv7e-m/fpu/fpv5-d16/libm.a(lib_a-s_floor.o)
                0x0000000008007a58                floor
 .text.scalbn   0x0000000008007b48       0xfc /home/chen/IDEs/TrueStudio/ARMTools/bin/../lib/gcc/arm-atollic-eabi/6.3.1/../../../../arm-atollic-eabi/lib/armv7e-m/fpu/fpv5-d16/libm.a(lib_a-s_scalbn.o)
                0x0000000008007b48                scalbn
 .text.copysign
                0x0000000008007c44       0x1a /home/chen/IDEs/TrueStudio/ARMTools/bin/../lib/gcc/arm-atollic-eabi/6.3.1/../../../../arm-atollic-eabi/lib/armv7e-m/fpu/fpv5-d16/libm.a(lib_a-s_copysign.o)
                0x0000000008007c44                copysign
 *fill*         0x0000000008007c5e        0x2 
 .text.__libc_init_array
                0x0000000008007c60       0x48 /home/chen/IDEs/TrueStudio/ARMTools/bin/../lib/gcc/arm-atollic-eabi/6.3.1/../../../../arm-atollic-eabi/lib/armv7e-m/fpu/fpv5-d16/libc_nano.a(lib_a-init.o)
                0x0000000008007c60                __libc_init_array
 .text.memcpy   0x0000000008007ca8       0x16 /home/chen/IDEs/TrueStudio/ARMTools/bin/../lib/gcc/arm-atollic-eabi/6.3.1/../../../../arm-atollic-eabi/lib/armv7e-m/fpu/fpv5-d16/libc_nano.a(lib_a-memcpy-stub.o)
                0x0000000008007ca8                memcpy
 .text.memset   0x0000000008007cbe       0x10 /home/chen/IDEs/TrueStudio/ARMTools/bin/../lib/gcc/arm-atollic-eabi/6.3.1/../../../../arm-atollic-eabi/lib/armv7e-m/fpu/fpv5-d16/libc_nano.a(lib_a-memset.o)
                0x0000000008007cbe                memset
 *(.glue_7)
 .glue_7        0x0000000008007cce        0x0 linker stubs
 *(.glue_7t)
 .glue_7t       0x0000000008007cce        0x0 linker stubs
 *(.eh_frame)
 *fill*         0x0000000008007cce        0x2 
 .eh_frame      0x0000000008007cd0        0x0 /home/chen/IDEs/TrueStudio/ARMTools/bin/../lib/gcc/arm-atollic-eabi/6.3.1/armv7e-m/fpu/fpv5-d16/crtbegin.o
 *(.init)
 .init          0x0000000008007cd0        0x4 /home/chen/IDEs/TrueStudio/ARMTools/bin/../lib/gcc/arm-atollic-eabi/6.3.1/armv7e-m/fpu/fpv5-d16/crti.o
                0x0000000008007cd0                _init
 .init          0x0000000008007cd4        0x8 /home/chen/IDEs/TrueStudio/ARMTools/bin/../lib/gcc/arm-atollic-eabi/6.3.1/armv7e-m/fpu/fpv5-d16/crtn.o
 *(.fini)
 .fini          0x0000000008007cdc        0x4 /home/chen/IDEs/TrueStudio/ARMTools/bin/../lib/gcc/arm-atollic-eabi/6.3.1/armv7e-m/fpu/fpv5-d16/crti.o
                0x0000000008007cdc                _fini
 .fini          0x0000000008007ce0        0x8 /home/chen/IDEs/TrueStudio/ARMTools/bin/../lib/gcc/arm-atollic-eabi/6.3.1/armv7e-m/fpu/fpv5-d16/crtn.o
                0x0000000008007ce8                . = ALIGN (0x4)
                0x0000000008007ce8                _etext = .

.vfp11_veneer   0x0000000008007ce8        0x0
 .vfp11_veneer  0x0000000008007ce8        0x0 linker stubs

.v4_bx          0x0000000008007ce8        0x0
 .v4_bx         0x0000000008007ce8        0x0 linker stubs

.iplt           0x0000000008007ce8        0x0
 .iplt          0x0000000008007ce8        0x0 /home/chen/IDEs/TrueStudio/ARMTools/bin/../lib/gcc/arm-atollic-eabi/6.3.1/armv7e-m/fpu/fpv5-d16/crtbegin.o

.rodata         0x0000000008007ce8      0x3f8
                0x0000000008007ce8                . = ALIGN (0x4)
 *(.rodata)
 .rodata        0x0000000008007ce8       0x30 Application/User/Idletasks/idletasks.o
 .rodata        0x0000000008007d18       0xb4 Application/User/freertos.o
 *(.rodata*)
 .rodata.HAL_UART_ErrorCallback.str1.4
                0x0000000008007dcc       0x19 Application/User/ISRs/isrSensors.o
 *fill*         0x0000000008007de5        0x3 
 .rodata.MX_DFSDM1_Init.str1.4
                0x0000000008007de8       0x15 Application/User/dfsdm.o
 *fill*         0x0000000008007dfd        0x3 
 .rodata.str1.4
                0x0000000008007e00       0x60 Application/User/freertos.o
 .rodata.MX_I2C4_Init.str1.4
                0x0000000008007e60       0x13 Application/User/i2c.o
 *fill*         0x0000000008007e73        0x1 
 .rodata.MX_SPI1_Init.str1.4
                0x0000000008007e74       0x13 Application/User/spi.o
 *fill*         0x0000000008007e87        0x1 
 .rodata.MX_TIM1_Init.str1.4
                0x0000000008007e88       0x13 Application/User/tim.o
 *fill*         0x0000000008007e9b        0x1 
 .rodata.MX_UART4_Init.str1.4
                0x0000000008007e9c       0x15 Application/User/usart.o
 *fill*         0x0000000008007eb1        0x3 
 .rodata.MX_USB_OTG_HS_PCD_Init.str1.4
                0x0000000008007eb4       0x17 Application/User/usb_otg.o
 *fill*         0x0000000008007ecb        0x1 
 .rodata.AHBPrescTable
                0x0000000008007ecc       0x10 Drivers/CMSIS/system_stm32f7xx.o
                0x0000000008007ecc                AHBPrescTable
 .rodata.APBPrescTable
                0x0000000008007edc        0x8 Drivers/CMSIS/system_stm32f7xx.o
                0x0000000008007edc                APBPrescTable
 .rodata.flagBitshiftOffset.10274
                0x0000000008007ee4        0x8 Drivers/STM32F7xx_HAL_Driver/stm32f7xx_hal_dma.o
 .rodata.CSWTCH.38
                0x0000000008007eec        0x4 Drivers/STM32F7xx_HAL_Driver/stm32f7xx_hal_uart.o
 .rodata.CSWTCH.39
                0x0000000008007ef0        0xd Drivers/STM32F7xx_HAL_Driver/stm32f7xx_hal_uart.o
 *fill*         0x0000000008007efd        0x3 
 .rodata.vTaskStartScheduler.str1.4
                0x0000000008007f00        0x8 Middlewares/FreeRTOS/tasks.o
                                          0x5 (size before relaxing)
 .rodata.npio2_hw
                0x0000000008007f08       0x80 /home/chen/IDEs/TrueStudio/ARMTools/bin/../lib/gcc/arm-atollic-eabi/6.3.1/../../../../arm-atollic-eabi/lib/armv7e-m/fpu/fpv5-d16/libm.a(lib_a-e_rem_pio2.o)
 .rodata.two_over_pi
                0x0000000008007f88      0x108 /home/chen/IDEs/TrueStudio/ARMTools/bin/../lib/gcc/arm-atollic-eabi/6.3.1/../../../../arm-atollic-eabi/lib/armv7e-m/fpu/fpv5-d16/libm.a(lib_a-e_rem_pio2.o)
 .rodata.PIo2   0x0000000008008090       0x40 /home/chen/IDEs/TrueStudio/ARMTools/bin/../lib/gcc/arm-atollic-eabi/6.3.1/../../../../arm-atollic-eabi/lib/armv7e-m/fpu/fpv5-d16/libm.a(lib_a-k_rem_pio2.o)
 .rodata.init_jk
                0x00000000080080d0       0x10 /home/chen/IDEs/TrueStudio/ARMTools/bin/../lib/gcc/arm-atollic-eabi/6.3.1/../../../../arm-atollic-eabi/lib/armv7e-m/fpu/fpv5-d16/libm.a(lib_a-k_rem_pio2.o)
                0x00000000080080e0                . = ALIGN (0x4)

.rel.dyn        0x00000000080080e0        0x0
 .rel.iplt      0x00000000080080e0        0x0 /home/chen/IDEs/TrueStudio/ARMTools/bin/../lib/gcc/arm-atollic-eabi/6.3.1/armv7e-m/fpu/fpv5-d16/crtbegin.o

.ARM.extab
 *(.ARM.extab* .gnu.linkonce.armextab.*)

.ARM            0x00000000080080e0        0x0
                0x00000000080080e0                __exidx_start = .
 *(.ARM.exidx*)
                0x00000000080080e0                __exidx_end = .

.preinit_array  0x00000000080080e0        0x0
                0x00000000080080e0                PROVIDE (__preinit_array_start, .)
 *(.preinit_array*)
                0x00000000080080e0                PROVIDE (__preinit_array_end, .)

.init_array     0x00000000080080e0        0x4
                0x00000000080080e0                PROVIDE (__init_array_start, .)
 *(SORT(.init_array.*))
 *(.init_array*)
 .init_array    0x00000000080080e0        0x4 /home/chen/IDEs/TrueStudio/ARMTools/bin/../lib/gcc/arm-atollic-eabi/6.3.1/armv7e-m/fpu/fpv5-d16/crtbegin.o
                0x00000000080080e4                PROVIDE (__init_array_end, .)

.fini_array     0x00000000080080e4        0x4
                [!provide]                        PROVIDE (__fini_array_start, .)
 *(SORT(.fini_array.*))
 *(.fini_array*)
 .fini_array    0x00000000080080e4        0x4 /home/chen/IDEs/TrueStudio/ARMTools/bin/../lib/gcc/arm-atollic-eabi/6.3.1/armv7e-m/fpu/fpv5-d16/crtbegin.o
                [!provide]                        PROVIDE (__fini_array_end, .)
                0x00000000080080e8                _sidata = LOADADDR (.data)

.data           0x0000000020000000       0x18 load address 0x00000000080080e8
                0x0000000020000000                . = ALIGN (0x4)
                0x0000000020000000                _sdata = .
 *(.data)
 *(.data*)
 .data.enchall  0x0000000020000000       0x10 Application/User/ISRs/isrSensors.o
 .data.SystemCoreClock
                0x0000000020000010        0x4 Drivers/CMSIS/system_stm32f7xx.o
                0x0000000020000010                SystemCoreClock
 .data.uxCriticalNesting
                0x0000000020000014        0x4 Middlewares/FreeRTOS/port.o
                0x0000000020000018                . = ALIGN (0x4)
                0x0000000020000018                _edata = .

.igot.plt       0x0000000020000018        0x0 load address 0x0000000008008100
 .igot.plt      0x0000000020000018        0x0 /home/chen/IDEs/TrueStudio/ARMTools/bin/../lib/gcc/arm-atollic-eabi/6.3.1/armv7e-m/fpu/fpv5-d16/crtbegin.o
                0x0000000020000018                . = ALIGN (0x4)

.bss            0x0000000020000018     0x47c0 load address 0x0000000008008100
                0x0000000020000018                _sbss = .
                0x0000000020000018                __bss_start__ = _sbss
 *(.bss)
 .bss           0x0000000020000018       0x1c /home/chen/IDEs/TrueStudio/ARMTools/bin/../lib/gcc/arm-atollic-eabi/6.3.1/armv7e-m/fpu/fpv5-d16/crtbegin.o
 *(.bss*)
 .bss.flag      0x0000000020000034        0x1 Application/User/ISRs/isrSensors.o
 *fill*         0x0000000020000035        0x1 
 .bss.last5bitsdata
                0x0000000020000036        0x2 Application/User/ISRs/isrSensors.o
 .bss.motorcurrent
                0x0000000020000038       0x14 Application/User/ISRs/isrSensors.o
 .bss.xHigherPriorityTaskWoken.10943
                0x000000002000004c        0x4 Application/User/ISRs/isrSensors.o
 .bss.DFSDM1_Init
                0x0000000020000050        0x4 Application/User/dfsdm.o
 .bss.HAL_RCC_DFSDM1_CLK_ENABLED
                0x0000000020000054        0x4 Application/User/dfsdm.o
 .bss.a_dfsdm1ChannelHandle
                0x0000000020000058       0x20 Drivers/STM32F7xx_HAL_Driver/stm32f7xx_hal_dfsdm.o
                0x0000000020000058                a_dfsdm1ChannelHandle
 .bss.v_dfsdm1ChannelCounter
                0x0000000020000078        0x4 Drivers/STM32F7xx_HAL_Driver/stm32f7xx_hal_dfsdm.o
                0x0000000020000078                v_dfsdm1ChannelCounter
 .bss.pxEnd     0x000000002000007c        0x4 Middlewares/FreeRTOS/heap_4.o
 .bss.ucHeap    0x0000000020000080     0x3c00 Middlewares/FreeRTOS/heap_4.o
 .bss.xBlockAllocatedBit
                0x0000000020003c80        0x4 Middlewares/FreeRTOS/heap_4.o
 .bss.xFreeBytesRemaining
                0x0000000020003c84        0x4 Middlewares/FreeRTOS/heap_4.o
 .bss.xMinimumEverFreeBytesRemaining
                0x0000000020003c88        0x4 Middlewares/FreeRTOS/heap_4.o
 .bss.xStart    0x0000000020003c8c        0x8 Middlewares/FreeRTOS/heap_4.o
 .bss.ucMaxSysCallPriority
                0x0000000020003c94        0x1 Middlewares/FreeRTOS/port.o
 *fill*         0x0000000020003c95        0x3 
 .bss.ulMaxPRIGROUPValue
                0x0000000020003c98        0x4 Middlewares/FreeRTOS/port.o
 .bss.pxCurrentTCB
                0x0000000020003c9c        0x4 Middlewares/FreeRTOS/tasks.o
                0x0000000020003c9c                pxCurrentTCB
 .bss.pxDelayedTaskList
                0x0000000020003ca0        0x4 Middlewares/FreeRTOS/tasks.o
 .bss.pxOverflowDelayedTaskList
                0x0000000020003ca4        0x4 Middlewares/FreeRTOS/tasks.o
 .bss.pxReadyTasksLists
                0x0000000020003ca8       0x8c Middlewares/FreeRTOS/tasks.o
 .bss.uxCurrentNumberOfTasks
                0x0000000020003d34        0x4 Middlewares/FreeRTOS/tasks.o
 .bss.uxDeletedTasksWaitingCleanUp
                0x0000000020003d38        0x4 Middlewares/FreeRTOS/tasks.o
 .bss.uxPendedTicks
                0x0000000020003d3c        0x4 Middlewares/FreeRTOS/tasks.o
 .bss.uxSchedulerSuspended
                0x0000000020003d40        0x4 Middlewares/FreeRTOS/tasks.o
 .bss.uxTaskNumber
                0x0000000020003d44        0x4 Middlewares/FreeRTOS/tasks.o
 .bss.uxTopReadyPriority
                0x0000000020003d48        0x4 Middlewares/FreeRTOS/tasks.o
 .bss.xDelayedTaskList1
                0x0000000020003d4c       0x14 Middlewares/FreeRTOS/tasks.o
 .bss.xDelayedTaskList2
                0x0000000020003d60       0x14 Middlewares/FreeRTOS/tasks.o
 .bss.xIdleTaskHandle
                0x0000000020003d74        0x4 Middlewares/FreeRTOS/tasks.o
 .bss.xNextTaskUnblockTime
                0x0000000020003d78        0x4 Middlewares/FreeRTOS/tasks.o
 .bss.xNumOfOverflows
                0x0000000020003d7c        0x4 Middlewares/FreeRTOS/tasks.o
 .bss.xPendingReadyList
                0x0000000020003d80       0x14 Middlewares/FreeRTOS/tasks.o
 .bss.xSchedulerRunning
                0x0000000020003d94        0x4 Middlewares/FreeRTOS/tasks.o
 .bss.xSuspendedTaskList
                0x0000000020003d98       0x14 Middlewares/FreeRTOS/tasks.o
 .bss.xTasksWaitingTermination
                0x0000000020003dac       0x14 Middlewares/FreeRTOS/tasks.o
 .bss.xTickCount
                0x0000000020003dc0        0x4 Middlewares/FreeRTOS/tasks.o
 .bss.xYieldPending
                0x0000000020003dc4        0x4 Middlewares/FreeRTOS/tasks.o
 *(COMMON)
 COMMON         0x0000000020003dc8        0xe Application/User/ISRs/isrSensors.o
                0x0000000020003dc8                enchall_buff
                0x0000000020003dd0                order_buff
 *fill*         0x0000000020003dd6        0x2 
 COMMON         0x0000000020003dd8      0x1d8 Application/User/dfsdm.o
                0x0000000020003dd8                hdfsdm1_filter0
                0x0000000020003e2c                hdfsdm1_channel3
                0x0000000020003e64                hdma_dfsdm1_flt1
                0x0000000020003ec4                hdma_dfsdm1_flt0
                0x0000000020003f24                hdfsdm1_filter1
                0x0000000020003f78                hdfsdm1_channel0
 COMMON         0x0000000020003fb0       0x34 Application/User/freertos.o
                0x0000000020003fb0                conresQueueHandle
                0x0000000020003fb4                buzzertoneTaskHandle
                0x0000000020003fb8                buzzerQueueHandle
                0x0000000020003fbc                rythmQueueHandle
                0x0000000020003fc0                enchallTaskHandle
                0x0000000020003fc4                buzzerMutexHandle
                0x0000000020003fc8                enchallQueueHandle
                0x0000000020003fcc                controlTaskHandle
                0x0000000020003fd0                ledgreenTaskHandle
                0x0000000020003fd4                ledblueTaskHandle
                0x0000000020003fd8                shuntQueueHandle
                0x0000000020003fdc                iwdgTaskHandle
                0x0000000020003fe0                buzzerrythmTaskHandle
 COMMON         0x0000000020003fe4       0x4c Application/User/i2c.o
                0x0000000020003fe4                hi2c4
 COMMON         0x0000000020004030       0x64 Application/User/spi.o
                0x0000000020004030                hspi1
 COMMON         0x0000000020004094       0x40 Application/User/stm32f7xx_hal_timebase_TIM.o
                0x0000000020004094                htim4
 COMMON         0x00000000200040d4       0x80 Application/User/tim.o
                0x00000000200040d4                htim1
                0x0000000020004114                htim2
 COMMON         0x0000000020004154      0x280 Application/User/usart.o
                0x0000000020004154                hdma_uart4_rx
                0x00000000200041b4                huart3
                0x0000000020004224                hdma_usart1_rx
                0x0000000020004284                huart1
                0x00000000200042f4                huart8
                0x0000000020004364                huart4
 COMMON         0x00000000200043d4      0x400 Application/User/usb_otg.o
                0x00000000200043d4                hpcd_USB_OTG_HS
 COMMON         0x00000000200047d4        0x4 Drivers/STM32F7xx_HAL_Driver/stm32f7xx_hal.o
                0x00000000200047d4                uwTick
                0x00000000200047d8                . = ALIGN (0x4)
                0x00000000200047d8                _ebss = .
                0x00000000200047d8                __bss_end__ = _ebss

._user_heap_stack
                0x00000000200047d8      0x600 load address 0x0000000008008100
                0x00000000200047d8                . = ALIGN (0x4)
                [!provide]                        PROVIDE (end, .)
                [!provide]                        PROVIDE (_end, .)
                0x00000000200049d8                . = (. + _Min_Heap_Size)
 *fill*         0x00000000200047d8      0x200 
                0x0000000020004dd8                . = (. + _Min_Stack_Size)
 *fill*         0x00000000200049d8      0x400 
                0x0000000020004dd8                . = ALIGN (0x4)

/DISCARD/
 libc.a(*)
 libm.a(*)
 libgcc.a(*)

.ARM.attributes
                0x0000000000000000       0x2e
 *(.ARM.attributes)
 .ARM.attributes
                0x0000000000000000       0x20 /home/chen/IDEs/TrueStudio/ARMTools/bin/../lib/gcc/arm-atollic-eabi/6.3.1/armv7e-m/fpu/fpv5-d16/crti.o
 .ARM.attributes
                0x0000000000000020       0x32 /home/chen/IDEs/TrueStudio/ARMTools/bin/../lib/gcc/arm-atollic-eabi/6.3.1/armv7e-m/fpu/fpv5-d16/crtbegin.o
 .ARM.attributes
                0x0000000000000052       0x21 Application/TrueSTUDIO/startup_stm32f765xx.o
 .ARM.attributes
                0x0000000000000073       0x33 Application/User/Foc/controlFoc.o
 .ARM.attributes
                0x00000000000000a6       0x33 Application/User/ISRs/isrSensors.o
 .ARM.attributes
                0x00000000000000d9       0x33 Application/User/Idletasks/idletasks.o
 .ARM.attributes
                0x000000000000010c       0x33 Application/User/SYSINIT/sysinitial.o
 .ARM.attributes
                0x000000000000013f       0x33 Application/User/debug/datatraceDebug.o
 .ARM.attributes
                0x0000000000000172       0x33 Application/User/dfsdm.o
 .ARM.attributes
                0x00000000000001a5       0x33 Application/User/dma.o
 .ARM.attributes
                0x00000000000001d8       0x33 Application/User/freertos.o
 .ARM.attributes
                0x000000000000020b       0x33 Application/User/gpio.o
 .ARM.attributes
                0x000000000000023e       0x33 Application/User/i2c.o
 .ARM.attributes
                0x0000000000000271       0x33 Application/User/main.o
 .ARM.attributes
                0x00000000000002a4       0x33 Application/User/spi.o
 .ARM.attributes
                0x00000000000002d7       0x33 Application/User/stm32f7xx_hal_msp.o
 .ARM.attributes
                0x000000000000030a       0x33 Application/User/stm32f7xx_hal_timebase_TIM.o
 .ARM.attributes
                0x000000000000033d       0x33 Application/User/stm32f7xx_it.o
 .ARM.attributes
                0x0000000000000370       0x33 Application/User/tim.o
 .ARM.attributes
                0x00000000000003a3       0x33 Application/User/usart.o
 .ARM.attributes
                0x00000000000003d6       0x33 Application/User/usb_otg.o
 .ARM.attributes
                0x0000000000000409       0x33 Drivers/CMSIS/system_stm32f7xx.o
 .ARM.attributes
                0x000000000000043c       0x33 Drivers/STM32F7xx_HAL_Driver/stm32f7xx_hal.o
 .ARM.attributes
                0x000000000000046f       0x33 Drivers/STM32F7xx_HAL_Driver/stm32f7xx_hal_cortex.o
 .ARM.attributes
                0x00000000000004a2       0x33 Drivers/STM32F7xx_HAL_Driver/stm32f7xx_hal_dfsdm.o
 .ARM.attributes
                0x00000000000004d5       0x33 Drivers/STM32F7xx_HAL_Driver/stm32f7xx_hal_dma.o
 .ARM.attributes
                0x0000000000000508       0x33 Drivers/STM32F7xx_HAL_Driver/stm32f7xx_hal_gpio.o
 .ARM.attributes
                0x000000000000053b       0x33 Drivers/STM32F7xx_HAL_Driver/stm32f7xx_hal_i2c.o
 .ARM.attributes
                0x000000000000056e       0x33 Drivers/STM32F7xx_HAL_Driver/stm32f7xx_hal_i2c_ex.o
 .ARM.attributes
                0x00000000000005a1       0x33 Drivers/STM32F7xx_HAL_Driver/stm32f7xx_hal_pcd.o
 .ARM.attributes
                0x00000000000005d4       0x33 Drivers/STM32F7xx_HAL_Driver/stm32f7xx_hal_pcd_ex.o
 .ARM.attributes
                0x0000000000000607       0x33 Drivers/STM32F7xx_HAL_Driver/stm32f7xx_hal_pwr_ex.o
 .ARM.attributes
                0x000000000000063a       0x33 Drivers/STM32F7xx_HAL_Driver/stm32f7xx_hal_rcc.o
 .ARM.attributes
                0x000000000000066d       0x33 Drivers/STM32F7xx_HAL_Driver/stm32f7xx_hal_rcc_ex.o
 .ARM.attributes
                0x00000000000006a0       0x33 Drivers/STM32F7xx_HAL_Driver/stm32f7xx_hal_spi.o
 .ARM.attributes
                0x00000000000006d3       0x33 Drivers/STM32F7xx_HAL_Driver/stm32f7xx_hal_tim.o
 .ARM.attributes
                0x0000000000000706       0x33 Drivers/STM32F7xx_HAL_Driver/stm32f7xx_hal_tim_ex.o
 .ARM.attributes
                0x0000000000000739       0x33 Drivers/STM32F7xx_HAL_Driver/stm32f7xx_hal_uart.o
 .ARM.attributes
                0x000000000000076c       0x33 Drivers/STM32F7xx_HAL_Driver/stm32f7xx_ll_usb.o
 .ARM.attributes
                0x000000000000079f       0x33 Middlewares/FreeRTOS/cmsis_os.o
 .ARM.attributes
                0x00000000000007d2       0x33 Middlewares/FreeRTOS/heap_4.o
 .ARM.attributes
                0x0000000000000805       0x33 Middlewares/FreeRTOS/list.o
 .ARM.attributes
                0x0000000000000838       0x33 Middlewares/FreeRTOS/port.o
 .ARM.attributes
                0x000000000000086b       0x33 Middlewares/FreeRTOS/queue.o
 .ARM.attributes
                0x000000000000089e       0x33 Middlewares/FreeRTOS/tasks.o
 .ARM.attributes
                0x00000000000008d1       0x32 /home/chen/IDEs/TrueStudio/ARMTools/bin/../lib/gcc/arm-atollic-eabi/6.3.1/../../../../arm-atollic-eabi/lib/armv7e-m/fpu/fpv5-d16/libm.a(lib_a-s_cos.o)
 .ARM.attributes
                0x0000000000000903       0x32 /home/chen/IDEs/TrueStudio/ARMTools/bin/../lib/gcc/arm-atollic-eabi/6.3.1/../../../../arm-atollic-eabi/lib/armv7e-m/fpu/fpv5-d16/libm.a(lib_a-s_sin.o)
 .ARM.attributes
                0x0000000000000935       0x32 /home/chen/IDEs/TrueStudio/ARMTools/bin/../lib/gcc/arm-atollic-eabi/6.3.1/../../../../arm-atollic-eabi/lib/armv7e-m/fpu/fpv5-d16/libm.a(lib_a-e_rem_pio2.o)
 .ARM.attributes
                0x0000000000000967       0x32 /home/chen/IDEs/TrueStudio/ARMTools/bin/../lib/gcc/arm-atollic-eabi/6.3.1/../../../../arm-atollic-eabi/lib/armv7e-m/fpu/fpv5-d16/libm.a(lib_a-k_cos.o)
 .ARM.attributes
                0x0000000000000999       0x32 /home/chen/IDEs/TrueStudio/ARMTools/bin/../lib/gcc/arm-atollic-eabi/6.3.1/../../../../arm-atollic-eabi/lib/armv7e-m/fpu/fpv5-d16/libm.a(lib_a-k_rem_pio2.o)
 .ARM.attributes
                0x00000000000009cb       0x32 /home/chen/IDEs/TrueStudio/ARMTools/bin/../lib/gcc/arm-atollic-eabi/6.3.1/../../../../arm-atollic-eabi/lib/armv7e-m/fpu/fpv5-d16/libm.a(lib_a-k_sin.o)
 .ARM.attributes
                0x00000000000009fd       0x32 /home/chen/IDEs/TrueStudio/ARMTools/bin/../lib/gcc/arm-atollic-eabi/6.3.1/../../../../arm-atollic-eabi/lib/armv7e-m/fpu/fpv5-d16/libm.a(lib_a-s_fabs.o)
 .ARM.attributes
                0x0000000000000a2f       0x32 /home/chen/IDEs/TrueStudio/ARMTools/bin/../lib/gcc/arm-atollic-eabi/6.3.1/../../../../arm-atollic-eabi/lib/armv7e-m/fpu/fpv5-d16/libm.a(lib_a-s_floor.o)
 .ARM.attributes
                0x0000000000000a61       0x32 /home/chen/IDEs/TrueStudio/ARMTools/bin/../lib/gcc/arm-atollic-eabi/6.3.1/../../../../arm-atollic-eabi/lib/armv7e-m/fpu/fpv5-d16/libm.a(lib_a-s_scalbn.o)
 .ARM.attributes
                0x0000000000000a93       0x32 /home/chen/IDEs/TrueStudio/ARMTools/bin/../lib/gcc/arm-atollic-eabi/6.3.1/../../../../arm-atollic-eabi/lib/armv7e-m/fpu/fpv5-d16/libm.a(lib_a-s_copysign.o)
 .ARM.attributes
                0x0000000000000ac5       0x32 /home/chen/IDEs/TrueStudio/ARMTools/bin/../lib/gcc/arm-atollic-eabi/6.3.1/../../../../arm-atollic-eabi/lib/armv7e-m/fpu/fpv5-d16/libc_nano.a(lib_a-init.o)
 .ARM.attributes
                0x0000000000000af7       0x32 /home/chen/IDEs/TrueStudio/ARMTools/bin/../lib/gcc/arm-atollic-eabi/6.3.1/../../../../arm-atollic-eabi/lib/armv7e-m/fpu/fpv5-d16/libc_nano.a(lib_a-memcpy-stub.o)
 .ARM.attributes
                0x0000000000000b29       0x32 /home/chen/IDEs/TrueStudio/ARMTools/bin/../lib/gcc/arm-atollic-eabi/6.3.1/../../../../arm-atollic-eabi/lib/armv7e-m/fpu/fpv5-d16/libc_nano.a(lib_a-memset.o)
 .ARM.attributes
                0x0000000000000b5b       0x20 /home/chen/IDEs/TrueStudio/ARMTools/bin/../lib/gcc/arm-atollic-eabi/6.3.1/armv7e-m/fpu/fpv5-d16/crtn.o
OUTPUT(jsk_foc_f7.elf elf32-littlearm)

.debug_line     0x0000000000000000    0x12cdc
 .debug_line    0x0000000000000000       0x7a Application/TrueSTUDIO/startup_stm32f765xx.o
 .debug_line    0x000000000000007a      0x514 Application/User/Foc/controlFoc.o
 .debug_line    0x000000000000058e      0x50e Application/User/ISRs/isrSensors.o
 .debug_line    0x0000000000000a9c      0x465 Application/User/Idletasks/idletasks.o
 .debug_line    0x0000000000000f01      0x37f Application/User/SYSINIT/sysinitial.o
 .debug_line    0x0000000000001280      0x7eb Application/User/debug/datatraceDebug.o
 .debug_line    0x0000000000001a6b      0x3f5 Application/User/dfsdm.o
 .debug_line    0x0000000000001e60      0x283 Application/User/dma.o
 .debug_line    0x00000000000020e3      0x232 Application/User/freertos.o
 .debug_line    0x0000000000002315      0x26a Application/User/gpio.o
 .debug_line    0x000000000000257f      0x2fa Application/User/i2c.o
 .debug_line    0x0000000000002879      0x513 Application/User/main.o
 .debug_line    0x0000000000002d8c      0x309 Application/User/spi.o
 .debug_line    0x0000000000003095      0x244 Application/User/stm32f7xx_hal_msp.o
 .debug_line    0x00000000000032d9      0x2fc Application/User/stm32f7xx_hal_timebase_TIM.o
 .debug_line    0x00000000000035d5      0x351 Application/User/stm32f7xx_it.o
 .debug_line    0x0000000000003926      0x414 Application/User/tim.o
 .debug_line    0x0000000000003d3a      0x47a Application/User/usart.o
 .debug_line    0x00000000000041b4      0x309 Application/User/usb_otg.o
 .debug_line    0x00000000000044bd      0x23c Drivers/CMSIS/system_stm32f7xx.o
 .debug_line    0x00000000000046f9      0x44e Drivers/STM32F7xx_HAL_Driver/stm32f7xx_hal.o
 .debug_line    0x0000000000004b47      0x4db Drivers/STM32F7xx_HAL_Driver/stm32f7xx_hal_cortex.o
 .debug_line    0x0000000000005022      0xfb1 Drivers/STM32F7xx_HAL_Driver/stm32f7xx_hal_dfsdm.o
 .debug_line    0x0000000000005fd3      0x757 Drivers/STM32F7xx_HAL_Driver/stm32f7xx_hal_dma.o
 .debug_line    0x000000000000672a      0x4a3 Drivers/STM32F7xx_HAL_Driver/stm32f7xx_hal_gpio.o
 .debug_line    0x0000000000006bcd     0x2056 Drivers/STM32F7xx_HAL_Driver/stm32f7xx_hal_i2c.o
 .debug_line    0x0000000000008c23      0x382 Drivers/STM32F7xx_HAL_Driver/stm32f7xx_hal_i2c_ex.o
 .debug_line    0x0000000000008fa5      0x8e5 Drivers/STM32F7xx_HAL_Driver/stm32f7xx_hal_pcd.o
 .debug_line    0x000000000000988a      0x356 Drivers/STM32F7xx_HAL_Driver/stm32f7xx_hal_pcd_ex.o
 .debug_line    0x0000000000009be0      0x42a Drivers/STM32F7xx_HAL_Driver/stm32f7xx_hal_pwr_ex.o
 .debug_line    0x000000000000a00a      0x67e Drivers/STM32F7xx_HAL_Driver/stm32f7xx_hal_rcc.o
 .debug_line    0x000000000000a688      0x470 Drivers/STM32F7xx_HAL_Driver/stm32f7xx_hal_rcc_ex.o
 .debug_line    0x000000000000aaf8     0x128e Drivers/STM32F7xx_HAL_Driver/stm32f7xx_hal_spi.o
 .debug_line    0x000000000000bd86     0x1b93 Drivers/STM32F7xx_HAL_Driver/stm32f7xx_hal_tim.o
 .debug_line    0x000000000000d919      0xbdc Drivers/STM32F7xx_HAL_Driver/stm32f7xx_hal_tim_ex.o
 .debug_line    0x000000000000e4f5     0x1277 Drivers/STM32F7xx_HAL_Driver/stm32f7xx_hal_uart.o
 .debug_line    0x000000000000f76c      0xb32 Drivers/STM32F7xx_HAL_Driver/stm32f7xx_ll_usb.o
 .debug_line    0x000000000001029e      0xa3c Middlewares/FreeRTOS/cmsis_os.o
 .debug_line    0x0000000000010cda      0x3d5 Middlewares/FreeRTOS/heap_4.o
 .debug_line    0x00000000000110af      0x332 Middlewares/FreeRTOS/list.o
 .debug_line    0x00000000000113e1      0x33b Middlewares/FreeRTOS/port.o
 .debug_line    0x000000000001171c      0x8f0 Middlewares/FreeRTOS/queue.o
 .debug_line    0x000000000001200c      0xcd0 Middlewares/FreeRTOS/tasks.o

.debug_info     0x0000000000000000    0x44697
 .debug_info    0x0000000000000000       0x85 Application/TrueSTUDIO/startup_stm32f765xx.o
 .debug_info    0x0000000000000085     0x1b5a Application/User/Foc/controlFoc.o
 .debug_info    0x0000000000001bdf     0x17c6 Application/User/ISRs/isrSensors.o
 .debug_info    0x00000000000033a5     0x1594 Application/User/Idletasks/idletasks.o
 .debug_info    0x0000000000004939     0x218f Application/User/SYSINIT/sysinitial.o
 .debug_info    0x0000000000006ac8     0x1654 Application/User/debug/datatraceDebug.o
 .debug_info    0x000000000000811c     0x1798 Application/User/dfsdm.o
 .debug_info    0x00000000000098b4     0x1147 Application/User/dma.o
 .debug_info    0x000000000000a9fb      0x620 Application/User/freertos.o
 .debug_info    0x000000000000b01b      0xdaa Application/User/gpio.o
 .debug_info    0x000000000000bdc5     0x12fa Application/User/i2c.o
 .debug_info    0x000000000000d0bf     0x2fe7 Application/User/main.o
 .debug_info    0x00000000000100a6     0x1272 Application/User/spi.o
 .debug_info    0x0000000000011318      0xcf1 Application/User/stm32f7xx_hal_msp.o
 .debug_info    0x0000000000012009     0x14b9 Application/User/stm32f7xx_hal_timebase_TIM.o
 .debug_info    0x00000000000134c2      0xfab Application/User/stm32f7xx_it.o
 .debug_info    0x000000000001446d     0x1925 Application/User/tim.o
 .debug_info    0x0000000000015d92     0x156d Application/User/usart.o
 .debug_info    0x00000000000172ff     0x1281 Application/User/usb_otg.o
 .debug_info    0x0000000000018580      0xf05 Drivers/CMSIS/system_stm32f7xx.o
 .debug_info    0x0000000000019485     0x1266 Drivers/STM32F7xx_HAL_Driver/stm32f7xx_hal.o
 .debug_info    0x000000000001a6eb     0x1998 Drivers/STM32F7xx_HAL_Driver/stm32f7xx_hal_cortex.o
 .debug_info    0x000000000001c083     0x292f Drivers/STM32F7xx_HAL_Driver/stm32f7xx_hal_dfsdm.o
 .debug_info    0x000000000001e9b2     0x12f0 Drivers/STM32F7xx_HAL_Driver/stm32f7xx_hal_dma.o
 .debug_info    0x000000000001fca2      0xfbe Drivers/STM32F7xx_HAL_Driver/stm32f7xx_hal_gpio.o
 .debug_info    0x0000000000020c60     0x4bb6 Drivers/STM32F7xx_HAL_Driver/stm32f7xx_hal_i2c.o
 .debug_info    0x0000000000025816     0x11b6 Drivers/STM32F7xx_HAL_Driver/stm32f7xx_hal_i2c_ex.o
 .debug_info    0x00000000000269cc     0x1e1e Drivers/STM32F7xx_HAL_Driver/stm32f7xx_hal_pcd.o
 .debug_info    0x00000000000287ea      0xf76 Drivers/STM32F7xx_HAL_Driver/stm32f7xx_hal_pcd_ex.o
 .debug_info    0x0000000000029760     0x1228 Drivers/STM32F7xx_HAL_Driver/stm32f7xx_hal_pwr_ex.o
 .debug_info    0x000000000002a988     0x134c Drivers/STM32F7xx_HAL_Driver/stm32f7xx_hal_rcc.o
 .debug_info    0x000000000002bcd4      0xf46 Drivers/STM32F7xx_HAL_Driver/stm32f7xx_hal_rcc_ex.o
 .debug_info    0x000000000002cc1a     0x3376 Drivers/STM32F7xx_HAL_Driver/stm32f7xx_hal_spi.o
 .debug_info    0x000000000002ff90     0x445a Drivers/STM32F7xx_HAL_Driver/stm32f7xx_hal_tim.o
 .debug_info    0x00000000000343ea     0x211e Drivers/STM32F7xx_HAL_Driver/stm32f7xx_hal_tim_ex.o
 .debug_info    0x0000000000036508     0x28b3 Drivers/STM32F7xx_HAL_Driver/stm32f7xx_hal_uart.o
 .debug_info    0x0000000000038dbb     0x2331 Drivers/STM32F7xx_HAL_Driver/stm32f7xx_ll_usb.o
 .debug_info    0x000000000003b0ec     0x295e Middlewares/FreeRTOS/cmsis_os.o
 .debug_info    0x000000000003da4a      0xc5c Middlewares/FreeRTOS/heap_4.o
 .debug_info    0x000000000003e6a6      0xabe Middlewares/FreeRTOS/list.o
 .debug_info    0x000000000003f164      0x4e8 Middlewares/FreeRTOS/port.o
 .debug_info    0x000000000003f64c     0x242a Middlewares/FreeRTOS/queue.o
 .debug_info    0x0000000000041a76     0x2c21 Middlewares/FreeRTOS/tasks.o

.debug_abbrev   0x0000000000000000     0x7605
 .debug_abbrev  0x0000000000000000       0x12 Application/TrueSTUDIO/startup_stm32f765xx.o
 .debug_abbrev  0x0000000000000012      0x2dd Application/User/Foc/controlFoc.o
 .debug_abbrev  0x00000000000002ef      0x267 Application/User/ISRs/isrSensors.o
 .debug_abbrev  0x0000000000000556      0x265 Application/User/Idletasks/idletasks.o
 .debug_abbrev  0x00000000000007bb      0x21a Application/User/SYSINIT/sysinitial.o
 .debug_abbrev  0x00000000000009d5      0x225 Application/User/debug/datatraceDebug.o
 .debug_abbrev  0x0000000000000bfa      0x27b Application/User/dfsdm.o
 .debug_abbrev  0x0000000000000e75      0x200 Application/User/dma.o
 .debug_abbrev  0x0000000000001075      0x17b Application/User/freertos.o
 .debug_abbrev  0x00000000000011f0      0x1f7 Application/User/gpio.o
 .debug_abbrev  0x00000000000013e7      0x239 Application/User/i2c.o
 .debug_abbrev  0x0000000000001620      0x332 Application/User/main.o
 .debug_abbrev  0x0000000000001952      0x227 Application/User/spi.o
 .debug_abbrev  0x0000000000001b79      0x1d3 Application/User/stm32f7xx_hal_msp.o
 .debug_abbrev  0x0000000000001d4c      0x258 Application/User/stm32f7xx_hal_timebase_TIM.o
 .debug_abbrev  0x0000000000001fa4      0x215 Application/User/stm32f7xx_it.o
 .debug_abbrev  0x00000000000021b9      0x2d5 Application/User/tim.o
 .debug_abbrev  0x000000000000248e      0x28e Application/User/usart.o
 .debug_abbrev  0x000000000000271c      0x241 Application/User/usb_otg.o
 .debug_abbrev  0x000000000000295d      0x1e6 Drivers/CMSIS/system_stm32f7xx.o
 .debug_abbrev  0x0000000000002b43      0x2a4 Drivers/STM32F7xx_HAL_Driver/stm32f7xx_hal.o
 .debug_abbrev  0x0000000000002de7      0x390 Drivers/STM32F7xx_HAL_Driver/stm32f7xx_hal_cortex.o
 .debug_abbrev  0x0000000000003177      0x373 Drivers/STM32F7xx_HAL_Driver/stm32f7xx_hal_dfsdm.o
 .debug_abbrev  0x00000000000034ea      0x35e Drivers/STM32F7xx_HAL_Driver/stm32f7xx_hal_dma.o
 .debug_abbrev  0x0000000000003848      0x268 Drivers/STM32F7xx_HAL_Driver/stm32f7xx_hal_gpio.o
 .debug_abbrev  0x0000000000003ab0      0x3fb Drivers/STM32F7xx_HAL_Driver/stm32f7xx_hal_i2c.o
 .debug_abbrev  0x0000000000003eab      0x209 Drivers/STM32F7xx_HAL_Driver/stm32f7xx_hal_i2c_ex.o
 .debug_abbrev  0x00000000000040b4      0x3aa Drivers/STM32F7xx_HAL_Driver/stm32f7xx_hal_pcd.o
 .debug_abbrev  0x000000000000445e      0x25a Drivers/STM32F7xx_HAL_Driver/stm32f7xx_hal_pcd_ex.o
 .debug_abbrev  0x00000000000046b8      0x2ab Drivers/STM32F7xx_HAL_Driver/stm32f7xx_hal_pwr_ex.o
 .debug_abbrev  0x0000000000004963      0x35a Drivers/STM32F7xx_HAL_Driver/stm32f7xx_hal_rcc.o
 .debug_abbrev  0x0000000000004cbd      0x25f Drivers/STM32F7xx_HAL_Driver/stm32f7xx_hal_rcc_ex.o
 .debug_abbrev  0x0000000000004f1c      0x3ee Drivers/STM32F7xx_HAL_Driver/stm32f7xx_hal_spi.o
 .debug_abbrev  0x000000000000530a      0x3c6 Drivers/STM32F7xx_HAL_Driver/stm32f7xx_hal_tim.o
 .debug_abbrev  0x00000000000056d0      0x373 Drivers/STM32F7xx_HAL_Driver/stm32f7xx_hal_tim_ex.o
 .debug_abbrev  0x0000000000005a43      0x3ce Drivers/STM32F7xx_HAL_Driver/stm32f7xx_hal_uart.o
 .debug_abbrev  0x0000000000005e11      0x417 Drivers/STM32F7xx_HAL_Driver/stm32f7xx_ll_usb.o
 .debug_abbrev  0x0000000000006228      0x48f Middlewares/FreeRTOS/cmsis_os.o
 .debug_abbrev  0x00000000000066b7      0x314 Middlewares/FreeRTOS/heap_4.o
 .debug_abbrev  0x00000000000069cb      0x1e3 Middlewares/FreeRTOS/list.o
 .debug_abbrev  0x0000000000006bae      0x211 Middlewares/FreeRTOS/port.o
 .debug_abbrev  0x0000000000006dbf      0x3fa Middlewares/FreeRTOS/queue.o
 .debug_abbrev  0x00000000000071b9      0x44c Middlewares/FreeRTOS/tasks.o

.debug_aranges  0x0000000000000000     0x1860
 .debug_aranges
                0x0000000000000000       0x28 Application/TrueSTUDIO/startup_stm32f765xx.o
 .debug_aranges
                0x0000000000000028       0x20 Application/User/Foc/controlFoc.o
 .debug_aranges
                0x0000000000000048       0x28 Application/User/ISRs/isrSensors.o
 .debug_aranges
                0x0000000000000070       0x40 Application/User/Idletasks/idletasks.o
 .debug_aranges
                0x00000000000000b0       0x20 Application/User/SYSINIT/sysinitial.o
 .debug_aranges
                0x00000000000000d0       0x20 Application/User/debug/datatraceDebug.o
 .debug_aranges
                0x00000000000000f0       0x40 Application/User/dfsdm.o
 .debug_aranges
                0x0000000000000130       0x20 Application/User/dma.o
 .debug_aranges
                0x0000000000000150       0x28 Application/User/freertos.o
 .debug_aranges
                0x0000000000000178       0x20 Application/User/gpio.o
 .debug_aranges
                0x0000000000000198       0x30 Application/User/i2c.o
 .debug_aranges
                0x00000000000001c8       0x38 Application/User/main.o
 .debug_aranges
                0x0000000000000200       0x30 Application/User/spi.o
 .debug_aranges
                0x0000000000000230       0x20 Application/User/stm32f7xx_hal_msp.o
 .debug_aranges
                0x0000000000000250       0x30 Application/User/stm32f7xx_hal_timebase_TIM.o
 .debug_aranges
                0x0000000000000280       0x70 Application/User/stm32f7xx_it.o
 .debug_aranges
                0x00000000000002f0       0x40 Application/User/tim.o
 .debug_aranges
                0x0000000000000330       0x48 Application/User/usart.o
 .debug_aranges
                0x0000000000000378       0x30 Application/User/usb_otg.o
 .debug_aranges
                0x00000000000003a8       0x28 Drivers/CMSIS/system_stm32f7xx.o
 .debug_aranges
                0x00000000000003d0       0xf0 Drivers/STM32F7xx_HAL_Driver/stm32f7xx_hal.o
 .debug_aranges
                0x00000000000004c0       0xa8 Drivers/STM32F7xx_HAL_Driver/stm32f7xx_hal_cortex.o
 .debug_aranges
                0x0000000000000568      0x1c8 Drivers/STM32F7xx_HAL_Driver/stm32f7xx_hal_dfsdm.o
 .debug_aranges
                0x0000000000000730       0x78 Drivers/STM32F7xx_HAL_Driver/stm32f7xx_hal_dma.o
 .debug_aranges
                0x00000000000007a8       0x58 Drivers/STM32F7xx_HAL_Driver/stm32f7xx_hal_gpio.o
 .debug_aranges
                0x0000000000000800      0x1b8 Drivers/STM32F7xx_HAL_Driver/stm32f7xx_hal_i2c.o
 .debug_aranges
                0x00000000000009b8       0x38 Drivers/STM32F7xx_HAL_Driver/stm32f7xx_hal_i2c_ex.o
 .debug_aranges
                0x00000000000009f0       0xc0 Drivers/STM32F7xx_HAL_Driver/stm32f7xx_hal_pcd.o
 .debug_aranges
                0x0000000000000ab0       0x40 Drivers/STM32F7xx_HAL_Driver/stm32f7xx_hal_pcd_ex.o
 .debug_aranges
                0x0000000000000af0       0x80 Drivers/STM32F7xx_HAL_Driver/stm32f7xx_hal_pwr_ex.o
 .debug_aranges
                0x0000000000000b70       0x88 Drivers/STM32F7xx_HAL_Driver/stm32f7xx_hal_rcc.o
 .debug_aranges
                0x0000000000000bf8       0x30 Drivers/STM32F7xx_HAL_Driver/stm32f7xx_hal_rcc_ex.o
 .debug_aranges
                0x0000000000000c28      0x178 Drivers/STM32F7xx_HAL_Driver/stm32f7xx_hal_spi.o
 .debug_aranges
                0x0000000000000da0      0x250 Drivers/STM32F7xx_HAL_Driver/stm32f7xx_hal_tim.o
 .debug_aranges
                0x0000000000000ff0      0x110 Drivers/STM32F7xx_HAL_Driver/stm32f7xx_hal_tim_ex.o
 .debug_aranges
                0x0000000000001100      0x138 Drivers/STM32F7xx_HAL_Driver/stm32f7xx_hal_uart.o
 .debug_aranges
                0x0000000000001238      0x178 Drivers/STM32F7xx_HAL_Driver/stm32f7xx_ll_usb.o
 .debug_aranges
                0x00000000000013b0      0x190 Middlewares/FreeRTOS/cmsis_os.o
 .debug_aranges
                0x0000000000001540       0x48 Middlewares/FreeRTOS/heap_4.o
 .debug_aranges
                0x0000000000001588       0x40 Middlewares/FreeRTOS/list.o
 .debug_aranges
                0x00000000000015c8       0x80 Middlewares/FreeRTOS/port.o
 .debug_aranges
                0x0000000000001648       0xc0 Middlewares/FreeRTOS/queue.o
 .debug_aranges
                0x0000000000001708      0x158 Middlewares/FreeRTOS/tasks.o

.debug_ranges   0x0000000000000000     0x4d60
 .debug_ranges  0x0000000000000000       0x20 Application/TrueSTUDIO/startup_stm32f765xx.o
 .debug_ranges  0x0000000000000020      0x128 Application/User/Foc/controlFoc.o
 .debug_ranges  0x0000000000000148      0x138 Application/User/ISRs/isrSensors.o
 .debug_ranges  0x0000000000000280       0x60 Application/User/Idletasks/idletasks.o
 .debug_ranges  0x00000000000002e0       0x10 Application/User/SYSINIT/sysinitial.o
 .debug_ranges  0x00000000000002f0       0x58 Application/User/debug/datatraceDebug.o
 .debug_ranges  0x0000000000000348       0x30 Application/User/dfsdm.o
 .debug_ranges  0x0000000000000378       0x30 Application/User/dma.o
 .debug_ranges  0x00000000000003a8       0x18 Application/User/freertos.o
 .debug_ranges  0x00000000000003c0       0x50 Application/User/gpio.o
 .debug_ranges  0x0000000000000410       0x20 Application/User/i2c.o
 .debug_ranges  0x0000000000000430       0xa0 Application/User/main.o
 .debug_ranges  0x00000000000004d0       0x60 Application/User/spi.o
 .debug_ranges  0x0000000000000530       0x10 Application/User/stm32f7xx_hal_msp.o
 .debug_ranges  0x0000000000000540       0x48 Application/User/stm32f7xx_hal_timebase_TIM.o
 .debug_ranges  0x0000000000000588       0x60 Application/User/stm32f7xx_it.o
 .debug_ranges  0x00000000000005e8       0x70 Application/User/tim.o
 .debug_ranges  0x0000000000000658      0x110 Application/User/usart.o
 .debug_ranges  0x0000000000000768       0x20 Application/User/usb_otg.o
 .debug_ranges  0x0000000000000788       0x18 Drivers/CMSIS/system_stm32f7xx.o
 .debug_ranges  0x00000000000007a0       0xe0 Drivers/STM32F7xx_HAL_Driver/stm32f7xx_hal.o
 .debug_ranges  0x0000000000000880      0x180 Drivers/STM32F7xx_HAL_Driver/stm32f7xx_hal_cortex.o
 .debug_ranges  0x0000000000000a00      0x678 Drivers/STM32F7xx_HAL_Driver/stm32f7xx_hal_dfsdm.o
 .debug_ranges  0x0000000000001078      0x148 Drivers/STM32F7xx_HAL_Driver/stm32f7xx_hal_dma.o
 .debug_ranges  0x00000000000011c0       0x78 Drivers/STM32F7xx_HAL_Driver/stm32f7xx_hal_gpio.o
 .debug_ranges  0x0000000000001238     0x1050 Drivers/STM32F7xx_HAL_Driver/stm32f7xx_hal_i2c.o
 .debug_ranges  0x0000000000002288       0x58 Drivers/STM32F7xx_HAL_Driver/stm32f7xx_hal_i2c_ex.o
 .debug_ranges  0x00000000000022e0       0xe8 Drivers/STM32F7xx_HAL_Driver/stm32f7xx_hal_pcd.o
 .debug_ranges  0x00000000000023c8       0x30 Drivers/STM32F7xx_HAL_Driver/stm32f7xx_hal_pcd_ex.o
 .debug_ranges  0x00000000000023f8      0x130 Drivers/STM32F7xx_HAL_Driver/stm32f7xx_hal_pwr_ex.o
 .debug_ranges  0x0000000000002528      0x138 Drivers/STM32F7xx_HAL_Driver/stm32f7xx_hal_rcc.o
 .debug_ranges  0x0000000000002660       0x40 Drivers/STM32F7xx_HAL_Driver/stm32f7xx_hal_rcc_ex.o
 .debug_ranges  0x00000000000026a0      0x938 Drivers/STM32F7xx_HAL_Driver/stm32f7xx_hal_spi.o
 .debug_ranges  0x0000000000002fd8      0x880 Drivers/STM32F7xx_HAL_Driver/stm32f7xx_hal_tim.o
 .debug_ranges  0x0000000000003858      0x268 Drivers/STM32F7xx_HAL_Driver/stm32f7xx_hal_tim_ex.o
 .debug_ranges  0x0000000000003ac0      0x648 Drivers/STM32F7xx_HAL_Driver/stm32f7xx_hal_uart.o
 .debug_ranges  0x0000000000004108      0x238 Drivers/STM32F7xx_HAL_Driver/stm32f7xx_ll_usb.o
 .debug_ranges  0x0000000000004340      0x308 Middlewares/FreeRTOS/cmsis_os.o
 .debug_ranges  0x0000000000004648       0x38 Middlewares/FreeRTOS/heap_4.o
 .debug_ranges  0x0000000000004680       0x30 Middlewares/FreeRTOS/list.o
 .debug_ranges  0x00000000000046b0       0x98 Middlewares/FreeRTOS/port.o
 .debug_ranges  0x0000000000004748      0x200 Middlewares/FreeRTOS/queue.o
 .debug_ranges  0x0000000000004948      0x418 Middlewares/FreeRTOS/tasks.o

.debug_loc      0x0000000000000000    0x1ff49
 .debug_loc     0x0000000000000000      0x585 Application/User/Foc/controlFoc.o
 .debug_loc     0x0000000000000585      0x3ff Application/User/ISRs/isrSensors.o
 .debug_loc     0x0000000000000984      0x1f7 Application/User/Idletasks/idletasks.o
 .debug_loc     0x0000000000000b7b      0x268 Application/User/debug/datatraceDebug.o
 .debug_loc     0x0000000000000de3       0xad Application/User/dfsdm.o
 .debug_loc     0x0000000000000e90       0x21 Application/User/freertos.o
 .debug_loc     0x0000000000000eb1       0x42 Application/User/i2c.o
 .debug_loc     0x0000000000000ef3       0x34 Application/User/main.o
 .debug_loc     0x0000000000000f27       0x42 Application/User/spi.o
 .debug_loc     0x0000000000000f69       0x8b Application/User/stm32f7xx_hal_timebase_TIM.o
 .debug_loc     0x0000000000000ff4       0xe4 Application/User/tim.o
 .debug_loc     0x00000000000010d8      0x117 Application/User/usart.o
 .debug_loc     0x00000000000011ef       0x42 Application/User/usb_otg.o
 .debug_loc     0x0000000000001231      0x14c Drivers/CMSIS/system_stm32f7xx.o
 .debug_loc     0x000000000000137d       0x6a Drivers/STM32F7xx_HAL_Driver/stm32f7xx_hal.o
 .debug_loc     0x00000000000013e7      0x634 Drivers/STM32F7xx_HAL_Driver/stm32f7xx_hal_cortex.o
 .debug_loc     0x0000000000001a1b     0x275e Drivers/STM32F7xx_HAL_Driver/stm32f7xx_hal_dfsdm.o
 .debug_loc     0x0000000000004179      0x92e Drivers/STM32F7xx_HAL_Driver/stm32f7xx_hal_dma.o
 .debug_loc     0x0000000000004aa7      0x43b Drivers/STM32F7xx_HAL_Driver/stm32f7xx_hal_gpio.o
 .debug_loc     0x0000000000004ee2     0x5dc4 Drivers/STM32F7xx_HAL_Driver/stm32f7xx_hal_i2c.o
 .debug_loc     0x000000000000aca6      0x13b Drivers/STM32F7xx_HAL_Driver/stm32f7xx_hal_i2c_ex.o
 .debug_loc     0x000000000000ade1     0x11bd Drivers/STM32F7xx_HAL_Driver/stm32f7xx_hal_pcd.o
 .debug_loc     0x000000000000bf9e      0x13f Drivers/STM32F7xx_HAL_Driver/stm32f7xx_hal_pcd_ex.o
 .debug_loc     0x000000000000c0dd      0x257 Drivers/STM32F7xx_HAL_Driver/stm32f7xx_hal_pwr_ex.o
 .debug_loc     0x000000000000c334      0x4dc Drivers/STM32F7xx_HAL_Driver/stm32f7xx_hal_rcc.o
 .debug_loc     0x000000000000c810      0x559 Drivers/STM32F7xx_HAL_Driver/stm32f7xx_hal_rcc_ex.o
 .debug_loc     0x000000000000cd69     0x3b84 Drivers/STM32F7xx_HAL_Driver/stm32f7xx_hal_spi.o
 .debug_loc     0x00000000000108ed     0x54ee Drivers/STM32F7xx_HAL_Driver/stm32f7xx_hal_tim.o
 .debug_loc     0x0000000000015ddb     0x1a86 Drivers/STM32F7xx_HAL_Driver/stm32f7xx_hal_tim_ex.o
 .debug_loc     0x0000000000017861     0x1e88 Drivers/STM32F7xx_HAL_Driver/stm32f7xx_hal_uart.o
 .debug_loc     0x00000000000196e9     0x1dcb Drivers/STM32F7xx_HAL_Driver/stm32f7xx_ll_usb.o
 .debug_loc     0x000000000001b4b4     0x14ca Middlewares/FreeRTOS/cmsis_os.o
 .debug_loc     0x000000000001c97e      0x299 Middlewares/FreeRTOS/heap_4.o
 .debug_loc     0x000000000001cc17       0x69 Middlewares/FreeRTOS/list.o
 .debug_loc     0x000000000001cc80       0xc4 Middlewares/FreeRTOS/port.o
 .debug_loc     0x000000000001cd44     0x162d Middlewares/FreeRTOS/queue.o
 .debug_loc     0x000000000001e371     0x1bd8 Middlewares/FreeRTOS/tasks.o

.debug_str      0x0000000000000000     0x9701
 .debug_str     0x0000000000000000     0x11a2 Application/User/Foc/controlFoc.o
                                       0x1316 (size before relaxing)
 .debug_str     0x00000000000011a2      0x3e8 Application/User/ISRs/isrSensors.o
                                       0x1300 (size before relaxing)
 .debug_str     0x000000000000158a      0x112 Application/User/Idletasks/idletasks.o
                                        0xedb (size before relaxing)
 .debug_str     0x000000000000169c      0x7fc Application/User/SYSINIT/sysinitial.o
                                       0x1b19 (size before relaxing)
 .debug_str     0x0000000000001e98       0x66 Application/User/debug/datatraceDebug.o
                                       0x1264 (size before relaxing)
 .debug_str     0x0000000000001efe      0x29d Application/User/dfsdm.o
                                       0x112d (size before relaxing)
 .debug_str     0x000000000000219b      0x665 Application/User/dma.o
                                       0x1038 (size before relaxing)
 .debug_str     0x0000000000002800      0x377 Application/User/freertos.o
                                        0x687 (size before relaxing)
 .debug_str     0x0000000000002b77       0x4f Application/User/gpio.o
                                        0x835 (size before relaxing)
 .debug_str     0x0000000000002bc6       0x94 Application/User/i2c.o
                                        0xdb9 (size before relaxing)
 .debug_str     0x0000000000002c5a      0x6d7 Application/User/main.o
                                       0x290e (size before relaxing)
 .debug_str     0x0000000000003331       0x4c Application/User/spi.o
                                        0xcc8 (size before relaxing)
 .debug_str     0x000000000000337d       0x4a Application/User/stm32f7xx_hal_msp.o
                                        0xcb4 (size before relaxing)