Archive member included to satisfy reference by file (symbol)

c:/program files (x86)/atollic/truestudio for arm 8.1.0/armtools/bin/../lib/gcc/arm-atollic-eabi/6.3.1/../../../../arm-atollic-eabi/lib/armv7e-m/fpu/fpv5-d16\libc_nano.a(lib_a-init.o)
                              Application\TrueSTUDIO\startup_stm32f765xx.o (__libc_init_array)
c:/program files (x86)/atollic/truestudio for arm 8.1.0/armtools/bin/../lib/gcc/arm-atollic-eabi/6.3.1/../../../../arm-atollic-eabi/lib/armv7e-m/fpu/fpv5-d16\libc_nano.a(lib_a-memcpy-stub.o)
                              Middlewares\FreeRTOS\queue.o (memcpy)
c:/program files (x86)/atollic/truestudio for arm 8.1.0/armtools/bin/../lib/gcc/arm-atollic-eabi/6.3.1/../../../../arm-atollic-eabi/lib/armv7e-m/fpu/fpv5-d16\libc_nano.a(lib_a-memset.o)
                              Application\User\idletasks\idletasks.o (memset)

Allocating common symbols
Common symbol       size              file

buzzertoneTaskHandle
                    0x4               Application\User\freertos.o
shuntTaskHandle     0x4               Application\User\freertos.o
hi2c4               0x4c              Application\User\i2c.o
htim4               0x40              Application\User\stm32f7xx_hal_timebase_TIM.o
huart3              0x70              Application\User\usart.o
hpcd_USB_OTG_HS     0x400             Application\User\usb_otg.o
buzzerQueueHandle   0x4               Application\User\freertos.o
hdfsdm1_filter0     0x54              Application\User\dfsdm.o
uwTick              0x4               Drivers\STM32F7xx_HAL_Driver\stm32f7xx_hal.o
xQueueRegistry      0x40              Middlewares\FreeRTOS\queue.o
hdfsdm1_channel3    0x38              Application\User\dfsdm.o
pFlash              0x1c              Drivers\STM32F7xx_HAL_Driver\stm32f7xx_hal_flash.o
rythmQueueHandle    0x4               Application\User\freertos.o
enchallTaskHandle   0x4               Application\User\freertos.o
hdma_dfsdm1_flt1    0x60              Application\User\dfsdm.o
huart1              0x70              Application\User\usart.o
hdma_dfsdm1_flt0    0x60              Application\User\dfsdm.o
hdfsdm1_filter1     0x54              Application\User\dfsdm.o
buzzerMutexHandle   0x4               Application\User\freertos.o
htim1               0x40              Application\User\tim.o
hdfsdm1_channel0    0x38              Application\User\dfsdm.o
huart8              0x70              Application\User\usart.o
ledgreenTaskHandle  0x4               Application\User\freertos.o
hdfsdm1_channel7    0x38              Application\User\dfsdm.o
ledblueTaskHandle   0x4               Application\User\freertos.o
huart4              0x70              Application\User\usart.o
hspi1               0x64              Application\User\spi.o
htim2               0x40              Application\User\tim.o
iwdgTaskHandle      0x4               Application\User\freertos.o
buzzerrythmTaskHandle
                    0x4               Application\User\freertos.o

Discarded input sections

 .text          0x00000000        0x0 c:/program files (x86)/atollic/truestudio for arm 8.1.0/armtools/bin/../lib/gcc/arm-atollic-eabi/6.3.1/armv7e-m/fpu/fpv5-d16/crti.o
 .data          0x00000000        0x0 c:/program files (x86)/atollic/truestudio for arm 8.1.0/armtools/bin/../lib/gcc/arm-atollic-eabi/6.3.1/armv7e-m/fpu/fpv5-d16/crti.o
 .bss           0x00000000        0x0 c:/program files (x86)/atollic/truestudio for arm 8.1.0/armtools/bin/../lib/gcc/arm-atollic-eabi/6.3.1/armv7e-m/fpu/fpv5-d16/crti.o
 .data          0x00000000        0x4 c:/program files (x86)/atollic/truestudio for arm 8.1.0/armtools/bin/../lib/gcc/arm-atollic-eabi/6.3.1/armv7e-m/fpu/fpv5-d16/crtbegin.o
 .text          0x00000000       0x14 Application\TrueSTUDIO\startup_stm32f765xx.o
 .data          0x00000000        0x0 Application\TrueSTUDIO\startup_stm32f765xx.o
 .bss           0x00000000        0x0 Application\TrueSTUDIO\startup_stm32f765xx.o
 .text          0x00000000        0x0 Application\User\dfsdm.o
 .data          0x00000000        0x0 Application\User\dfsdm.o
 .bss           0x00000000        0x0 Application\User\dfsdm.o
 .text.HAL_DFSDM_FilterMspDeInit
                0x00000000       0x4c Application\User\dfsdm.o
 .text.HAL_DFSDM_ChannelMspDeInit
                0x00000000       0x3c Application\User\dfsdm.o
 .text          0x00000000        0x0 Application\User\dma.o
 .data          0x00000000        0x0 Application\User\dma.o
 .bss           0x00000000        0x0 Application\User\dma.o
 .text          0x00000000        0x0 Application\User\freertos.o
 .data          0x00000000        0x0 Application\User\freertos.o
 .bss           0x00000000        0x0 Application\User\freertos.o
 .text.StartshuntTask
                0x00000000        0xa Application\User\freertos.o
 .text.StartbuzzerrythmTask
                0x00000000        0xa Application\User\freertos.o
 .text.StartbuzzertoneTask
[...]
Memory Configuration

Name             Origin             Length             Attributes
RAM              0x20000000         0x00080000         xrw
FLASH            0x08000000         0x00200000         xr
*default*        0x00000000         0xffffffff

Linker script and memory map

LOAD c:/program files (x86)/atollic/truestudio for arm 8.1.0/armtools/bin/../lib/gcc/arm-atollic-eabi/6.3.1/armv7e-m/fpu/fpv5-d16/crti.o
LOAD c:/program files (x86)/atollic/truestudio for arm 8.1.0/armtools/bin/../lib/gcc/arm-atollic-eabi/6.3.1/armv7e-m/fpu/fpv5-d16/crtbegin.o
LOAD Application\TrueSTUDIO\startup_stm32f765xx.o
LOAD Application\User\dfsdm.o
LOAD Application\User\dma.o
LOAD Application\User\freertos.o
LOAD Application\User\gpio.o
LOAD Application\User\i2c.o
LOAD Application\User\idletasks\idletasks.o
LOAD Application\User\main.o
LOAD Application\User\spi.o
LOAD Application\User\stm32f7xx_hal_msp.o
LOAD Application\User\stm32f7xx_hal_timebase_TIM.o
LOAD Application\User\stm32f7xx_it.o
LOAD Application\User\tim.o
LOAD Application\User\usart.o
LOAD Application\User\usb_otg.o
LOAD Drivers\CMSIS\system_stm32f7xx.o
LOAD Drivers\STM32F7xx_HAL_Driver\stm32f7xx_hal.o
LOAD Drivers\STM32F7xx_HAL_Driver\stm32f7xx_hal_cortex.o
LOAD Drivers\STM32F7xx_HAL_Driver\stm32f7xx_hal_dfsdm.o
LOAD Drivers\STM32F7xx_HAL_Driver\stm32f7xx_hal_dma.o
LOAD Drivers\STM32F7xx_HAL_Driver\stm32f7xx_hal_dma_ex.o
LOAD Drivers\STM32F7xx_HAL_Driver\stm32f7xx_hal_flash.o
LOAD Drivers\STM32F7xx_HAL_Driver\stm32f7xx_hal_flash_ex.o
LOAD Drivers\STM32F7xx_HAL_Driver\stm32f7xx_hal_gpio.o
LOAD Drivers\STM32F7xx_HAL_Driver\stm32f7xx_hal_i2c.o
LOAD Drivers\STM32F7xx_HAL_Driver\stm32f7xx_hal_i2c_ex.o
LOAD Drivers\STM32F7xx_HAL_Driver\stm32f7xx_hal_pcd.o
LOAD Drivers\STM32F7xx_HAL_Driver\stm32f7xx_hal_pcd_ex.o
LOAD Drivers\STM32F7xx_HAL_Driver\stm32f7xx_hal_pwr.o
LOAD Drivers\STM32F7xx_HAL_Driver\stm32f7xx_hal_pwr_ex.o
LOAD Drivers\STM32F7xx_HAL_Driver\stm32f7xx_hal_rcc.o
LOAD Drivers\STM32F7xx_HAL_Driver\stm32f7xx_hal_rcc_ex.o
LOAD Drivers\STM32F7xx_HAL_Driver\stm32f7xx_hal_spi.o
LOAD Drivers\STM32F7xx_HAL_Driver\stm32f7xx_hal_tim.o
LOAD Drivers\STM32F7xx_HAL_Driver\stm32f7xx_hal_tim_ex.o
LOAD Drivers\STM32F7xx_HAL_Driver\stm32f7xx_hal_uart.o
LOAD Drivers\STM32F7xx_HAL_Driver\stm32f7xx_ll_usb.o
LOAD Middlewares\FreeRTOS\cmsis_os.o
LOAD Middlewares\FreeRTOS\croutine.o
LOAD Middlewares\FreeRTOS\event_groups.o
LOAD Middlewares\FreeRTOS\heap_4.o
LOAD Middlewares\FreeRTOS\list.o
LOAD Middlewares\FreeRTOS\port.o
LOAD Middlewares\FreeRTOS\queue.o
LOAD Middlewares\FreeRTOS\tasks.o
LOAD Middlewares\FreeRTOS\timers.o
                0x00001000                malloc_getpagesize_P = 0x1000
START GROUP
LOAD c:/program files (x86)/atollic/truestudio for arm 8.1.0/armtools/bin/../lib/gcc/arm-atollic-eabi/6.3.1/../../../../arm-atollic-eabi/lib/armv7e-m/fpu/fpv5-d16\libstdc++_nano.a
LOAD c:/program files (x86)/atollic/truestudio for arm 8.1.0/armtools/bin/../lib/gcc/arm-atollic-eabi/6.3.1/../../../../arm-atollic-eabi/lib/armv7e-m/fpu/fpv5-d16\libsupc++_nano.a
END GROUP
LOAD c:/program files (x86)/atollic/truestudio for arm 8.1.0/armtools/bin/../lib/gcc/arm-atollic-eabi/6.3.1/../../../../arm-atollic-eabi/lib/armv7e-m/fpu/fpv5-d16\libstdc++_nano.a
LOAD c:/program files (x86)/atollic/truestudio for arm 8.1.0/armtools/bin/../lib/gcc/arm-atollic-eabi/6.3.1/../../../../arm-atollic-eabi/lib/armv7e-m/fpu/fpv5-d16\libm.a
LOAD c:/program files (x86)/atollic/truestudio for arm 8.1.0/armtools/bin/../lib/gcc/arm-atollic-eabi/6.3.1/../../../../arm-atollic-eabi/lib/armv7e-m/fpu/fpv5-d16\libc_nano.a
START GROUP
LOAD c:/program files (x86)/atollic/truestudio for arm 8.1.0/armtools/bin/../lib/gcc/arm-atollic-eabi/6.3.1/armv7e-m/fpu/fpv5-d16\libgcc.a
LOAD c:/program files (x86)/atollic/truestudio for arm 8.1.0/armtools/bin/../lib/gcc/arm-atollic-eabi/6.3.1/../../../../arm-atollic-eabi/lib/armv7e-m/fpu/fpv5-d16\libc_nano.a
END GROUP
START GROUP
LOAD c:/program files (x86)/atollic/truestudio for arm 8.1.0/armtools/bin/../lib/gcc/arm-atollic-eabi/6.3.1/armv7e-m/fpu/fpv5-d16\libgcc.a
LOAD c:/program files (x86)/atollic/truestudio for arm 8.1.0/armtools/bin/../lib/gcc/arm-atollic-eabi/6.3.1/../../../../arm-atollic-eabi/lib/armv7e-m/fpu/fpv5-d16\libc_nano.a
LOAD c:/program files (x86)/atollic/truestudio for arm 8.1.0/armtools/bin/../lib/gcc/arm-atollic-eabi/6.3.1/../../../../arm-atollic-eabi/lib/armv7e-m/fpu/fpv5-d16\libnosys.a
END GROUP
START GROUP
LOAD c:/program files (x86)/atollic/truestudio for arm 8.1.0/armtools/bin/../lib/gcc/arm-atollic-eabi/6.3.1/armv7e-m/fpu/fpv5-d16\libgcc.a
LOAD c:/program files (x86)/atollic/truestudio for arm 8.1.0/armtools/bin/../lib/gcc/arm-atollic-eabi/6.3.1/../../../../arm-atollic-eabi/lib/armv7e-m/fpu/fpv5-d16\libc_nano.a
LOAD c:/program files (x86)/atollic/truestudio for arm 8.1.0/armtools/bin/../lib/gcc/arm-atollic-eabi/6.3.1/../../../../arm-atollic-eabi/lib/armv7e-m/fpu/fpv5-d16\libnosys.a
END GROUP
LOAD c:/program files (x86)/atollic/truestudio for arm 8.1.0/armtools/bin/../lib/gcc/arm-atollic-eabi/6.3.1/armv7e-m/fpu/fpv5-d16/crtend.o
LOAD c:/program files (x86)/atollic/truestudio for arm 8.1.0/armtools/bin/../lib/gcc/arm-atollic-eabi/6.3.1/armv7e-m/fpu/fpv5-d16/crtn.o
                0x20080000                _estack = 0x20080000
                0x00000200                _Min_Heap_Size = 0x200
                0x00000400                _Min_Stack_Size = 0x400

.isr_vector     0x08000000      0x1f8
                0x08000000                . = ALIGN (0x4)
 *(.isr_vector)
 .isr_vector    0x08000000      0x1f8 Application\TrueSTUDIO\startup_stm32f765xx.o
                0x08000000                g_pfnVectors
                0x080001f8                . = ALIGN (0x4)

.text           0x08000200     0x4bac
                0x08000200                . = ALIGN (0x4)
 *(.text)
 .text          0x08000200       0x40 c:/program files (x86)/atollic/truestudio for arm 8.1.0/armtools/bin/../lib/gcc/arm-atollic-eabi/6.3.1/armv7e-m/fpu/fpv5-d16/crtbegin.o
 *(.text*)
 .text.Reset_Handler
                0x08000240       0x50 Application\TrueSTUDIO\startup_stm32f765xx.o
                0x08000240                Reset_Handler
 .text.Default_Handler
                0x08000290        0x2 Application\TrueSTUDIO\startup_stm32f765xx.o
                0x08000290                RTC_Alarm_IRQHandler
                0x08000290                EXTI2_IRQHandler
                0x08000290                TIM8_CC_IRQHandler
                0x08000290                UART8_IRQHandler
                0x08000290                SPI4_IRQHandler
                0x08000290                TIM1_CC_IRQHandler
                0x08000290                DMA2_Stream5_IRQHandler
                0x08000290                DMA1_Stream5_IRQHandler
                0x08000290                CAN3_RX1_IRQHandler
                0x08000290                PVD_IRQHandler
                0x08000290                TAMP_STAMP_IRQHandler
                0x08000290                CAN2_RX1_IRQHandler
                0x08000290                EXTI3_IRQHandler
                0x08000290                TIM8_TRG_COM_TIM14_IRQHandler
                0x08000290                DFSDM1_FLT1_IRQHandler
                0x08000290                TIM1_UP_TIM10_IRQHandler
                0x08000290                TIM8_UP_TIM13_IRQHandler
                0x08000290                I2C3_ER_IRQHandler
                0x08000290                DFSDM1_FLT2_IRQHandler
                0x08000290                EXTI0_IRQHandler
                0x08000290                I2C2_EV_IRQHandler
                0x08000290                DMA1_Stream2_IRQHandler
                0x08000290                CAN1_RX0_IRQHandler
                0x08000290                FPU_IRQHandler
                0x08000290                OTG_HS_WKUP_IRQHandler
                0x08000290                CAN3_SCE_IRQHandler
                0x08000290                CAN2_SCE_IRQHandler
                0x08000290                DMA2_Stream2_IRQHandler
                0x08000290                SPI1_IRQHandler
                0x08000290                TIM6_DAC_IRQHandler
                0x08000290                TIM1_BRK_TIM9_IRQHandler
                0x08000290                DCMI_IRQHandler
                0x08000290                CAN2_RX0_IRQHandler
                0x08000290                DMA2_Stream3_IRQHandler
                0x08000290                SAI2_IRQHandler
                0x08000290                DFSDM1_FLT3_IRQHandler
                0x08000290                USART6_IRQHandler
                0x08000290                CAN3_RX0_IRQHandler
                0x08000290                USART3_IRQHandler
                0x08000290                CAN1_RX1_IRQHandler
                0x08000290                UART5_IRQHandler
                0x08000290                QUADSPI_IRQHandler
                0x08000290                I2C1_EV_IRQHandler
                0x08000290                DMA1_Stream6_IRQHandler
                0x08000290                DMA1_Stream1_IRQHandler
                0x08000290                UART4_IRQHandler
                0x08000290                TIM3_IRQHandler
                0x08000290                RCC_IRQHandler
                0x08000290                TIM8_BRK_TIM12_IRQHandler
                0x08000290                Default_Handler
                0x08000290                CEC_IRQHandler
                0x08000290                EXTI15_10_IRQHandler
                0x08000290                ADC_IRQHandler
                0x08000290                DMA1_Stream7_IRQHandler
                0x08000290                SPI5_IRQHandler
                0x08000290                TIM7_IRQHandler
                0x08000290                SDMMC1_IRQHandler
                0x08000290                CAN2_TX_IRQHandler
                0x08000290                TIM5_IRQHandler
                0x08000290                DMA2_Stream7_IRQHandler
                0x08000290                I2C3_EV_IRQHandler
                0x08000290                EXTI9_5_IRQHandler
                0x08000290                RTC_WKUP_IRQHandler
                0x08000290                ETH_WKUP_IRQHandler
                0x08000290                SPDIF_RX_IRQHandler
                0x08000290                SPI2_IRQHandler
                0x08000290                OTG_HS_EP1_IN_IRQHandler
                0x08000290                DMA1_Stream0_IRQHandler
                0x08000290                CAN1_TX_IRQHandler
                0x08000290                EXTI4_IRQHandler
                0x08000290                RNG_IRQHandler
                0x08000290                ETH_IRQHandler
                0x08000290                OTG_HS_EP1_OUT_IRQHandler
                0x08000290                WWDG_IRQHandler
                0x08000290                SPI6_IRQHandler
                0x08000290                MDIOS_IRQHandler
                0x08000290                I2C4_EV_IRQHandler
                0x08000290                CAN3_TX_IRQHandler
                0x08000290                TIM2_IRQHandler
                0x08000290                OTG_FS_WKUP_IRQHandler
                0x08000290                TIM1_TRG_COM_TIM11_IRQHandler
                0x08000290                OTG_HS_IRQHandler
                0x08000290                DMA2D_IRQHandler
                0x08000290                EXTI1_IRQHandler
                0x08000290                SDMMC2_IRQHandler
                0x08000290                UART7_IRQHandler
                0x08000290                USART2_IRQHandler
                0x08000290                DFSDM1_FLT0_IRQHandler
                0x08000290                I2C2_ER_IRQHandler
                0x08000290                CAN1_SCE_IRQHandler
                0x08000290                FLASH_IRQHandler
                0x08000290                DMA2_Stream4_IRQHandler
                0x08000290                USART1_IRQHandler
                0x08000290                OTG_FS_IRQHandler
                0x08000290                SPI3_IRQHandler
                0x08000290                DMA1_Stream4_IRQHandler
                0x08000290                I2C1_ER_IRQHandler
                0x08000290                FMC_IRQHandler
                0x08000290                LPTIM1_IRQHandler
                0x08000290                I2C4_ER_IRQHandler
                0x08000290                DMA2_Stream6_IRQHandler
                0x08000290                SAI1_IRQHandler
                0x08000290                DMA1_Stream3_IRQHandler
 *fill*         0x08000292        0x2 
 .text.MX_DFSDM1_Init
                0x08000294      0x11c Application\User\dfsdm.o
                0x08000294                MX_DFSDM1_Init
 .text.HAL_DFSDM_FilterMspInit
                0x080003b0      0x138 Application\User\dfsdm.o
                0x080003b0                HAL_DFSDM_FilterMspInit
 .text.HAL_DFSDM_ChannelMspInit
                0x080004e8       0x7c Application\User\dfsdm.o
                0x080004e8                HAL_DFSDM_ChannelMspInit
 .text.MX_DMA_Init
                0x08000564       0x40 Application\User\dma.o
                0x08000564                MX_DMA_Init
 .text.StartenchallTask
                0x080005a4        0xa Application\User\freertos.o
                0x080005a4                StartenchallTask
 *fill*         0x080005ae        0x2 
 .text.MX_FREERTOS_Init
                0x080005b0      0x12c Application\User\freertos.o
                0x080005b0                MX_FREERTOS_Init
 .text.MX_GPIO_Init
                0x080006dc       0xc4 Application\User\gpio.o
                0x080006dc                MX_GPIO_Init
 .text.MX_I2C4_Init
                0x080007a0       0x68 Application\User\i2c.o
                0x080007a0                MX_I2C4_Init
 .text.HAL_I2C_MspInit
                0x08000808       0x50 Application\User\i2c.o
                0x08000808                HAL_I2C_MspInit
 .text.StartledblueTask
                0x08000858       0x1c Application\User\idletasks\idletasks.o
                0x08000858                StartledblueTask
 .text.StartledgreenTask
                0x08000874       0x1c Application\User\idletasks\idletasks.o
                0x08000874                StartledgreenTask
 .text.StartiwdgTask
                0x08000890        0xa Application\User\idletasks\idletasks.o
                0x08000890                StartiwdgTask
 *fill*         0x0800089a        0x2 
 .text.StartbuzzerrythmTask
                0x0800089c      0x180 Application\User\idletasks\idletasks.o
                0x0800089c                StartbuzzerrythmTask
 *fill*         0x08000a1c        0x4 
 .text.StartbuzzertoneTask
                0x08000a20      0x144 Application\User\idletasks\idletasks.o
                0x08000a20                StartbuzzertoneTask
 .text.StartshuntTask
                0x08000b64        0xa Application\User\main.o
                0x08000b64                StartshuntTask
 *fill*         0x08000b6e        0x2 
 .text.SystemClock_Config
                0x08000b70       0xd4 Application\User\main.o
                0x08000b70                SystemClock_Config
 .text.startup.main
                0x08000c44       0xc8 Application\User\main.o
                0x08000c44                main
 .text.HAL_TIM_PeriodElapsedCallback
                0x08000d0c       0x14 Application\User\main.o
                0x08000d0c                HAL_TIM_PeriodElapsedCallback
 .text._Error_Handler
                0x08000d20        0x2 Application\User\main.o
                0x08000d20                _Error_Handler
 *fill*         0x08000d22        0x2 
 .text.MX_SPI1_Init
                0x08000d24       0x58 Application\User\spi.o
                0x08000d24                MX_SPI1_Init
 .text.HAL_SPI_MspInit
                0x08000d7c       0x64 Application\User\spi.o
                0x08000d7c                HAL_SPI_MspInit
 .text.HAL_MspInit
                0x08000de0       0x60 Application\User\stm32f7xx_hal_msp.o
                0x08000de0                HAL_MspInit
 .text.HAL_InitTick
                0x08000e40       0x78 Application\User\stm32f7xx_hal_timebase_TIM.o
                0x08000e40                HAL_InitTick
 .text.NMI_Handler
                0x08000eb8        0x2 Application\User\stm32f7xx_it.o
                0x08000eb8                NMI_Handler
 .text.HardFault_Handler
                0x08000eba        0x2 Application\User\stm32f7xx_it.o
                0x08000eba                HardFault_Handler
 .text.MemManage_Handler
                0x08000ebc        0x2 Application\User\stm32f7xx_it.o
                0x08000ebc                MemManage_Handler
 .text.BusFault_Handler
                0x08000ebe        0x2 Application\User\stm32f7xx_it.o
                0x08000ebe                BusFault_Handler
 .text.UsageFault_Handler
                0x08000ec0        0x2 Application\User\stm32f7xx_it.o
                0x08000ec0                UsageFault_Handler
 .text.DebugMon_Handler
                0x08000ec2        0x2 Application\User\stm32f7xx_it.o
                0x08000ec2                DebugMon_Handler
 .text.SysTick_Handler
                0x08000ec4        0x4 Application\User\stm32f7xx_it.o
                0x08000ec4                SysTick_Handler
 .text.TIM4_IRQHandler
                0x08000ec8        0xc Application\User\stm32f7xx_it.o
                0x08000ec8                TIM4_IRQHandler
 .text.DMA2_Stream0_IRQHandler
                0x08000ed4        0xc Application\User\stm32f7xx_it.o
                0x08000ed4                DMA2_Stream0_IRQHandler
 .text.DMA2_Stream1_IRQHandler
                0x08000ee0        0xc Application\User\stm32f7xx_it.o
                0x08000ee0                DMA2_Stream1_IRQHandler
 .text.HAL_TIM_Base_MspInit
                0x08000eec       0x48 Application\User\tim.o
                0x08000eec                HAL_TIM_Base_MspInit
 .text.HAL_TIM_MspPostInit
                0x08000f34       0x6c Application\User\tim.o
                0x08000f34                HAL_TIM_MspPostInit
 .text.MX_TIM1_Init
                0x08000fa0      0x110 Application\User\tim.o
                0x08000fa0                MX_TIM1_Init
 .text.MX_TIM2_Init
                0x080010b0       0xa4 Application\User\tim.o
                0x080010b0                MX_TIM2_Init
 .text.MX_UART4_Init
                0x08001154       0x44 Application\User\usart.o
                0x08001154                MX_UART4_Init
 .text.MX_UART8_Init
                0x08001198       0x44 Application\User\usart.o
                0x08001198                MX_UART8_Init
 .text.MX_USART1_UART_Init
                0x080011dc       0x44 Application\User\usart.o
                0x080011dc                MX_USART1_UART_Init
 .text.MX_USART3_UART_Init
                0x08001220       0x44 Application\User\usart.o
                0x08001220                MX_USART3_UART_Init
 .text.HAL_UART_MspInit
                0x08001264       0xf8 Application\User\usart.o
                0x08001264                HAL_UART_MspInit
 .text.MX_USB_OTG_HS_PCD_Init
                0x0800135c       0x44 Application\User\usb_otg.o
                0x0800135c                MX_USB_OTG_HS_PCD_Init
 .text.HAL_PCD_MspInit
                0x080013a0       0x90 Application\User\usb_otg.o
                0x080013a0                HAL_PCD_MspInit
 .text.SystemInit
                0x08001430       0x4c Drivers\CMSIS\system_stm32f7xx.o
                0x08001430                SystemInit
 .text.HAL_Init
                0x0800147c       0x16 Drivers\STM32F7xx_HAL_Driver\stm32f7xx_hal.o
                0x0800147c                HAL_Init
 *fill*         0x08001492        0x2 
 .text.HAL_IncTick
                0x08001494       0x10 Drivers\STM32F7xx_HAL_Driver\stm32f7xx_hal.o
                0x08001494                HAL_IncTick
 .text.HAL_GetTick
                0x080014a4        0xc Drivers\STM32F7xx_HAL_Driver\stm32f7xx_hal.o
                0x080014a4                HAL_GetTick
 .text.HAL_Delay
                0x080014b0       0x1a Drivers\STM32F7xx_HAL_Driver\stm32f7xx_hal.o
                0x080014b0                HAL_Delay
 *fill*         0x080014ca        0x2 
 .text.HAL_NVIC_SetPriorityGrouping
                0x080014cc       0x24 Drivers\STM32F7xx_HAL_Driver\stm32f7xx_hal_cortex.o
                0x080014cc                HAL_NVIC_SetPriorityGrouping
 .text.HAL_NVIC_SetPriority
                0x080014f0       0x70 Drivers\STM32F7xx_HAL_Driver\stm32f7xx_hal_cortex.o
                0x080014f0                HAL_NVIC_SetPriority
 .text.HAL_NVIC_EnableIRQ
                0x08001560       0x18 Drivers\STM32F7xx_HAL_Driver\stm32f7xx_hal_cortex.o
                0x08001560                HAL_NVIC_EnableIRQ
 .text.HAL_SYSTICK_Config
                0x08001578       0x2c Drivers\STM32F7xx_HAL_Driver\stm32f7xx_hal_cortex.o
                0x08001578                HAL_SYSTICK_Config
 .text.HAL_SYSTICK_CLKSourceConfig
                0x080015a4       0x18 Drivers\STM32F7xx_HAL_Driver\stm32f7xx_hal_cortex.o
                0x080015a4                HAL_SYSTICK_CLKSourceConfig
 .text.DFSDM_GetChannelFromInstance
                0x080015bc       0x58 Drivers\STM32F7xx_HAL_Driver\stm32f7xx_hal_dfsdm.o
 .text.HAL_DFSDM_ChannelInit
                0x08001614       0xe8 Drivers\STM32F7xx_HAL_Driver\stm32f7xx_hal_dfsdm.o
                0x08001614                HAL_DFSDM_ChannelInit
 .text.HAL_DFSDM_FilterInit
                0x080016fc       0xe4 Drivers\STM32F7xx_HAL_Driver\stm32f7xx_hal_dfsdm.o
                0x080016fc                HAL_DFSDM_FilterInit
 .text.HAL_DFSDM_FilterConfigRegChannel
                0x080017e0       0x3a Drivers\STM32F7xx_HAL_Driver\stm32f7xx_hal_dfsdm.o
                0x080017e0                HAL_DFSDM_FilterConfigRegChannel
 *fill*         0x0800181a        0x2 
 .text.DMA_CalcBaseAndBitshift
                0x0800181c       0x2c Drivers\STM32F7xx_HAL_Driver\stm32f7xx_hal_dma.o
 .text.HAL_DMA_Init
                0x08001848       0xfc Drivers\STM32F7xx_HAL_Driver\stm32f7xx_hal_dma.o
                0x08001848                HAL_DMA_Init
 .text.HAL_DMA_IRQHandler
                0x08001944      0x17c Drivers\STM32F7xx_HAL_Driver\stm32f7xx_hal_dma.o
                0x08001944                HAL_DMA_IRQHandler
 .text.HAL_GPIO_Init
                0x08001ac0      0x1d4 Drivers\STM32F7xx_HAL_Driver\stm32f7xx_hal_gpio.o
                0x08001ac0                HAL_GPIO_Init
 .text.HAL_GPIO_WritePin
                0x08001c94        0xa Drivers\STM32F7xx_HAL_Driver\stm32f7xx_hal_gpio.o
                0x08001c94                HAL_GPIO_WritePin
 .text.HAL_GPIO_TogglePin
                0x08001c9e        0x8 Drivers\STM32F7xx_HAL_Driver\stm32f7xx_hal_gpio.o
                0x08001c9e                HAL_GPIO_TogglePin
 .text.HAL_I2C_Init
                0x08001ca6       0xa2 Drivers\STM32F7xx_HAL_Driver\stm32f7xx_hal_i2c.o
                0x08001ca6                HAL_I2C_Init
 .text.HAL_I2CEx_ConfigAnalogFilter
                0x08001d48       0x4c Drivers\STM32F7xx_HAL_Driver\stm32f7xx_hal_i2c_ex.o
                0x08001d48                HAL_I2CEx_ConfigAnalogFilter
 .text.HAL_I2CEx_ConfigDigitalFilter
                0x08001d94       0x4a Drivers\STM32F7xx_HAL_Driver\stm32f7xx_hal_i2c_ex.o
                0x08001d94                HAL_I2CEx_ConfigDigitalFilter
 .text.HAL_PCD_Init
                0x08001dde       0xde Drivers\STM32F7xx_HAL_Driver\stm32f7xx_hal_pcd.o
                0x08001dde                HAL_PCD_Init
 .text.HAL_PCDEx_ActivateLPM
                0x08001ebc       0x26 Drivers\STM32F7xx_HAL_Driver\stm32f7xx_hal_pcd_ex.o
                0x08001ebc                HAL_PCDEx_ActivateLPM
 *fill*         0x08001ee2        0x2 
 .text.HAL_PWREx_EnableOverDrive
                0x08001ee4       0x70 Drivers\STM32F7xx_HAL_Driver\stm32f7xx_hal_pwr_ex.o
                0x08001ee4                HAL_PWREx_EnableOverDrive
 .text.HAL_RCC_OscConfig
                0x08001f54      0x328 Drivers\STM32F7xx_HAL_Driver\stm32f7xx_hal_rcc.o
                0x08001f54                HAL_RCC_OscConfig
 .text.HAL_RCC_GetSysClockFreq
                0x0800227c       0x54 Drivers\STM32F7xx_HAL_Driver\stm32f7xx_hal_rcc.o
                0x0800227c                HAL_RCC_GetSysClockFreq
 .text.HAL_RCC_ClockConfig
                0x080022d0      0x120 Drivers\STM32F7xx_HAL_Driver\stm32f7xx_hal_rcc.o
                0x080022d0                HAL_RCC_ClockConfig
 .text.HAL_RCC_GetHCLKFreq
                0x080023f0        0xc Drivers\STM32F7xx_HAL_Driver\stm32f7xx_hal_rcc.o
                0x080023f0                HAL_RCC_GetHCLKFreq
 .text.HAL_RCC_GetPCLK1Freq
                0x080023fc       0x20 Drivers\STM32F7xx_HAL_Driver\stm32f7xx_hal_rcc.o
                0x080023fc                HAL_RCC_GetPCLK1Freq
 .text.HAL_RCC_GetPCLK2Freq
                0x0800241c       0x20 Drivers\STM32F7xx_HAL_Driver\stm32f7xx_hal_rcc.o
                0x0800241c                HAL_RCC_GetPCLK2Freq
 .text.HAL_RCC_GetClockConfig
                0x0800243c       0x3c Drivers\STM32F7xx_HAL_Driver\stm32f7xx_hal_rcc.o
                0x0800243c                HAL_RCC_GetClockConfig
 .text.HAL_RCCEx_PeriphCLKConfig
                0x08002478      0x51c Drivers\STM32F7xx_HAL_Driver\stm32f7xx_hal_rcc_ex.o
                0x08002478                HAL_RCCEx_PeriphCLKConfig
 .text.HAL_SPI_Init
                0x08002994       0xaa Drivers\STM32F7xx_HAL_Driver\stm32f7xx_hal_spi.o
                0x08002994                HAL_SPI_Init
 .text.TIM_TI1_ConfigInputStage
                0x08002a3e       0x22 Drivers\STM32F7xx_HAL_Driver\stm32f7xx_hal_tim.o
 .text.TIM_TI2_ConfigInputStage
                0x08002a60       0x24 Drivers\STM32F7xx_HAL_Driver\stm32f7xx_hal_tim.o
 .text.HAL_TIM_Base_Start_IT
                0x08002a84       0x16 Drivers\STM32F7xx_HAL_Driver\stm32f7xx_hal_tim.o
                0x08002a84                HAL_TIM_Base_Start_IT
 .text.HAL_TIM_PWM_MspInit
                0x08002a9a        0x2 Drivers\STM32F7xx_HAL_Driver\stm32f7xx_hal_tim.o
                0x08002a9a                HAL_TIM_PWM_MspInit
 .text.HAL_TIM_OC_DelayElapsedCallback
                0x08002a9c        0x2 Drivers\STM32F7xx_HAL_Driver\stm32f7xx_hal_tim.o
                0x08002a9c                HAL_TIM_OC_DelayElapsedCallback
 .text.HAL_TIM_IC_CaptureCallback
                0x08002a9e        0x2 Drivers\STM32F7xx_HAL_Driver\stm32f7xx_hal_tim.o
                0x08002a9e                HAL_TIM_IC_CaptureCallback
 .text.HAL_TIM_PWM_PulseFinishedCallback
                0x08002aa0        0x2 Drivers\STM32F7xx_HAL_Driver\stm32f7xx_hal_tim.o
                0x08002aa0                HAL_TIM_PWM_PulseFinishedCallback
 .text.HAL_TIM_TriggerCallback
                0x08002aa2        0x2 Drivers\STM32F7xx_HAL_Driver\stm32f7xx_hal_tim.o
                0x08002aa2                HAL_TIM_TriggerCallback
 .text.HAL_TIM_IRQHandler
                0x08002aa4      0x160 Drivers\STM32F7xx_HAL_Driver\stm32f7xx_hal_tim.o
                0x08002aa4                HAL_TIM_IRQHandler
 .text.TIM_Base_SetConfig
                0x08002c04       0xd0 Drivers\STM32F7xx_HAL_Driver\stm32f7xx_hal_tim.o
                0x08002c04                TIM_Base_SetConfig
 .text.HAL_TIM_Base_Init
                0x08002cd4       0x34 Drivers\STM32F7xx_HAL_Driver\stm32f7xx_hal_tim.o
                0x08002cd4                HAL_TIM_Base_Init
 .text.HAL_TIM_PWM_Init
                0x08002d08       0x34 Drivers\STM32F7xx_HAL_Driver\stm32f7xx_hal_tim.o
                0x08002d08                HAL_TIM_PWM_Init
 .text.TIM_OC1_SetConfig
                0x08002d3c       0x5c Drivers\STM32F7xx_HAL_Driver\stm32f7xx_hal_tim.o
                0x08002d3c                TIM_OC1_SetConfig
 .text.TIM_OC2_SetConfig
                0x08002d98       0x64 Drivers\STM32F7xx_HAL_Driver\stm32f7xx_hal_tim.o
                0x08002d98                TIM_OC2_SetConfig
 .text.TIM_OC3_SetConfig
                0x08002dfc       0x64 Drivers\STM32F7xx_HAL_Driver\stm32f7xx_hal_tim.o
                0x08002dfc                TIM_OC3_SetConfig
 .text.TIM_OC4_SetConfig
                0x08002e60       0x54 Drivers\STM32F7xx_HAL_Driver\stm32f7xx_hal_tim.o
                0x08002e60                TIM_OC4_SetConfig
 .text.TIM_ETR_SetConfig
                0x08002eb4       0x14 Drivers\STM32F7xx_HAL_Driver\stm32f7xx_hal_tim.o
                0x08002eb4                TIM_ETR_SetConfig
 .text.HAL_TIM_ConfigClockSource
                0x08002ec8      0x11c Drivers\STM32F7xx_HAL_Driver\stm32f7xx_hal_tim.o
                0x08002ec8                HAL_TIM_ConfigClockSource
 .text.TIM_CCxChannelCmd
                0x08002fe4       0x18 Drivers\STM32F7xx_HAL_Driver\stm32f7xx_hal_tim.o
                0x08002fe4                TIM_CCxChannelCmd
 .text.HAL_TIM_PWM_Start
                0x08002ffc       0x34 Drivers\STM32F7xx_HAL_Driver\stm32f7xx_hal_tim.o
                0x08002ffc                HAL_TIM_PWM_Start
 .text.TIM_OC5_SetConfig
                0x08003030       0x50 Drivers\STM32F7xx_HAL_Driver\stm32f7xx_hal_tim_ex.o
 .text.TIM_OC6_SetConfig
                0x08003080       0x50 Drivers\STM32F7xx_HAL_Driver\stm32f7xx_hal_tim_ex.o
 .text.HAL_TIMEx_MasterConfigSynchronization
                0x080030d0       0x4c Drivers\STM32F7xx_HAL_Driver\stm32f7xx_hal_tim_ex.o
                0x080030d0                HAL_TIMEx_MasterConfigSynchronization
 .text.HAL_TIMEx_ConfigBreakDeadTime
                0x0800311c       0x88 Drivers\STM32F7xx_HAL_Driver\stm32f7xx_hal_tim_ex.o
                0x0800311c                HAL_TIMEx_ConfigBreakDeadTime
 .text.HAL_TIMEx_CommutationCallback
                0x080031a4        0x2 Drivers\STM32F7xx_HAL_Driver\stm32f7xx_hal_tim_ex.o
                0x080031a4                HAL_TIMEx_CommutationCallback
 .text.HAL_TIMEx_BreakCallback
                0x080031a6        0x2 Drivers\STM32F7xx_HAL_Driver\stm32f7xx_hal_tim_ex.o
                0x080031a6                HAL_TIMEx_BreakCallback
 .text.HAL_TIM_PWM_ConfigChannel
                0x080031a8      0x10c Drivers\STM32F7xx_HAL_Driver\stm32f7xx_hal_tim_ex.o
                0x080031a8                HAL_TIM_PWM_ConfigChannel
 .text.UART_WaitOnFlagUntilTimeout
                0x080032b4       0x62 Drivers\STM32F7xx_HAL_Driver\stm32f7xx_hal_uart.o
                0x080032b4                UART_WaitOnFlagUntilTimeout
 *fill*         0x08003316        0x2 
 .text.UART_SetConfig
                0x08003318      0x290 Drivers\STM32F7xx_HAL_Driver\stm32f7xx_hal_uart.o
                0x08003318                UART_SetConfig
 .text.UART_AdvFeatureConfig
                0x080035a8       0xaa Drivers\STM32F7xx_HAL_Driver\stm32f7xx_hal_uart.o
                0x080035a8                UART_AdvFeatureConfig
 .text.UART_CheckIdleState
                0x08003652       0x44 Drivers\STM32F7xx_HAL_Driver\stm32f7xx_hal_uart.o
                0x08003652                UART_CheckIdleState
 .text.HAL_UART_Init
                0x08003696       0x64 Drivers\STM32F7xx_HAL_Driver\stm32f7xx_hal_uart.o
                0x08003696                HAL_UART_Init
 *fill*         0x080036fa        0x2 
 .text.USB_CoreReset
                0x080036fc       0x30 Drivers\STM32F7xx_HAL_Driver\stm32f7xx_ll_usb.o
 .text.USB_CoreInit
                0x0800372c       0x76 Drivers\STM32F7xx_HAL_Driver\stm32f7xx_ll_usb.o
                0x0800372c                USB_CoreInit
 .text.USB_DisableGlobalInt
                0x080037a2        0xc Drivers\STM32F7xx_HAL_Driver\stm32f7xx_ll_usb.o
                0x080037a2                USB_DisableGlobalInt
 .text.USB_SetCurrentMode
                0x080037ae       0x2c Drivers\STM32F7xx_HAL_Driver\stm32f7xx_ll_usb.o
                0x080037ae                USB_SetCurrentMode
 *fill*         0x080037da        0x2 
 .text.USB_FlushTxFifo
                0x080037dc       0x24 Drivers\STM32F7xx_HAL_Driver\stm32f7xx_ll_usb.o
                0x080037dc                USB_FlushTxFifo
 .text.USB_FlushRxFifo
                0x08003800       0x20 Drivers\STM32F7xx_HAL_Driver\stm32f7xx_ll_usb.o
                0x08003800                USB_FlushRxFifo
 .text.USB_SetDevSpeed
                0x08003820        0xe Drivers\STM32F7xx_HAL_Driver\stm32f7xx_ll_usb.o
                0x08003820                USB_SetDevSpeed
 *fill*         0x0800382e        0x2 
 .text.USB_DevInit
                0x08003830      0x14c Drivers\STM32F7xx_HAL_Driver\stm32f7xx_ll_usb.o
                0x08003830                USB_DevInit
 .text.USB_DevDisconnect
                0x0800397c       0x18 Drivers\STM32F7xx_HAL_Driver\stm32f7xx_ll_usb.o
                0x0800397c                USB_DevDisconnect
 .text.osKernelStart
                0x08003994        0xa Middlewares\FreeRTOS\cmsis_os.o
                0x08003994                osKernelStart
 .text.osThreadCreate
                0x0800399e       0x30 Middlewares\FreeRTOS\cmsis_os.o
                0x0800399e                osThreadCreate
 .text.osDelay  0x080039ce       0x10 Middlewares\FreeRTOS\cmsis_os.o
                0x080039ce                osDelay
 .text.osMutexCreate
                0x080039de        0x6 Middlewares\FreeRTOS\cmsis_os.o
                0x080039de                osMutexCreate
 .text.osMessageCreate
                0x080039e4        0x8 Middlewares\FreeRTOS\cmsis_os.o
                0x080039e4                osMessageCreate
 .text.osSystickHandler
                0x080039ec       0x14 Middlewares\FreeRTOS\cmsis_os.o
                0x080039ec                osSystickHandler
 .text.unlikely.prvInsertBlockIntoFreeList
                0x08003a00       0x48 Middlewares\FreeRTOS\heap_4.o
 .text.pvPortMalloc
                0x08003a48      0x124 Middlewares\FreeRTOS\heap_4.o
                0x08003a48                pvPortMalloc
 .text.vPortFree
                0x08003b6c       0x78 Middlewares\FreeRTOS\heap_4.o
                0x08003b6c                vPortFree
 .text.vListInitialise
                0x08003be4       0x16 Middlewares\FreeRTOS\list.o
                0x08003be4                vListInitialise
 .text.vListInitialiseItem
                0x08003bfa        0x6 Middlewares\FreeRTOS\list.o
                0x08003bfa                vListInitialiseItem
 .text.vListInsertEnd
                0x08003c00       0x18 Middlewares\FreeRTOS\list.o
                0x08003c00                vListInsertEnd
 .text.vListInsert
                0x08003c18       0x2e Middlewares\FreeRTOS\list.o
                0x08003c18                vListInsert
 .text.uxListRemove
                0x08003c46       0x20 Middlewares\FreeRTOS\list.o
                0x08003c46                uxListRemove
 *fill*         0x08003c66        0x2 
 .text.prvTaskExitError
                0x08003c68       0x38 Middlewares\FreeRTOS\port.o
 .text.prvPortStartFirstTask
                0x08003ca0       0x20 Middlewares\FreeRTOS\port.o
 .text.vPortEnableVFP
                0x08003cc0       0x14 Middlewares\FreeRTOS\port.o
 .text.pxPortInitialiseStack
                0x08003cd4       0x24 Middlewares\FreeRTOS\port.o
                0x08003cd4                pxPortInitialiseStack
 *fill*         0x08003cf8        0x8 
 .text.SVC_Handler
                0x08003d00       0x24 Middlewares\FreeRTOS\port.o
                0x08003d00                SVC_Handler
 .text.vPortEnterCritical
                0x08003d24       0x4c Middlewares\FreeRTOS\port.o
                0x08003d24                vPortEnterCritical
 .text.vPortExitCritical
                0x08003d70       0x2c Middlewares\FreeRTOS\port.o
                0x08003d70                vPortExitCritical
 *fill*         0x08003d9c        0x4 
 .text.PendSV_Handler
                0x08003da0       0x64 Middlewares\FreeRTOS\port.o
                0x08003da0                PendSV_Handler
 .text.xPortSysTickHandler
                0x08003e04       0x30 Middlewares\FreeRTOS\port.o
                0x08003e04                xPortSysTickHandler
 .text.vPortSetupTimerInterrupt
                0x08003e34       0x28 Middlewares\FreeRTOS\port.o
                0x08003e34                vPortSetupTimerInterrupt
 .text.xPortStartScheduler
                0x08003e5c       0xa8 Middlewares\FreeRTOS\port.o
                0x08003e5c                xPortStartScheduler
 .text.unlikely.prvCopyDataToQueue
                0x08003f04       0x66 Middlewares\FreeRTOS\queue.o
 .text.unlikely.prvCopyDataFromQueue
                0x08003f6a       0x2a Middlewares\FreeRTOS\queue.o
 .text.prvUnlockQueue
                0x08003f94       0x70 Middlewares\FreeRTOS\queue.o
 .text.xQueueGenericReset
                0x08004004       0x84 Middlewares\FreeRTOS\queue.o
                0x08004004                xQueueGenericReset
 .text.xQueueGenericCreate
                0x08004088       0x46 Middlewares\FreeRTOS\queue.o
                0x08004088                xQueueGenericCreate
 *fill*         0x080040ce        0x2 
 .text.xQueueGenericSend
                0x080040d0      0x17c Middlewares\FreeRTOS\queue.o
                0x080040d0                xQueueGenericSend
 .text.xQueueCreateMutex
                0x0800424c       0x24 Middlewares\FreeRTOS\queue.o
                0x0800424c                xQueueCreateMutex
 .text.xQueueGenericReceive
                0x08004270      0x194 Middlewares\FreeRTOS\queue.o
                0x08004270                xQueueGenericReceive
 .text.prvResetNextTaskUnblockTime
                0x08004404       0x24 Middlewares\FreeRTOS\tasks.o
 .text.prvAddCurrentTaskToDelayedList
                0x08004428       0x8c Middlewares\FreeRTOS\tasks.o
 .text.vTaskSetTimeOutState.part.5
                0x080044b4       0x16 Middlewares\FreeRTOS\tasks.o
 *fill*         0x080044ca        0x2 
 .text.xTaskCreate
                0x080044cc      0x1a0 Middlewares\FreeRTOS\tasks.o
                0x080044cc                xTaskCreate
 .text.vTaskStartScheduler
                0x0800466c       0x80 Middlewares\FreeRTOS\tasks.o
                0x0800466c                vTaskStartScheduler
 .text.vTaskSuspendAll
                0x080046ec       0x10 Middlewares\FreeRTOS\tasks.o
                0x080046ec                vTaskSuspendAll
 .text.xTaskIncrementTick
                0x080046fc      0x128 Middlewares\FreeRTOS\tasks.o
                0x080046fc                xTaskIncrementTick
 .text.xTaskResumeAll
                0x08004824       0xf4 Middlewares\FreeRTOS\tasks.o
                0x08004824                xTaskResumeAll
 .text.vTaskDelay
                0x08004918       0x4c Middlewares\FreeRTOS\tasks.o
                0x08004918                vTaskDelay
 .text.prvIdleTask
                0x08004964       0x74 Middlewares\FreeRTOS\tasks.o
 .text.vTaskSwitchContext
                0x080049d8       0x78 Middlewares\FreeRTOS\tasks.o
                0x080049d8                vTaskSwitchContext
 .text.vTaskPlaceOnEventList
                0x08004a50       0x38 Middlewares\FreeRTOS\tasks.o
                0x08004a50                vTaskPlaceOnEventList
 .text.xTaskRemoveFromEventList
                0x08004a88       0x88 Middlewares\FreeRTOS\tasks.o
                0x08004a88                xTaskRemoveFromEventList
 .text.vTaskSetTimeOutState
                0x08004b10       0x20 Middlewares\FreeRTOS\tasks.o
                0x08004b10                vTaskSetTimeOutState
 .text.xTaskCheckForTimeOut
                0x08004b30       0x7c Middlewares\FreeRTOS\tasks.o
                0x08004b30                xTaskCheckForTimeOut
 .text.vTaskMissedYield
                0x08004bac        0xc Middlewares\FreeRTOS\tasks.o
                0x08004bac                vTaskMissedYield
 .text.xTaskGetSchedulerState
                0x08004bb8       0x20 Middlewares\FreeRTOS\tasks.o
                0x08004bb8                xTaskGetSchedulerState
 .text.vTaskPriorityInherit
                0x08004bd8       0x8c Middlewares\FreeRTOS\tasks.o
                0x08004bd8                vTaskPriorityInherit
 .text.xTaskPriorityDisinherit
                0x08004c64       0xa8 Middlewares\FreeRTOS\tasks.o
                0x08004c64                xTaskPriorityDisinherit
 .text.pvTaskIncrementMutexHeldCount
                0x08004d0c       0x18 Middlewares\FreeRTOS\tasks.o
                0x08004d0c                pvTaskIncrementMutexHeldCount
 .text.__libc_init_array
                0x08004d24       0x48 c:/program files (x86)/atollic/truestudio for arm 8.1.0/armtools/bin/../lib/gcc/arm-atollic-eabi/6.3.1/../../../../arm-atollic-eabi/lib/armv7e-m/fpu/fpv5-d16\libc_nano.a(lib_a-init.o)
                0x08004d24                __libc_init_array
 .text.memcpy   0x08004d6c       0x16 c:/program files (x86)/atollic/truestudio for arm 8.1.0/armtools/bin/../lib/gcc/arm-atollic-eabi/6.3.1/../../../../arm-atollic-eabi/lib/armv7e-m/fpu/fpv5-d16\libc_nano.a(lib_a-memcpy-stub.o)
                0x08004d6c                memcpy
 .text.memset   0x08004d82       0x10 c:/program files (x86)/atollic/truestudio for arm 8.1.0/armtools/bin/../lib/gcc/arm-atollic-eabi/6.3.1/../../../../arm-atollic-eabi/lib/armv7e-m/fpu/fpv5-d16\libc_nano.a(lib_a-memset.o)
                0x08004d82                memset
 *(.glue_7)
 .glue_7        0x08004d92        0x0 linker stubs
 *(.glue_7t)
 .glue_7t       0x08004d92        0x0 linker stubs
 *(.eh_frame)
 *fill*         0x08004d92        0x2 
 .eh_frame      0x08004d94        0x0 c:/program files (x86)/atollic/truestudio for arm 8.1.0/armtools/bin/../lib/gcc/arm-atollic-eabi/6.3.1/armv7e-m/fpu/fpv5-d16/crtbegin.o
 *(.init)
 .init          0x08004d94        0x4 c:/program files (x86)/atollic/truestudio for arm 8.1.0/armtools/bin/../lib/gcc/arm-atollic-eabi/6.3.1/armv7e-m/fpu/fpv5-d16/crti.o
                0x08004d94                _init
 .init          0x08004d98        0x8 c:/program files (x86)/atollic/truestudio for arm 8.1.0/armtools/bin/../lib/gcc/arm-atollic-eabi/6.3.1/armv7e-m/fpu/fpv5-d16/crtn.o
 *(.fini)
 .fini          0x08004da0        0x4 c:/program files (x86)/atollic/truestudio for arm 8.1.0/armtools/bin/../lib/gcc/arm-atollic-eabi/6.3.1/armv7e-m/fpu/fpv5-d16/crti.o
                0x08004da0                _fini
 .fini          0x08004da4        0x8 c:/program files (x86)/atollic/truestudio for arm 8.1.0/armtools/bin/../lib/gcc/arm-atollic-eabi/6.3.1/armv7e-m/fpu/fpv5-d16/crtn.o
                0x08004dac                . = ALIGN (0x4)
                0x08004dac                _etext = .

.vfp11_veneer   0x08004dac        0x0
 .vfp11_veneer  0x08004dac        0x0 linker stubs

.v4_bx          0x08004dac        0x0
 .v4_bx         0x08004dac        0x0 linker stubs

.iplt           0x08004dac        0x0
 .iplt          0x08004dac        0x0 c:/program files (x86)/atollic/truestudio for arm 8.1.0/armtools/bin/../lib/gcc/arm-atollic-eabi/6.3.1/armv7e-m/fpu/fpv5-d16/crtbegin.o

.rodata         0x08004dac      0x1d4
                0x08004dac                . = ALIGN (0x4)
 *(.rodata)
 .rodata        0x08004dac       0x9c Application\User\freertos.o
 .rodata        0x08004e48       0x30 Application\User\idletasks\idletasks.o
 *(.rodata*)
 .rodata.MX_DFSDM1_Init.str1.1
                0x08004e78       0x15 Application\User\dfsdm.o
 .rodata.str1.1
                0x08004e8d       0x57 Application\User\freertos.o
 .rodata.MX_I2C4_Init.str1.1
                0x08004ee4       0x13 Application\User\i2c.o
 .rodata.MX_SPI1_Init.str1.1
                0x08004ef7       0x13 Application\User\spi.o
 .rodata.MX_TIM1_Init.str1.1
                0x08004f0a       0x13 Application\User\tim.o
 .rodata.MX_UART4_Init.str1.1
                0x08004f1d       0x15 Application\User\usart.o
 .rodata.MX_USB_OTG_HS_PCD_Init.str1.1
                0x08004f32       0x17 Application\User\usb_otg.o
 .rodata.AHBPrescTable
                0x08004f49       0x10 Drivers\CMSIS\system_stm32f7xx.o
                0x08004f49                AHBPrescTable
 .rodata.APBPrescTable
                0x08004f59        0x8 Drivers\CMSIS\system_stm32f7xx.o
                0x08004f59                APBPrescTable
 .rodata.flagBitshiftOffset.10255
                0x08004f61        0x8 Drivers\STM32F7xx_HAL_Driver\stm32f7xx_hal_dma.o
 .rodata.CSWTCH.38
                0x08004f69        0x4 Drivers\STM32F7xx_HAL_Driver\stm32f7xx_hal_uart.o
 .rodata.CSWTCH.39
                0x08004f6d        0xd Drivers\STM32F7xx_HAL_Driver\stm32f7xx_hal_uart.o
 .rodata.vTaskStartScheduler.str1.1
                0x08004f7a        0x5 Middlewares\FreeRTOS\tasks.o
                0x08004f80                . = ALIGN (0x4)
 *fill*         0x08004f7f        0x1 

.rel.dyn        0x08004f80        0x0
 .rel.iplt      0x08004f80        0x0 c:/program files (x86)/atollic/truestudio for arm 8.1.0/armtools/bin/../lib/gcc/arm-atollic-eabi/6.3.1/armv7e-m/fpu/fpv5-d16/crtbegin.o

.ARM.extab
 *(.ARM.extab* .gnu.linkonce.armextab.*)

.ARM            0x08004f80        0x0
                0x08004f80                __exidx_start = .
 *(.ARM.exidx*)
                0x08004f80                __exidx_end = .

.preinit_array  0x08004f80        0x0
                0x08004f80                PROVIDE (__preinit_array_start, .)
 *(.preinit_array*)
                0x08004f80                PROVIDE (__preinit_array_end, .)

.init_array     0x08004f80        0x4
                0x08004f80                PROVIDE (__init_array_start, .)
 *(SORT(.init_array.*))
 *(.init_array*)
 .init_array    0x08004f80        0x4 c:/program files (x86)/atollic/truestudio for arm 8.1.0/armtools/bin/../lib/gcc/arm-atollic-eabi/6.3.1/armv7e-m/fpu/fpv5-d16/crtbegin.o
                0x08004f84                PROVIDE (__init_array_end, .)

.fini_array     0x08004f84        0x4
                [!provide]                PROVIDE (__fini_array_start, .)
 *(SORT(.fini_array.*))
 *(.fini_array*)
 .fini_array    0x08004f84        0x4 c:/program files (x86)/atollic/truestudio for arm 8.1.0/armtools/bin/../lib/gcc/arm-atollic-eabi/6.3.1/armv7e-m/fpu/fpv5-d16/crtbegin.o
                [!provide]                PROVIDE (__fini_array_end, .)
                0x08004f88                _sidata = LOADADDR (.data)

.data           0x20000000        0x8 load address 0x08004f88
                0x20000000                . = ALIGN (0x4)
                0x20000000                _sdata = .
 *(.data)
 *(.data*)
 .data.SystemCoreClock
                0x20000000        0x4 Drivers\CMSIS\system_stm32f7xx.o
                0x20000000                SystemCoreClock
 .data.uxCriticalNesting
                0x20000004        0x4 Middlewares\FreeRTOS\port.o
                0x20000008                . = ALIGN (0x4)
                0x20000008                _edata = .

.igot.plt       0x20000008        0x0 load address 0x08004f90
 .igot.plt      0x20000008        0x0 c:/program files (x86)/atollic/truestudio for arm 8.1.0/armtools/bin/../lib/gcc/arm-atollic-eabi/6.3.1/armv7e-m/fpu/fpv5-d16/crtbegin.o
                0x20000008                . = ALIGN (0x4)

.bss            0x20000008     0x4700 load address 0x08004f90
                0x20000008                _sbss = .
                0x20000008                __bss_start__ = _sbss
 *(.bss)
 .bss           0x20000008       0x1c c:/program files (x86)/atollic/truestudio for arm 8.1.0/armtools/bin/../lib/gcc/arm-atollic-eabi/6.3.1/armv7e-m/fpu/fpv5-d16/crtbegin.o
 *(.bss*)
 .bss.DFSDM1_Init
                0x20000024        0x4 Application\User\dfsdm.o
 .bss.HAL_RCC_DFSDM1_CLK_ENABLED
                0x20000028        0x4 Application\User\dfsdm.o
 .bss.a_dfsdm1ChannelHandle
                0x2000002c       0x20 Drivers\STM32F7xx_HAL_Driver\stm32f7xx_hal_dfsdm.o
                0x2000002c                a_dfsdm1ChannelHandle
 .bss.v_dfsdm1ChannelCounter
                0x2000004c        0x4 Drivers\STM32F7xx_HAL_Driver\stm32f7xx_hal_dfsdm.o
                0x2000004c                v_dfsdm1ChannelCounter
 .bss.pxEnd     0x20000050        0x4 Middlewares\FreeRTOS\heap_4.o
 .bss.ucHeap    0x20000054     0x3c00 Middlewares\FreeRTOS\heap_4.o
 .bss.xBlockAllocatedBit
                0x20003c54        0x4 Middlewares\FreeRTOS\heap_4.o
 .bss.xFreeBytesRemaining
                0x20003c58        0x4 Middlewares\FreeRTOS\heap_4.o
 .bss.xMinimumEverFreeBytesRemaining
                0x20003c5c        0x4 Middlewares\FreeRTOS\heap_4.o
 .bss.xStart    0x20003c60        0x8 Middlewares\FreeRTOS\heap_4.o
 .bss.ucMaxSysCallPriority
                0x20003c68        0x1 Middlewares\FreeRTOS\port.o
 *fill*         0x20003c69        0x3 
 .bss.ulMaxPRIGROUPValue
                0x20003c6c        0x4 Middlewares\FreeRTOS\port.o
 .bss.pxCurrentTCB
                0x20003c70        0x4 Middlewares\FreeRTOS\tasks.o
                0x20003c70                pxCurrentTCB
 .bss.pxDelayedTaskList
                0x20003c74        0x4 Middlewares\FreeRTOS\tasks.o
 .bss.pxOverflowDelayedTaskList
                0x20003c78        0x4 Middlewares\FreeRTOS\tasks.o
 .bss.pxReadyTasksLists
                0x20003c7c       0x8c Middlewares\FreeRTOS\tasks.o
 .bss.uxCurrentNumberOfTasks
                0x20003d08        0x4 Middlewares\FreeRTOS\tasks.o
 .bss.uxDeletedTasksWaitingCleanUp
                0x20003d0c        0x4 Middlewares\FreeRTOS\tasks.o
 .bss.uxPendedTicks
                0x20003d10        0x4 Middlewares\FreeRTOS\tasks.o
 .bss.uxSchedulerSuspended
                0x20003d14        0x4 Middlewares\FreeRTOS\tasks.o
 .bss.uxTaskNumber
                0x20003d18        0x4 Middlewares\FreeRTOS\tasks.o
 .bss.uxTopReadyPriority
                0x20003d1c        0x4 Middlewares\FreeRTOS\tasks.o
 .bss.xDelayedTaskList1
                0x20003d20       0x14 Middlewares\FreeRTOS\tasks.o
 .bss.xDelayedTaskList2
                0x20003d34       0x14 Middlewares\FreeRTOS\tasks.o
 .bss.xIdleTaskHandle
                0x20003d48        0x4 Middlewares\FreeRTOS\tasks.o
 .bss.xNextTaskUnblockTime
                0x20003d4c        0x4 Middlewares\FreeRTOS\tasks.o
 .bss.xNumOfOverflows
                0x20003d50        0x4 Middlewares\FreeRTOS\tasks.o
 .bss.xPendingReadyList
                0x20003d54       0x14 Middlewares\FreeRTOS\tasks.o
 .bss.xSchedulerRunning
                0x20003d68        0x4 Middlewares\FreeRTOS\tasks.o
 .bss.xSuspendedTaskList
                0x20003d6c       0x14 Middlewares\FreeRTOS\tasks.o
 .bss.xTasksWaitingTermination
                0x20003d80       0x14 Middlewares\FreeRTOS\tasks.o
 .bss.xTickCount
                0x20003d94        0x4 Middlewares\FreeRTOS\tasks.o
 .bss.xYieldPending
                0x20003d98        0x4 Middlewares\FreeRTOS\tasks.o
 *(COMMON)
 COMMON         0x20003d9c      0x210 Application\User\dfsdm.o
                0x20003d9c                hdfsdm1_filter0
                0x20003df0                hdfsdm1_channel3
                0x20003e28                hdma_dfsdm1_flt1
                0x20003e88                hdma_dfsdm1_flt0
                0x20003ee8                hdfsdm1_filter1
                0x20003f3c                hdfsdm1_channel0
                0x20003f74                hdfsdm1_channel7
 COMMON         0x20003fac       0x28 Application\User\freertos.o
                0x20003fac                buzzertoneTaskHandle
                0x20003fb0                shuntTaskHandle
                0x20003fb4                buzzerQueueHandle
                0x20003fb8                rythmQueueHandle
                0x20003fbc                enchallTaskHandle
                0x20003fc0                buzzerMutexHandle
                0x20003fc4                ledgreenTaskHandle
                0x20003fc8                ledblueTaskHandle
                0x20003fcc                iwdgTaskHandle
                0x20003fd0                buzzerrythmTaskHandle
 COMMON         0x20003fd4       0x4c Application\User\i2c.o
                0x20003fd4                hi2c4
 COMMON         0x20004020       0x64 Application\User\spi.o
                0x20004020                hspi1
 COMMON         0x20004084       0x40 Application\User\stm32f7xx_hal_timebase_TIM.o
                0x20004084                htim4
 COMMON         0x200040c4       0x80 Application\User\tim.o
                0x200040c4                htim1
                0x20004104                htim2
 COMMON         0x20004144      0x1c0 Application\User\usart.o
                0x20004144                huart3
                0x200041b4                huart1
                0x20004224                huart8
                0x20004294                huart4
 COMMON         0x20004304      0x400 Application\User\usb_otg.o
                0x20004304                hpcd_USB_OTG_HS
 COMMON         0x20004704        0x4 Drivers\STM32F7xx_HAL_Driver\stm32f7xx_hal.o
                0x20004704                uwTick
                0x20004708                . = ALIGN (0x4)
                0x20004708                _ebss = .
                0x20004708                __bss_end__ = _ebss

._user_heap_stack
                0x20004708      0x600 load address 0x08004f90
                0x20004708                . = ALIGN (0x4)
                [!provide]                PROVIDE (end, .)
                [!provide]                PROVIDE (_end, .)
                0x20004908                . = (. + _Min_Heap_Size)
 *fill*         0x20004708      0x200 
                0x20004d08                . = (. + _Min_Stack_Size)
 *fill*         0x20004908      0x400 
                0x20004d08                . = ALIGN (0x4)

/DISCARD/
 libc.a(*)
 libm.a(*)
 libgcc.a(*)

.ARM.attributes
                0x00000000       0x2e
 *(.ARM.attributes)
 .ARM.attributes
                0x00000000       0x20 c:/program files (x86)/atollic/truestudio for arm 8.1.0/armtools/bin/../lib/gcc/arm-atollic-eabi/6.3.1/armv7e-m/fpu/fpv5-d16/crti.o
 .ARM.attributes
                0x00000020       0x32 c:/program files (x86)/atollic/truestudio for arm 8.1.0/armtools/bin/../lib/gcc/arm-atollic-eabi/6.3.1/armv7e-m/fpu/fpv5-d16/crtbegin.o
 .ARM.attributes
                0x00000052       0x21 Application\TrueSTUDIO\startup_stm32f765xx.o
 .ARM.attributes
                0x00000073       0x37 Application\User\dfsdm.o
 .ARM.attributes
                0x000000aa       0x37 Application\User\dma.o
 .ARM.attributes
                0x000000e1       0x37 Application\User\freertos.o
 .ARM.attributes
                0x00000118       0x37 Application\User\gpio.o
 .ARM.attributes
                0x0000014f       0x37 Application\User\i2c.o
 .ARM.attributes
                0x00000186       0x37 Application\User\idletasks\idletasks.o
 .ARM.attributes
                0x000001bd       0x37 Application\User\main.o
 .ARM.attributes
                0x000001f4       0x37 Application\User\spi.o
 .ARM.attributes
                0x0000022b       0x37 Application\User\stm32f7xx_hal_msp.o
 .ARM.attributes
                0x00000262       0x37 Application\User\stm32f7xx_hal_timebase_TIM.o
 .ARM.attributes
                0x00000299       0x37 Application\User\stm32f7xx_it.o
 .ARM.attributes
                0x000002d0       0x37 Application\User\tim.o
 .ARM.attributes
                0x00000307       0x37 Application\User\usart.o
 .ARM.attributes
                0x0000033e       0x37 Application\User\usb_otg.o
 .ARM.attributes
                0x00000375       0x37 Drivers\CMSIS\system_stm32f7xx.o
 .ARM.attributes
                0x000003ac       0x37 Drivers\STM32F7xx_HAL_Driver\stm32f7xx_hal.o
 .ARM.attributes
                0x000003e3       0x37 Drivers\STM32F7xx_HAL_Driver\stm32f7xx_hal_cortex.o
 .ARM.attributes
                0x0000041a       0x37 Drivers\STM32F7xx_HAL_Driver\stm32f7xx_hal_dfsdm.o
 .ARM.attributes
                0x00000451       0x37 Drivers\STM32F7xx_HAL_Driver\stm32f7xx_hal_dma.o
 .ARM.attributes
                0x00000488       0x37 Drivers\STM32F7xx_HAL_Driver\stm32f7xx_hal_gpio.o
 .ARM.attributes
                0x000004bf       0x37 Drivers\STM32F7xx_HAL_Driver\stm32f7xx_hal_i2c.o
 .ARM.attributes
                0x000004f6       0x37 Drivers\STM32F7xx_HAL_Driver\stm32f7xx_hal_i2c_ex.o
 .ARM.attributes
                0x0000052d       0x37 Drivers\STM32F7xx_HAL_Driver\stm32f7xx_hal_pcd.o
 .ARM.attributes
                0x00000564       0x37 Drivers\STM32F7xx_HAL_Driver\stm32f7xx_hal_pcd_ex.o
 .ARM.attributes
                0x0000059b       0x37 Drivers\STM32F7xx_HAL_Driver\stm32f7xx_hal_pwr_ex.o
 .ARM.attributes
                0x000005d2       0x37 Drivers\STM32F7xx_HAL_Driver\stm32f7xx_hal_rcc.o
 .ARM.attributes
                0x00000609       0x37 Drivers\STM32F7xx_HAL_Driver\stm32f7xx_hal_rcc_ex.o
 .ARM.attributes
                0x00000640       0x37 Drivers\STM32F7xx_HAL_Driver\stm32f7xx_hal_spi.o
 .ARM.attributes
                0x00000677       0x37 Drivers\STM32F7xx_HAL_Driver\stm32f7xx_hal_tim.o
 .ARM.attributes
                0x000006ae       0x37 Drivers\STM32F7xx_HAL_Driver\stm32f7xx_hal_tim_ex.o
 .ARM.attributes
                0x000006e5       0x37 Drivers\STM32F7xx_HAL_Driver\stm32f7xx_hal_uart.o
 .ARM.attributes
                0x0000071c       0x37 Drivers\STM32F7xx_HAL_Driver\stm32f7xx_ll_usb.o
 .ARM.attributes
                0x00000753       0x37 Middlewares\FreeRTOS\cmsis_os.o
 .ARM.attributes
                0x0000078a       0x37 Middlewares\FreeRTOS\heap_4.o
 .ARM.attributes
                0x000007c1       0x37 Middlewares\FreeRTOS\list.o
 .ARM.attributes
                0x000007f8       0x37 Middlewares\FreeRTOS\port.o
 .ARM.attributes
                0x0000082f       0x37 Middlewares\FreeRTOS\queue.o
 .ARM.attributes
                0x00000866       0x37 Middlewares\FreeRTOS\tasks.o
 .ARM.attributes
                0x0000089d       0x32 c:/program files (x86)/atollic/truestudio for arm 8.1.0/armtools/bin/../lib/gcc/arm-atollic-eabi/6.3.1/../../../../arm-atollic-eabi/lib/armv7e-m/fpu/fpv5-d16\libc_nano.a(lib_a-init.o)
 .ARM.attributes
                0x000008cf       0x32 c:/program files (x86)/atollic/truestudio for arm 8.1.0/armtools/bin/../lib/gcc/arm-atollic-eabi/6.3.1/../../../../arm-atollic-eabi/lib/armv7e-m/fpu/fpv5-d16\libc_nano.a(lib_a-memcpy-stub.o)
 .ARM.attributes
                0x00000901       0x32 c:/program files (x86)/atollic/truestudio for arm 8.1.0/armtools/bin/../lib/gcc/arm-atollic-eabi/6.3.1/../../../../arm-atollic-eabi/lib/armv7e-m/fpu/fpv5-d16\libc_nano.a(lib_a-memset.o)
 .ARM.attributes
                0x00000933       0x20 c:/program files (x86)/atollic/truestudio for arm 8.1.0/armtools/bin/../lib/gcc/arm-atollic-eabi/6.3.1/armv7e-m/fpu/fpv5-d16/crtn.o
OUTPUT(jsk_foc_f7.elf elf32-littlearm)

.debug_line     0x00000000     0xf00d
 .debug_line    0x00000000       0x7a Application\TrueSTUDIO\startup_stm32f765xx.o
 .debug_line    0x0000007a      0x446 Application\User\dfsdm.o
 .debug_line    0x000004c0      0x290 Application\User\dma.o
 .debug_line    0x00000750      0x371 Application\User\freertos.o
 .debug_line    0x00000ac1      0x2af Application\User\gpio.o
 .debug_line    0x00000d70      0x33f Application\User\i2c.o
 .debug_line    0x000010af      0x48f Application\User\idletasks\idletasks.o
 .debug_line    0x0000153e      0x568 Application\User\main.o
 .debug_line    0x00001aa6      0x34c Application\User\spi.o
 .debug_line    0x00001df2      0x29b Application\User\stm32f7xx_hal_msp.o
 .debug_line    0x0000208d      0x33e Application\User\stm32f7xx_hal_timebase_TIM.o
 .debug_line    0x000023cb      0x386 Application\User\stm32f7xx_it.o
 .debug_line    0x00002751      0x3e5 Application\User\tim.o
 .debug_line    0x00002b36      0x3e0 Application\User\usart.o
 .debug_line    0x00002f16      0x35b Application\User\usb_otg.o
 .debug_line    0x00003271      0x280 Drivers\CMSIS\system_stm32f7xx.o
 .debug_line    0x000034f1      0x49c Drivers\STM32F7xx_HAL_Driver\stm32f7xx_hal.o
 .debug_line    0x0000398d      0x4f5 Drivers\STM32F7xx_HAL_Driver\stm32f7xx_hal_cortex.o
 .debug_line    0x00003e82      0xbdb Drivers\STM32F7xx_HAL_Driver\stm32f7xx_hal_dfsdm.o
 .debug_line    0x00004a5d      0x616 Drivers\STM32F7xx_HAL_Driver\stm32f7xx_hal_dma.o
 .debug_line    0x00005073      0x4ba Drivers\STM32F7xx_HAL_Driver\stm32f7xx_hal_gpio.o
 .debug_line    0x0000552d     0x15bb Drivers\STM32F7xx_HAL_Driver\stm32f7xx_hal_i2c.o
 .debug_line    0x00006ae8      0x389 Drivers\STM32F7xx_HAL_Driver\stm32f7xx_hal_i2c_ex.o
 .debug_line    0x00006e71      0x7d9 Drivers\STM32F7xx_HAL_Driver\stm32f7xx_hal_pcd.o
 .debug_line    0x0000764a      0x377 Drivers\STM32F7xx_HAL_Driver\stm32f7xx_hal_pcd_ex.o
 .debug_line    0x000079c1      0x44e Drivers\STM32F7xx_HAL_Driver\stm32f7xx_hal_pwr_ex.o
 .debug_line    0x00007e0f      0x611 Drivers\STM32F7xx_HAL_Driver\stm32f7xx_hal_rcc.o
 .debug_line    0x00008420      0x497 Drivers\STM32F7xx_HAL_Driver\stm32f7xx_hal_rcc_ex.o
 .debug_line    0x000088b7      0xd0e Drivers\STM32F7xx_HAL_Driver\stm32f7xx_hal_spi.o
 .debug_line    0x000095c5     0x12cc Drivers\STM32F7xx_HAL_Driver\stm32f7xx_hal_tim.o
 .debug_line    0x0000a891      0x9c1 Drivers\STM32F7xx_HAL_Driver\stm32f7xx_hal_tim_ex.o
 .debug_line    0x0000b252      0xc4d Drivers\STM32F7xx_HAL_Driver\stm32f7xx_hal_uart.o
 .debug_line    0x0000be9f      0x951 Drivers\STM32F7xx_HAL_Driver\stm32f7xx_ll_usb.o
 .debug_line    0x0000c7f0      0x909 Middlewares\FreeRTOS\cmsis_os.o
 .debug_line    0x0000d0f9      0x42b Middlewares\FreeRTOS\heap_4.o
 .debug_line    0x0000d524      0x37e Middlewares\FreeRTOS\list.o
 .debug_line    0x0000d8a2      0x350 Middlewares\FreeRTOS\port.o
 .debug_line    0x0000dbf2      0x869 Middlewares\FreeRTOS\queue.o
 .debug_line    0x0000e45b      0xbb2 Middlewares\FreeRTOS\tasks.o

.debug_info     0x00000000    0x39609
 .debug_info    0x00000000       0x73 Application\TrueSTUDIO\startup_stm32f765xx.o
 .debug_info    0x00000073     0x17d1 Application\User\dfsdm.o
 .debug_info    0x00001844      0xe5f Application\User\dma.o
 .debug_info    0x000026a3      0xe11 Application\User\freertos.o
 .debug_info    0x000034b4      0xd6c Application\User\gpio.o
 .debug_info    0x00004220     0x12fa Application\User\i2c.o
 .debug_info    0x0000551a     0x1290 Application\User\idletasks\idletasks.o
 .debug_info    0x000067aa     0x302f Application\User\main.o
 .debug_info    0x000097d9     0x1272 Application\User\spi.o
 .debug_info    0x0000aa4b      0xcf1 Application\User\stm32f7xx_hal_msp.o
 .debug_info    0x0000b73c     0x14b9 Application\User\stm32f7xx_hal_timebase_TIM.o
 .debug_info    0x0000cbf5      0xf57 Application\User\stm32f7xx_it.o
 .debug_info    0x0000db4c     0x17f7 Application\User\tim.o
 .debug_info    0x0000f343     0x13d1 Application\User\usart.o
 .debug_info    0x00010714     0x1281 Application\User\usb_otg.o
 .debug_info    0x00011995      0xf05 Drivers\CMSIS\system_stm32f7xx.o
 .debug_info    0x0001289a     0x11f7 Drivers\STM32F7xx_HAL_Driver\stm32f7xx_hal.o
 .debug_info    0x00013a91     0x1996 Drivers\STM32F7xx_HAL_Driver\stm32f7xx_hal_cortex.o
 .debug_info    0x00015427     0x25c9 Drivers\STM32F7xx_HAL_Driver\stm32f7xx_hal_dfsdm.o
 .debug_info    0x000179f0     0x125c Drivers\STM32F7xx_HAL_Driver\stm32f7xx_hal_dma.o
 .debug_info    0x00018c4c      0xfbc Drivers\STM32F7xx_HAL_Driver\stm32f7xx_hal_gpio.o
 .debug_info    0x00019c08     0x397c Drivers\STM32F7xx_HAL_Driver\stm32f7xx_hal_i2c.o
 .debug_info    0x0001d584     0x11b6 Drivers\STM32F7xx_HAL_Driver\stm32f7xx_hal_i2c_ex.o
 .debug_info    0x0001e73a     0x1dbe Drivers\STM32F7xx_HAL_Driver\stm32f7xx_hal_pcd.o
 .debug_info    0x000204f8      0xf76 Drivers\STM32F7xx_HAL_Driver\stm32f7xx_hal_pcd_ex.o
 .debug_info    0x0002146e     0x122c Drivers\STM32F7xx_HAL_Driver\stm32f7xx_hal_pwr_ex.o
 .debug_info    0x0002269a     0x12c4 Drivers\STM32F7xx_HAL_Driver\stm32f7xx_hal_rcc.o
 .debug_info    0x0002395e      0xf46 Drivers\STM32F7xx_HAL_Driver\stm32f7xx_hal_rcc_ex.o
 .debug_info    0x000248a4     0x2880 Drivers\STM32F7xx_HAL_Driver\stm32f7xx_hal_spi.o
 .debug_info    0x00027124     0x3acd Drivers\STM32F7xx_HAL_Driver\stm32f7xx_hal_tim.o
 .debug_info    0x0002abf1     0x1e5c Drivers\STM32F7xx_HAL_Driver\stm32f7xx_hal_tim_ex.o
 .debug_info    0x0002ca4d     0x20b0 Drivers\STM32F7xx_HAL_Driver\stm32f7xx_hal_uart.o
 .debug_info    0x0002eafd     0x2052 Drivers\STM32F7xx_HAL_Driver\stm32f7xx_ll_usb.o
 .debug_info    0x00030b4f     0x24f5 Middlewares\FreeRTOS\cmsis_os.o
 .debug_info    0x00033044      0xca5 Middlewares\FreeRTOS\heap_4.o
 .debug_info    0x00033ce9      0xac0 Middlewares\FreeRTOS\list.o
 .debug_info    0x000347a9      0x4e8 Middlewares\FreeRTOS\port.o
 .debug_info    0x00034c91     0x1fdf Middlewares\FreeRTOS\queue.o
 .debug_info    0x00036c70     0x2999 Middlewares\FreeRTOS\tasks.o

.debug_abbrev   0x00000000     0x6a8d
 .debug_abbrev  0x00000000       0x12 Application\TrueSTUDIO\startup_stm32f765xx.o
 .debug_abbrev  0x00000012      0x28b Application\User\dfsdm.o
 .debug_abbrev  0x0000029d      0x1f5 Application\User\dma.o
 .debug_abbrev  0x00000492      0x250 Application\User\freertos.o
 .debug_abbrev  0x000006e2      0x1f7 Application\User\gpio.o
 .debug_abbrev  0x000008d9      0x229 Application\User\i2c.o
 .debug_abbrev  0x00000b02      0x265 Application\User\idletasks\idletasks.o
 .debug_abbrev  0x00000d67      0x321 Application\User\main.o
 .debug_abbrev  0x00001088      0x227 Application\User\spi.o
 .debug_abbrev  0x000012af      0x1d3 Application\User\stm32f7xx_hal_msp.o
 .debug_abbrev  0x00001482      0x258 Application\User\stm32f7xx_hal_timebase_TIM.o
 .debug_abbrev  0x000016da      0x215 Application\User\stm32f7xx_it.o
 .debug_abbrev  0x000018ef      0x2bf Application\User\tim.o
 .debug_abbrev  0x00001bae      0x240 Application\User\usart.o
 .debug_abbrev  0x00001dee      0x241 Application\User\usb_otg.o
 .debug_abbrev  0x0000202f      0x1e6 Drivers\CMSIS\system_stm32f7xx.o
 .debug_abbrev  0x00002215      0x2a4 Drivers\STM32F7xx_HAL_Driver\stm32f7xx_hal.o
 .debug_abbrev  0x000024b9      0x399 Drivers\STM32F7xx_HAL_Driver\stm32f7xx_hal_cortex.o
 .debug_abbrev  0x00002852      0x354 Drivers\STM32F7xx_HAL_Driver\stm32f7xx_hal_dfsdm.o
 .debug_abbrev  0x00002ba6      0x34a Drivers\STM32F7xx_HAL_Driver\stm32f7xx_hal_dma.o
 .debug_abbrev  0x00002ef0      0x268 Drivers\STM32F7xx_HAL_Driver\stm32f7xx_hal_gpio.o
 .debug_abbrev  0x00003158      0x3c9 Drivers\STM32F7xx_HAL_Driver\stm32f7xx_hal_i2c.o
 .debug_abbrev  0x00003521      0x209 Drivers\STM32F7xx_HAL_Driver\stm32f7xx_hal_i2c_ex.o
 .debug_abbrev  0x0000372a      0x399 Drivers\STM32F7xx_HAL_Driver\stm32f7xx_hal_pcd.o
 .debug_abbrev  0x00003ac3      0x25a Drivers\STM32F7xx_HAL_Driver\stm32f7xx_hal_pcd_ex.o
 .debug_abbrev  0x00003d1d      0x2b6 Drivers\STM32F7xx_HAL_Driver\stm32f7xx_hal_pwr_ex.o
 .debug_abbrev  0x00003fd3      0x34b Drivers\STM32F7xx_HAL_Driver\stm32f7xx_hal_rcc.o
 .debug_abbrev  0x0000431e      0x25f Drivers\STM32F7xx_HAL_Driver\stm32f7xx_hal_rcc_ex.o
 .debug_abbrev  0x0000457d      0x39a Drivers\STM32F7xx_HAL_Driver\stm32f7xx_hal_spi.o
 .debug_abbrev  0x00004917      0x3ac Drivers\STM32F7xx_HAL_Driver\stm32f7xx_hal_tim.o
 .debug_abbrev  0x00004cc3      0x30d Drivers\STM32F7xx_HAL_Driver\stm32f7xx_hal_tim_ex.o
 .debug_abbrev  0x00004fd0      0x3a6 Drivers\STM32F7xx_HAL_Driver\stm32f7xx_hal_uart.o
 .debug_abbrev  0x00005376      0x3d8 Drivers\STM32F7xx_HAL_Driver\stm32f7xx_ll_usb.o
 .debug_abbrev  0x0000574e      0x468 Middlewares\FreeRTOS\cmsis_os.o
 .debug_abbrev  0x00005bb6      0x314 Middlewares\FreeRTOS\heap_4.o
 .debug_abbrev  0x00005eca      0x1e3 Middlewares\FreeRTOS\list.o
 .debug_abbrev  0x000060ad      0x211 Middlewares\FreeRTOS\port.o
 .debug_abbrev  0x000062be      0x3b6 Middlewares\FreeRTOS\queue.o
 .debug_abbrev  0x00006674      0x419 Middlewares\FreeRTOS\tasks.o

.debug_aranges  0x00000000     0x18c8
 .debug_aranges
                0x00000000       0x28 Application\TrueSTUDIO\startup_stm32f765xx.o
 .debug_aranges
                0x00000028       0x40 Application\User\dfsdm.o
 .debug_aranges
                0x00000068       0x20 Application\User\dma.o
 .debug_aranges
                0x00000088       0x30 Application\User\freertos.o
 .debug_aranges
                0x000000b8       0x20 Application\User\gpio.o
 .debug_aranges
                0x000000d8       0x30 Application\User\i2c.o
 .debug_aranges
                0x00000108       0x40 Application\User\idletasks\idletasks.o
 .debug_aranges
                0x00000148       0x40 Application\User\main.o
 .debug_aranges
                0x00000188       0x30 Application\User\spi.o
 .debug_aranges
                0x000001b8       0x20 Application\User\stm32f7xx_hal_msp.o
 .debug_aranges
                0x000001d8       0x30 Application\User\stm32f7xx_hal_timebase_TIM.o
 .debug_aranges
                0x00000208       0x60 Application\User\stm32f7xx_it.o
 .debug_aranges
                0x00000268       0x40 Application\User\tim.o
 .debug_aranges
                0x000002a8       0x48 Application\User\usart.o
 .debug_aranges
                0x000002f0       0x30 Application\User\usb_otg.o
 .debug_aranges
                0x00000320       0x28 Drivers\CMSIS\system_stm32f7xx.o
 .debug_aranges
                0x00000348       0xf0 Drivers\STM32F7xx_HAL_Driver\stm32f7xx_hal.o
 .debug_aranges
                0x00000438       0xa8 Drivers\STM32F7xx_HAL_Driver\stm32f7xx_hal_cortex.o
 .debug_aranges
                0x000004e0      0x1f0 Drivers\STM32F7xx_HAL_Driver\stm32f7xx_hal_dfsdm.o
 .debug_aranges
                0x000006d0       0x80 Drivers\STM32F7xx_HAL_Driver\stm32f7xx_hal_dma.o
 .debug_aranges
                0x00000750       0x58 Drivers\STM32F7xx_HAL_Driver\stm32f7xx_hal_gpio.o
 .debug_aranges
                0x000007a8      0x200 Drivers\STM32F7xx_HAL_Driver\stm32f7xx_hal_i2c.o
 .debug_aranges
                0x000009a8       0x38 Drivers\STM32F7xx_HAL_Driver\stm32f7xx_hal_i2c_ex.o
 .debug_aranges
                0x000009e0       0xc0 Drivers\STM32F7xx_HAL_Driver\stm32f7xx_hal_pcd.o
 .debug_aranges
                0x00000aa0       0x40 Drivers\STM32F7xx_HAL_Driver\stm32f7xx_hal_pcd_ex.o
 .debug_aranges
                0x00000ae0       0x80 Drivers\STM32F7xx_HAL_Driver\stm32f7xx_hal_pwr_ex.o
 .debug_aranges
                0x00000b60       0x88 Drivers\STM32F7xx_HAL_Driver\stm32f7xx_hal_rcc.o
 .debug_aranges
                0x00000be8       0x30 Drivers\STM32F7xx_HAL_Driver\stm32f7xx_hal_rcc_ex.o
 .debug_aranges
                0x00000c18      0x198 Drivers\STM32F7xx_HAL_Driver\stm32f7xx_hal_spi.o
 .debug_aranges
                0x00000db0      0x260 Drivers\STM32F7xx_HAL_Driver\stm32f7xx_hal_tim.o
 .debug_aranges
                0x00001010      0x128 Drivers\STM32F7xx_HAL_Driver\stm32f7xx_hal_tim_ex.o
 .debug_aranges
                0x00001138      0x148 Drivers\STM32F7xx_HAL_Driver\stm32f7xx_hal_uart.o
 .debug_aranges
                0x00001280      0x180 Drivers\STM32F7xx_HAL_Driver\stm32f7xx_ll_usb.o
 .debug_aranges
                0x00001400      0x190 Middlewares\FreeRTOS\cmsis_os.o
 .debug_aranges
                0x00001590       0x48 Middlewares\FreeRTOS\heap_4.o
 .debug_aranges
                0x000015d8       0x40 Middlewares\FreeRTOS\list.o
 .debug_aranges
                0x00001618       0x80 Middlewares\FreeRTOS\port.o
 .debug_aranges
                0x00001698       0xc0 Middlewares\FreeRTOS\queue.o
 .debug_aranges
                0x00001758      0x170 Middlewares\FreeRTOS\tasks.o

.debug_ranges   0x00000000     0x1f58
 .debug_ranges  0x00000000       0x20 Application\TrueSTUDIO\startup_stm32f765xx.o
 .debug_ranges  0x00000020       0x30 Application\User\dfsdm.o
 .debug_ranges  0x00000050       0x38 Application\User\dma.o
 .debug_ranges  0x00000088       0x20 Application\User\freertos.o
 .debug_ranges  0x000000a8       0x60 Application\User\gpio.o
 .debug_ranges  0x00000108       0x20 Application\User\i2c.o
 .debug_ranges  0x00000128       0x58 Application\User\idletasks\idletasks.o
 .debug_ranges  0x00000180       0x80 Application\User\main.o
 .debug_ranges  0x00000200       0x50 Application\User\spi.o
 .debug_ranges  0x00000250       0x10 Application\User\stm32f7xx_hal_msp.o
 .debug_ranges  0x00000260       0x40 Application\User\stm32f7xx_hal_timebase_TIM.o
 .debug_ranges  0x000002a0       0x50 Application\User\stm32f7xx_it.o
 .debug_ranges  0x000002f0       0x30 Application\User\tim.o
 .debug_ranges  0x00000320       0xa8 Application\User\usart.o
 .debug_ranges  0x000003c8       0x20 Application\User\usb_otg.o
 .debug_ranges  0x000003e8       0x18 Drivers\CMSIS\system_stm32f7xx.o
 .debug_ranges  0x00000400       0xe0 Drivers\STM32F7xx_HAL_Driver\stm32f7xx_hal.o
 .debug_ranges  0x000004e0      0x138 Drivers\STM32F7xx_HAL_Driver\stm32f7xx_hal_cortex.o
 .debug_ranges  0x00000618      0x248 Drivers\STM32F7xx_HAL_Driver\stm32f7xx_hal_dfsdm.o
 .debug_ranges  0x00000860       0xd0 Drivers\STM32F7xx_HAL_Driver\stm32f7xx_hal_dma.o
 .debug_ranges  0x00000930       0x70 Drivers\STM32F7xx_HAL_Driver\stm32f7xx_hal_gpio.o
 .debug_ranges  0x000009a0      0x268 Drivers\STM32F7xx_HAL_Driver\stm32f7xx_hal_i2c.o
 .debug_ranges  0x00000c08       0x68 Drivers\STM32F7xx_HAL_Driver\stm32f7xx_hal_i2c_ex.o
 .debug_ranges  0x00000c70       0xc8 Drivers\STM32F7xx_HAL_Driver\stm32f7xx_hal_pcd.o
 .debug_ranges  0x00000d38       0x30 Drivers\STM32F7xx_HAL_Driver\stm32f7xx_hal_pcd_ex.o
 .debug_ranges  0x00000d68       0xe8 Drivers\STM32F7xx_HAL_Driver\stm32f7xx_hal_pwr_ex.o
 .debug_ranges  0x00000e50       0xf0 Drivers\STM32F7xx_HAL_Driver\stm32f7xx_hal_rcc.o
 .debug_ranges  0x00000f40       0x38 Drivers\STM32F7xx_HAL_Driver\stm32f7xx_hal_rcc_ex.o
 .debug_ranges  0x00000f78      0x200 Drivers\STM32F7xx_HAL_Driver\stm32f7xx_hal_spi.o
 .debug_ranges  0x00001178      0x318 Drivers\STM32F7xx_HAL_Driver\stm32f7xx_hal_tim.o
 .debug_ranges  0x00001490      0x118 Drivers\STM32F7xx_HAL_Driver\stm32f7xx_hal_tim_ex.o
 .debug_ranges  0x000015a8      0x138 Drivers\STM32F7xx_HAL_Driver\stm32f7xx_hal_uart.o
 .debug_ranges  0x000016e0      0x1a8 Drivers\STM32F7xx_HAL_Driver\stm32f7xx_ll_usb.o
 .debug_ranges  0x00001888      0x1b0 Middlewares\FreeRTOS\cmsis_os.o
 .debug_ranges  0x00001a38       0x38 Middlewares\FreeRTOS\heap_4.o
 .debug_ranges  0x00001a70       0x30 Middlewares\FreeRTOS\list.o
 .debug_ranges  0x00001aa0       0x90 Middlewares\FreeRTOS\port.o
 .debug_ranges  0x00001b30      0x1b0 Middlewares\FreeRTOS\queue.o
 .debug_ranges  0x00001ce0      0x278 Middlewares\FreeRTOS\tasks.o

.debug_loc      0x00000000    0x13142
 .debug_loc     0x00000000       0xb0 Application\User\dfsdm.o
 .debug_loc     0x000000b0       0x42 Application\User\freertos.o
 .debug_loc     0x000000f2       0x4d Application\User\i2c.o
 .debug_loc     0x0000013f      0x185 Application\User\idletasks\idletasks.o
 .debug_loc     0x000002c4       0x8e Application\User\main.o
 .debug_loc     0x00000352       0x4d Application\User\spi.o
 .debug_loc     0x0000039f       0xa5 Application\User\stm32f7xx_hal_timebase_TIM.o
 .debug_loc     0x00000444       0x5b Application\User\tim.o
 .debug_loc     0x0000049f       0xb1 Application\User\usart.o
 .debug_loc     0x00000550       0x4d Application\User\usb_otg.o
 .debug_loc     0x0000059d      0x11c Drivers\CMSIS\system_stm32f7xx.o
 .debug_loc     0x000006b9       0x6a Drivers\STM32F7xx_HAL_Driver\stm32f7xx_hal.o
 .debug_loc     0x00000723      0x536 Drivers\STM32F7xx_HAL_Driver\stm32f7xx_hal_cortex.o
 .debug_loc     0x00000c59     0x1833 Drivers\STM32F7xx_HAL_Driver\stm32f7xx_hal_dfsdm.o
 .debug_loc     0x0000248c      0x7ed Drivers\STM32F7xx_HAL_Driver\stm32f7xx_hal_dma.o
 .debug_loc     0x00002c79      0x3cd Drivers\STM32F7xx_HAL_Driver\stm32f7xx_hal_gpio.o
 .debug_loc     0x00003046     0x320f Drivers\STM32F7xx_HAL_Driver\stm32f7xx_hal_i2c.o
 .debug_loc     0x00006255      0x144 Drivers\STM32F7xx_HAL_Driver\stm32f7xx_hal_i2c_ex.o
 .debug_loc     0x00006399      0xb51 Drivers\STM32F7xx_HAL_Driver\stm32f7xx_hal_pcd.o
 .debug_loc     0x00006eea      0x157 Drivers\STM32F7xx_HAL_Driver\stm32f7xx_hal_pcd_ex.o
 .debug_loc     0x00007041      0x1c2 Drivers\STM32F7xx_HAL_Driver\stm32f7xx_hal_pwr_ex.o
 .debug_loc     0x00007203      0x37e Drivers\STM32F7xx_HAL_Driver\stm32f7xx_hal_rcc.o
 .debug_loc     0x00007581      0x4a2 Drivers\STM32F7xx_HAL_Driver\stm32f7xx_hal_rcc_ex.o
 .debug_loc     0x00007a23     0x18e6 Drivers\STM32F7xx_HAL_Driver\stm32f7xx_hal_spi.o
 .debug_loc     0x00009309     0x2eb3 Drivers\STM32F7xx_HAL_Driver\stm32f7xx_hal_tim.o
 .debug_loc     0x0000c1bc     0x11e1 Drivers\STM32F7xx_HAL_Driver\stm32f7xx_hal_tim_ex.o
 .debug_loc     0x0000d39d     0x131b Drivers\STM32F7xx_HAL_Driver\stm32f7xx_hal_uart.o
 .debug_loc     0x0000e6b8     0x1539 Drivers\STM32F7xx_HAL_Driver\stm32f7xx_ll_usb.o
 .debug_loc     0x0000fbf1     0x1037 Middlewares\FreeRTOS\cmsis_os.o
 .debug_loc     0x00010c28      0x390 Middlewares\FreeRTOS\heap_4.o
 .debug_loc     0x00010fb8       0x94 Middlewares\FreeRTOS\list.o
 .debug_loc     0x0001104c       0x9d Middlewares\FreeRTOS\port.o
 .debug_loc     0x000110e9      0xe0c Middlewares\FreeRTOS\queue.o
 .debug_loc     0x00011ef5     0x124d Middlewares\FreeRTOS\tasks.o

.debug_str      0x00000000     0x9345
 .debug_str     0x00000000      0xfdb Application\User\dfsdm.o
                               0x111b (size before relaxing)
 .debug_str     0x00000fdb      0x665 Application\User\dma.o
                                0xda7 (size before relaxing)
 .debug_str     0x00001640      0x416 Application\User\freertos.o
                                0xa4b (size before relaxing)
 .debug_str     0x00001a56       0x4f Application\User\gpio.o
                                0x820 (size before relaxing)
 .debug_str     0x00001aa5      0x31d Application\User\i2c.o
                                0xda4 (size before relaxing)
 .debug_str     0x00001dc2      0x28c Application\User\idletasks\idletasks.o
                                0xc3d (size before relaxing)
 .debug_str     0x0000204e      0xe54 Application\User\main.o
                               0x28f7 (size before relaxing)
 .debug_str     0x00002ea2       0x4c Application\User\spi.o
                                0xcb3 (size before relaxing)
 .debug_str     0x00002eee       0x4a Application\User\stm32f7xx_hal_msp.o
                                0xc9f (size before relaxing)
 .debug_str     0x00002f38       0xfe Application\User\stm32f7xx_hal_timebase_TIM.o
                               0x1343 (size before relaxing)
 .debug_str     0x00003036      0x108 Application\User\stm32f7xx_it.o
                                0xb81 (size before relaxing)
 .debug_str     0x0000313e      0x2c8 Application\User\tim.o
                                0xf45 (size before relaxing)
 .debug_str     0x00003406       0x52 Application\User\usart.o
                                0xd7c (size before relaxing)
 .debug_str     0x00003458       0x50 Application\User\usb_otg.o
                                0xc42 (size before relaxing)
 .debug_str     0x000034a8       0x5c Drivers\CMSIS\system_stm32f7xx.o
                                0x8b4 (size before relaxing)
 .debug_str     0x00003504      0x29e Drivers\STM32F7xx_HAL_Driver\stm32f7xx_hal.o
                               0x10d4 (size before relaxing)
 .debug_str     0x000037a2      0x32c Drivers\STM32F7xx_HAL_Driver\stm32f7xx_hal_cortex.o
                               0x1292 (size before relaxing)
 .debug_str     0x00003ace      0x864 Drivers\STM32F7xx_HAL_Driver\stm32f7xx_hal_dfsdm.o
                               0x1736 (size before relaxing)
 .debug_str     0x00004332      0x2c6 Drivers\STM32F7xx_HAL_Driver\stm32f7xx_hal_dma.o
                                0xbf0 (size before relaxing)
 .debug_str     0x000045f8       0xea Drivers\STM32F7xx_HAL_Driver\stm32f7xx_hal_gpio.o
                                0x987 (size before relaxing)
 .debug_str     0x000046e2      0x77e Drivers\STM32F7xx_HAL_Driver\stm32f7xx_hal_i2c.o
                               0x1387 (size before relaxing)
 .debug_str     0x00004e60       0x8f Drivers\STM32F7xx_HAL_Driver\stm32f7xx_hal_i2c_ex.o
                                0xd8b (size before relaxing)
 .debug_str     0x00004eef      0x70a Drivers\STM32F7xx_HAL_Driver\stm32f7xx_hal_pcd.o
                               0x116e (size before relaxing)
 .debug_str     0x000055f9       0xa3 Drivers\STM32F7xx_HAL_Driver\stm32f7xx_hal_pcd_ex.o
                                0xb26 (size before relaxing)
 .debug_str     0x0000569c      0x1f0 Drivers\STM32F7xx_HAL_Driver\stm32f7xx_hal_pwr_ex.o
                                0xae2 (size before relaxing)
 .debug_str     0x0000588c      0x158 Drivers\STM32F7xx_HAL_Driver\stm32f7xx_hal_rcc.o
                                0xb5a (size before relaxing)
 .debug_str     0x000059e4       0xd9 Drivers\STM32F7xx_HAL_Driver\stm32f7xx_hal_rcc_ex.o
                                0xb4f (size before relaxing)
 .debug_str     0x00005abd      0x501 Drivers\STM32F7xx_HAL_Driver\stm32f7xx_hal_spi.o
                               0x1060 (size before relaxing)
 .debug_str     0x00005fbe      0xbb6 Drivers\STM32F7xx_HAL_Driver\stm32f7xx_hal_tim.o
                               0x1851 (size before relaxing)
 .debug_str     0x00006b74      0x4dd Drivers\STM32F7xx_HAL_Driver\stm32f7xx_hal_tim_ex.o
                               0x1397 (size before relaxing)
 .debug_str     0x00007051      0x510 Drivers\STM32F7xx_HAL_Driver\stm32f7xx_hal_uart.o
                               0x1299 (size before relaxing)
 .debug_str     0x00007561      0x3ca Drivers\STM32F7xx_HAL_Driver\stm32f7xx_ll_usb.o
                               0x1062 (size before relaxing)
 .debug_str     0x0000792b      0x941 Middlewares\FreeRTOS\cmsis_os.o
                               0x1209 (size before relaxing)
 .debug_str     0x0000826c      0x215 Middlewares\FreeRTOS\heap_4.o
                                0x83f (size before relaxing)
 .debug_str     0x00008481      0x14a Middlewares\FreeRTOS\list.o
                                0x756 (size before relaxing)
 .debug_str     0x000085cb      0x216 Middlewares\FreeRTOS\port.o
                                0x489 (size before relaxing)
 .debug_str     0x000087e1      0x46b Middlewares\FreeRTOS\queue.o
                                0xd4f (size before relaxing)
 .debug_str     0x00008c4c      0x6f9 Middlewares\FreeRTOS\tasks.o
                               0x1251 (size before relaxing)

.comment        0x00000000       0x7c
 .comment       0x00000000       0x7c Application\User\dfsdm.o
                                 0x7d (size before relaxing)
 .comment       0x0000007c       0x7d Application\User\dma.o
 .comment       0x0000007c       0x7d Application\User\freertos.o
 .comment       0x0000007c       0x7d Application\User\gpio.o
 .comment       0x0000007c       0x7d Application\User\i2c.o
 .comment       0x0000007c       0x7d Application\User\idletasks\idletasks.o
 .comment       0x0000007c       0x7d Application\User\main.o
 .comment       0x0000007c       0x7d Application\User\spi.o
 .comment       0x0000007c       0x7d Application\User\stm32f7xx_hal_msp.o
 .comment       0x0000007c       0x7d Application\User\stm32f7xx_hal_timebase_TIM.o
 .comment       0x0000007c       0x7d Application\User\stm32f7xx_it.o
 .comment       0x0000007c       0x7d Application\User\tim.o
 .comment       0x0000007c       0x7d Application\User\usart.o
 .comment       0x0000007c       0x7d Application\User\usb_otg.o
 .comment       0x0000007c       0x7d Drivers\CMSIS\system_stm32f7xx.o
 .comment       0x0000007c       0x7d Drivers\STM32F7xx_HAL_Driver\stm32f7xx_hal.o
 .comment       0x0000007c       0x7d Drivers\STM32F7xx_HAL_Driver\stm32f7xx_hal_cortex.o
 .comment       0x0000007c       0x7d Drivers\STM32F7xx_HAL_Driver\stm32f7xx_hal_dfsdm.o
 .comment       0x0000007c       0x7d Drivers\STM32F7xx_HAL_Driver\stm32f7xx_hal_dma.o
 .comment       0x0000007c       0x7d Drivers\STM32F7xx_HAL_Driver\stm32f7xx_hal_gpio.o
 .comment       0x0000007c       0x7d Drivers\STM32F7xx_HAL_Driver\stm32f7xx_hal_i2c.o
 .comment       0x0000007c       0x7d Drivers\STM32F7xx_HAL_Driver\stm32f7xx_hal_i2c_ex.o
 .comment       0x0000007c       0x7d Drivers\STM32F7xx_HAL_Driver\stm32f7xx_hal_pcd.o
 .comment       0x0000007c       0x7d Drivers\STM32F7xx_HAL_Driver\stm32f7xx_hal_pcd_ex.o
 .comment       0x0000007c       0x7d Drivers\STM32F7xx_HAL_Driver\stm32f7xx_hal_pwr_ex.o
 .comment       0x0000007c       0x7d Drivers\STM32F7xx_HAL_Driver\stm32f7xx_hal_rcc.o
 .comment       0x0000007c       0x7d Drivers\STM32F7xx_HAL_Driver\stm32f7xx_hal_rcc_ex.o
 .comment       0x0000007c       0x7d Drivers\STM32F7xx_HAL_Driver\stm32f7xx_hal_spi.o
 .comment       0x0000007c       0x7d Drivers\STM32F7xx_HAL_Driver\stm32f7xx_hal_tim.o
 .comment       0x0000007c       0x7d Drivers\STM32F7xx_HAL_Driver\stm32f7xx_hal_tim_ex.o
 .comment       0x0000007c       0x7d Drivers\STM32F7xx_HAL_Driver\stm32f7xx_hal_uart.o
 .comment       0x0000007c       0x7d Drivers\STM32F7xx_HAL_Driver\stm32f7xx_ll_usb.o
 .comment       0x0000007c       0x7d Middlewares\FreeRTOS\cmsis_os.o
 .comment       0x0000007c       0x7d Middlewares\FreeRTOS\heap_4.o
 .comment       0x0000007c       0x7d Middlewares\FreeRTOS\list.o
 .comment       0x0000007c       0x7d Middlewares\FreeRTOS\port.o
 .comment       0x0000007c       0x7d Middlewares\FreeRTOS\queue.o
 .comment       0x0000007c       0x7d Middlewares\FreeRTOS\tasks.o

.debug_frame    0x00000000     0x4994
 .debug_frame   0x00000000       0xbc Application\User\dfsdm.o
 .debug_frame   0x000000bc       0x28 Application\User\dma.o
 .debug_frame   0x000000e4       0xe0 Application\User\freertos.o
 .debug_frame   0x000001c4       0x30 Application\User\gpio.o
 .debug_frame   0x000001f4       0x58 Application\User\i2c.o
 .debug_frame   0x0000024c       0x9c Application\User\idletasks\idletasks.o
 .debug_frame   0x000002e8       0x88 Application\User\main.o
 .debug_frame   0x00000370       0x74 Application\User\spi.o
 .debug_frame   0x000003e4       0x2c Application\User\stm32f7xx_hal_msp.o
 .debug_frame   0x00000410       0x50 Application\User\stm32f7xx_hal_timebase_TIM.o
 .debug_frame   0x00000460       0xb0 Application\User\stm32f7xx_it.o
 .debug_frame   0x00000510       0x98 Application\User\tim.o
 .debug_frame   0x000005a8       0xc0 Application\User\usart.o
 .debug_frame   0x00000668       0x74 Application\User\usb_otg.o
 .debug_frame   0x000006dc       0x38 Drivers\CMSIS\system_stm32f7xx.o
 .debug_frame   0x00000714      0x1f4 Drivers\STM32F7xx_HAL_Driver\stm32f7xx_hal.o
 .debug_frame   0x00000908      0x158 Drivers\STM32F7xx_HAL_Driver\stm32f7xx_hal_cortex.o
 .debug_frame   0x00000a60      0x5f0 Drivers\STM32F7xx_HAL_Driver\stm32f7xx_hal_dfsdm.o
 .debug_frame   0x00001050      0x150 Drivers\STM32F7xx_HAL_Driver\stm32f7xx_hal_dma.o
 .debug_frame   0x000011a0       0xd8 Drivers\STM32F7xx_HAL_Driver\stm32f7xx_hal_gpio.o
 .debug_frame   0x00001278      0x804 Drivers\STM32F7xx_HAL_Driver\stm32f7xx_hal_i2c.o
 .debug_frame   0x00001a7c       0x70 Drivers\STM32F7xx_HAL_Driver\stm32f7xx_hal_i2c_ex.o
 .debug_frame   0x00001aec      0x2c4 Drivers\STM32F7xx_HAL_Driver\stm32f7xx_hal_pcd.o
 .debug_frame   0x00001db0       0x6c Drivers\STM32F7xx_HAL_Driver\stm32f7xx_hal_pcd_ex.o
 .debug_frame   0x00001e1c      0x13c Drivers\STM32F7xx_HAL_Driver\stm32f7xx_hal_pwr_ex.o
 .debug_frame   0x00001f58      0x134 Drivers\STM32F7xx_HAL_Driver\stm32f7xx_hal_rcc.o
 .debug_frame   0x0000208c       0x5c Drivers\STM32F7xx_HAL_Driver\stm32f7xx_hal_rcc_ex.o
 .debug_frame   0x000020e8      0x5b0 Drivers\STM32F7xx_HAL_Driver\stm32f7xx_hal_spi.o
 .debug_frame   0x00002698      0x87c Drivers\STM32F7xx_HAL_Driver\stm32f7xx_hal_tim.o
 .debug_frame   0x00002f14      0x3f4 Drivers\STM32F7xx_HAL_Driver\stm32f7xx_hal_tim_ex.o
 .debug_frame   0x00003308      0x424 Drivers\STM32F7xx_HAL_Driver\stm32f7xx_hal_uart.o
 .debug_frame   0x0000372c      0x41c Drivers\STM32F7xx_HAL_Driver\stm32f7xx_ll_usb.o
 .debug_frame   0x00003b48      0x4d4 Middlewares\FreeRTOS\cmsis_os.o
 .debug_frame   0x0000401c       0x98 Middlewares\FreeRTOS\heap_4.o
 .debug_frame   0x000040b4       0x6c Middlewares\FreeRTOS\list.o
 .debug_frame   0x00004120       0xf0 Middlewares\FreeRTOS\port.o
 .debug_frame   0x00004210      0x264 Middlewares\FreeRTOS\queue.o
 .debug_frame   0x00004474      0x4ac Middlewares\FreeRTOS\tasks.o
 .debug_frame   0x00004920       0x2c c:/program files (x86)/atollic/truestudio for arm 8.1.0/armtools/bin/../lib/gcc/arm-atollic-eabi/6.3.1/../../../../arm-atollic-eabi/lib/armv7e-m/fpu/fpv5-d16\libc_nano.a(lib_a-init.o)
 .debug_frame   0x0000494c       0x28 c:/program files (x86)/atollic/truestudio for arm 8.1.0/armtools/bin/../lib/gcc/arm-atollic-eabi/6.3.1/../../../../arm-atollic-eabi/lib/armv7e-m/fpu/fpv5-d16\libc_nano.a(lib_a-memcpy-stub.o)
 .debug_frame   0x00004974       0x20 c:/program files (x86)/atollic/truestudio for arm 8.1.0/armtools/bin/../lib/gcc/arm-atollic-eabi/6.3.1/../../../../arm-atollic-eabi/lib/armv7e-m/fpu/fpv5-d16\libc_nano.a(lib_a-memset.o)

Cross Reference Table

Symbol                                            File
ADC_IRQHandler                                    Application\TrueSTUDIO\startup_stm32f765xx.o
AHBPrescTable                                     Drivers\CMSIS\system_stm32f7xx.o
                                                  Drivers\STM32F7xx_HAL_Driver\stm32f7xx_hal_rcc.o
APBPrescTable                                     Drivers\CMSIS\system_stm32f7xx.o
                                                  Drivers\STM32F7xx_HAL_Driver\stm32f7xx_hal_rcc.o
BusFault_Handler                                  Application\User\stm32f7xx_it.o
                                                  Application\TrueSTUDIO\startup_stm32f765xx.o
CAN1_RX0_IRQHandler                               Application\TrueSTUDIO\startup_stm32f765xx.o
CAN1_RX1_IRQHandler                               Application\TrueSTUDIO\startup_stm32f765xx.o
CAN1_SCE_IRQHandler                               Application\TrueSTUDIO\startup_stm32f765xx.o
CAN1_TX_IRQHandler                                Application\TrueSTUDIO\startup_stm32f765xx.o
CAN2_RX0_IRQHandler                               Application\TrueSTUDIO\startup_stm32f765xx.o
CAN2_RX1_IRQHandler                               Application\TrueSTUDIO\startup_stm32f765xx.o
CAN2_SCE_IRQHandler                               Application\TrueSTUDIO\startup_stm32f765xx.o
CAN2_TX_IRQHandler                                Application\TrueSTUDIO\startup_stm32f765xx.o
CAN3_RX0_IRQHandler                               Application\TrueSTUDIO\startup_stm32f765xx.o
CAN3_RX1_IRQHandler                               Application\TrueSTUDIO\startup_stm32f765xx.o
CAN3_SCE_IRQHandler                               Application\TrueSTUDIO\startup_stm32f765xx.o
CAN3_TX_IRQHandler                                Application\TrueSTUDIO\startup_stm32f765xx.o
CEC_IRQHandler                                    Application\TrueSTUDIO\startup_stm32f765xx.o
DCMI_IRQHandler                                   Application\TrueSTUDIO\startup_stm32f765xx.o
DFSDM1_FLT0_IRQHandler                            Application\TrueSTUDIO\startup_stm32f765xx.o
DFSDM1_FLT1_IRQHandler                            Application\TrueSTUDIO\startup_stm32f765xx.o
DFSDM1_FLT2_IRQHandler                            Application\TrueSTUDIO\startup_stm32f765xx.o
DFSDM1_FLT3_IRQHandler                            Application\TrueSTUDIO\startup_stm32f765xx.o
DMA1_Stream0_IRQHandler                           Application\TrueSTUDIO\startup_stm32f765xx.o
DMA1_Stream1_IRQHandler                           Application\TrueSTUDIO\startup_stm32f765xx.o
DMA1_Stream2_IRQHandler                           Application\TrueSTUDIO\startup_stm32f765xx.o
DMA1_Stream3_IRQHandler                           Application\TrueSTUDIO\startup_stm32f765xx.o
DMA1_Stream4_IRQHandler                           Application\TrueSTUDIO\startup_stm32f765xx.o
DMA1_Stream5_IRQHandler                           Application\TrueSTUDIO\startup_stm32f765xx.o
DMA1_Stream6_IRQHandler                           Application\TrueSTUDIO\startup_stm32f765xx.o
DMA1_Stream7_IRQHandler                           Application\TrueSTUDIO\startup_stm32f765xx.o
DMA2D_IRQHandler                                  Application\TrueSTUDIO\startup_stm32f765xx.o
DMA2_Stream0_IRQHandler                           Application\User\stm32f7xx_it.o
                                                  Application\TrueSTUDIO\startup_stm32f765xx.o
DMA2_Stream1_IRQHandler                           Application\User\stm32f7xx_it.o
                                                  Application\TrueSTUDIO\startup_stm32f765xx.o
DMA2_Stream2_IRQHandler                           Application\TrueSTUDIO\startup_stm32f765xx.o
DMA2_Stream3_IRQHandler                           Application\TrueSTUDIO\startup_stm32f765xx.o
DMA2_Stream4_IRQHandler                           Application\TrueSTUDIO\startup_stm32f765xx.o
DMA2_Stream5_IRQHandler                           Application\TrueSTUDIO\startup_stm32f765xx.o
DMA2_Stream6_IRQHandler                           Application\TrueSTUDIO\startup_stm32f765xx.o
DMA2_Stream7_IRQHandler                           Application\TrueSTUDIO\startup_stm32f765xx.o
DebugMon_Handler                                  Application\User\stm32f7xx_it.o
                                                  Application\TrueSTUDIO\startup_stm32f765xx.o
Default_Handler                                   Application\TrueSTUDIO\startup_stm32f765xx.o