Archive member included to satisfy reference by file (symbol)

/home/chen/softwares/truestudio/ARMTools/bin/../lib/gcc/arm-atollic-eabi/6.3.1/../../../../arm-atollic-eabi/lib/armv7e-m/fpu/fpv5-d16/libc_nano.a(lib_a-errno.o)
                              Application/TrueSTUDIO/syscalls.o (__errno)
/home/chen/softwares/truestudio/ARMTools/bin/../lib/gcc/arm-atollic-eabi/6.3.1/../../../../arm-atollic-eabi/lib/armv7e-m/fpu/fpv5-d16/libc_nano.a(lib_a-impure.o)
                              /home/chen/softwares/truestudio/ARMTools/bin/../lib/gcc/arm-atollic-eabi/6.3.1/../../../../arm-atollic-eabi/lib/armv7e-m/fpu/fpv5-d16/libc_nano.a(lib_a-errno.o) (_impure_ptr)
/home/chen/softwares/truestudio/ARMTools/bin/../lib/gcc/arm-atollic-eabi/6.3.1/../../../../arm-atollic-eabi/lib/armv7e-m/fpu/fpv5-d16/libc_nano.a(lib_a-init.o)
                              Application/TrueSTUDIO/startup_stm32f765xx.o (__libc_init_array)
/home/chen/softwares/truestudio/ARMTools/bin/../lib/gcc/arm-atollic-eabi/6.3.1/../../../../arm-atollic-eabi/lib/armv7e-m/fpu/fpv5-d16/libc_nano.a(lib_a-memcpy-stub.o)
                              Middlewares/FreeRTOS/queue.o (memcpy)
/home/chen/softwares/truestudio/ARMTools/bin/../lib/gcc/arm-atollic-eabi/6.3.1/../../../../arm-atollic-eabi/lib/armv7e-m/fpu/fpv5-d16/libc_nano.a(lib_a-memset.o)
                              Application/User/Idletasks/idletasks.o (memset)
/home/chen/softwares/truestudio/ARMTools/bin/../lib/gcc/arm-atollic-eabi/6.3.1/../../../../arm-atollic-eabi/lib/armv7e-m/fpu/fpv5-d16/libm.a(lib_a-s_cos.o)
                              Application/User/Foc/controlFoc.o (cos)
/home/chen/softwares/truestudio/ARMTools/bin/../lib/gcc/arm-atollic-eabi/6.3.1/../../../../arm-atollic-eabi/lib/armv7e-m/fpu/fpv5-d16/libm.a(lib_a-s_sin.o)
                              Application/User/Foc/controlFoc.o (sin)
/home/chen/softwares/truestudio/ARMTools/bin/../lib/gcc/arm-atollic-eabi/6.3.1/../../../../arm-atollic-eabi/lib/armv7e-m/fpu/fpv5-d16/libm.a(lib_a-e_rem_pio2.o)
                              /home/chen/softwares/truestudio/ARMTools/bin/../lib/gcc/arm-atollic-eabi/6.3.1/../../../../arm-atollic-eabi/lib/armv7e-m/fpu/fpv5-d16/libm.a(lib_a-s_cos.o) (__ieee754_rem_pio2)
/home/chen/softwares/truestudio/ARMTools/bin/../lib/gcc/arm-atollic-eabi/6.3.1/../../../../arm-atollic-eabi/lib/armv7e-m/fpu/fpv5-d16/libm.a(lib_a-k_cos.o)
                              /home/chen/softwares/truestudio/ARMTools/bin/../lib/gcc/arm-atollic-eabi/6.3.1/../../../../arm-atollic-eabi/lib/armv7e-m/fpu/fpv5-d16/libm.a(lib_a-s_cos.o) (__kernel_cos)
/home/chen/softwares/truestudio/ARMTools/bin/../lib/gcc/arm-atollic-eabi/6.3.1/../../../../arm-atollic-eabi/lib/armv7e-m/fpu/fpv5-d16/libm.a(lib_a-k_rem_pio2.o)
                              /home/chen/softwares/truestudio/ARMTools/bin/../lib/gcc/arm-atollic-eabi/6.3.1/../../../../arm-atollic-eabi/lib/armv7e-m/fpu/fpv5-d16/libm.a(lib_a-e_rem_pio2.o) (__kernel_rem_pio2)
/home/chen/softwares/truestudio/ARMTools/bin/../lib/gcc/arm-atollic-eabi/6.3.1/../../../../arm-atollic-eabi/lib/armv7e-m/fpu/fpv5-d16/libm.a(lib_a-k_sin.o)
                              /home/chen/softwares/truestudio/ARMTools/bin/../lib/gcc/arm-atollic-eabi/6.3.1/../../../../arm-atollic-eabi/lib/armv7e-m/fpu/fpv5-d16/libm.a(lib_a-s_cos.o) (__kernel_sin)
/home/chen/softwares/truestudio/ARMTools/bin/../lib/gcc/arm-atollic-eabi/6.3.1/../../../../arm-atollic-eabi/lib/armv7e-m/fpu/fpv5-d16/libm.a(lib_a-s_fabs.o)
                              /home/chen/softwares/truestudio/ARMTools/bin/../lib/gcc/arm-atollic-eabi/6.3.1/../../../../arm-atollic-eabi/lib/armv7e-m/fpu/fpv5-d16/libm.a(lib_a-e_rem_pio2.o) (fabs)
/home/chen/softwares/truestudio/ARMTools/bin/../lib/gcc/arm-atollic-eabi/6.3.1/../../../../arm-atollic-eabi/lib/armv7e-m/fpu/fpv5-d16/libm.a(lib_a-s_floor.o)
                              /home/chen/softwares/truestudio/ARMTools/bin/../lib/gcc/arm-atollic-eabi/6.3.1/../../../../arm-atollic-eabi/lib/armv7e-m/fpu/fpv5-d16/libm.a(lib_a-k_rem_pio2.o) (floor)
/home/chen/softwares/truestudio/ARMTools/bin/../lib/gcc/arm-atollic-eabi/6.3.1/../../../../arm-atollic-eabi/lib/armv7e-m/fpu/fpv5-d16/libm.a(lib_a-s_scalbn.o)
                              /home/chen/softwares/truestudio/ARMTools/bin/../lib/gcc/arm-atollic-eabi/6.3.1/../../../../arm-atollic-eabi/lib/armv7e-m/fpu/fpv5-d16/libm.a(lib_a-k_rem_pio2.o) (scalbn)
/home/chen/softwares/truestudio/ARMTools/bin/../lib/gcc/arm-atollic-eabi/6.3.1/../../../../arm-atollic-eabi/lib/armv7e-m/fpu/fpv5-d16/libm.a(lib_a-s_copysign.o)
                              /home/chen/softwares/truestudio/ARMTools/bin/../lib/gcc/arm-atollic-eabi/6.3.1/../../../../arm-atollic-eabi/lib/armv7e-m/fpu/fpv5-d16/libm.a(lib_a-s_scalbn.o) (copysign)
/home/chen/softwares/truestudio/ARMTools/bin/../lib/gcc/arm-atollic-eabi/6.3.1/armv7e-m/fpu/fpv5-d16/libgcc.a(_aeabi_uldivmod.o)
                              Drivers/STM32F7xx_HAL_Driver/stm32f7xx_hal_rcc.o (__aeabi_uldivmod)
[...]
Memory Configuration

Name             Origin             Length             Attributes
RAM              0x0000000020000000 0x0000000000080000 xrw
FLASH            0x0000000008000000 0x0000000000200000 xr
*default*        0x0000000000000000 0xffffffffffffffff

Linker script and memory map

LOAD /home/chen/softwares/truestudio/ARMTools/bin/../lib/gcc/arm-atollic-eabi/6.3.1/armv7e-m/fpu/fpv5-d16/crti.o
LOAD /home/chen/softwares/truestudio/ARMTools/bin/../lib/gcc/arm-atollic-eabi/6.3.1/armv7e-m/fpu/fpv5-d16/crtbegin.o
LOAD Application/TrueSTUDIO/startup_stm32f765xx.o
LOAD Application/TrueSTUDIO/syscalls.o
LOAD Application/User/Foc/controlFoc.o
LOAD Application/User/ISRs/isrSensors.o
LOAD Application/User/Idletasks/idletasks.o
LOAD Application/User/SYSINIT/sysinitial.o
LOAD Application/User/debug/datatraceDebug.o
LOAD Application/User/dfsdm.o
LOAD Application/User/dma.o
LOAD Application/User/freertos.o
LOAD Application/User/gpio.o
LOAD Application/User/i2c.o
LOAD Application/User/main.o
LOAD Application/User/spi.o
LOAD Application/User/stm32f7xx_hal_msp.o
LOAD Application/User/stm32f7xx_hal_timebase_tim.o
LOAD Application/User/stm32f7xx_it.o
LOAD Application/User/tim.o
LOAD Application/User/usart.o
LOAD Application/User/usb_otg.o
LOAD Drivers/CMSIS/system_stm32f7xx.o
LOAD Drivers/STM32F7xx_HAL_Driver/stm32f7xx_hal.o
LOAD Drivers/STM32F7xx_HAL_Driver/stm32f7xx_hal_cortex.o
LOAD Drivers/STM32F7xx_HAL_Driver/stm32f7xx_hal_dfsdm.o
LOAD Drivers/STM32F7xx_HAL_Driver/stm32f7xx_hal_dma.o
LOAD Drivers/STM32F7xx_HAL_Driver/stm32f7xx_hal_dma_ex.o
LOAD Drivers/STM32F7xx_HAL_Driver/stm32f7xx_hal_flash.o
LOAD Drivers/STM32F7xx_HAL_Driver/stm32f7xx_hal_flash_ex.o
LOAD Drivers/STM32F7xx_HAL_Driver/stm32f7xx_hal_gpio.o
LOAD Drivers/STM32F7xx_HAL_Driver/stm32f7xx_hal_i2c.o
LOAD Drivers/STM32F7xx_HAL_Driver/stm32f7xx_hal_i2c_ex.o
LOAD Drivers/STM32F7xx_HAL_Driver/stm32f7xx_hal_pcd.o
LOAD Drivers/STM32F7xx_HAL_Driver/stm32f7xx_hal_pcd_ex.o
LOAD Drivers/STM32F7xx_HAL_Driver/stm32f7xx_hal_pwr.o
LOAD Drivers/STM32F7xx_HAL_Driver/stm32f7xx_hal_pwr_ex.o
LOAD Drivers/STM32F7xx_HAL_Driver/stm32f7xx_hal_rcc.o
LOAD Drivers/STM32F7xx_HAL_Driver/stm32f7xx_hal_rcc_ex.o
LOAD Drivers/STM32F7xx_HAL_Driver/stm32f7xx_hal_spi.o
LOAD Drivers/STM32F7xx_HAL_Driver/stm32f7xx_hal_tim.o
LOAD Drivers/STM32F7xx_HAL_Driver/stm32f7xx_hal_tim_ex.o
LOAD Drivers/STM32F7xx_HAL_Driver/stm32f7xx_hal_uart.o
LOAD Drivers/STM32F7xx_HAL_Driver/stm32f7xx_ll_usb.o
LOAD Middlewares/FreeRTOS/cmsis_os.o
LOAD Middlewares/FreeRTOS/croutine.o
LOAD Middlewares/FreeRTOS/event_groups.o
LOAD Middlewares/FreeRTOS/heap_4.o
LOAD Middlewares/FreeRTOS/list.o
LOAD Middlewares/FreeRTOS/port.o
LOAD Middlewares/FreeRTOS/queue.o
LOAD Middlewares/FreeRTOS/tasks.o
LOAD Middlewares/FreeRTOS/timers.o
                0x0000000000000080                malloc_getpagesize_P = 0x80
START GROUP
LOAD /home/chen/softwares/truestudio/ARMTools/bin/../lib/gcc/arm-atollic-eabi/6.3.1/../../../../arm-atollic-eabi/lib/armv7e-m/fpu/fpv5-d16/libc_nano.a
LOAD /home/chen/softwares/truestudio/ARMTools/bin/../lib/gcc/arm-atollic-eabi/6.3.1/../../../../arm-atollic-eabi/lib/armv7e-m/fpu/fpv5-d16/libm.a
END GROUP
START GROUP
LOAD /home/chen/softwares/truestudio/ARMTools/bin/../lib/gcc/arm-atollic-eabi/6.3.1/armv7e-m/fpu/fpv5-d16/libgcc.a
LOAD /home/chen/softwares/truestudio/ARMTools/bin/../lib/gcc/arm-atollic-eabi/6.3.1/../../../../arm-atollic-eabi/lib/armv7e-m/fpu/fpv5-d16/libc_nano.a
END GROUP
START GROUP
LOAD /home/chen/softwares/truestudio/ARMTools/bin/../lib/gcc/arm-atollic-eabi/6.3.1/armv7e-m/fpu/fpv5-d16/libgcc.a
LOAD /home/chen/softwares/truestudio/ARMTools/bin/../lib/gcc/arm-atollic-eabi/6.3.1/../../../../arm-atollic-eabi/lib/armv7e-m/fpu/fpv5-d16/libc_nano.a
LOAD /home/chen/softwares/truestudio/ARMTools/bin/../lib/gcc/arm-atollic-eabi/6.3.1/../../../../arm-atollic-eabi/lib/armv7e-m/fpu/fpv5-d16/libnosys.a
END GROUP
START GROUP
LOAD /home/chen/softwares/truestudio/ARMTools/bin/../lib/gcc/arm-atollic-eabi/6.3.1/armv7e-m/fpu/fpv5-d16/libgcc.a
LOAD /home/chen/softwares/truestudio/ARMTools/bin/../lib/gcc/arm-atollic-eabi/6.3.1/../../../../arm-atollic-eabi/lib/armv7e-m/fpu/fpv5-d16/libc_nano.a
LOAD /home/chen/softwares/truestudio/ARMTools/bin/../lib/gcc/arm-atollic-eabi/6.3.1/../../../../arm-atollic-eabi/lib/armv7e-m/fpu/fpv5-d16/libnosys.a
END GROUP
LOAD /home/chen/softwares/truestudio/ARMTools/bin/../lib/gcc/arm-atollic-eabi/6.3.1/armv7e-m/fpu/fpv5-d16/crtend.o
LOAD /home/chen/softwares/truestudio/ARMTools/bin/../lib/gcc/arm-atollic-eabi/6.3.1/armv7e-m/fpu/fpv5-d16/crtn.o
                0x0000000020080000                _estack = 0x20080000
                0x0000000000000200                _Min_Heap_Size = 0x200
                0x0000000000000400                _Min_Stack_Size = 0x400

.isr_vector     0x0000000008000000      0x1f8
                0x0000000008000000                . = ALIGN (0x4)
 *(.isr_vector)
 .isr_vector    0x0000000008000000      0x1f8 Application/TrueSTUDIO/startup_stm32f765xx.o
                0x0000000008000000                g_pfnVectors
                0x00000000080001f8                . = ALIGN (0x4)

.text           0x0000000008000200     0x7478
                0x0000000008000200                . = ALIGN (0x4)
 *(.text)
 .text          0x0000000008000200       0x40 /home/chen/softwares/truestudio/ARMTools/bin/../lib/gcc/arm-atollic-eabi/6.3.1/armv7e-m/fpu/fpv5-d16/crtbegin.o
 .text          0x0000000008000240       0x30 /home/chen/softwares/truestudio/ARMTools/bin/../lib/gcc/arm-atollic-eabi/6.3.1/armv7e-m/fpu/fpv5-d16/libgcc.a(_aeabi_uldivmod.o)
                0x0000000008000240                __aeabi_uldivmod
 .text          0x0000000008000270      0x2dc /home/chen/softwares/truestudio/ARMTools/bin/../lib/gcc/arm-atollic-eabi/6.3.1/armv7e-m/fpu/fpv5-d16/libgcc.a(_udivmoddi4.o)
                0x0000000008000270                __udivmoddi4
 .text          0x000000000800054c        0x4 /home/chen/softwares/truestudio/ARMTools/bin/../lib/gcc/arm-atollic-eabi/6.3.1/armv7e-m/fpu/fpv5-d16/libgcc.a(_dvmd_tls.o)
                0x000000000800054c                __aeabi_ldiv0
                0x000000000800054c                __aeabi_idiv0
 *(.text*)
 .text.Reset_Handler
                0x0000000008000550       0x50 Application/TrueSTUDIO/startup_stm32f765xx.o
                0x0000000008000550                Reset_Handler
 .text.Default_Handler
                0x00000000080005a0        0x2 Application/TrueSTUDIO/startup_stm32f765xx.o
                0x00000000080005a0                RTC_Alarm_IRQHandler
                0x00000000080005a0                EXTI2_IRQHandler
                0x00000000080005a0                TIM8_CC_IRQHandler
                0x00000000080005a0                UART8_IRQHandler
                0x00000000080005a0                SPI4_IRQHandler
                0x00000000080005a0                TIM1_CC_IRQHandler
                0x00000000080005a0                DMA2_Stream5_IRQHandler
                0x00000000080005a0                DMA1_Stream5_IRQHandler
                0x00000000080005a0                CAN3_RX1_IRQHandler
                0x00000000080005a0                PVD_IRQHandler
                0x00000000080005a0                TAMP_STAMP_IRQHandler
                0x00000000080005a0                CAN2_RX1_IRQHandler
                0x00000000080005a0                EXTI3_IRQHandler
                0x00000000080005a0                TIM8_TRG_COM_TIM14_IRQHandler
                0x00000000080005a0                DFSDM1_FLT1_IRQHandler
                0x00000000080005a0                TIM1_UP_TIM10_IRQHandler
                0x00000000080005a0                TIM8_UP_TIM13_IRQHandler
                0x00000000080005a0                I2C3_ER_IRQHandler
                0x00000000080005a0                DFSDM1_FLT2_IRQHandler
                0x00000000080005a0                EXTI0_IRQHandler
                0x00000000080005a0                I2C2_EV_IRQHandler
                0x00000000080005a0                CAN1_RX0_IRQHandler
                0x00000000080005a0                FPU_IRQHandler
                0x00000000080005a0                OTG_HS_WKUP_IRQHandler
                0x00000000080005a0                CAN3_SCE_IRQHandler
                0x00000000080005a0                CAN2_SCE_IRQHandler
                0x00000000080005a0                SPI1_IRQHandler
                0x00000000080005a0                TIM6_DAC_IRQHandler
                0x00000000080005a0                TIM1_BRK_TIM9_IRQHandler
                0x00000000080005a0                DCMI_IRQHandler
                0x00000000080005a0                CAN2_RX0_IRQHandler
                0x00000000080005a0                DMA2_Stream3_IRQHandler
                0x00000000080005a0                SAI2_IRQHandler
                0x00000000080005a0                DFSDM1_FLT3_IRQHandler
                0x00000000080005a0                USART6_IRQHandler
                0x00000000080005a0                CAN3_RX0_IRQHandler
                0x00000000080005a0                USART3_IRQHandler
                0x00000000080005a0                CAN1_RX1_IRQHandler
                0x00000000080005a0                UART5_IRQHandler
                0x00000000080005a0                QUADSPI_IRQHandler
                0x00000000080005a0                I2C1_EV_IRQHandler
                0x00000000080005a0                DMA1_Stream6_IRQHandler
                0x00000000080005a0                DMA1_Stream1_IRQHandler
                0x00000000080005a0                UART4_IRQHandler
                0x00000000080005a0                TIM3_IRQHandler
                0x00000000080005a0                RCC_IRQHandler
                0x00000000080005a0                TIM8_BRK_TIM12_IRQHandler
                0x00000000080005a0                Default_Handler
                0x00000000080005a0                CEC_IRQHandler
                0x00000000080005a0                EXTI15_10_IRQHandler
                0x00000000080005a0                ADC_IRQHandler
                0x00000000080005a0                DMA1_Stream7_IRQHandler
                0x00000000080005a0                SPI5_IRQHandler
                0x00000000080005a0                TIM7_IRQHandler
                0x00000000080005a0                SDMMC1_IRQHandler
                0x00000000080005a0                CAN2_TX_IRQHandler
                0x00000000080005a0                TIM5_IRQHandler
                0x00000000080005a0                DMA2_Stream7_IRQHandler
                0x00000000080005a0                I2C3_EV_IRQHandler
                0x00000000080005a0                EXTI9_5_IRQHandler
                0x00000000080005a0                RTC_WKUP_IRQHandler
                0x00000000080005a0                ETH_WKUP_IRQHandler
                0x00000000080005a0                SPDIF_RX_IRQHandler
                0x00000000080005a0                SPI2_IRQHandler
                0x00000000080005a0                OTG_HS_EP1_IN_IRQHandler
                0x00000000080005a0                DMA1_Stream0_IRQHandler
                0x00000000080005a0                CAN1_TX_IRQHandler
                0x00000000080005a0                EXTI4_IRQHandler
                0x00000000080005a0                RNG_IRQHandler
                0x00000000080005a0                ETH_IRQHandler
                0x00000000080005a0                OTG_HS_EP1_OUT_IRQHandler
                0x00000000080005a0                WWDG_IRQHandler
                0x00000000080005a0                SPI6_IRQHandler
                0x00000000080005a0                MDIOS_IRQHandler
                0x00000000080005a0                I2C4_EV_IRQHandler
                0x00000000080005a0                CAN3_TX_IRQHandler
                0x00000000080005a0                TIM2_IRQHandler
                0x00000000080005a0                OTG_FS_WKUP_IRQHandler
                0x00000000080005a0                TIM1_TRG_COM_TIM11_IRQHandler
                0x00000000080005a0                OTG_HS_IRQHandler
                0x00000000080005a0                DMA2D_IRQHandler
                0x00000000080005a0                EXTI1_IRQHandler
                0x00000000080005a0                SDMMC2_IRQHandler
                0x00000000080005a0                UART7_IRQHandler
                0x00000000080005a0                USART2_IRQHandler
                0x00000000080005a0                DFSDM1_FLT0_IRQHandler
                0x00000000080005a0                I2C2_ER_IRQHandler
                0x00000000080005a0                CAN1_SCE_IRQHandler
                0x00000000080005a0                FLASH_IRQHandler
                0x00000000080005a0                DMA2_Stream4_IRQHandler
                0x00000000080005a0                USART1_IRQHandler
                0x00000000080005a0                OTG_FS_IRQHandler
                0x00000000080005a0                SPI3_IRQHandler
                0x00000000080005a0                DMA1_Stream4_IRQHandler
                0x00000000080005a0                I2C1_ER_IRQHandler
                0x00000000080005a0                FMC_IRQHandler
                0x00000000080005a0                LPTIM1_IRQHandler
                0x00000000080005a0                I2C4_ER_IRQHandler
                0x00000000080005a0                DMA2_Stream6_IRQHandler
                0x00000000080005a0                SAI1_IRQHandler
                0x00000000080005a0                DMA1_Stream3_IRQHandler
 *fill*         0x00000000080005a2        0x6 
 .text.StartcontrolTask
                0x00000000080005a8      0x3b4 Application/User/Foc/controlFoc.o
                0x00000000080005a8                StartcontrolTask
 .text.HAL_UART_ErrorCallback
                0x000000000800095c        0x4 Application/User/ISRs/isrSensors.o
                0x000000000800095c                HAL_UART_ErrorCallback
 .text.HAL_UART_RxCpltCallback
                0x0000000008000960      0x674 Application/User/ISRs/isrSensors.o
                0x0000000008000960                HAL_UART_RxCpltCallback
 .text.StartledblueTask
                0x0000000008000fd4       0x1c Application/User/Idletasks/idletasks.o
                0x0000000008000fd4                StartledblueTask
 .text.StartledgreenTask
                0x0000000008000ff0       0x1c Application/User/Idletasks/idletasks.o
                0x0000000008000ff0                StartledgreenTask
 .text.StartiwdgTask
                0x000000000800100c        0xc Application/User/Idletasks/idletasks.o
                0x000000000800100c                StartiwdgTask
 .text.StartbuzzerrythmTask
                0x0000000008001018      0x180 Application/User/Idletasks/idletasks.o
                0x0000000008001018                StartbuzzerrythmTask
 .text.StartbuzzertoneTask
                0x0000000008001198      0x1a0 Application/User/Idletasks/idletasks.o
                0x0000000008001198                StartbuzzertoneTask
 .text.SystemInitialization
                0x0000000008001338       0x8c Application/User/SYSINIT/sysinitial.o
                0x0000000008001338                SystemInitialization
 .text.StartenchallTask
                0x00000000080013c4       0xc0 Application/User/debug/datatraceDebug.o
                0x00000000080013c4                StartenchallTask
 .text.MX_DFSDM1_Init
                0x0000000008001484       0xe8 Application/User/dfsdm.o
                0x0000000008001484                MX_DFSDM1_Init
 .text.HAL_DFSDM_FilterMspInit
                0x000000000800156c      0x168 Application/User/dfsdm.o
                0x000000000800156c                HAL_DFSDM_FilterMspInit
 .text.HAL_DFSDM_ChannelMspInit
                0x00000000080016d4       0xac Application/User/dfsdm.o
                0x00000000080016d4                HAL_DFSDM_ChannelMspInit
 .text.MX_DMA_Init
                0x0000000008001780       0x74 Application/User/dma.o
                0x0000000008001780                MX_DMA_Init
 .text.MX_FREERTOS_Init
                0x00000000080017f4      0x188 Application/User/freertos.o
                0x00000000080017f4                MX_FREERTOS_Init
 .text.MX_GPIO_Init
                0x000000000800197c      0x10c Application/User/gpio.o
                0x000000000800197c                MX_GPIO_Init
 .text.MX_I2C4_Init
                0x0000000008001a88       0x5c Application/User/i2c.o
                0x0000000008001a88                MX_I2C4_Init
 .text.HAL_I2C_MspInit
                0x0000000008001ae4       0x74 Application/User/i2c.o
                0x0000000008001ae4                HAL_I2C_MspInit
 .text.SystemClock_Config
                0x0000000008001b58       0xd4 Application/User/main.o
                0x0000000008001b58                SystemClock_Config
 .text.startup.main
                0x0000000008001c2c       0xc0 Application/User/main.o
                0x0000000008001c2c                main
 .text.HAL_TIM_PeriodElapsedCallback
                0x0000000008001cec       0x14 Application/User/main.o
                0x0000000008001cec                HAL_TIM_PeriodElapsedCallback
 .text.Error_Handler
                0x0000000008001d00        0x4 Application/User/main.o
                0x0000000008001d00                Error_Handler
 .text.MX_SPI1_Init
                0x0000000008001d04       0x50 Application/User/spi.o
                0x0000000008001d04                MX_SPI1_Init
 .text.HAL_SPI_MspInit
                0x0000000008001d54       0x90 Application/User/spi.o
                0x0000000008001d54                HAL_SPI_MspInit
 .text.HAL_MspInit
                0x0000000008001de4       0x40 Application/User/stm32f7xx_hal_msp.o
                0x0000000008001de4                HAL_MspInit
 .text.HAL_InitTick
                0x0000000008001e24       0x7c Application/User/stm32f7xx_hal_timebase_tim.o
                0x0000000008001e24                HAL_InitTick
 .text.NMI_Handler
                0x0000000008001ea0        0x4 Application/User/stm32f7xx_it.o
                0x0000000008001ea0                NMI_Handler
 .text.HardFault_Handler
                0x0000000008001ea4        0x4 Application/User/stm32f7xx_it.o
                0x0000000008001ea4                HardFault_Handler
 .text.MemManage_Handler
                0x0000000008001ea8        0x4 Application/User/stm32f7xx_it.o
                0x0000000008001ea8                MemManage_Handler
 .text.BusFault_Handler
                0x0000000008001eac        0x4 Application/User/stm32f7xx_it.o
                0x0000000008001eac                BusFault_Handler
 .text.UsageFault_Handler
                0x0000000008001eb0        0x4 Application/User/stm32f7xx_it.o
                0x0000000008001eb0                UsageFault_Handler
 .text.DebugMon_Handler
                0x0000000008001eb4        0x4 Application/User/stm32f7xx_it.o
                0x0000000008001eb4                DebugMon_Handler
 .text.DMA1_Stream2_IRQHandler
                0x0000000008001eb8        0xc Application/User/stm32f7xx_it.o
                0x0000000008001eb8                DMA1_Stream2_IRQHandler
 .text.TIM4_IRQHandler
                0x0000000008001ec4        0xc Application/User/stm32f7xx_it.o
                0x0000000008001ec4                TIM4_IRQHandler
 .text.DMA2_Stream0_IRQHandler
                0x0000000008001ed0        0xc Application/User/stm32f7xx_it.o
                0x0000000008001ed0                DMA2_Stream0_IRQHandler
 .text.DMA2_Stream1_IRQHandler
                0x0000000008001edc        0xc Application/User/stm32f7xx_it.o
                0x0000000008001edc                DMA2_Stream1_IRQHandler
 .text.DMA2_Stream2_IRQHandler
                0x0000000008001ee8        0xc Application/User/stm32f7xx_it.o
                0x0000000008001ee8                DMA2_Stream2_IRQHandler
 .text.MX_TIM2_Init
                0x0000000008001ef4      0x150 Application/User/tim.o
                0x0000000008001ef4                MX_TIM2_Init
 .text.MX_TIM3_Init
                0x0000000008002044       0x70 Application/User/tim.o
                0x0000000008002044                MX_TIM3_Init
 .text.HAL_TIM_Base_MspInit
                0x00000000080020b4       0x70 Application/User/tim.o
                0x00000000080020b4                HAL_TIM_Base_MspInit
 .text.HAL_TIM_MspPostInit
                0x0000000008002124       0xb0 Application/User/tim.o
                0x0000000008002124                HAL_TIM_MspPostInit
 .text.MX_TIM1_Init
                0x00000000080021d4      0x130 Application/User/tim.o
                0x00000000080021d4                MX_TIM1_Init
 .text.MX_UART4_Init
                0x0000000008002304       0x54 Application/User/usart.o
                0x0000000008002304                MX_UART4_Init
 .text.MX_UART8_Init
                0x0000000008002358       0x44 Application/User/usart.o
                0x0000000008002358                MX_UART8_Init
 .text.MX_USART1_UART_Init
                0x000000000800239c       0x48 Application/User/usart.o
                0x000000000800239c                MX_USART1_UART_Init
 .text.MX_USART3_UART_Init
                0x00000000080023e4       0x44 Application/User/usart.o
                0x00000000080023e4                MX_USART3_UART_Init
 .text.HAL_UART_MspInit
                0x0000000008002428      0x1dc Application/User/usart.o
                0x0000000008002428                HAL_UART_MspInit
 .text.SystemInit
                0x0000000008002604       0x50 Drivers/CMSIS/system_stm32f7xx.o
                0x0000000008002604                SystemInit
 .text.HAL_Init
                0x0000000008002654       0x2c Drivers/STM32F7xx_HAL_Driver/stm32f7xx_hal.o
                0x0000000008002654                HAL_Init
 .text.HAL_IncTick
                0x0000000008002680       0x18 Drivers/STM32F7xx_HAL_Driver/stm32f7xx_hal.o
                0x0000000008002680                HAL_IncTick
 .text.HAL_GetTick
                0x0000000008002698        0xc Drivers/STM32F7xx_HAL_Driver/stm32f7xx_hal.o
                0x0000000008002698                HAL_GetTick
 .text.HAL_NVIC_SetPriorityGrouping
                0x00000000080026a4       0x28 Drivers/STM32F7xx_HAL_Driver/stm32f7xx_hal_cortex.o
                0x00000000080026a4                HAL_NVIC_SetPriorityGrouping
 .text.HAL_NVIC_SetPriority
                0x00000000080026cc       0x74 Drivers/STM32F7xx_HAL_Driver/stm32f7xx_hal_cortex.o
                0x00000000080026cc                HAL_NVIC_SetPriority
 .text.HAL_NVIC_EnableIRQ
                0x0000000008002740       0x18 Drivers/STM32F7xx_HAL_Driver/stm32f7xx_hal_cortex.o
                0x0000000008002740                HAL_NVIC_EnableIRQ
 .text.HAL_DFSDM_ChannelInit
                0x0000000008002758      0x194 Drivers/STM32F7xx_HAL_Driver/stm32f7xx_hal_dfsdm.o
                0x0000000008002758                HAL_DFSDM_ChannelInit
 .text.HAL_DFSDM_FilterInit
                0x00000000080028ec       0xec Drivers/STM32F7xx_HAL_Driver/stm32f7xx_hal_dfsdm.o
                0x00000000080028ec                HAL_DFSDM_FilterInit
 .text.HAL_DFSDM_FilterConfigRegChannel
                0x00000000080029d8       0x54 Drivers/STM32F7xx_HAL_Driver/stm32f7xx_hal_dfsdm.o
                0x00000000080029d8                HAL_DFSDM_FilterConfigRegChannel
 .text.HAL_DFSDM_FilterRegularStart
                0x0000000008002a2c       0x74 Drivers/STM32F7xx_HAL_Driver/stm32f7xx_hal_dfsdm.o
                0x0000000008002a2c                HAL_DFSDM_FilterRegularStart
 .text.HAL_DFSDM_FilterGetRegularValue
                0x0000000008002aa0       0x10 Drivers/STM32F7xx_HAL_Driver/stm32f7xx_hal_dfsdm.o
                0x0000000008002aa0                HAL_DFSDM_FilterGetRegularValue
 .text.HAL_DFSDM_FilterErrorCallback
                0x0000000008002ab0        0x4 Drivers/STM32F7xx_HAL_Driver/stm32f7xx_hal_dfsdm.o
                0x0000000008002ab0                HAL_DFSDM_FilterErrorCallback
 .text.HAL_DFSDM_FilterPollForRegConversion
                0x0000000008002ab4       0x74 Drivers/STM32F7xx_HAL_Driver/stm32f7xx_hal_dfsdm.o
                0x0000000008002ab4                HAL_DFSDM_FilterPollForRegConversion
 .text.HAL_DMA_Init
                0x0000000008002b28      0x13c Drivers/STM32F7xx_HAL_Driver/stm32f7xx_hal_dma.o
                0x0000000008002b28                HAL_DMA_Init
 .text.HAL_DMA_Start_IT
                0x0000000008002c64       0x88 Drivers/STM32F7xx_HAL_Driver/stm32f7xx_hal_dma.o
                0x0000000008002c64                HAL_DMA_Start_IT
 .text.HAL_DMA_IRQHandler
                0x0000000008002cec      0x1a0 Drivers/STM32F7xx_HAL_Driver/stm32f7xx_hal_dma.o
                0x0000000008002cec                HAL_DMA_IRQHandler
 .text.HAL_GPIO_Init
                0x0000000008002e8c      0x254 Drivers/STM32F7xx_HAL_Driver/stm32f7xx_hal_gpio.o
                0x0000000008002e8c                HAL_GPIO_Init
 .text.HAL_GPIO_WritePin
                0x00000000080030e0        0x8 Drivers/STM32F7xx_HAL_Driver/stm32f7xx_hal_gpio.o
                0x00000000080030e0                HAL_GPIO_WritePin
 .text.HAL_GPIO_TogglePin
                0x00000000080030e8        0x8 Drivers/STM32F7xx_HAL_Driver/stm32f7xx_hal_gpio.o
                0x00000000080030e8                HAL_GPIO_TogglePin
 .text.HAL_I2C_Init
                0x00000000080030f0       0xac Drivers/STM32F7xx_HAL_Driver/stm32f7xx_hal_i2c.o
                0x00000000080030f0                HAL_I2C_Init
 .text.HAL_I2CEx_ConfigAnalogFilter
                0x000000000800319c       0x50 Drivers/STM32F7xx_HAL_Driver/stm32f7xx_hal_i2c_ex.o
                0x000000000800319c                HAL_I2CEx_ConfigAnalogFilter
 .text.HAL_I2CEx_ConfigDigitalFilter
                0x00000000080031ec       0x50 Drivers/STM32F7xx_HAL_Driver/stm32f7xx_hal_i2c_ex.o
                0x00000000080031ec                HAL_I2CEx_ConfigDigitalFilter
 .text.HAL_PWREx_EnableOverDrive
                0x000000000800323c       0x78 Drivers/STM32F7xx_HAL_Driver/stm32f7xx_hal_pwr_ex.o
                0x000000000800323c                HAL_PWREx_EnableOverDrive
 .text.HAL_RCC_OscConfig
                0x00000000080032b4      0x3b0 Drivers/STM32F7xx_HAL_Driver/stm32f7xx_hal_rcc.o
                0x00000000080032b4                HAL_RCC_OscConfig
 .text.HAL_RCC_ClockConfig
                0x0000000008003664      0x194 Drivers/STM32F7xx_HAL_Driver/stm32f7xx_hal_rcc.o
                0x0000000008003664                HAL_RCC_ClockConfig
 .text.HAL_RCC_GetSysClockFreq
                0x00000000080037f8       0x68 Drivers/STM32F7xx_HAL_Driver/stm32f7xx_hal_rcc.o
                0x00000000080037f8                HAL_RCC_GetSysClockFreq
 .text.HAL_RCC_GetPCLK1Freq
                0x0000000008003860       0x20 Drivers/STM32F7xx_HAL_Driver/stm32f7xx_hal_rcc.o
                0x0000000008003860                HAL_RCC_GetPCLK1Freq
 .text.HAL_RCC_GetPCLK2Freq
                0x0000000008003880       0x20 Drivers/STM32F7xx_HAL_Driver/stm32f7xx_hal_rcc.o
                0x0000000008003880                HAL_RCC_GetPCLK2Freq
 .text.HAL_RCC_GetClockConfig
                0x00000000080038a0       0x44 Drivers/STM32F7xx_HAL_Driver/stm32f7xx_hal_rcc.o
                0x00000000080038a0                HAL_RCC_GetClockConfig
 .text.HAL_RCCEx_PeriphCLKConfig
                0x00000000080038e4      0x540 Drivers/STM32F7xx_HAL_Driver/stm32f7xx_hal_rcc_ex.o
                0x00000000080038e4                HAL_RCCEx_PeriphCLKConfig
 .text.HAL_SPI_Init
                0x0000000008003e24       0xc4 Drivers/STM32F7xx_HAL_Driver/stm32f7xx_hal_spi.o
                0x0000000008003e24                HAL_SPI_Init
 .text.HAL_TIM_Base_Init
                0x0000000008003ee8      0x14c Drivers/STM32F7xx_HAL_Driver/stm32f7xx_hal_tim.o
                0x0000000008003ee8                HAL_TIM_Base_Init
 .text.HAL_TIM_Base_Start
                0x0000000008004034       0x20 Drivers/STM32F7xx_HAL_Driver/stm32f7xx_hal_tim.o
                0x0000000008004034                HAL_TIM_Base_Start
 .text.HAL_TIM_Base_Start_IT
                0x0000000008004054       0x18 Drivers/STM32F7xx_HAL_Driver/stm32f7xx_hal_tim.o
                0x0000000008004054                HAL_TIM_Base_Start_IT
 .text.HAL_TIM_PWM_MspInit
                0x000000000800406c        0x4 Drivers/STM32F7xx_HAL_Driver/stm32f7xx_hal_tim.o
                0x000000000800406c                HAL_TIM_PWM_MspInit
 .text.HAL_TIM_PWM_Init
                0x0000000008004070      0x14c Drivers/STM32F7xx_HAL_Driver/stm32f7xx_hal_tim.o
                0x0000000008004070                HAL_TIM_PWM_Init
 .text.HAL_TIM_PWM_Start
                0x00000000080041bc       0x48 Drivers/STM32F7xx_HAL_Driver/stm32f7xx_hal_tim.o
                0x00000000080041bc                HAL_TIM_PWM_Start
 .text.HAL_TIM_ConfigClockSource
                0x0000000008004204      0x190 Drivers/STM32F7xx_HAL_Driver/stm32f7xx_hal_tim.o
                0x0000000008004204                HAL_TIM_ConfigClockSource
 .text.HAL_TIM_OC_DelayElapsedCallback
                0x0000000008004394        0x4 Drivers/STM32F7xx_HAL_Driver/stm32f7xx_hal_tim.o
                0x0000000008004394                HAL_TIM_OC_DelayElapsedCallback
 .text.HAL_TIM_IC_CaptureCallback
                0x0000000008004398        0x4 Drivers/STM32F7xx_HAL_Driver/stm32f7xx_hal_tim.o
                0x0000000008004398                HAL_TIM_IC_CaptureCallback
 .text.HAL_TIM_PWM_PulseFinishedCallback
                0x000000000800439c        0x4 Drivers/STM32F7xx_HAL_Driver/stm32f7xx_hal_tim.o
                0x000000000800439c                HAL_TIM_PWM_PulseFinishedCallback
 .text.HAL_TIM_TriggerCallback
                0x00000000080043a0        0x4 Drivers/STM32F7xx_HAL_Driver/stm32f7xx_hal_tim.o
                0x00000000080043a0                HAL_TIM_TriggerCallback
 .text.HAL_TIM_IRQHandler
                0x00000000080043a4      0x170 Drivers/STM32F7xx_HAL_Driver/stm32f7xx_hal_tim.o
                0x00000000080043a4                HAL_TIM_IRQHandler
 .text.TIM_OC1_SetConfig
                0x0000000008004514       0x64 Drivers/STM32F7xx_HAL_Driver/stm32f7xx_hal_tim.o
                0x0000000008004514                TIM_OC1_SetConfig
 .text.TIM_OC2_SetConfig
                0x0000000008004578       0x68 Drivers/STM32F7xx_HAL_Driver/stm32f7xx_hal_tim.o
                0x0000000008004578                TIM_OC2_SetConfig
 .text.TIM_OC3_SetConfig
                0x00000000080045e0       0x68 Drivers/STM32F7xx_HAL_Driver/stm32f7xx_hal_tim.o
                0x00000000080045e0                TIM_OC3_SetConfig
 .text.TIM_OC4_SetConfig
                0x0000000008004648       0x58 Drivers/STM32F7xx_HAL_Driver/stm32f7xx_hal_tim.o
                0x0000000008004648                TIM_OC4_SetConfig
 .text.HAL_TIMEx_PWMN_Start
                0x00000000080046a0       0x30 Drivers/STM32F7xx_HAL_Driver/stm32f7xx_hal_tim_ex.o
                0x00000000080046a0                HAL_TIMEx_PWMN_Start
 .text.HAL_TIMEx_MasterConfigSynchronization
                0x00000000080046d0       0x58 Drivers/STM32F7xx_HAL_Driver/stm32f7xx_hal_tim_ex.o
                0x00000000080046d0                HAL_TIMEx_MasterConfigSynchronization
 .text.HAL_TIMEx_ConfigBreakDeadTime
                0x0000000008004728       0x9c Drivers/STM32F7xx_HAL_Driver/stm32f7xx_hal_tim_ex.o
                0x0000000008004728                HAL_TIMEx_ConfigBreakDeadTime
 .text.HAL_TIMEx_CommutationCallback
                0x00000000080047c4        0x4 Drivers/STM32F7xx_HAL_Driver/stm32f7xx_hal_tim_ex.o
                0x00000000080047c4                HAL_TIMEx_CommutationCallback
 .text.HAL_TIMEx_BreakCallback
                0x00000000080047c8        0x4 Drivers/STM32F7xx_HAL_Driver/stm32f7xx_hal_tim_ex.o
                0x00000000080047c8                HAL_TIMEx_BreakCallback
 .text.HAL_TIM_PWM_ConfigChannel
                0x00000000080047cc      0x1bc Drivers/STM32F7xx_HAL_Driver/stm32f7xx_hal_tim_ex.o
                0x00000000080047cc                HAL_TIM_PWM_ConfigChannel
 .text.HAL_UART_Transmit
                0x0000000008004988      0x100 Drivers/STM32F7xx_HAL_Driver/stm32f7xx_hal_uart.o
                0x0000000008004988                HAL_UART_Transmit
 .text.HAL_UART_Receive_DMA
                0x0000000008004a88       0x90 Drivers/STM32F7xx_HAL_Driver/stm32f7xx_hal_uart.o
                0x0000000008004a88                HAL_UART_Receive_DMA
 .text.HAL_UART_DMAResume
                0x0000000008004b18       0x74 Drivers/STM32F7xx_HAL_Driver/stm32f7xx_hal_uart.o
                0x0000000008004b18                HAL_UART_DMAResume
 .text.UART_DMAReceiveCplt
                0x0000000008004b8c       0x38 Drivers/STM32F7xx_HAL_Driver/stm32f7xx_hal_uart.o
 .text.HAL_UART_RxHalfCpltCallback
                0x0000000008004bc4        0x4 Drivers/STM32F7xx_HAL_Driver/stm32f7xx_hal_uart.o
                0x0000000008004bc4                HAL_UART_RxHalfCpltCallback
 .text.UART_DMARxHalfCplt
                0x0000000008004bc8        0xc Drivers/STM32F7xx_HAL_Driver/stm32f7xx_hal_uart.o
 .text.UART_DMAError
                0x0000000008004bd4       0x68 Drivers/STM32F7xx_HAL_Driver/stm32f7xx_hal_uart.o
 .text.UART_AdvFeatureConfig
                0x0000000008004c3c       0xb0 Drivers/STM32F7xx_HAL_Driver/stm32f7xx_hal_uart.o
                0x0000000008004c3c                UART_AdvFeatureConfig
 .text.HAL_UART_Init
                0x0000000008004cec      0x388 Drivers/STM32F7xx_HAL_Driver/stm32f7xx_hal_uart.o
                0x0000000008004cec                HAL_UART_Init
 .text.osKernelStart
                0x0000000008005074        0xc Middlewares/FreeRTOS/cmsis_os.o
                0x0000000008005074                osKernelStart
 .text.osThreadCreate
                0x0000000008005080       0x30 Middlewares/FreeRTOS/cmsis_os.o
                0x0000000008005080                osThreadCreate
 .text.osDelay  0x00000000080050b0       0x10 Middlewares/FreeRTOS/cmsis_os.o
                0x00000000080050b0                osDelay
 .text.osMutexCreate
                0x00000000080050c0        0x8 Middlewares/FreeRTOS/cmsis_os.o
                0x00000000080050c0                osMutexCreate
 .text.osMessageCreate
                0x00000000080050c8        0x8 Middlewares/FreeRTOS/cmsis_os.o
                0x00000000080050c8                osMessageCreate
 .text.unlikely.prvInsertBlockIntoFreeList
                0x00000000080050d0       0x50 Middlewares/FreeRTOS/heap_4.o
 .text.pvPortMalloc
                0x0000000008005120      0x13c Middlewares/FreeRTOS/heap_4.o
                0x0000000008005120                pvPortMalloc
 .text.vPortFree
                0x000000000800525c       0x78 Middlewares/FreeRTOS/heap_4.o
                0x000000000800525c                vPortFree
 .text.vListInitialise
                0x00000000080052d4       0x18 Middlewares/FreeRTOS/list.o
                0x00000000080052d4                vListInitialise
 .text.vListInitialiseItem
                0x00000000080052ec        0x8 Middlewares/FreeRTOS/list.o
                0x00000000080052ec                vListInitialiseItem
 .text.vListInsertEnd
                0x00000000080052f4       0x20 Middlewares/FreeRTOS/list.o
                0x00000000080052f4                vListInsertEnd
 .text.vListInsert
                0x0000000008005314       0x34 Middlewares/FreeRTOS/list.o
                0x0000000008005314                vListInsert
 .text.uxListRemove
                0x0000000008005348       0x28 Middlewares/FreeRTOS/list.o
                0x0000000008005348                uxListRemove
 .text.prvTaskExitError
                0x0000000008005370       0x38 Middlewares/FreeRTOS/port.o
 .text.prvPortStartFirstTask
                0x00000000080053a8       0x20 Middlewares/FreeRTOS/port.o
 .text.vPortEnableVFP
                0x00000000080053c8       0x14 Middlewares/FreeRTOS/port.o
 .text.pxPortInitialiseStack
                0x00000000080053dc       0x30 Middlewares/FreeRTOS/port.o
                0x00000000080053dc                pxPortInitialiseStack
 *fill*         0x000000000800540c        0x4 
 .text.SVC_Handler
                0x0000000008005410       0x24 Middlewares/FreeRTOS/port.o
                0x0000000008005410                SVC_Handler
 .text.vPortEnterCritical
                0x0000000008005434       0x4c Middlewares/FreeRTOS/port.o
                0x0000000008005434                vPortEnterCritical
 .text.vPortExitCritical
                0x0000000008005480       0x2c Middlewares/FreeRTOS/port.o
                0x0000000008005480                vPortExitCritical
 *fill*         0x00000000080054ac        0x4 
 .text.PendSV_Handler
                0x00000000080054b0       0x64 Middlewares/FreeRTOS/port.o
                0x00000000080054b0                PendSV_Handler
 .text.SysTick_Handler
                0x0000000008005514       0x30 Middlewares/FreeRTOS/port.o
                0x0000000008005514                SysTick_Handler
 .text.vPortSetupTimerInterrupt
                0x0000000008005544       0x2c Middlewares/FreeRTOS/port.o
                0x0000000008005544                vPortSetupTimerInterrupt
 .text.xPortStartScheduler
                0x0000000008005570       0xa8 Middlewares/FreeRTOS/port.o
                0x0000000008005570                xPortStartScheduler
 .text.vPortValidateInterruptPriority
                0x0000000008005618       0x64 Middlewares/FreeRTOS/port.o
                0x0000000008005618                vPortValidateInterruptPriority
 .text.unlikely.prvCopyDataToQueue
                0x000000000800567c       0x6c Middlewares/FreeRTOS/queue.o
 .text.unlikely.prvCopyDataFromQueue
                0x00000000080056e8       0x26 Middlewares/FreeRTOS/queue.o
 *fill*         0x000000000800570e        0x2 
 .text.prvUnlockQueue
                0x0000000008005710       0x94 Middlewares/FreeRTOS/queue.o
 .text.xQueueGenericCreate
                0x00000000080057a4       0x7c Middlewares/FreeRTOS/queue.o
                0x00000000080057a4                xQueueGenericCreate
 .text.xQueueGenericSend
                0x0000000008005820      0x2cc Middlewares/FreeRTOS/queue.o
                0x0000000008005820                xQueueGenericSend
 .text.xQueueCreateMutex
                0x0000000008005aec       0x68 Middlewares/FreeRTOS/queue.o
                0x0000000008005aec                xQueueCreateMutex
 .text.xQueueGenericSendFromISR
                0x0000000008005b54       0xe0 Middlewares/FreeRTOS/queue.o
                0x0000000008005b54                xQueueGenericSendFromISR
 .text.xQueueGenericReceive
                0x0000000008005c34      0x2d4 Middlewares/FreeRTOS/queue.o
                0x0000000008005c34                xQueueGenericReceive
 .text.prvAddCurrentTaskToDelayedList
                0x0000000008005f08       0x8c Middlewares/FreeRTOS/tasks.o
 .text.xTaskCreate
                0x0000000008005f94      0x260 Middlewares/FreeRTOS/tasks.o
                0x0000000008005f94                xTaskCreate
 .text.vTaskStartScheduler
                0x00000000080061f4       0x80 Middlewares/FreeRTOS/tasks.o
                0x00000000080061f4                vTaskStartScheduler
 .text.vTaskSuspendAll
                0x0000000008006274       0x10 Middlewares/FreeRTOS/tasks.o
                0x0000000008006274                vTaskSuspendAll
 .text.xTaskIncrementTick
                0x0000000008006284      0x160 Middlewares/FreeRTOS/tasks.o
                0x0000000008006284                xTaskIncrementTick
 .text.xTaskResumeAll
                0x00000000080063e4      0x120 Middlewares/FreeRTOS/tasks.o
                0x00000000080063e4                xTaskResumeAll
 .text.vTaskDelay
                0x0000000008006504       0x50 Middlewares/FreeRTOS/tasks.o
                0x0000000008006504                vTaskDelay
 .text.prvIdleTask
                0x0000000008006554       0x90 Middlewares/FreeRTOS/tasks.o
 .text.vTaskSwitchContext
                0x00000000080065e4       0x7c Middlewares/FreeRTOS/tasks.o
                0x00000000080065e4                vTaskSwitchContext
 .text.vTaskPlaceOnEventList
                0x0000000008006660       0xa8 Middlewares/FreeRTOS/tasks.o
                0x0000000008006660                vTaskPlaceOnEventList
 .text.xTaskRemoveFromEventList
                0x0000000008006708       0x90 Middlewares/FreeRTOS/tasks.o
                0x0000000008006708                xTaskRemoveFromEventList
 .text.vTaskSetTimeOutState
                0x0000000008006798       0x30 Middlewares/FreeRTOS/tasks.o
                0x0000000008006798                vTaskSetTimeOutState
 .text.xTaskCheckForTimeOut
                0x00000000080067c8       0x90 Middlewares/FreeRTOS/tasks.o
                0x00000000080067c8                xTaskCheckForTimeOut
 .text.vTaskMissedYield
                0x0000000008006858        0xc Middlewares/FreeRTOS/tasks.o
                0x0000000008006858                vTaskMissedYield
 .text.xTaskGetSchedulerState
                0x0000000008006864       0x20 Middlewares/FreeRTOS/tasks.o
                0x0000000008006864                xTaskGetSchedulerState
 .text.vTaskPriorityInherit
                0x0000000008006884       0x9c Middlewares/FreeRTOS/tasks.o
                0x0000000008006884                vTaskPriorityInherit
 .text.xTaskPriorityDisinherit
                0x0000000008006920       0xbc Middlewares/FreeRTOS/tasks.o
                0x0000000008006920                xTaskPriorityDisinherit
 .text.pvTaskIncrementMutexHeldCount
                0x00000000080069dc       0x18 Middlewares/FreeRTOS/tasks.o
                0x00000000080069dc                pvTaskIncrementMutexHeldCount
 .text.__libc_init_array
                0x00000000080069f4       0x48 /home/chen/softwares/truestudio/ARMTools/bin/../lib/gcc/arm-atollic-eabi/6.3.1/../../../../arm-atollic-eabi/lib/armv7e-m/fpu/fpv5-d16/libc_nano.a(lib_a-init.o)
                0x00000000080069f4                __libc_init_array
 .text.memcpy   0x0000000008006a3c       0x16 /home/chen/softwares/truestudio/ARMTools/bin/../lib/gcc/arm-atollic-eabi/6.3.1/../../../../arm-atollic-eabi/lib/armv7e-m/fpu/fpv5-d16/libc_nano.a(lib_a-memcpy-stub.o)
                0x0000000008006a3c                memcpy
 .text.memset   0x0000000008006a52       0x10 /home/chen/softwares/truestudio/ARMTools/bin/../lib/gcc/arm-atollic-eabi/6.3.1/../../../../arm-atollic-eabi/lib/armv7e-m/fpu/fpv5-d16/libc_nano.a(lib_a-memset.o)
                0x0000000008006a52                memset
 *fill*         0x0000000008006a62        0x6 
 .text.cos      0x0000000008006a68       0x78 /home/chen/softwares/truestudio/ARMTools/bin/../lib/gcc/arm-atollic-eabi/6.3.1/../../../../arm-atollic-eabi/lib/armv7e-m/fpu/fpv5-d16/libm.a(lib_a-s_cos.o)
                0x0000000008006a68                cos
 .text.sin      0x0000000008006ae0       0x78 /home/chen/softwares/truestudio/ARMTools/bin/../lib/gcc/arm-atollic-eabi/6.3.1/../../../../arm-atollic-eabi/lib/armv7e-m/fpu/fpv5-d16/libm.a(lib_a-s_sin.o)
                0x0000000008006ae0                sin
 .text.__ieee754_rem_pio2
                0x0000000008006b58      0x280 /home/chen/softwares/truestudio/ARMTools/bin/../lib/gcc/arm-atollic-eabi/6.3.1/../../../../arm-atollic-eabi/lib/armv7e-m/fpu/fpv5-d16/libm.a(lib_a-e_rem_pio2.o)
                0x0000000008006b58                __ieee754_rem_pio2
 .text.__kernel_cos
                0x0000000008006dd8       0xd8 /home/chen/softwares/truestudio/ARMTools/bin/../lib/gcc/arm-atollic-eabi/6.3.1/../../../../arm-atollic-eabi/lib/armv7e-m/fpu/fpv5-d16/libm.a(lib_a-k_cos.o)
                0x0000000008006dd8                __kernel_cos
 .text.__kernel_rem_pio2
                0x0000000008006eb0      0x4e8 /home/chen/softwares/truestudio/ARMTools/bin/../lib/gcc/arm-atollic-eabi/6.3.1/../../../../arm-atollic-eabi/lib/armv7e-m/fpu/fpv5-d16/libm.a(lib_a-k_rem_pio2.o)
                0x0000000008006eb0                __kernel_rem_pio2
 .text.__kernel_sin
                0x0000000008007398       0xb0 /home/chen/softwares/truestudio/ARMTools/bin/../lib/gcc/arm-atollic-eabi/6.3.1/../../../../arm-atollic-eabi/lib/armv7e-m/fpu/fpv5-d16/libm.a(lib_a-k_sin.o)
                0x0000000008007398                __kernel_sin
 .text.fabs     0x0000000008007448        0xe /home/chen/softwares/truestudio/ARMTools/bin/../lib/gcc/arm-atollic-eabi/6.3.1/../../../../arm-atollic-eabi/lib/armv7e-m/fpu/fpv5-d16/libm.a(lib_a-s_fabs.o)
                0x0000000008007448                fabs
 *fill*         0x0000000008007456        0x2 
 .text.floor    0x0000000008007458       0xf0 /home/chen/softwares/truestudio/ARMTools/bin/../lib/gcc/arm-atollic-eabi/6.3.1/../../../../arm-atollic-eabi/lib/armv7e-m/fpu/fpv5-d16/libm.a(lib_a-s_floor.o)
                0x0000000008007458                floor
 .text.scalbn   0x0000000008007548       0xfc /home/chen/softwares/truestudio/ARMTools/bin/../lib/gcc/arm-atollic-eabi/6.3.1/../../../../arm-atollic-eabi/lib/armv7e-m/fpu/fpv5-d16/libm.a(lib_a-s_scalbn.o)
                0x0000000008007548                scalbn
 .text.copysign
                0x0000000008007644       0x1a /home/chen/softwares/truestudio/ARMTools/bin/../lib/gcc/arm-atollic-eabi/6.3.1/../../../../arm-atollic-eabi/lib/armv7e-m/fpu/fpv5-d16/libm.a(lib_a-s_copysign.o)
                0x0000000008007644                copysign
 *(.glue_7)
 .glue_7        0x000000000800765e        0x0 linker stubs
 *(.glue_7t)
 .glue_7t       0x000000000800765e        0x0 linker stubs
 *(.eh_frame)
 *fill*         0x000000000800765e        0x2 
 .eh_frame      0x0000000008007660        0x0 /home/chen/softwares/truestudio/ARMTools/bin/../lib/gcc/arm-atollic-eabi/6.3.1/armv7e-m/fpu/fpv5-d16/crtbegin.o
 *(.init)
 .init          0x0000000008007660        0x4 /home/chen/softwares/truestudio/ARMTools/bin/../lib/gcc/arm-atollic-eabi/6.3.1/armv7e-m/fpu/fpv5-d16/crti.o
                0x0000000008007660                _init
 .init          0x0000000008007664        0x8 /home/chen/softwares/truestudio/ARMTools/bin/../lib/gcc/arm-atollic-eabi/6.3.1/armv7e-m/fpu/fpv5-d16/crtn.o
 *(.fini)
 .fini          0x000000000800766c        0x4 /home/chen/softwares/truestudio/ARMTools/bin/../lib/gcc/arm-atollic-eabi/6.3.1/armv7e-m/fpu/fpv5-d16/crti.o
                0x000000000800766c                _fini
 .fini          0x0000000008007670        0x8 /home/chen/softwares/truestudio/ARMTools/bin/../lib/gcc/arm-atollic-eabi/6.3.1/armv7e-m/fpu/fpv5-d16/crtn.o
                0x0000000008007678                . = ALIGN (0x4)
                0x0000000008007678                _etext = .

.vfp11_veneer   0x0000000008007678        0x0
 .vfp11_veneer  0x0000000008007678        0x0 linker stubs

.v4_bx          0x0000000008007678        0x0
 .v4_bx         0x0000000008007678        0x0 linker stubs

.iplt           0x0000000008007678        0x0
 .iplt          0x0000000008007678        0x0 /home/chen/softwares/truestudio/ARMTools/bin/../lib/gcc/arm-atollic-eabi/6.3.1/armv7e-m/fpu/fpv5-d16/crtbegin.o

.rodata         0x0000000008007678      0x358
                0x0000000008007678                . = ALIGN (0x4)
 *(.rodata)
 .rodata        0x0000000008007678       0x30 Application/User/Idletasks/idletasks.o
 .rodata        0x00000000080076a8       0xb4 Application/User/freertos.o
 *(.rodata*)
 .rodata.str1.4
                0x000000000800775c       0x60 Application/User/freertos.o
 .rodata.AHBPrescTable
                0x00000000080077bc       0x10 Drivers/CMSIS/system_stm32f7xx.o
                0x00000000080077bc                AHBPrescTable
 .rodata.APBPrescTable
                0x00000000080077cc        0x8 Drivers/CMSIS/system_stm32f7xx.o
                0x00000000080077cc                APBPrescTable
 .rodata.flagBitshiftOffset.10257
                0x00000000080077d4        0x8 Drivers/STM32F7xx_HAL_Driver/stm32f7xx_hal_dma.o
 .rodata.CSWTCH.38
                0x00000000080077dc        0x4 Drivers/STM32F7xx_HAL_Driver/stm32f7xx_hal_uart.o
 .rodata.CSWTCH.39
                0x00000000080077e0        0xd Drivers/STM32F7xx_HAL_Driver/stm32f7xx_hal_uart.o
 *fill*         0x00000000080077ed        0x3 
 .rodata.vTaskStartScheduler.str1.4
                0x00000000080077f0        0x8 Middlewares/FreeRTOS/tasks.o
                                          0x5 (size before relaxing)
 .rodata.npio2_hw
                0x00000000080077f8       0x80 /home/chen/softwares/truestudio/ARMTools/bin/../lib/gcc/arm-atollic-eabi/6.3.1/../../../../arm-atollic-eabi/lib/armv7e-m/fpu/fpv5-d16/libm.a(lib_a-e_rem_pio2.o)
 .rodata.two_over_pi
                0x0000000008007878      0x108 /home/chen/softwares/truestudio/ARMTools/bin/../lib/gcc/arm-atollic-eabi/6.3.1/../../../../arm-atollic-eabi/lib/armv7e-m/fpu/fpv5-d16/libm.a(lib_a-e_rem_pio2.o)
 .rodata.PIo2   0x0000000008007980       0x40 /home/chen/softwares/truestudio/ARMTools/bin/../lib/gcc/arm-atollic-eabi/6.3.1/../../../../arm-atollic-eabi/lib/armv7e-m/fpu/fpv5-d16/libm.a(lib_a-k_rem_pio2.o)
 .rodata.init_jk
                0x00000000080079c0       0x10 /home/chen/softwares/truestudio/ARMTools/bin/../lib/gcc/arm-atollic-eabi/6.3.1/../../../../arm-atollic-eabi/lib/armv7e-m/fpu/fpv5-d16/libm.a(lib_a-k_rem_pio2.o)
                0x00000000080079d0                . = ALIGN (0x4)

.ARM.extab
 *(.ARM.extab* .gnu.linkonce.armextab.*)

.ARM            0x00000000080079d0        0x8
                0x00000000080079d0                __exidx_start = .
 *(.ARM.exidx*)
 .ARM.exidx     0x00000000080079d0        0x8 /home/chen/softwares/truestudio/ARMTools/bin/../lib/gcc/arm-atollic-eabi/6.3.1/armv7e-m/fpu/fpv5-d16/libgcc.a(_udivmoddi4.o)
                0x00000000080079d8                __exidx_end = .

.rel.dyn        0x00000000080079d8        0x0
 .rel.iplt      0x00000000080079d8        0x0 /home/chen/softwares/truestudio/ARMTools/bin/../lib/gcc/arm-atollic-eabi/6.3.1/armv7e-m/fpu/fpv5-d16/crtbegin.o

.preinit_array  0x00000000080079d8        0x0
                0x00000000080079d8                PROVIDE (__preinit_array_start, .)
 *(.preinit_array*)
                0x00000000080079d8                PROVIDE (__preinit_array_end, .)

.init_array     0x00000000080079d8        0x4
                0x00000000080079d8                PROVIDE (__init_array_start, .)
 *(SORT(.init_array.*))
 *(.init_array*)
 .init_array    0x00000000080079d8        0x4 /home/chen/softwares/truestudio/ARMTools/bin/../lib/gcc/arm-atollic-eabi/6.3.1/armv7e-m/fpu/fpv5-d16/crtbegin.o
                0x00000000080079dc                PROVIDE (__init_array_end, .)

.fini_array     0x00000000080079dc        0x4
                [!provide]                        PROVIDE (__fini_array_start, .)
 *(SORT(.fini_array.*))
 *(.fini_array*)
 .fini_array    0x00000000080079dc        0x4 /home/chen/softwares/truestudio/ARMTools/bin/../lib/gcc/arm-atollic-eabi/6.3.1/armv7e-m/fpu/fpv5-d16/crtbegin.o
                [!provide]                        PROVIDE (__fini_array_end, .)
                0x00000000080079e0                _sidata = LOADADDR (.data)

.data           0x0000000020000000       0x28 load address 0x00000000080079e0
                0x0000000020000000                . = ALIGN (0x4)
                0x0000000020000000                _sdata = .
 *(.data)
 *(.data*)
 .data.enchall  0x0000000020000000       0x18 Application/User/ISRs/isrSensors.o
 .data.fivetimecount
                0x0000000020000018        0x1 Application/User/ISRs/isrSensors.o
 *fill*         0x0000000020000019        0x3 
 .data.SystemCoreClock
                0x000000002000001c        0x4 Drivers/CMSIS/system_stm32f7xx.o
                0x000000002000001c                SystemCoreClock
 .data.uwTickFreq
                0x0000000020000020        0x1 Drivers/STM32F7xx_HAL_Driver/stm32f7xx_hal.o
                0x0000000020000020                uwTickFreq
 *fill*         0x0000000020000021        0x3 
 .data.uxCriticalNesting
                0x0000000020000024        0x4 Middlewares/FreeRTOS/port.o
                0x0000000020000028                . = ALIGN (0x4)
                0x0000000020000028                _edata = .

.igot.plt       0x0000000020000028        0x0 load address 0x0000000008007a08
 .igot.plt      0x0000000020000028        0x0 /home/chen/softwares/truestudio/ARMTools/bin/../lib/gcc/arm-atollic-eabi/6.3.1/armv7e-m/fpu/fpv5-d16/crtbegin.o
                0x0000000020000028                . = ALIGN (0x4)

.bss            0x0000000020000028     0x4490 load address 0x0000000008007a08
                0x0000000020000028                _sbss = .
                0x0000000020000028                __bss_start__ = _sbss
 *(.bss)
 .bss           0x0000000020000028       0x1c /home/chen/softwares/truestudio/ARMTools/bin/../lib/gcc/arm-atollic-eabi/6.3.1/armv7e-m/fpu/fpv5-d16/crtbegin.o
 *(.bss*)
 .bss.cnt       0x0000000020000044        0x4 Application/User/ISRs/isrSensors.o
 .bss.cnt_e     0x0000000020000048        0x4 Application/User/ISRs/isrSensors.o
 .bss.flag      0x000000002000004c        0x1 Application/User/ISRs/isrSensors.o
 *fill*         0x000000002000004d        0x1 
 .bss.last5bitsdata
                0x000000002000004e        0x2 Application/User/ISRs/isrSensors.o
 .bss.last_recon
                0x0000000020000050        0x2 Application/User/ISRs/isrSensors.o
 *fill*         0x0000000020000052        0x2 
 .bss.lasttick  0x0000000020000054        0x4 Application/User/ISRs/isrSensors.o
 .bss.motorcurrent
                0x0000000020000058       0x14 Application/User/ISRs/isrSensors.o
 .bss.v_buff    0x000000002000006c       0x78 Application/User/ISRs/isrSensors.o
 .bss.v_index   0x00000000200000e4        0x1 Application/User/ISRs/isrSensors.o
                0x00000000200000e4                v_index
 *fill*         0x00000000200000e5        0x3 
 .bss.xHigherPriorityTaskWoken.10969
                0x00000000200000e8        0x4 Application/User/ISRs/isrSensors.o
 .bss.xHigherPriorityTaskWoken.10986
                0x00000000200000ec        0x4 Application/User/ISRs/isrSensors.o
 .bss.DFSDM1_Init
                0x00000000200000f0        0x4 Application/User/dfsdm.o
 .bss.HAL_RCC_DFSDM1_CLK_ENABLED
                0x00000000200000f4        0x4 Application/User/dfsdm.o
 .bss.a_dfsdm1ChannelHandle
                0x00000000200000f8       0x20 Drivers/STM32F7xx_HAL_Driver/stm32f7xx_hal_dfsdm.o
                0x00000000200000f8                a_dfsdm1ChannelHandle
 .bss.v_dfsdm1ChannelCounter
                0x0000000020000118        0x4 Drivers/STM32F7xx_HAL_Driver/stm32f7xx_hal_dfsdm.o
                0x0000000020000118                v_dfsdm1ChannelCounter
 .bss.pxEnd     0x000000002000011c        0x4 Middlewares/FreeRTOS/heap_4.o
 .bss.ucHeap    0x0000000020000120     0x3c00 Middlewares/FreeRTOS/heap_4.o
 .bss.xBlockAllocatedBit
                0x0000000020003d20        0x4 Middlewares/FreeRTOS/heap_4.o
 .bss.xFreeBytesRemaining
                0x0000000020003d24        0x4 Middlewares/FreeRTOS/heap_4.o
 .bss.xMinimumEverFreeBytesRemaining
                0x0000000020003d28        0x4 Middlewares/FreeRTOS/heap_4.o
 .bss.xStart    0x0000000020003d2c        0x8 Middlewares/FreeRTOS/heap_4.o
 .bss.ucMaxSysCallPriority
                0x0000000020003d34        0x1 Middlewares/FreeRTOS/port.o
 *fill*         0x0000000020003d35        0x3 
 .bss.ulMaxPRIGROUPValue
                0x0000000020003d38        0x4 Middlewares/FreeRTOS/port.o
 .bss.pxCurrentTCB
                0x0000000020003d3c        0x4 Middlewares/FreeRTOS/tasks.o
                0x0000000020003d3c                pxCurrentTCB
 .bss.pxDelayedTaskList
                0x0000000020003d40        0x4 Middlewares/FreeRTOS/tasks.o
 .bss.pxOverflowDelayedTaskList
                0x0000000020003d44        0x4 Middlewares/FreeRTOS/tasks.o
 .bss.pxReadyTasksLists
                0x0000000020003d48       0x8c Middlewares/FreeRTOS/tasks.o
 .bss.uxCurrentNumberOfTasks
                0x0000000020003dd4        0x4 Middlewares/FreeRTOS/tasks.o
 .bss.uxDeletedTasksWaitingCleanUp
                0x0000000020003dd8        0x4 Middlewares/FreeRTOS/tasks.o
 .bss.uxPendedTicks
                0x0000000020003ddc        0x4 Middlewares/FreeRTOS/tasks.o
 .bss.uxSchedulerSuspended
                0x0000000020003de0        0x4 Middlewares/FreeRTOS/tasks.o
 .bss.uxTaskNumber
                0x0000000020003de4        0x4 Middlewares/FreeRTOS/tasks.o
 .bss.uxTopReadyPriority
                0x0000000020003de8        0x4 Middlewares/FreeRTOS/tasks.o
 .bss.xDelayedTaskList1
                0x0000000020003dec       0x14 Middlewares/FreeRTOS/tasks.o
 .bss.xDelayedTaskList2
                0x0000000020003e00       0x14 Middlewares/FreeRTOS/tasks.o
 .bss.xIdleTaskHandle
                0x0000000020003e14        0x4 Middlewares/FreeRTOS/tasks.o
 .bss.xNextTaskUnblockTime
                0x0000000020003e18        0x4 Middlewares/FreeRTOS/tasks.o
 .bss.xNumOfOverflows
                0x0000000020003e1c        0x4 Middlewares/FreeRTOS/tasks.o
 .bss.xPendingReadyList
                0x0000000020003e20       0x14 Middlewares/FreeRTOS/tasks.o
 .bss.xSchedulerRunning
                0x0000000020003e34        0x4 Middlewares/FreeRTOS/tasks.o
 .bss.xSuspendedTaskList
                0x0000000020003e38       0x14 Middlewares/FreeRTOS/tasks.o
 .bss.xTasksWaitingTermination
                0x0000000020003e4c       0x14 Middlewares/FreeRTOS/tasks.o
 .bss.xTickCount
                0x0000000020003e60        0x4 Middlewares/FreeRTOS/tasks.o
 .bss.xYieldPending
                0x0000000020003e64        0x4 Middlewares/FreeRTOS/tasks.o
 *(COMMON)
 COMMON         0x0000000020003e68        0xf Application/User/ISRs/isrSensors.o
                0x0000000020003e68                enchall_buff
                0x0000000020003e70                order_buff
 *fill*         0x0000000020003e77        0x1 
 COMMON         0x0000000020003e78      0x1d8 Application/User/dfsdm.o
                0x0000000020003e78                hdfsdm1_filter0
                0x0000000020003ecc                hdfsdm1_channel3
                0x0000000020003f04                hdma_dfsdm1_flt1
                0x0000000020003f64                hdma_dfsdm1_flt0
                0x0000000020003fc4                hdfsdm1_filter1
                0x0000000020004018                hdfsdm1_channel0
 COMMON         0x0000000020004050       0x34 Application/User/freertos.o
                0x0000000020004050                conresQueueHandle
                0x0000000020004054                buzzertoneTaskHandle
                0x0000000020004058                buzzerQueueHandle
                0x000000002000405c                rythmQueueHandle
                0x0000000020004060                enchallTaskHandle
                0x0000000020004064                buzzerMutexHandle
                0x0000000020004068                enchallQueueHandle
                0x000000002000406c                controlTaskHandle
                0x0000000020004070                ledgreenTaskHandle
                0x0000000020004074                ledblueTaskHandle
                0x0000000020004078                shuntQueueHandle
                0x000000002000407c                iwdgTaskHandle
                0x0000000020004080                buzzerrythmTaskHandle
 COMMON         0x0000000020004084       0x4c Application/User/i2c.o
                0x0000000020004084                hi2c4
 COMMON         0x00000000200040d0       0x64 Application/User/spi.o
                0x00000000200040d0                hspi1
 COMMON         0x0000000020004134       0x40 Application/User/stm32f7xx_hal_timebase_tim.o
                0x0000000020004134                htim4
 COMMON         0x0000000020004174       0xc0 Application/User/tim.o
                0x0000000020004174                htim3
                0x00000000200041b4                htim1
                0x00000000200041f4                htim2
 COMMON         0x0000000020004234      0x280 Application/User/usart.o
                0x0000000020004234                hdma_uart4_rx
                0x0000000020004294                huart3
                0x0000000020004304                hdma_usart1_rx
                0x0000000020004364                huart1
                0x00000000200043d4                huart8
                0x0000000020004444                huart4
 COMMON         0x00000000200044b4        0x4 Drivers/STM32F7xx_HAL_Driver/stm32f7xx_hal.o
                0x00000000200044b4                uwTick
                0x00000000200044b8                . = ALIGN (0x4)
                0x00000000200044b8                _ebss = .
                0x00000000200044b8                __bss_end__ = _ebss

._user_heap_stack
                0x00000000200044b8      0x600 load address 0x0000000008007a08
                0x00000000200044b8                . = ALIGN (0x4)
                0x00000000200044b8                PROVIDE (end, .)
                [!provide]                        PROVIDE (_end, .)
                0x00000000200046b8                . = (. + _Min_Heap_Size)
 *fill*         0x00000000200044b8      0x200 
                0x0000000020004ab8                . = (. + _Min_Stack_Size)
 *fill*         0x00000000200046b8      0x400 
                0x0000000020004ab8                . = ALIGN (0x4)

/DISCARD/
 libc.a(*)
 libm.a(*)
 libgcc.a(*)

.ARM.attributes
                0x0000000000000000       0x2e
 *(.ARM.attributes)
 .ARM.attributes
                0x0000000000000000       0x20 /home/chen/softwares/truestudio/ARMTools/bin/../lib/gcc/arm-atollic-eabi/6.3.1/armv7e-m/fpu/fpv5-d16/crti.o
 .ARM.attributes
                0x0000000000000020       0x32 /home/chen/softwares/truestudio/ARMTools/bin/../lib/gcc/arm-atollic-eabi/6.3.1/armv7e-m/fpu/fpv5-d16/crtbegin.o
 .ARM.attributes
                0x0000000000000052       0x21 Application/TrueSTUDIO/startup_stm32f765xx.o
 .ARM.attributes
                0x0000000000000073       0x33 Application/User/Foc/controlFoc.o
 .ARM.attributes
                0x00000000000000a6       0x33 Application/User/ISRs/isrSensors.o
 .ARM.attributes
                0x00000000000000d9       0x33 Application/User/Idletasks/idletasks.o
 .ARM.attributes
                0x000000000000010c       0x33 Application/User/SYSINIT/sysinitial.o
 .ARM.attributes
                0x000000000000013f       0x33 Application/User/debug/datatraceDebug.o
 .ARM.attributes
                0x0000000000000172       0x33 Application/User/dfsdm.o
 .ARM.attributes
                0x00000000000001a5       0x33 Application/User/dma.o
 .ARM.attributes
                0x00000000000001d8       0x33 Application/User/freertos.o
 .ARM.attributes
                0x000000000000020b       0x33 Application/User/gpio.o
 .ARM.attributes
                0x000000000000023e       0x33 Application/User/i2c.o
 .ARM.attributes
                0x0000000000000271       0x33 Application/User/main.o
 .ARM.attributes
                0x00000000000002a4       0x33 Application/User/spi.o
 .ARM.attributes
                0x00000000000002d7       0x33 Application/User/stm32f7xx_hal_msp.o
 .ARM.attributes
                0x000000000000030a       0x33 Application/User/stm32f7xx_hal_timebase_tim.o
 .ARM.attributes
                0x000000000000033d       0x33 Application/User/stm32f7xx_it.o
 .ARM.attributes
                0x0000000000000370       0x33 Application/User/tim.o
 .ARM.attributes
                0x00000000000003a3       0x33 Application/User/usart.o
 .ARM.attributes
                0x00000000000003d6       0x33 Drivers/CMSIS/system_stm32f7xx.o
 .ARM.attributes
                0x0000000000000409       0x33 Drivers/STM32F7xx_HAL_Driver/stm32f7xx_hal.o
 .ARM.attributes
                0x000000000000043c       0x33 Drivers/STM32F7xx_HAL_Driver/stm32f7xx_hal_cortex.o
 .ARM.attributes
                0x000000000000046f       0x33 Drivers/STM32F7xx_HAL_Driver/stm32f7xx_hal_dfsdm.o
 .ARM.attributes
                0x00000000000004a2       0x33 Drivers/STM32F7xx_HAL_Driver/stm32f7xx_hal_dma.o
 .ARM.attributes
                0x00000000000004d5       0x33 Drivers/STM32F7xx_HAL_Driver/stm32f7xx_hal_gpio.o
 .ARM.attributes
                0x0000000000000508       0x33 Drivers/STM32F7xx_HAL_Driver/stm32f7xx_hal_i2c.o
 .ARM.attributes
                0x000000000000053b       0x33 Drivers/STM32F7xx_HAL_Driver/stm32f7xx_hal_i2c_ex.o
 .ARM.attributes
                0x000000000000056e       0x33 Drivers/STM32F7xx_HAL_Driver/stm32f7xx_hal_pwr_ex.o
 .ARM.attributes
                0x00000000000005a1       0x33 Drivers/STM32F7xx_HAL_Driver/stm32f7xx_hal_rcc.o
 .ARM.attributes
                0x00000000000005d4       0x33 Drivers/STM32F7xx_HAL_Driver/stm32f7xx_hal_rcc_ex.o
 .ARM.attributes
                0x0000000000000607       0x33 Drivers/STM32F7xx_HAL_Driver/stm32f7xx_hal_spi.o
 .ARM.attributes
                0x000000000000063a       0x33 Drivers/STM32F7xx_HAL_Driver/stm32f7xx_hal_tim.o
 .ARM.attributes
                0x000000000000066d       0x33 Drivers/STM32F7xx_HAL_Driver/stm32f7xx_hal_tim_ex.o
 .ARM.attributes
                0x00000000000006a0       0x33 Drivers/STM32F7xx_HAL_Driver/stm32f7xx_hal_uart.o
 .ARM.attributes
                0x00000000000006d3       0x33 Middlewares/FreeRTOS/cmsis_os.o
 .ARM.attributes
                0x0000000000000706       0x33 Middlewares/FreeRTOS/heap_4.o
 .ARM.attributes
                0x0000000000000739       0x33 Middlewares/FreeRTOS/list.o
 .ARM.attributes
                0x000000000000076c       0x33 Middlewares/FreeRTOS/port.o
 .ARM.attributes
                0x000000000000079f       0x33 Middlewares/FreeRTOS/queue.o
 .ARM.attributes
                0x00000000000007d2       0x33 Middlewares/FreeRTOS/tasks.o
 .ARM.attributes
                0x0000000000000805       0x32 /home/chen/softwares/truestudio/ARMTools/bin/../lib/gcc/arm-atollic-eabi/6.3.1/../../../../arm-atollic-eabi/lib/armv7e-m/fpu/fpv5-d16/libc_nano.a(lib_a-init.o)
 .ARM.attributes
                0x0000000000000837       0x32 /home/chen/softwares/truestudio/ARMTools/bin/../lib/gcc/arm-atollic-eabi/6.3.1/../../../../arm-atollic-eabi/lib/armv7e-m/fpu/fpv5-d16/libc_nano.a(lib_a-memcpy-stub.o)
 .ARM.attributes
                0x0000000000000869       0x32 /home/chen/softwares/truestudio/ARMTools/bin/../lib/gcc/arm-atollic-eabi/6.3.1/../../../../arm-atollic-eabi/lib/armv7e-m/fpu/fpv5-d16/libc_nano.a(lib_a-memset.o)
 .ARM.attributes
                0x000000000000089b       0x32 /home/chen/softwares/truestudio/ARMTools/bin/../lib/gcc/arm-atollic-eabi/6.3.1/../../../../arm-atollic-eabi/lib/armv7e-m/fpu/fpv5-d16/libm.a(lib_a-s_cos.o)
 .ARM.attributes
                0x00000000000008cd       0x32 /home/chen/softwares/truestudio/ARMTools/bin/../lib/gcc/arm-atollic-eabi/6.3.1/../../../../arm-atollic-eabi/lib/armv7e-m/fpu/fpv5-d16/libm.a(lib_a-s_sin.o)
 .ARM.attributes
                0x00000000000008ff       0x32 /home/chen/softwares/truestudio/ARMTools/bin/../lib/gcc/arm-atollic-eabi/6.3.1/../../../../arm-atollic-eabi/lib/armv7e-m/fpu/fpv5-d16/libm.a(lib_a-e_rem_pio2.o)
 .ARM.attributes
                0x0000000000000931       0x32 /home/chen/softwares/truestudio/ARMTools/bin/../lib/gcc/arm-atollic-eabi/6.3.1/../../../../arm-atollic-eabi/lib/armv7e-m/fpu/fpv5-d16/libm.a(lib_a-k_cos.o)
 .ARM.attributes
                0x0000000000000963       0x32 /home/chen/softwares/truestudio/ARMTools/bin/../lib/gcc/arm-atollic-eabi/6.3.1/../../../../arm-atollic-eabi/lib/armv7e-m/fpu/fpv5-d16/libm.a(lib_a-k_rem_pio2.o)
 .ARM.attributes
                0x0000000000000995       0x32 /home/chen/softwares/truestudio/ARMTools/bin/../lib/gcc/arm-atollic-eabi/6.3.1/../../../../arm-atollic-eabi/lib/armv7e-m/fpu/fpv5-d16/libm.a(lib_a-k_sin.o)
 .ARM.attributes
                0x00000000000009c7       0x32 /home/chen/softwares/truestudio/ARMTools/bin/../lib/gcc/arm-atollic-eabi/6.3.1/../../../../arm-atollic-eabi/lib/armv7e-m/fpu/fpv5-d16/libm.a(lib_a-s_fabs.o)
 .ARM.attributes
                0x00000000000009f9       0x32 /home/chen/softwares/truestudio/ARMTools/bin/../lib/gcc/arm-atollic-eabi/6.3.1/../../../../arm-atollic-eabi/lib/armv7e-m/fpu/fpv5-d16/libm.a(lib_a-s_floor.o)
 .ARM.attributes
                0x0000000000000a2b       0x32 /home/chen/softwares/truestudio/ARMTools/bin/../lib/gcc/arm-atollic-eabi/6.3.1/../../../../arm-atollic-eabi/lib/armv7e-m/fpu/fpv5-d16/libm.a(lib_a-s_scalbn.o)
 .ARM.attributes
                0x0000000000000a5d       0x32 /home/chen/softwares/truestudio/ARMTools/bin/../lib/gcc/arm-atollic-eabi/6.3.1/../../../../arm-atollic-eabi/lib/armv7e-m/fpu/fpv5-d16/libm.a(lib_a-s_copysign.o)
 .ARM.attributes
                0x0000000000000a8f       0x20 /home/chen/softwares/truestudio/ARMTools/bin/../lib/gcc/arm-atollic-eabi/6.3.1/armv7e-m/fpu/fpv5-d16/libgcc.a(_aeabi_uldivmod.o)
 .ARM.attributes
                0x0000000000000aaf       0x32 /home/chen/softwares/truestudio/ARMTools/bin/../lib/gcc/arm-atollic-eabi/6.3.1/armv7e-m/fpu/fpv5-d16/libgcc.a(_udivmoddi4.o)
 .ARM.attributes
                0x0000000000000ae1       0x20 /home/chen/softwares/truestudio/ARMTools/bin/../lib/gcc/arm-atollic-eabi/6.3.1/armv7e-m/fpu/fpv5-d16/libgcc.a(_dvmd_tls.o)
 .ARM.attributes
                0x0000000000000b01       0x20 /home/chen/softwares/truestudio/ARMTools/bin/../lib/gcc/arm-atollic-eabi/6.3.1/armv7e-m/fpu/fpv5-d16/crtn.o
OUTPUT(jsk_foc_f7.elf elf32-littlearm)

.debug_line     0x0000000000000000    0x1147b
 .debug_line    0x0000000000000000       0x7a Application/TrueSTUDIO/startup_stm32f765xx.o
 .debug_line    0x000000000000007a      0x543 Application/User/Foc/controlFoc.o
 .debug_line    0x00000000000005bd      0x68b Application/User/ISRs/isrSensors.o
 .debug_line    0x0000000000000c48      0x475 Application/User/Idletasks/idletasks.o
 .debug_line    0x00000000000010bd      0x387 Application/User/SYSINIT/sysinitial.o
 .debug_line    0x0000000000001444      0x3dd Application/User/debug/datatraceDebug.o
 .debug_line    0x0000000000001821      0x42c Application/User/dfsdm.o
 .debug_line    0x0000000000001c4d      0x24e Application/User/dma.o
 .debug_line    0x0000000000001e9b      0x32f Application/User/freertos.o
 .debug_line    0x00000000000021ca      0x285 Application/User/gpio.o
 .debug_line    0x000000000000244f      0x327 Application/User/i2c.o
 .debug_line    0x0000000000002776      0x518 Application/User/main.o
 .debug_line    0x0000000000002c8e      0x323 Application/User/spi.o
 .debug_line    0x0000000000002fb1      0x255 Application/User/stm32f7xx_hal_msp.o
 .debug_line    0x0000000000003206      0x30b Application/User/stm32f7xx_hal_timebase_tim.o
 .debug_line    0x0000000000003511      0x305 Application/User/stm32f7xx_it.o
 .debug_line    0x0000000000003816      0x48d Application/User/tim.o
 .debug_line    0x0000000000003ca3      0x46c Application/User/usart.o
 .debug_line    0x000000000000410f      0x24b Drivers/CMSIS/system_stm32f7xx.o
 .debug_line    0x000000000000435a      0x4b5 Drivers/STM32F7xx_HAL_Driver/stm32f7xx_hal.o
 .debug_line    0x000000000000480f      0x4ea Drivers/STM32F7xx_HAL_Driver/stm32f7xx_hal_cortex.o
 .debug_line    0x0000000000004cf9      0xfc0 Drivers/STM32F7xx_HAL_Driver/stm32f7xx_hal_dfsdm.o
 .debug_line    0x0000000000005cb9      0x76e Drivers/STM32F7xx_HAL_Driver/stm32f7xx_hal_dma.o
 .debug_line    0x0000000000006427      0x4b2 Drivers/STM32F7xx_HAL_Driver/stm32f7xx_hal_gpio.o
 .debug_line    0x00000000000068d9     0x203a Drivers/STM32F7xx_HAL_Driver/stm32f7xx_hal_i2c.o
 .debug_line    0x0000000000008913      0x391 Drivers/STM32F7xx_HAL_Driver/stm32f7xx_hal_i2c_ex.o
 .debug_line    0x0000000000008ca4      0x439 Drivers/STM32F7xx_HAL_Driver/stm32f7xx_hal_pwr_ex.o
 .debug_line    0x00000000000090dd      0x6d1 Drivers/STM32F7xx_HAL_Driver/stm32f7xx_hal_rcc.o
 .debug_line    0x00000000000097ae      0x51f Drivers/STM32F7xx_HAL_Driver/stm32f7xx_hal_rcc_ex.o
 .debug_line    0x0000000000009ccd     0x129d Drivers/STM32F7xx_HAL_Driver/stm32f7xx_hal_spi.o
 .debug_line    0x000000000000af6a     0x1bd9 Drivers/STM32F7xx_HAL_Driver/stm32f7xx_hal_tim.o
 .debug_line    0x000000000000cb43      0xc0b Drivers/STM32F7xx_HAL_Driver/stm32f7xx_hal_tim_ex.o
 .debug_line    0x000000000000d74e     0x1286 Drivers/STM32F7xx_HAL_Driver/stm32f7xx_hal_uart.o
 .debug_line    0x000000000000e9d4      0xa4b Middlewares/FreeRTOS/cmsis_os.o
 .debug_line    0x000000000000f41f      0x3e9 Middlewares/FreeRTOS/heap_4.o
 .debug_line    0x000000000000f808      0x346 Middlewares/FreeRTOS/list.o
 .debug_line    0x000000000000fb4e      0x345 Middlewares/FreeRTOS/port.o
 .debug_line    0x000000000000fe93      0x904 Middlewares/FreeRTOS/queue.o
 .debug_line    0x0000000000010797      0xce4 Middlewares/FreeRTOS/tasks.o

.debug_info     0x0000000000000000    0x3ecdd
 .debug_info    0x0000000000000000       0x84 Application/TrueSTUDIO/startup_stm32f765xx.o
 .debug_info    0x0000000000000084     0x1b4b Application/User/Foc/controlFoc.o
 .debug_info    0x0000000000001bcf     0x1cd6 Application/User/ISRs/isrSensors.o
 .debug_info    0x00000000000038a5     0x15b6 Application/User/Idletasks/idletasks.o
 .debug_info    0x0000000000004e5b     0x21b6 Application/User/SYSINIT/sysinitial.o
 .debug_info    0x0000000000007011     0x160f Application/User/debug/datatraceDebug.o
 .debug_info    0x0000000000008620     0x1797 Application/User/dfsdm.o
 .debug_info    0x0000000000009db7      0xedd Application/User/dma.o
 .debug_info    0x000000000000ac94      0xead Application/User/freertos.o
 .debug_info    0x000000000000bb41      0xdc4 Application/User/gpio.o
 .debug_info    0x000000000000c905     0x12da Application/User/i2c.o
 .debug_info    0x000000000000dbdf     0x2cc4 Application/User/main.o
 .debug_info    0x00000000000108a3     0x1296 Application/User/spi.o
 .debug_info    0x0000000000011b39      0xe29 Application/User/stm32f7xx_hal_msp.o
 .debug_info    0x0000000000012962     0x14ac Application/User/stm32f7xx_hal_timebase_tim.o
 .debug_info    0x0000000000013e0e      0xf84 Application/User/stm32f7xx_it.o
 .debug_info    0x0000000000014d92     0x1904 Application/User/tim.o
 .debug_info    0x0000000000016696     0x1543 Application/User/usart.o
 .debug_info    0x0000000000017bd9      0xf05 Drivers/CMSIS/system_stm32f7xx.o
 .debug_info    0x0000000000018ade     0x135f Drivers/STM32F7xx_HAL_Driver/stm32f7xx_hal.o
 .debug_info    0x0000000000019e3d     0x1998 Drivers/STM32F7xx_HAL_Driver/stm32f7xx_hal_cortex.o
 .debug_info    0x000000000001b7d5     0x292f Drivers/STM32F7xx_HAL_Driver/stm32f7xx_hal_dfsdm.o
 .debug_info    0x000000000001e104     0x12f0 Drivers/STM32F7xx_HAL_Driver/stm32f7xx_hal_dma.o
 .debug_info    0x000000000001f3f4      0xfbe Drivers/STM32F7xx_HAL_Driver/stm32f7xx_hal_gpio.o
 .debug_info    0x00000000000203b2     0x4981 Drivers/STM32F7xx_HAL_Driver/stm32f7xx_hal_i2c.o
 .debug_info    0x0000000000024d33     0x11b6 Drivers/STM32F7xx_HAL_Driver/stm32f7xx_hal_i2c_ex.o
 .debug_info    0x0000000000025ee9     0x1228 Drivers/STM32F7xx_HAL_Driver/stm32f7xx_hal_pwr_ex.o
 .debug_info    0x0000000000027111     0x13e7 Drivers/STM32F7xx_HAL_Driver/stm32f7xx_hal_rcc.o
 .debug_info    0x00000000000284f8     0x108a Drivers/STM32F7xx_HAL_Driver/stm32f7xx_hal_rcc_ex.o
 .debug_info    0x0000000000029582     0x3376 Drivers/STM32F7xx_HAL_Driver/stm32f7xx_hal_spi.o
 .debug_info    0x000000000002c8f8     0x4463 Drivers/STM32F7xx_HAL_Driver/stm32f7xx_hal_tim.o
 .debug_info    0x0000000000030d5b     0x2124 Drivers/STM32F7xx_HAL_Driver/stm32f7xx_hal_tim_ex.o
 .debug_info    0x0000000000032e7f     0x28b3 Drivers/STM32F7xx_HAL_Driver/stm32f7xx_hal_uart.o
 .debug_info    0x0000000000035732     0x295e Middlewares/FreeRTOS/cmsis_os.o
 .debug_info    0x0000000000038090      0xc5c Middlewares/FreeRTOS/heap_4.o
 .debug_info    0x0000000000038cec      0xabe Middlewares/FreeRTOS/list.o
 .debug_info    0x00000000000397aa      0x4e8 Middlewares/FreeRTOS/port.o
 .debug_info    0x0000000000039c92     0x242a Middlewares/FreeRTOS/queue.o
 .debug_info    0x000000000003c0bc     0x2c21 Middlewares/FreeRTOS/tasks.o

.debug_abbrev   0x0000000000000000     0x6b71
 .debug_abbrev  0x0000000000000000       0x12 Application/TrueSTUDIO/startup_stm32f765xx.o
 .debug_abbrev  0x0000000000000012      0x2e8 Application/User/Foc/controlFoc.o
 .debug_abbrev  0x00000000000002fa      0x298 Application/User/ISRs/isrSensors.o
 .debug_abbrev  0x0000000000000592      0x265 Application/User/Idletasks/idletasks.o
 .debug_abbrev  0x00000000000007f7      0x21a Application/User/SYSINIT/sysinitial.o
 .debug_abbrev  0x0000000000000a11      0x218 Application/User/debug/datatraceDebug.o
 .debug_abbrev  0x0000000000000c29      0x295 Application/User/dfsdm.o
 .debug_abbrev  0x0000000000000ebe      0x200 Application/User/dma.o
 .debug_abbrev  0x00000000000010be      0x25f Application/User/freertos.o
 .debug_abbrev  0x000000000000131d      0x1f7 Application/User/gpio.o
 .debug_abbrev  0x0000000000001514      0x24b Application/User/i2c.o
 .debug_abbrev  0x000000000000175f      0x31c Application/User/main.o
 .debug_abbrev  0x0000000000001a7b      0x240 Application/User/spi.o
 .debug_abbrev  0x0000000000001cbb      0x1f3 Application/User/stm32f7xx_hal_msp.o
 .debug_abbrev  0x0000000000001eae      0x258 Application/User/stm32f7xx_hal_timebase_tim.o
 .debug_abbrev  0x0000000000002106      0x215 Application/User/stm32f7xx_it.o
 .debug_abbrev  0x000000000000231b      0x2ff Application/User/tim.o
 .debug_abbrev  0x000000000000261a      0x28b Application/User/usart.o
 .debug_abbrev  0x00000000000028a5      0x1e6 Drivers/CMSIS/system_stm32f7xx.o
 .debug_abbrev  0x0000000000002a8b      0x2f9 Drivers/STM32F7xx_HAL_Driver/stm32f7xx_hal.o
 .debug_abbrev  0x0000000000002d84      0x390 Drivers/STM32F7xx_HAL_Driver/stm32f7xx_hal_cortex.o
 .debug_abbrev  0x0000000000003114      0x373 Drivers/STM32F7xx_HAL_Driver/stm32f7xx_hal_dfsdm.o
 .debug_abbrev  0x0000000000003487      0x35e Drivers/STM32F7xx_HAL_Driver/stm32f7xx_hal_dma.o
 .debug_abbrev  0x00000000000037e5      0x268 Drivers/STM32F7xx_HAL_Driver/stm32f7xx_hal_gpio.o
 .debug_abbrev  0x0000000000003a4d      0x3fb Drivers/STM32F7xx_HAL_Driver/stm32f7xx_hal_i2c.o
 .debug_abbrev  0x0000000000003e48      0x209 Drivers/STM32F7xx_HAL_Driver/stm32f7xx_hal_i2c_ex.o
 .debug_abbrev  0x0000000000004051      0x2ab Drivers/STM32F7xx_HAL_Driver/stm32f7xx_hal_pwr_ex.o
 .debug_abbrev  0x00000000000042fc      0x380 Drivers/STM32F7xx_HAL_Driver/stm32f7xx_hal_rcc.o
 .debug_abbrev  0x000000000000467c      0x25f Drivers/STM32F7xx_HAL_Driver/stm32f7xx_hal_rcc_ex.o
 .debug_abbrev  0x00000000000048db      0x3ee Drivers/STM32F7xx_HAL_Driver/stm32f7xx_hal_spi.o
 .debug_abbrev  0x0000000000004cc9      0x38a Drivers/STM32F7xx_HAL_Driver/stm32f7xx_hal_tim.o
 .debug_abbrev  0x0000000000005053      0x373 Drivers/STM32F7xx_HAL_Driver/stm32f7xx_hal_tim_ex.o
 .debug_abbrev  0x00000000000053c6      0x3ce Drivers/STM32F7xx_HAL_Driver/stm32f7xx_hal_uart.o
 .debug_abbrev  0x0000000000005794      0x48f Middlewares/FreeRTOS/cmsis_os.o
 .debug_abbrev  0x0000000000005c23      0x314 Middlewares/FreeRTOS/heap_4.o
 .debug_abbrev  0x0000000000005f37      0x1e3 Middlewares/FreeRTOS/list.o
 .debug_abbrev  0x000000000000611a      0x211 Middlewares/FreeRTOS/port.o
 .debug_abbrev  0x000000000000632b      0x3fa Middlewares/FreeRTOS/queue.o
 .debug_abbrev  0x0000000000006725      0x44c Middlewares/FreeRTOS/tasks.o

.debug_aranges  0x0000000000000000     0x15f0
 .debug_aranges
                0x0000000000000000       0x28 Application/TrueSTUDIO/startup_stm32f765xx.o
 .debug_aranges
                0x0000000000000028       0x20 Application/User/Foc/controlFoc.o
 .debug_aranges
                0x0000000000000048       0x28 Application/User/ISRs/isrSensors.o
 .debug_aranges
                0x0000000000000070       0x40 Application/User/Idletasks/idletasks.o
 .debug_aranges
                0x00000000000000b0       0x20 Application/User/SYSINIT/sysinitial.o
 .debug_aranges
                0x00000000000000d0       0x20 Application/User/debug/datatraceDebug.o
 .debug_aranges
                0x00000000000000f0       0x40 Application/User/dfsdm.o
 .debug_aranges
                0x0000000000000130       0x20 Application/User/dma.o
 .debug_aranges
                0x0000000000000150       0x28 Application/User/freertos.o
 .debug_aranges
                0x0000000000000178       0x20 Application/User/gpio.o
 .debug_aranges
                0x0000000000000198       0x30 Application/User/i2c.o
 .debug_aranges
                0x00000000000001c8       0x38 Application/User/main.o
 .debug_aranges
                0x0000000000000200       0x30 Application/User/spi.o
 .debug_aranges
                0x0000000000000230       0x20 Application/User/stm32f7xx_hal_msp.o
 .debug_aranges
                0x0000000000000250       0x30 Application/User/stm32f7xx_hal_timebase_tim.o
 .debug_aranges
                0x0000000000000280       0x68 Application/User/stm32f7xx_it.o
 .debug_aranges
                0x00000000000002e8       0x48 Application/User/tim.o
 .debug_aranges
                0x0000000000000330       0x48 Application/User/usart.o
 .debug_aranges
                0x0000000000000378       0x28 Drivers/CMSIS/system_stm32f7xx.o
 .debug_aranges
                0x00000000000003a0      0x108 Drivers/STM32F7xx_HAL_Driver/stm32f7xx_hal.o
 .debug_aranges
                0x00000000000004a8       0xa8 Drivers/STM32F7xx_HAL_Driver/stm32f7xx_hal_cortex.o
 .debug_aranges
                0x0000000000000550      0x1c8 Drivers/STM32F7xx_HAL_Driver/stm32f7xx_hal_dfsdm.o
 .debug_aranges
                0x0000000000000718       0x78 Drivers/STM32F7xx_HAL_Driver/stm32f7xx_hal_dma.o
 .debug_aranges
                0x0000000000000790       0x58 Drivers/STM32F7xx_HAL_Driver/stm32f7xx_hal_gpio.o
 .debug_aranges
                0x00000000000007e8      0x1b8 Drivers/STM32F7xx_HAL_Driver/stm32f7xx_hal_i2c.o
 .debug_aranges
                0x00000000000009a0       0x38 Drivers/STM32F7xx_HAL_Driver/stm32f7xx_hal_i2c_ex.o
 .debug_aranges
                0x00000000000009d8       0x80 Drivers/STM32F7xx_HAL_Driver/stm32f7xx_hal_pwr_ex.o
 .debug_aranges
                0x0000000000000a58       0x88 Drivers/STM32F7xx_HAL_Driver/stm32f7xx_hal_rcc.o
 .debug_aranges
                0x0000000000000ae0       0x50 Drivers/STM32F7xx_HAL_Driver/stm32f7xx_hal_rcc_ex.o
 .debug_aranges
                0x0000000000000b30      0x178 Drivers/STM32F7xx_HAL_Driver/stm32f7xx_hal_spi.o
 .debug_aranges
                0x0000000000000ca8      0x250 Drivers/STM32F7xx_HAL_Driver/stm32f7xx_hal_tim.o
 .debug_aranges
                0x0000000000000ef8      0x110 Drivers/STM32F7xx_HAL_Driver/stm32f7xx_hal_tim_ex.o
 .debug_aranges
                0x0000000000001008      0x138 Drivers/STM32F7xx_HAL_Driver/stm32f7xx_hal_uart.o
 .debug_aranges
                0x0000000000001140      0x190 Middlewares/FreeRTOS/cmsis_os.o
 .debug_aranges
                0x00000000000012d0       0x48 Middlewares/FreeRTOS/heap_4.o
 .debug_aranges
                0x0000000000001318       0x40 Middlewares/FreeRTOS/list.o
 .debug_aranges
                0x0000000000001358       0x80 Middlewares/FreeRTOS/port.o
 .debug_aranges
                0x00000000000013d8       0xc0 Middlewares/FreeRTOS/queue.o
 .debug_aranges
                0x0000000000001498      0x158 Middlewares/FreeRTOS/tasks.o

.debug_ranges   0x0000000000000000     0x4e08
 .debug_ranges  0x0000000000000000       0x20 Application/TrueSTUDIO/startup_stm32f765xx.o
 .debug_ranges  0x0000000000000020      0x1c8 Application/User/Foc/controlFoc.o
 .debug_ranges  0x00000000000001e8      0x230 Application/User/ISRs/isrSensors.o
 .debug_ranges  0x0000000000000418       0x60 Application/User/Idletasks/idletasks.o
 .debug_ranges  0x0000000000000478       0x10 Application/User/SYSINIT/sysinitial.o
 .debug_ranges  0x0000000000000488       0x28 Application/User/debug/datatraceDebug.o
 .debug_ranges  0x00000000000004b0       0xb0 Application/User/dfsdm.o
 .debug_ranges  0x0000000000000560       0x30 Application/User/dma.o
 .debug_ranges  0x0000000000000590       0x18 Application/User/freertos.o
 .debug_ranges  0x00000000000005a8       0x50 Application/User/gpio.o
 .debug_ranges  0x00000000000005f8       0x58 Application/User/i2c.o
 .debug_ranges  0x0000000000000650       0x90 Application/User/main.o
 .debug_ranges  0x00000000000006e0       0x60 Application/User/spi.o
 .debug_ranges  0x0000000000000740       0x30 Application/User/stm32f7xx_hal_msp.o
 .debug_ranges  0x0000000000000770       0x48 Application/User/stm32f7xx_hal_timebase_tim.o
 .debug_ranges  0x00000000000007b8       0x58 Application/User/stm32f7xx_it.o
 .debug_ranges  0x0000000000000810      0x138 Application/User/tim.o
 .debug_ranges  0x0000000000000948      0x140 Application/User/usart.o
 .debug_ranges  0x0000000000000a88       0x18 Drivers/CMSIS/system_stm32f7xx.o
 .debug_ranges  0x0000000000000aa0       0xf8 Drivers/STM32F7xx_HAL_Driver/stm32f7xx_hal.o
 .debug_ranges  0x0000000000000b98      0x180 Drivers/STM32F7xx_HAL_Driver/stm32f7xx_hal_cortex.o
 .debug_ranges  0x0000000000000d18      0x678 Drivers/STM32F7xx_HAL_Driver/stm32f7xx_hal_dfsdm.o
 .debug_ranges  0x0000000000001390      0x148 Drivers/STM32F7xx_HAL_Driver/stm32f7xx_hal_dma.o
 .debug_ranges  0x00000000000014d8       0x78 Drivers/STM32F7xx_HAL_Driver/stm32f7xx_hal_gpio.o
 .debug_ranges  0x0000000000001550     0x10e0 Drivers/STM32F7xx_HAL_Driver/stm32f7xx_hal_i2c.o
 .debug_ranges  0x0000000000002630       0x58 Drivers/STM32F7xx_HAL_Driver/stm32f7xx_hal_i2c_ex.o
 .debug_ranges  0x0000000000002688      0x130 Drivers/STM32F7xx_HAL_Driver/stm32f7xx_hal_pwr_ex.o
 .debug_ranges  0x00000000000027b8      0x168 Drivers/STM32F7xx_HAL_Driver/stm32f7xx_hal_rcc.o
 .debug_ranges  0x0000000000002920       0x60 Drivers/STM32F7xx_HAL_Driver/stm32f7xx_hal_rcc_ex.o
 .debug_ranges  0x0000000000002980      0x938 Drivers/STM32F7xx_HAL_Driver/stm32f7xx_hal_spi.o
 .debug_ranges  0x00000000000032b8      0x880 Drivers/STM32F7xx_HAL_Driver/stm32f7xx_hal_tim.o
 .debug_ranges  0x0000000000003b38      0x268 Drivers/STM32F7xx_HAL_Driver/stm32f7xx_hal_tim_ex.o
 .debug_ranges  0x0000000000003da0      0x648 Drivers/STM32F7xx_HAL_Driver/stm32f7xx_hal_uart.o
 .debug_ranges  0x00000000000043e8      0x308 Middlewares/FreeRTOS/cmsis_os.o
 .debug_ranges  0x00000000000046f0       0x38 Middlewares/FreeRTOS/heap_4.o
 .debug_ranges  0x0000000000004728       0x30 Middlewares/FreeRTOS/list.o
 .debug_ranges  0x0000000000004758       0x98 Middlewares/FreeRTOS/port.o
 .debug_ranges  0x00000000000047f0      0x200 Middlewares/FreeRTOS/queue.o
 .debug_ranges  0x00000000000049f0      0x418 Middlewares/FreeRTOS/tasks.o

.debug_loc      0x0000000000000000    0x1c9e7
 .debug_loc     0x0000000000000000      0x602 Application/User/Foc/controlFoc.o
 .debug_loc     0x0000000000000602      0x33a Application/User/ISRs/isrSensors.o
 .debug_loc     0x000000000000093c      0x302 Application/User/Idletasks/idletasks.o
 .debug_loc     0x0000000000000c3e       0x7d Application/User/debug/datatraceDebug.o
 .debug_loc     0x0000000000000cbb       0xad Application/User/dfsdm.o
 .debug_loc     0x0000000000000d68       0x21 Application/User/freertos.o
 .debug_loc     0x0000000000000d89       0x42 Application/User/i2c.o
 .debug_loc     0x0000000000000dcb       0x34 Application/User/main.o
 .debug_loc     0x0000000000000dff       0x42 Application/User/spi.o
 .debug_loc     0x0000000000000e41       0x8b Application/User/stm32f7xx_hal_timebase_tim.o
 .debug_loc     0x0000000000000ecc       0x8b Application/User/tim.o
 .debug_loc     0x0000000000000f57      0x117 Application/User/usart.o
 .debug_loc     0x000000000000106e      0x14c Drivers/CMSIS/system_stm32f7xx.o
 .debug_loc     0x00000000000011ba      0x11b Drivers/STM32F7xx_HAL_Driver/stm32f7xx_hal.o
 .debug_loc     0x00000000000012d5      0x634 Drivers/STM32F7xx_HAL_Driver/stm32f7xx_hal_cortex.o
 .debug_loc     0x0000000000001909     0x275e Drivers/STM32F7xx_HAL_Driver/stm32f7xx_hal_dfsdm.o
 .debug_loc     0x0000000000004067      0x92b Drivers/STM32F7xx_HAL_Driver/stm32f7xx_hal_dma.o
 .debug_loc     0x0000000000004992      0x43b Drivers/STM32F7xx_HAL_Driver/stm32f7xx_hal_gpio.o
 .debug_loc     0x0000000000004dcd     0x589d Drivers/STM32F7xx_HAL_Driver/stm32f7xx_hal_i2c.o
 .debug_loc     0x000000000000a66a      0x13b Drivers/STM32F7xx_HAL_Driver/stm32f7xx_hal_i2c_ex.o
 .debug_loc     0x000000000000a7a5      0x257 Drivers/STM32F7xx_HAL_Driver/stm32f7xx_hal_pwr_ex.o
 .debug_loc     0x000000000000a9fc      0x595 Drivers/STM32F7xx_HAL_Driver/stm32f7xx_hal_rcc.o
 .debug_loc     0x000000000000af91      0x655 Drivers/STM32F7xx_HAL_Driver/stm32f7xx_hal_rcc_ex.o
 .debug_loc     0x000000000000b5e6     0x3b84 Drivers/STM32F7xx_HAL_Driver/stm32f7xx_hal_spi.o
 .debug_loc     0x000000000000f16a     0x54ee Drivers/STM32F7xx_HAL_Driver/stm32f7xx_hal_tim.o
 .debug_loc     0x0000000000014658     0x1a72 Drivers/STM32F7xx_HAL_Driver/stm32f7xx_hal_tim_ex.o
 .debug_loc     0x00000000000160ca     0x1e88 Drivers/STM32F7xx_HAL_Driver/stm32f7xx_hal_uart.o
 .debug_loc     0x0000000000017f52     0x14ca Middlewares/FreeRTOS/cmsis_os.o
 .debug_loc     0x000000000001941c      0x299 Middlewares/FreeRTOS/heap_4.o
 .debug_loc     0x00000000000196b5       0x69 Middlewares/FreeRTOS/list.o
 .debug_loc     0x000000000001971e       0xc4 Middlewares/FreeRTOS/port.o
 .debug_loc     0x00000000000197e2     0x162d Middlewares/FreeRTOS/queue.o
 .debug_loc     0x000000000001ae0f     0x1bd8 Middlewares/FreeRTOS/tasks.o

.debug_str      0x0000000000000000     0x8c8b
 .debug_str     0x0000000000000000     0x1181 Application/User/Foc/controlFoc.o
                                       0x1311 (size before relaxing)
 .debug_str     0x0000000000001181      0x439 Application/User/ISRs/isrSensors.o
                                       0x1568 (size before relaxing)
 .debug_str     0x00000000000015ba      0x112 Application/User/Idletasks/idletasks.o
                                        0xef4 (size before relaxing)
 .debug_str     0x00000000000016cc      0x81d Application/User/SYSINIT/sysinitial.o
                                       0x1b17 (size before relaxing)
 .debug_str     0x0000000000001ee9       0x5b Application/User/debug/datatraceDebug.o
                                       0x1211 (size before relaxing)
 .debug_str     0x0000000000001f44      0x2c5 Application/User/dfsdm.o
                                       0x111d (size before relaxing)
 .debug_str     0x0000000000002209      0x665 Application/User/dma.o
                                        0xdbb (size before relaxing)
 .debug_str     0x000000000000286e      0x377 Application/User/freertos.o
                                        0xaef (size before relaxing)
 .debug_str     0x0000000000002be5       0x4f Application/User/gpio.o
                                        0x834 (size before relaxing)
 .debug_str     0x0000000000002c34       0x94 Application/User/i2c.o
                                        0xdb7 (size before relaxing)
 .debug_str     0x0000000000002cc8      0x677 Application/User/main.o
                                       0x2267 (size before relaxing)
 .debug_str     0x000000000000333f       0x4c Application/User/spi.o
                                        0xcc6 (size before relaxing)
 .debug_str     0x000000000000338b       0x2d Application/User/stm32f7xx_hal_msp.o
                                        0xdb6 (size before relaxing)
 .debug_str     0x00000000000033b8       0xed Application/User/stm32f7xx_hal_timebase_tim.o
                                       0x135a (size before relaxing)
 .debug_str     0x00000000000034a5      0x126 Application/User/stm32f7xx_it.o
                                        0xbd5 (size before relaxing)
 .debug_str     0x00000000000035cb      0x2c8 Application/User/tim.o
                                        0xf86 (size before relaxing)
 .debug_str     0x0000000000003893       0x52 Application/User/usart.o
                                        0xdc8 (size before relaxing)
 .debug_str     0x00000000000038e5       0x5c Drivers/CMSIS/system_stm32f7xx.o
                                        0x8c8 (size before relaxing)
 .debug_str     0x0000000000003941      0x3a0 Drivers/STM32F7xx_HAL_Driver/stm32f7xx_hal.o
                                       0x11cb (size before relaxing)
 .debug_str     0x0000000000003ce1      0x348 Drivers/STM32F7xx_HAL_Driver/stm32f7xx_hal_cortex.o
                                       0x12a6 (size before relaxing)
 .debug_str     0x0000000000004029      0x7f8 Drivers/STM32F7xx_HAL_Driver/stm32f7xx_hal_dfsdm.o
                                       0x174a (size before relaxing)
 .debug_str     0x0000000000004821      0x2c6 Drivers/STM32F7xx_HAL_Driver/stm32f7xx_hal_dma.o
                                        0xc04 (size before relaxing)
 .debug_str     0x0000000000004ae7       0xea Drivers/STM32F7xx_HAL_Driver/stm32f7xx_hal_gpio.o
                                        0x99b (size before relaxing)
 .debug_str     0x0000000000004bd1      0x789 Drivers/STM32F7xx_HAL_Driver/stm32f7xx_hal_i2c.o
                                       0x1394 (size before relaxing)
 .debug_str     0x000000000000535a       0x8f Drivers/STM32F7xx_HAL_Driver/stm32f7xx_hal_i2c_ex.o
                                        0xd9f (size before relaxing)
 .debug_str     0x00000000000053e9      0x1f0 Drivers/STM32F7xx_HAL_Driver/stm32f7xx_hal_pwr_ex.o
                                        0xaf6 (size before relaxing)
 .debug_str     0x00000000000055d9      0x154 Drivers/STM32F7xx_HAL_Driver/stm32f7xx_hal_rcc.o
                                        0xb82 (size before relaxing)
 .debug_str     0x000000000000572d      0x14d Drivers/STM32F7xx_HAL_Driver/stm32f7xx_hal_rcc_ex.o
                                        0xbd7 (size before relaxing)
 .debug_str     0x000000000000587a      0x506 Drivers/STM32F7xx_HAL_Driver/stm32f7xx_hal_spi.o
                                       0x1074 (size before relaxing)
 .debug_str     0x0000000000005d80      0xba3 Drivers/STM32F7xx_HAL_Driver/stm32f7xx_hal_tim.o
                                       0x1879 (size before relaxing)
 .debug_str     0x0000000000006923      0x4c8 Drivers/STM32F7xx_HAL_Driver/stm32f7xx_hal_tim_ex.o
                                       0x13bf (size before relaxing)
 .debug_str     0x0000000000006deb      0x4a1 Drivers/STM32F7xx_HAL_Driver/stm32f7xx_hal_uart.o
                                       0x12ad (size before relaxing)
 .debug_str     0x000000000000728c      0x92f Middlewares/FreeRTOS/cmsis_os.o
                                       0x1219 (size before relaxing)
 .debug_str     0x0000000000007bbb      0x215 Middlewares/FreeRTOS/heap_4.o
                                        0x853 (size before relaxing)
 .debug_str     0x0000000000007dd0      0x14a Middlewares/FreeRTOS/list.o
                                        0x76a (size before relaxing)
 .debug_str     0x0000000000007f1a      0x216 Middlewares/FreeRTOS/port.o
                                        0x499 (size before relaxing)