Archive member included to satisfy reference by file (symbol)

c:/program files (x86)/atollic/truestudio for arm 8.1.0/armtools/bin/../lib/gcc/arm-atollic-eabi/6.3.1/../../../../arm-atollic-eabi/lib/armv7e-m/fpu/fpv5-d16\libc_nano.a(lib_a-init.o)
                              Application\TrueSTUDIO\startup_stm32f765xx.o (__libc_init_array)
c:/program files (x86)/atollic/truestudio for arm 8.1.0/armtools/bin/../lib/gcc/arm-atollic-eabi/6.3.1/../../../../arm-atollic-eabi/lib/armv7e-m/fpu/fpv5-d16\libc_nano.a(lib_a-memcpy-stub.o)
                              Middlewares\FreeRTOS\queue.o (memcpy)
c:/program files (x86)/atollic/truestudio for arm 8.1.0/armtools/bin/../lib/gcc/arm-atollic-eabi/6.3.1/../../../../arm-atollic-eabi/lib/armv7e-m/fpu/fpv5-d16\libc_nano.a(lib_a-memset.o)
                              Application\User\Idletasks\idletasks.o (memset)

Allocating common symbols
Common symbol       size              file

buzzertoneTaskHandle
                    0x4               Application\User\freertos.o
hdma_uart4_rx       0x60              Application\User\usart.o
shuntTaskHandle     0x4               Application\User\freertos.o
hi2c4               0x4c              Application\User\i2c.o
htim4               0x40              Application\User\stm32f7xx_hal_timebase_TIM.o
huart3              0x70              Application\User\usart.o
hpcd_USB_OTG_HS     0x400             Application\User\usb_otg.o
buzzerQueueHandle   0x4               Application\User\freertos.o
hdfsdm1_filter0     0x54              Application\User\dfsdm.o
enchall_buff        0x5               Application\User\ISRs\isrSensors.o
uwTick              0x4               Drivers\STM32F7xx_HAL_Driver\stm32f7xx_hal.o
xQueueRegistry      0x40              Middlewares\FreeRTOS\queue.o
hdfsdm1_channel3    0x38              Application\User\dfsdm.o
pFlash              0x1c              Drivers\STM32F7xx_HAL_Driver\stm32f7xx_hal_flash.o
rythmQueueHandle    0x4               Application\User\freertos.o
enchallTaskHandle   0x4               Application\User\freertos.o
hdma_dfsdm1_flt1    0x60              Application\User\dfsdm.o
huart1              0x70              Application\User\usart.o
hdma_dfsdm1_flt0    0x60              Application\User\dfsdm.o
hdfsdm1_filter1     0x54              Application\User\dfsdm.o
buzzerMutexHandle   0x4               Application\User\freertos.o
htim1               0x40              Application\User\tim.o
hdfsdm1_channel0    0x38              Application\User\dfsdm.o
enchall             0x7               Application\User\ISRs\isrSensors.o
huart8              0x70              Application\User\usart.o
ledgreenTaskHandle  0x4               Application\User\freertos.o
hdfsdm1_channel7    0x38              Application\User\dfsdm.o
ledblueTaskHandle   0x4               Application\User\freertos.o
huart4              0x70              Application\User\usart.o
hspi1               0x64              Application\User\spi.o
htim2               0x40              Application\User\tim.o
iwdgTaskHandle      0x4               Application\User\freertos.o
buzzerrythmTaskHandle
                    0x4               Application\User\freertos.o

Discarded input sections

 .text          0x00000000        0x0 c:/program files (x86)/atollic/truestudio for arm 8.1.0/armtools/bin/../lib/gcc/arm-atollic-eabi/6.3.1/armv7e-m/fpu/fpv5-d16/crti.o
 .data          0x00000000        0x0 c:/program files (x86)/atollic/truestudio for arm 8.1.0/armtools/bin/../lib/gcc/arm-atollic-eabi/6.3.1/armv7e-m/fpu/fpv5-d16/crti.o
 .bss           0x00000000        0x0 c:/program files (x86)/atollic/truestudio for arm 8.1.0/armtools/bin/../lib/gcc/arm-atollic-eabi/6.3.1/armv7e-m/fpu/fpv5-d16/crti.o
 .data          0x00000000        0x4 c:/program files (x86)/atollic/truestudio for arm 8.1.0/armtools/bin/../lib/gcc/arm-atollic-eabi/6.3.1/armv7e-m/fpu/fpv5-d16/crtbegin.o
 .text          0x00000000       0x14 Application\TrueSTUDIO\startup_stm32f765xx.o
 .data          0x00000000        0x0 Application\TrueSTUDIO\startup_stm32f765xx.o
 .bss           0x00000000        0x0 Application\TrueSTUDIO\startup_stm32f765xx.o
 .text          0x00000000        0x0 Application\User\ISRs\isrSensors.o
 .data          0x00000000        0x0 Application\User\ISRs\isrSensors.o
 .bss           0x00000000        0x0 Application\User\ISRs\isrSensors.o
 .text          0x00000000        0x0 Application\User\Idletasks\idletasks.o
 .data          0x00000000        0x0 Application\User\Idletasks\idletasks.o
 .bss           0x00000000        0x0 Application\User\Idletasks\idletasks.o
 .text          0x00000000        0x0 Application\User\SYSINIT\sysinitial.o
 .data          0x00000000        0x0 Application\User\SYSINIT\sysinitial.o
 .bss           0x00000000        0x0 Application\User\SYSINIT\sysinitial.o
 .text          0x00000000        0x0 Application\User\dfsdm.o
[...]
Memory Configuration

Name             Origin             Length             Attributes
RAM              0x20000000         0x00080000         xrw
FLASH            0x08000000         0x00200000         xr
*default*        0x00000000         0xffffffff

Linker script and memory map

LOAD c:/program files (x86)/atollic/truestudio for arm 8.1.0/armtools/bin/../lib/gcc/arm-atollic-eabi/6.3.1/armv7e-m/fpu/fpv5-d16/crti.o
LOAD c:/program files (x86)/atollic/truestudio for arm 8.1.0/armtools/bin/../lib/gcc/arm-atollic-eabi/6.3.1/armv7e-m/fpu/fpv5-d16/crtbegin.o
LOAD Application\TrueSTUDIO\startup_stm32f765xx.o
LOAD Application\User\ISRs\isrSensors.o
LOAD Application\User\Idletasks\idletasks.o
LOAD Application\User\SYSINIT\sysinitial.o
LOAD Application\User\dfsdm.o
LOAD Application\User\dma.o
LOAD Application\User\freertos.o
LOAD Application\User\gpio.o
LOAD Application\User\i2c.o
LOAD Application\User\main.o
LOAD Application\User\spi.o
LOAD Application\User\stm32f7xx_hal_msp.o
LOAD Application\User\stm32f7xx_hal_timebase_TIM.o
LOAD Application\User\stm32f7xx_it.o
LOAD Application\User\tim.o
LOAD Application\User\usart.o
LOAD Application\User\usb_otg.o
LOAD Drivers\CMSIS\system_stm32f7xx.o
LOAD Drivers\STM32F7xx_HAL_Driver\stm32f7xx_hal.o
LOAD Drivers\STM32F7xx_HAL_Driver\stm32f7xx_hal_cortex.o
LOAD Drivers\STM32F7xx_HAL_Driver\stm32f7xx_hal_dfsdm.o
LOAD Drivers\STM32F7xx_HAL_Driver\stm32f7xx_hal_dma.o
LOAD Drivers\STM32F7xx_HAL_Driver\stm32f7xx_hal_dma_ex.o
LOAD Drivers\STM32F7xx_HAL_Driver\stm32f7xx_hal_flash.o
LOAD Drivers\STM32F7xx_HAL_Driver\stm32f7xx_hal_flash_ex.o
LOAD Drivers\STM32F7xx_HAL_Driver\stm32f7xx_hal_gpio.o
LOAD Drivers\STM32F7xx_HAL_Driver\stm32f7xx_hal_i2c.o
LOAD Drivers\STM32F7xx_HAL_Driver\stm32f7xx_hal_i2c_ex.o
LOAD Drivers\STM32F7xx_HAL_Driver\stm32f7xx_hal_pcd.o
LOAD Drivers\STM32F7xx_HAL_Driver\stm32f7xx_hal_pcd_ex.o
LOAD Drivers\STM32F7xx_HAL_Driver\stm32f7xx_hal_pwr.o
LOAD Drivers\STM32F7xx_HAL_Driver\stm32f7xx_hal_pwr_ex.o
LOAD Drivers\STM32F7xx_HAL_Driver\stm32f7xx_hal_rcc.o
LOAD Drivers\STM32F7xx_HAL_Driver\stm32f7xx_hal_rcc_ex.o
LOAD Drivers\STM32F7xx_HAL_Driver\stm32f7xx_hal_spi.o
LOAD Drivers\STM32F7xx_HAL_Driver\stm32f7xx_hal_tim.o
LOAD Drivers\STM32F7xx_HAL_Driver\stm32f7xx_hal_tim_ex.o
LOAD Drivers\STM32F7xx_HAL_Driver\stm32f7xx_hal_uart.o
LOAD Drivers\STM32F7xx_HAL_Driver\stm32f7xx_ll_usb.o
LOAD Middlewares\FreeRTOS\cmsis_os.o
LOAD Middlewares\FreeRTOS\croutine.o
LOAD Middlewares\FreeRTOS\event_groups.o
LOAD Middlewares\FreeRTOS\heap_4.o
LOAD Middlewares\FreeRTOS\list.o
LOAD Middlewares\FreeRTOS\port.o
LOAD Middlewares\FreeRTOS\queue.o
LOAD Middlewares\FreeRTOS\tasks.o
LOAD Middlewares\FreeRTOS\timers.o
                0x00001000                malloc_getpagesize_P = 0x1000
START GROUP
LOAD c:/program files (x86)/atollic/truestudio for arm 8.1.0/armtools/bin/../lib/gcc/arm-atollic-eabi/6.3.1/../../../../arm-atollic-eabi/lib/armv7e-m/fpu/fpv5-d16\libstdc++_nano.a
LOAD c:/program files (x86)/atollic/truestudio for arm 8.1.0/armtools/bin/../lib/gcc/arm-atollic-eabi/6.3.1/../../../../arm-atollic-eabi/lib/armv7e-m/fpu/fpv5-d16\libsupc++_nano.a
END GROUP
LOAD c:/program files (x86)/atollic/truestudio for arm 8.1.0/armtools/bin/../lib/gcc/arm-atollic-eabi/6.3.1/../../../../arm-atollic-eabi/lib/armv7e-m/fpu/fpv5-d16\libstdc++_nano.a
LOAD c:/program files (x86)/atollic/truestudio for arm 8.1.0/armtools/bin/../lib/gcc/arm-atollic-eabi/6.3.1/../../../../arm-atollic-eabi/lib/armv7e-m/fpu/fpv5-d16\libm.a
LOAD c:/program files (x86)/atollic/truestudio for arm 8.1.0/armtools/bin/../lib/gcc/arm-atollic-eabi/6.3.1/../../../../arm-atollic-eabi/lib/armv7e-m/fpu/fpv5-d16\libc_nano.a
START GROUP
LOAD c:/program files (x86)/atollic/truestudio for arm 8.1.0/armtools/bin/../lib/gcc/arm-atollic-eabi/6.3.1/armv7e-m/fpu/fpv5-d16\libgcc.a
LOAD c:/program files (x86)/atollic/truestudio for arm 8.1.0/armtools/bin/../lib/gcc/arm-atollic-eabi/6.3.1/../../../../arm-atollic-eabi/lib/armv7e-m/fpu/fpv5-d16\libc_nano.a
END GROUP
START GROUP
LOAD c:/program files (x86)/atollic/truestudio for arm 8.1.0/armtools/bin/../lib/gcc/arm-atollic-eabi/6.3.1/armv7e-m/fpu/fpv5-d16\libgcc.a
LOAD c:/program files (x86)/atollic/truestudio for arm 8.1.0/armtools/bin/../lib/gcc/arm-atollic-eabi/6.3.1/../../../../arm-atollic-eabi/lib/armv7e-m/fpu/fpv5-d16\libc_nano.a
LOAD c:/program files (x86)/atollic/truestudio for arm 8.1.0/armtools/bin/../lib/gcc/arm-atollic-eabi/6.3.1/../../../../arm-atollic-eabi/lib/armv7e-m/fpu/fpv5-d16\libnosys.a
END GROUP
START GROUP
LOAD c:/program files (x86)/atollic/truestudio for arm 8.1.0/armtools/bin/../lib/gcc/arm-atollic-eabi/6.3.1/armv7e-m/fpu/fpv5-d16\libgcc.a
LOAD c:/program files (x86)/atollic/truestudio for arm 8.1.0/armtools/bin/../lib/gcc/arm-atollic-eabi/6.3.1/../../../../arm-atollic-eabi/lib/armv7e-m/fpu/fpv5-d16\libc_nano.a
LOAD c:/program files (x86)/atollic/truestudio for arm 8.1.0/armtools/bin/../lib/gcc/arm-atollic-eabi/6.3.1/../../../../arm-atollic-eabi/lib/armv7e-m/fpu/fpv5-d16\libnosys.a
END GROUP
LOAD c:/program files (x86)/atollic/truestudio for arm 8.1.0/armtools/bin/../lib/gcc/arm-atollic-eabi/6.3.1/armv7e-m/fpu/fpv5-d16/crtend.o
LOAD c:/program files (x86)/atollic/truestudio for arm 8.1.0/armtools/bin/../lib/gcc/arm-atollic-eabi/6.3.1/armv7e-m/fpu/fpv5-d16/crtn.o
                0x20080000                _estack = 0x20080000
                0x00000200                _Min_Heap_Size = 0x200
                0x00000400                _Min_Stack_Size = 0x400

.isr_vector     0x08000000      0x1f8
                0x08000000                . = ALIGN (0x4)
 *(.isr_vector)
 .isr_vector    0x08000000      0x1f8 Application\TrueSTUDIO\startup_stm32f765xx.o
                0x08000000                g_pfnVectors
                0x080001f8                . = ALIGN (0x4)

.text           0x08000200     0x4fac
                0x08000200                . = ALIGN (0x4)
 *(.text)
 .text          0x08000200       0x40 c:/program files (x86)/atollic/truestudio for arm 8.1.0/armtools/bin/../lib/gcc/arm-atollic-eabi/6.3.1/armv7e-m/fpu/fpv5-d16/crtbegin.o
 *(.text*)
 .text.Reset_Handler
                0x08000240       0x50 Application\TrueSTUDIO\startup_stm32f765xx.o
                0x08000240                Reset_Handler
 .text.Default_Handler
                0x08000290        0x2 Application\TrueSTUDIO\startup_stm32f765xx.o
                0x08000290                RTC_Alarm_IRQHandler
                0x08000290                EXTI2_IRQHandler
                0x08000290                TIM8_CC_IRQHandler
                0x08000290                UART8_IRQHandler
                0x08000290                SPI4_IRQHandler
                0x08000290                TIM1_CC_IRQHandler
                0x08000290                DMA2_Stream5_IRQHandler
                0x08000290                DMA1_Stream5_IRQHandler
                0x08000290                CAN3_RX1_IRQHandler
                0x08000290                PVD_IRQHandler
                0x08000290                TAMP_STAMP_IRQHandler
                0x08000290                CAN2_RX1_IRQHandler
                0x08000290                EXTI3_IRQHandler
                0x08000290                TIM8_TRG_COM_TIM14_IRQHandler
                0x08000290                DFSDM1_FLT1_IRQHandler
                0x08000290                TIM1_UP_TIM10_IRQHandler
                0x08000290                TIM8_UP_TIM13_IRQHandler
                0x08000290                I2C3_ER_IRQHandler
                0x08000290                DFSDM1_FLT2_IRQHandler
                0x08000290                EXTI0_IRQHandler
                0x08000290                I2C2_EV_IRQHandler
                0x08000290                CAN1_RX0_IRQHandler
                0x08000290                FPU_IRQHandler
                0x08000290                OTG_HS_WKUP_IRQHandler
                0x08000290                CAN3_SCE_IRQHandler
                0x08000290                CAN2_SCE_IRQHandler
                0x08000290                DMA2_Stream2_IRQHandler
                0x08000290                SPI1_IRQHandler
                0x08000290                TIM6_DAC_IRQHandler
                0x08000290                TIM1_BRK_TIM9_IRQHandler
                0x08000290                DCMI_IRQHandler
                0x08000290                CAN2_RX0_IRQHandler
                0x08000290                DMA2_Stream3_IRQHandler
                0x08000290                SAI2_IRQHandler
                0x08000290                DFSDM1_FLT3_IRQHandler
                0x08000290                USART6_IRQHandler
                0x08000290                CAN3_RX0_IRQHandler
                0x08000290                USART3_IRQHandler
                0x08000290                CAN1_RX1_IRQHandler
                0x08000290                UART5_IRQHandler
                0x08000290                QUADSPI_IRQHandler
                0x08000290                I2C1_EV_IRQHandler
                0x08000290                DMA1_Stream6_IRQHandler
                0x08000290                DMA1_Stream1_IRQHandler
                0x08000290                UART4_IRQHandler
                0x08000290                TIM3_IRQHandler
                0x08000290                RCC_IRQHandler
                0x08000290                TIM8_BRK_TIM12_IRQHandler
                0x08000290                Default_Handler
                0x08000290                CEC_IRQHandler
                0x08000290                EXTI15_10_IRQHandler
                0x08000290                ADC_IRQHandler
                0x08000290                DMA1_Stream7_IRQHandler
                0x08000290                SPI5_IRQHandler
                0x08000290                TIM7_IRQHandler
                0x08000290                SDMMC1_IRQHandler
                0x08000290                CAN2_TX_IRQHandler
                0x08000290                TIM5_IRQHandler
                0x08000290                DMA2_Stream7_IRQHandler
                0x08000290                I2C3_EV_IRQHandler
                0x08000290                EXTI9_5_IRQHandler
                0x08000290                RTC_WKUP_IRQHandler
                0x08000290                ETH_WKUP_IRQHandler
                0x08000290                SPDIF_RX_IRQHandler
                0x08000290                SPI2_IRQHandler
                0x08000290                OTG_HS_EP1_IN_IRQHandler
                0x08000290                DMA1_Stream0_IRQHandler
                0x08000290                CAN1_TX_IRQHandler
                0x08000290                EXTI4_IRQHandler
                0x08000290                RNG_IRQHandler
                0x08000290                ETH_IRQHandler
                0x08000290                OTG_HS_EP1_OUT_IRQHandler
                0x08000290                WWDG_IRQHandler
                0x08000290                SPI6_IRQHandler
                0x08000290                MDIOS_IRQHandler
                0x08000290                I2C4_EV_IRQHandler
                0x08000290                CAN3_TX_IRQHandler
                0x08000290                TIM2_IRQHandler
                0x08000290                OTG_FS_WKUP_IRQHandler
                0x08000290                TIM1_TRG_COM_TIM11_IRQHandler
                0x08000290                OTG_HS_IRQHandler
                0x08000290                DMA2D_IRQHandler
                0x08000290                EXTI1_IRQHandler
                0x08000290                SDMMC2_IRQHandler
                0x08000290                UART7_IRQHandler
                0x08000290                USART2_IRQHandler
                0x08000290                DFSDM1_FLT0_IRQHandler
                0x08000290                I2C2_ER_IRQHandler
                0x08000290                CAN1_SCE_IRQHandler
                0x08000290                FLASH_IRQHandler
                0x08000290                DMA2_Stream4_IRQHandler
                0x08000290                USART1_IRQHandler
                0x08000290                OTG_FS_IRQHandler
                0x08000290                SPI3_IRQHandler
                0x08000290                DMA1_Stream4_IRQHandler
                0x08000290                I2C1_ER_IRQHandler
                0x08000290                FMC_IRQHandler
                0x08000290                LPTIM1_IRQHandler
                0x08000290                I2C4_ER_IRQHandler
                0x08000290                DMA2_Stream6_IRQHandler
                0x08000290                SAI1_IRQHandler
                0x08000290                DMA1_Stream3_IRQHandler
 *fill*         0x08000292        0x2 
 .text.HAL_UART_ErrorCallback
                0x08000294        0xc Application\User\ISRs\isrSensors.o
                0x08000294                HAL_UART_ErrorCallback
 .text.HAL_UART_RxCpltCallback
                0x080002a0      0x120 Application\User\ISRs\isrSensors.o
                0x080002a0                HAL_UART_RxCpltCallback
 .text.StartledblueTask
                0x080003c0       0x1c Application\User\Idletasks\idletasks.o
                0x080003c0                StartledblueTask
 .text.StartledgreenTask
                0x080003dc       0x1c Application\User\Idletasks\idletasks.o
                0x080003dc                StartledgreenTask
 .text.StartiwdgTask
                0x080003f8        0xa Application\User\Idletasks\idletasks.o
                0x080003f8                StartiwdgTask
 *fill*         0x08000402        0x2 
 .text.StartbuzzerrythmTask
                0x08000404      0x180 Application\User\Idletasks\idletasks.o
                0x08000404                StartbuzzerrythmTask
 *fill*         0x08000584        0x4 
 .text.StartbuzzertoneTask
                0x08000588      0x144 Application\User\Idletasks\idletasks.o
                0x08000588                StartbuzzertoneTask
 .text.SystemInitialization
                0x080006cc       0x24 Application\User\SYSINIT\sysinitial.o
                0x080006cc                SystemInitialization
 .text.MX_DFSDM1_Init
                0x080006f0      0x11c Application\User\dfsdm.o
                0x080006f0                MX_DFSDM1_Init
 .text.HAL_DFSDM_FilterMspInit
                0x0800080c      0x138 Application\User\dfsdm.o
                0x0800080c                HAL_DFSDM_FilterMspInit
 .text.HAL_DFSDM_ChannelMspInit
                0x08000944       0x7c Application\User\dfsdm.o
                0x08000944                HAL_DFSDM_ChannelMspInit
 .text.MX_DMA_Init
                0x080009c0       0x64 Application\User\dma.o
                0x080009c0                MX_DMA_Init
 .text.StartenchallTask
                0x08000a24        0xa Application\User\freertos.o
                0x08000a24                StartenchallTask
 *fill*         0x08000a2e        0x2 
 .text.MX_FREERTOS_Init
                0x08000a30      0x12c Application\User\freertos.o
                0x08000a30                MX_FREERTOS_Init
 .text.MX_GPIO_Init
                0x08000b5c       0xc4 Application\User\gpio.o
                0x08000b5c                MX_GPIO_Init
 .text.MX_I2C4_Init
                0x08000c20       0x68 Application\User\i2c.o
                0x08000c20                MX_I2C4_Init
 .text.HAL_I2C_MspInit
                0x08000c88       0x50 Application\User\i2c.o
                0x08000c88                HAL_I2C_MspInit
 .text.StartshuntTask
                0x08000cd8        0xa Application\User\main.o
                0x08000cd8                StartshuntTask
 *fill*         0x08000ce2        0x2 
 .text.SystemClock_Config
                0x08000ce4       0xd4 Application\User\main.o
                0x08000ce4                SystemClock_Config
 .text.startup.main
                0x08000db8       0xc0 Application\User\main.o
                0x08000db8                main
 .text.HAL_TIM_PeriodElapsedCallback
                0x08000e78       0x14 Application\User\main.o
                0x08000e78                HAL_TIM_PeriodElapsedCallback
 .text._Error_Handler
                0x08000e8c        0x2 Application\User\main.o
                0x08000e8c                _Error_Handler
 *fill*         0x08000e8e        0x2 
 .text.MX_SPI1_Init
                0x08000e90       0x58 Application\User\spi.o
                0x08000e90                MX_SPI1_Init
 .text.HAL_SPI_MspInit
                0x08000ee8       0x64 Application\User\spi.o
                0x08000ee8                HAL_SPI_MspInit
 .text.HAL_MspInit
                0x08000f4c       0x60 Application\User\stm32f7xx_hal_msp.o
                0x08000f4c                HAL_MspInit
 .text.HAL_InitTick
                0x08000fac       0x78 Application\User\stm32f7xx_hal_timebase_TIM.o
                0x08000fac                HAL_InitTick
 .text.NMI_Handler
                0x08001024        0x2 Application\User\stm32f7xx_it.o
                0x08001024                NMI_Handler
 .text.HardFault_Handler
                0x08001026        0x2 Application\User\stm32f7xx_it.o
                0x08001026                HardFault_Handler
 .text.MemManage_Handler
                0x08001028        0x2 Application\User\stm32f7xx_it.o
                0x08001028                MemManage_Handler
 .text.BusFault_Handler
                0x0800102a        0x2 Application\User\stm32f7xx_it.o
                0x0800102a                BusFault_Handler
 .text.UsageFault_Handler
                0x0800102c        0x2 Application\User\stm32f7xx_it.o
                0x0800102c                UsageFault_Handler
 .text.DebugMon_Handler
                0x0800102e        0x2 Application\User\stm32f7xx_it.o
                0x0800102e                DebugMon_Handler
 .text.SysTick_Handler
                0x08001030        0x4 Application\User\stm32f7xx_it.o
                0x08001030                SysTick_Handler
 .text.DMA1_Stream2_IRQHandler
                0x08001034        0xc Application\User\stm32f7xx_it.o
                0x08001034                DMA1_Stream2_IRQHandler
 .text.TIM4_IRQHandler
                0x08001040        0xc Application\User\stm32f7xx_it.o
                0x08001040                TIM4_IRQHandler
 .text.DMA2_Stream0_IRQHandler
                0x0800104c        0xc Application\User\stm32f7xx_it.o
                0x0800104c                DMA2_Stream0_IRQHandler
 .text.DMA2_Stream1_IRQHandler
                0x08001058        0xc Application\User\stm32f7xx_it.o
                0x08001058                DMA2_Stream1_IRQHandler
 .text.HAL_TIM_Base_MspInit
                0x08001064       0x48 Application\User\tim.o
                0x08001064                HAL_TIM_Base_MspInit
 .text.HAL_TIM_MspPostInit
                0x080010ac       0x6c Application\User\tim.o
                0x080010ac                HAL_TIM_MspPostInit
 .text.MX_TIM1_Init
                0x08001118      0x10c Application\User\tim.o
                0x08001118                MX_TIM1_Init
 .text.MX_TIM2_Init
                0x08001224       0xa4 Application\User\tim.o
                0x08001224                MX_TIM2_Init
 .text.MX_UART4_Init
                0x080012c8       0x48 Application\User\usart.o
                0x080012c8                MX_UART4_Init
 .text.MX_UART8_Init
                0x08001310       0x4c Application\User\usart.o
                0x08001310                MX_UART8_Init
 .text.MX_USART1_UART_Init
                0x0800135c       0x44 Application\User\usart.o
                0x0800135c                MX_USART1_UART_Init
 .text.MX_USART3_UART_Init
                0x080013a0       0x4c Application\User\usart.o
                0x080013a0                MX_USART3_UART_Init
 .text.HAL_UART_MspInit
                0x080013ec      0x14c Application\User\usart.o
                0x080013ec                HAL_UART_MspInit
 .text.MX_USB_OTG_HS_PCD_Init
                0x08001538       0x44 Application\User\usb_otg.o
                0x08001538                MX_USB_OTG_HS_PCD_Init
 .text.HAL_PCD_MspInit
                0x0800157c       0x90 Application\User\usb_otg.o
                0x0800157c                HAL_PCD_MspInit
 .text.SystemInit
                0x0800160c       0x4c Drivers\CMSIS\system_stm32f7xx.o
                0x0800160c                SystemInit
 .text.HAL_Init
                0x08001658       0x24 Drivers\STM32F7xx_HAL_Driver\stm32f7xx_hal.o
                0x08001658                HAL_Init
 .text.HAL_IncTick
                0x0800167c       0x10 Drivers\STM32F7xx_HAL_Driver\stm32f7xx_hal.o
                0x0800167c                HAL_IncTick
 .text.HAL_GetTick
                0x0800168c        0xc Drivers\STM32F7xx_HAL_Driver\stm32f7xx_hal.o
                0x0800168c                HAL_GetTick
 .text.HAL_Delay
                0x08001698       0x1a Drivers\STM32F7xx_HAL_Driver\stm32f7xx_hal.o
                0x08001698                HAL_Delay
 *fill*         0x080016b2        0x2 
 .text.HAL_NVIC_SetPriorityGrouping
                0x080016b4       0x24 Drivers\STM32F7xx_HAL_Driver\stm32f7xx_hal_cortex.o
                0x080016b4                HAL_NVIC_SetPriorityGrouping
 .text.HAL_NVIC_SetPriority
                0x080016d8       0x70 Drivers\STM32F7xx_HAL_Driver\stm32f7xx_hal_cortex.o
                0x080016d8                HAL_NVIC_SetPriority
 .text.HAL_NVIC_EnableIRQ
                0x08001748       0x18 Drivers\STM32F7xx_HAL_Driver\stm32f7xx_hal_cortex.o
                0x08001748                HAL_NVIC_EnableIRQ
 .text.HAL_SYSTICK_Config
                0x08001760       0x2c Drivers\STM32F7xx_HAL_Driver\stm32f7xx_hal_cortex.o
                0x08001760                HAL_SYSTICK_Config
 .text.HAL_SYSTICK_CLKSourceConfig
                0x0800178c       0x18 Drivers\STM32F7xx_HAL_Driver\stm32f7xx_hal_cortex.o
                0x0800178c                HAL_SYSTICK_CLKSourceConfig
 .text.DFSDM_GetChannelFromInstance
                0x080017a4       0x58 Drivers\STM32F7xx_HAL_Driver\stm32f7xx_hal_dfsdm.o
 .text.HAL_DFSDM_ChannelInit
                0x080017fc       0xe8 Drivers\STM32F7xx_HAL_Driver\stm32f7xx_hal_dfsdm.o
                0x080017fc                HAL_DFSDM_ChannelInit
 .text.HAL_DFSDM_FilterInit
                0x080018e4       0xe4 Drivers\STM32F7xx_HAL_Driver\stm32f7xx_hal_dfsdm.o
                0x080018e4                HAL_DFSDM_FilterInit
 .text.HAL_DFSDM_FilterConfigRegChannel
                0x080019c8       0x3a Drivers\STM32F7xx_HAL_Driver\stm32f7xx_hal_dfsdm.o
                0x080019c8                HAL_DFSDM_FilterConfigRegChannel
 *fill*         0x08001a02        0x2 
 .text.DMA_CalcBaseAndBitshift
                0x08001a04       0x2c Drivers\STM32F7xx_HAL_Driver\stm32f7xx_hal_dma.o
 .text.HAL_DMA_Init
                0x08001a30       0xfc Drivers\STM32F7xx_HAL_Driver\stm32f7xx_hal_dma.o
                0x08001a30                HAL_DMA_Init
 .text.HAL_DMA_Start_IT
                0x08001b2c       0x7a Drivers\STM32F7xx_HAL_Driver\stm32f7xx_hal_dma.o
                0x08001b2c                HAL_DMA_Start_IT
 *fill*         0x08001ba6        0x2 
 .text.HAL_DMA_IRQHandler
                0x08001ba8      0x17c Drivers\STM32F7xx_HAL_Driver\stm32f7xx_hal_dma.o
                0x08001ba8                HAL_DMA_IRQHandler
 .text.HAL_GPIO_Init
                0x08001d24      0x1d4 Drivers\STM32F7xx_HAL_Driver\stm32f7xx_hal_gpio.o
                0x08001d24                HAL_GPIO_Init
 .text.HAL_GPIO_WritePin
                0x08001ef8        0xa Drivers\STM32F7xx_HAL_Driver\stm32f7xx_hal_gpio.o
                0x08001ef8                HAL_GPIO_WritePin
 .text.HAL_GPIO_TogglePin
                0x08001f02        0x8 Drivers\STM32F7xx_HAL_Driver\stm32f7xx_hal_gpio.o
                0x08001f02                HAL_GPIO_TogglePin
 .text.HAL_I2C_Init
                0x08001f0a       0xa2 Drivers\STM32F7xx_HAL_Driver\stm32f7xx_hal_i2c.o
                0x08001f0a                HAL_I2C_Init
 .text.HAL_I2CEx_ConfigAnalogFilter
                0x08001fac       0x4c Drivers\STM32F7xx_HAL_Driver\stm32f7xx_hal_i2c_ex.o
                0x08001fac                HAL_I2CEx_ConfigAnalogFilter
 .text.HAL_I2CEx_ConfigDigitalFilter
                0x08001ff8       0x4a Drivers\STM32F7xx_HAL_Driver\stm32f7xx_hal_i2c_ex.o
                0x08001ff8                HAL_I2CEx_ConfigDigitalFilter
 .text.HAL_PCD_Init
                0x08002042       0xde Drivers\STM32F7xx_HAL_Driver\stm32f7xx_hal_pcd.o
                0x08002042                HAL_PCD_Init
 .text.HAL_PCDEx_ActivateLPM
                0x08002120       0x26 Drivers\STM32F7xx_HAL_Driver\stm32f7xx_hal_pcd_ex.o
                0x08002120                HAL_PCDEx_ActivateLPM
 *fill*         0x08002146        0x2 
 .text.HAL_PWREx_EnableOverDrive
                0x08002148       0x70 Drivers\STM32F7xx_HAL_Driver\stm32f7xx_hal_pwr_ex.o
                0x08002148                HAL_PWREx_EnableOverDrive
 .text.HAL_RCC_OscConfig
                0x080021b8      0x328 Drivers\STM32F7xx_HAL_Driver\stm32f7xx_hal_rcc.o
                0x080021b8                HAL_RCC_OscConfig
 .text.HAL_RCC_GetSysClockFreq
                0x080024e0       0x54 Drivers\STM32F7xx_HAL_Driver\stm32f7xx_hal_rcc.o
                0x080024e0                HAL_RCC_GetSysClockFreq
 .text.HAL_RCC_ClockConfig
                0x08002534      0x120 Drivers\STM32F7xx_HAL_Driver\stm32f7xx_hal_rcc.o
                0x08002534                HAL_RCC_ClockConfig
 .text.HAL_RCC_GetHCLKFreq
                0x08002654        0xc Drivers\STM32F7xx_HAL_Driver\stm32f7xx_hal_rcc.o
                0x08002654                HAL_RCC_GetHCLKFreq
 .text.HAL_RCC_GetPCLK1Freq
                0x08002660       0x20 Drivers\STM32F7xx_HAL_Driver\stm32f7xx_hal_rcc.o
                0x08002660                HAL_RCC_GetPCLK1Freq
 .text.HAL_RCC_GetPCLK2Freq
                0x08002680       0x20 Drivers\STM32F7xx_HAL_Driver\stm32f7xx_hal_rcc.o
                0x08002680                HAL_RCC_GetPCLK2Freq
 .text.HAL_RCC_GetClockConfig
                0x080026a0       0x3c Drivers\STM32F7xx_HAL_Driver\stm32f7xx_hal_rcc.o
                0x080026a0                HAL_RCC_GetClockConfig
 .text.HAL_RCCEx_PeriphCLKConfig
                0x080026dc      0x51c Drivers\STM32F7xx_HAL_Driver\stm32f7xx_hal_rcc_ex.o
                0x080026dc                HAL_RCCEx_PeriphCLKConfig
 .text.HAL_SPI_Init
                0x08002bf8       0xaa Drivers\STM32F7xx_HAL_Driver\stm32f7xx_hal_spi.o
                0x08002bf8                HAL_SPI_Init
 .text.TIM_TI1_ConfigInputStage
                0x08002ca2       0x22 Drivers\STM32F7xx_HAL_Driver\stm32f7xx_hal_tim.o
 .text.TIM_TI2_ConfigInputStage
                0x08002cc4       0x24 Drivers\STM32F7xx_HAL_Driver\stm32f7xx_hal_tim.o
 .text.HAL_TIM_Base_Start_IT
                0x08002ce8       0x16 Drivers\STM32F7xx_HAL_Driver\stm32f7xx_hal_tim.o
                0x08002ce8                HAL_TIM_Base_Start_IT
 .text.HAL_TIM_PWM_MspInit
                0x08002cfe        0x2 Drivers\STM32F7xx_HAL_Driver\stm32f7xx_hal_tim.o
                0x08002cfe                HAL_TIM_PWM_MspInit
 .text.HAL_TIM_OC_DelayElapsedCallback
                0x08002d00        0x2 Drivers\STM32F7xx_HAL_Driver\stm32f7xx_hal_tim.o
                0x08002d00                HAL_TIM_OC_DelayElapsedCallback
 .text.HAL_TIM_IC_CaptureCallback
                0x08002d02        0x2 Drivers\STM32F7xx_HAL_Driver\stm32f7xx_hal_tim.o
                0x08002d02                HAL_TIM_IC_CaptureCallback
 .text.HAL_TIM_PWM_PulseFinishedCallback
                0x08002d04        0x2 Drivers\STM32F7xx_HAL_Driver\stm32f7xx_hal_tim.o
                0x08002d04                HAL_TIM_PWM_PulseFinishedCallback
 .text.HAL_TIM_TriggerCallback
                0x08002d06        0x2 Drivers\STM32F7xx_HAL_Driver\stm32f7xx_hal_tim.o
                0x08002d06                HAL_TIM_TriggerCallback
 .text.HAL_TIM_IRQHandler
                0x08002d08      0x160 Drivers\STM32F7xx_HAL_Driver\stm32f7xx_hal_tim.o
                0x08002d08                HAL_TIM_IRQHandler
 .text.TIM_Base_SetConfig
                0x08002e68       0xd0 Drivers\STM32F7xx_HAL_Driver\stm32f7xx_hal_tim.o
                0x08002e68                TIM_Base_SetConfig
 .text.HAL_TIM_Base_Init
                0x08002f38       0x34 Drivers\STM32F7xx_HAL_Driver\stm32f7xx_hal_tim.o
                0x08002f38                HAL_TIM_Base_Init
 .text.HAL_TIM_PWM_Init
                0x08002f6c       0x34 Drivers\STM32F7xx_HAL_Driver\stm32f7xx_hal_tim.o
                0x08002f6c                HAL_TIM_PWM_Init
 .text.TIM_OC1_SetConfig
                0x08002fa0       0x5c Drivers\STM32F7xx_HAL_Driver\stm32f7xx_hal_tim.o
                0x08002fa0                TIM_OC1_SetConfig
 .text.TIM_OC2_SetConfig
                0x08002ffc       0x64 Drivers\STM32F7xx_HAL_Driver\stm32f7xx_hal_tim.o
                0x08002ffc                TIM_OC2_SetConfig
 .text.TIM_OC3_SetConfig
                0x08003060       0x64 Drivers\STM32F7xx_HAL_Driver\stm32f7xx_hal_tim.o
                0x08003060                TIM_OC3_SetConfig
 .text.TIM_OC4_SetConfig
                0x080030c4       0x54 Drivers\STM32F7xx_HAL_Driver\stm32f7xx_hal_tim.o
                0x080030c4                TIM_OC4_SetConfig
 .text.TIM_ETR_SetConfig
                0x08003118       0x14 Drivers\STM32F7xx_HAL_Driver\stm32f7xx_hal_tim.o
                0x08003118                TIM_ETR_SetConfig
 .text.HAL_TIM_ConfigClockSource
                0x0800312c      0x11c Drivers\STM32F7xx_HAL_Driver\stm32f7xx_hal_tim.o
                0x0800312c                HAL_TIM_ConfigClockSource
 .text.TIM_CCxChannelCmd
                0x08003248       0x18 Drivers\STM32F7xx_HAL_Driver\stm32f7xx_hal_tim.o
                0x08003248                TIM_CCxChannelCmd
 .text.HAL_TIM_PWM_Start
                0x08003260       0x34 Drivers\STM32F7xx_HAL_Driver\stm32f7xx_hal_tim.o
                0x08003260                HAL_TIM_PWM_Start
 .text.TIM_OC5_SetConfig
                0x08003294       0x50 Drivers\STM32F7xx_HAL_Driver\stm32f7xx_hal_tim_ex.o
 .text.TIM_OC6_SetConfig
                0x080032e4       0x50 Drivers\STM32F7xx_HAL_Driver\stm32f7xx_hal_tim_ex.o
 .text.HAL_TIMEx_MasterConfigSynchronization
                0x08003334       0x4c Drivers\STM32F7xx_HAL_Driver\stm32f7xx_hal_tim_ex.o
                0x08003334                HAL_TIMEx_MasterConfigSynchronization
 .text.HAL_TIMEx_ConfigBreakDeadTime
                0x08003380       0x88 Drivers\STM32F7xx_HAL_Driver\stm32f7xx_hal_tim_ex.o
                0x08003380                HAL_TIMEx_ConfigBreakDeadTime
 .text.HAL_TIMEx_CommutationCallback
                0x08003408        0x2 Drivers\STM32F7xx_HAL_Driver\stm32f7xx_hal_tim_ex.o
                0x08003408                HAL_TIMEx_CommutationCallback
 .text.HAL_TIMEx_BreakCallback
                0x0800340a        0x2 Drivers\STM32F7xx_HAL_Driver\stm32f7xx_hal_tim_ex.o
                0x0800340a                HAL_TIMEx_BreakCallback
 .text.HAL_TIM_PWM_ConfigChannel
                0x0800340c      0x10c Drivers\STM32F7xx_HAL_Driver\stm32f7xx_hal_tim_ex.o
                0x0800340c                HAL_TIM_PWM_ConfigChannel
 .text.UART_EndRxTransfer
                0x08003518       0x1a Drivers\STM32F7xx_HAL_Driver\stm32f7xx_hal_uart.o
 *fill*         0x08003532        0x2 
 .text.HAL_UART_Receive_DMA
                0x08003534       0x88 Drivers\STM32F7xx_HAL_Driver\stm32f7xx_hal_uart.o
                0x08003534                HAL_UART_Receive_DMA
 .text.HAL_UART_DMAResume
                0x080035bc       0x5e Drivers\STM32F7xx_HAL_Driver\stm32f7xx_hal_uart.o
                0x080035bc                HAL_UART_DMAResume
 .text.UART_WaitOnFlagUntilTimeout
                0x0800361a       0x62 Drivers\STM32F7xx_HAL_Driver\stm32f7xx_hal_uart.o
                0x0800361a                UART_WaitOnFlagUntilTimeout
 .text.UART_DMAReceiveCplt
                0x0800367c       0x3a Drivers\STM32F7xx_HAL_Driver\stm32f7xx_hal_uart.o
 .text.HAL_UART_RxHalfCpltCallback
                0x080036b6        0x2 Drivers\STM32F7xx_HAL_Driver\stm32f7xx_hal_uart.o
                0x080036b6                HAL_UART_RxHalfCpltCallback
 .text.UART_DMARxHalfCplt
                0x080036b8        0xa Drivers\STM32F7xx_HAL_Driver\stm32f7xx_hal_uart.o
 .text.UART_DMAError
                0x080036c2       0x52 Drivers\STM32F7xx_HAL_Driver\stm32f7xx_hal_uart.o
 .text.UART_SetConfig
                0x08003714      0x290 Drivers\STM32F7xx_HAL_Driver\stm32f7xx_hal_uart.o
                0x08003714                UART_SetConfig
 .text.UART_AdvFeatureConfig
                0x080039a4       0xaa Drivers\STM32F7xx_HAL_Driver\stm32f7xx_hal_uart.o
                0x080039a4                UART_AdvFeatureConfig
 .text.UART_CheckIdleState
                0x08003a4e       0x44 Drivers\STM32F7xx_HAL_Driver\stm32f7xx_hal_uart.o
                0x08003a4e                UART_CheckIdleState
 .text.HAL_UART_Init
                0x08003a92       0x64 Drivers\STM32F7xx_HAL_Driver\stm32f7xx_hal_uart.o
                0x08003a92                HAL_UART_Init
 *fill*         0x08003af6        0x2 
 .text.USB_CoreReset
                0x08003af8       0x30 Drivers\STM32F7xx_HAL_Driver\stm32f7xx_ll_usb.o
 .text.USB_CoreInit
                0x08003b28       0x76 Drivers\STM32F7xx_HAL_Driver\stm32f7xx_ll_usb.o
                0x08003b28                USB_CoreInit
 .text.USB_DisableGlobalInt
                0x08003b9e        0xc Drivers\STM32F7xx_HAL_Driver\stm32f7xx_ll_usb.o
                0x08003b9e                USB_DisableGlobalInt
 .text.USB_SetCurrentMode
                0x08003baa       0x2c Drivers\STM32F7xx_HAL_Driver\stm32f7xx_ll_usb.o
                0x08003baa                USB_SetCurrentMode
 *fill*         0x08003bd6        0x2 
 .text.USB_FlushTxFifo
                0x08003bd8       0x24 Drivers\STM32F7xx_HAL_Driver\stm32f7xx_ll_usb.o
                0x08003bd8                USB_FlushTxFifo
 .text.USB_FlushRxFifo
                0x08003bfc       0x20 Drivers\STM32F7xx_HAL_Driver\stm32f7xx_ll_usb.o
                0x08003bfc                USB_FlushRxFifo
 .text.USB_SetDevSpeed
                0x08003c1c        0xe Drivers\STM32F7xx_HAL_Driver\stm32f7xx_ll_usb.o
                0x08003c1c                USB_SetDevSpeed
 *fill*         0x08003c2a        0x2 
 .text.USB_DevInit
                0x08003c2c      0x14c Drivers\STM32F7xx_HAL_Driver\stm32f7xx_ll_usb.o
                0x08003c2c                USB_DevInit
 .text.USB_DevDisconnect
                0x08003d78       0x18 Drivers\STM32F7xx_HAL_Driver\stm32f7xx_ll_usb.o
                0x08003d78                USB_DevDisconnect
 .text.osKernelStart
                0x08003d90        0xa Middlewares\FreeRTOS\cmsis_os.o
                0x08003d90                osKernelStart
 .text.osThreadCreate
                0x08003d9a       0x30 Middlewares\FreeRTOS\cmsis_os.o
                0x08003d9a                osThreadCreate
 .text.osDelay  0x08003dca       0x10 Middlewares\FreeRTOS\cmsis_os.o
                0x08003dca                osDelay
 .text.osMutexCreate
                0x08003dda        0x6 Middlewares\FreeRTOS\cmsis_os.o
                0x08003dda                osMutexCreate
 .text.osMessageCreate
                0x08003de0        0x8 Middlewares\FreeRTOS\cmsis_os.o
                0x08003de0                osMessageCreate
 .text.osSystickHandler
                0x08003de8       0x14 Middlewares\FreeRTOS\cmsis_os.o
                0x08003de8                osSystickHandler
 .text.unlikely.prvInsertBlockIntoFreeList
                0x08003dfc       0x48 Middlewares\FreeRTOS\heap_4.o
 .text.pvPortMalloc
                0x08003e44      0x124 Middlewares\FreeRTOS\heap_4.o
                0x08003e44                pvPortMalloc
 .text.vPortFree
                0x08003f68       0x78 Middlewares\FreeRTOS\heap_4.o
                0x08003f68                vPortFree
 .text.vListInitialise
                0x08003fe0       0x16 Middlewares\FreeRTOS\list.o
                0x08003fe0                vListInitialise
 .text.vListInitialiseItem
                0x08003ff6        0x6 Middlewares\FreeRTOS\list.o
                0x08003ff6                vListInitialiseItem
 .text.vListInsertEnd
                0x08003ffc       0x18 Middlewares\FreeRTOS\list.o
                0x08003ffc                vListInsertEnd
 .text.vListInsert
                0x08004014       0x2e Middlewares\FreeRTOS\list.o
                0x08004014                vListInsert
 .text.uxListRemove
                0x08004042       0x20 Middlewares\FreeRTOS\list.o
                0x08004042                uxListRemove
 *fill*         0x08004062        0x2 
 .text.prvTaskExitError
                0x08004064       0x38 Middlewares\FreeRTOS\port.o
 .text.prvPortStartFirstTask
                0x0800409c       0x20 Middlewares\FreeRTOS\port.o
 .text.vPortEnableVFP
                0x080040bc       0x14 Middlewares\FreeRTOS\port.o
 .text.pxPortInitialiseStack
                0x080040d0       0x24 Middlewares\FreeRTOS\port.o
                0x080040d0                pxPortInitialiseStack
 *fill*         0x080040f4        0xc 
 .text.SVC_Handler
                0x08004100       0x24 Middlewares\FreeRTOS\port.o
                0x08004100                SVC_Handler
 .text.vPortEnterCritical
                0x08004124       0x4c Middlewares\FreeRTOS\port.o
                0x08004124                vPortEnterCritical
 .text.vPortExitCritical
                0x08004170       0x2c Middlewares\FreeRTOS\port.o
                0x08004170                vPortExitCritical
 *fill*         0x0800419c        0x4 
 .text.PendSV_Handler
                0x080041a0       0x64 Middlewares\FreeRTOS\port.o
                0x080041a0                PendSV_Handler
 .text.xPortSysTickHandler
                0x08004204       0x30 Middlewares\FreeRTOS\port.o
                0x08004204                xPortSysTickHandler
 .text.vPortSetupTimerInterrupt
                0x08004234       0x28 Middlewares\FreeRTOS\port.o
                0x08004234                vPortSetupTimerInterrupt
 .text.xPortStartScheduler
                0x0800425c       0xa8 Middlewares\FreeRTOS\port.o
                0x0800425c                xPortStartScheduler
 .text.unlikely.prvCopyDataToQueue
                0x08004304       0x66 Middlewares\FreeRTOS\queue.o
 .text.unlikely.prvCopyDataFromQueue
                0x0800436a       0x2a Middlewares\FreeRTOS\queue.o
 .text.prvUnlockQueue
                0x08004394       0x70 Middlewares\FreeRTOS\queue.o
 .text.xQueueGenericReset
                0x08004404       0x84 Middlewares\FreeRTOS\queue.o
                0x08004404                xQueueGenericReset
 .text.xQueueGenericCreate
                0x08004488       0x46 Middlewares\FreeRTOS\queue.o
                0x08004488                xQueueGenericCreate
 *fill*         0x080044ce        0x2 
 .text.xQueueGenericSend
                0x080044d0      0x17c Middlewares\FreeRTOS\queue.o
                0x080044d0                xQueueGenericSend
 .text.xQueueCreateMutex
                0x0800464c       0x24 Middlewares\FreeRTOS\queue.o
                0x0800464c                xQueueCreateMutex
 .text.xQueueGenericReceive
                0x08004670      0x194 Middlewares\FreeRTOS\queue.o
                0x08004670                xQueueGenericReceive
 .text.prvResetNextTaskUnblockTime
                0x08004804       0x24 Middlewares\FreeRTOS\tasks.o
 .text.prvAddCurrentTaskToDelayedList
                0x08004828       0x8c Middlewares\FreeRTOS\tasks.o
 .text.vTaskSetTimeOutState.part.5
                0x080048b4       0x16 Middlewares\FreeRTOS\tasks.o
 *fill*         0x080048ca        0x2 
 .text.xTaskCreate
                0x080048cc      0x1a0 Middlewares\FreeRTOS\tasks.o
                0x080048cc                xTaskCreate
 .text.vTaskStartScheduler
                0x08004a6c       0x80 Middlewares\FreeRTOS\tasks.o
                0x08004a6c                vTaskStartScheduler
 .text.vTaskSuspendAll
                0x08004aec       0x10 Middlewares\FreeRTOS\tasks.o
                0x08004aec                vTaskSuspendAll
 .text.xTaskIncrementTick
                0x08004afc      0x128 Middlewares\FreeRTOS\tasks.o
                0x08004afc                xTaskIncrementTick
 .text.xTaskResumeAll
                0x08004c24       0xf4 Middlewares\FreeRTOS\tasks.o
                0x08004c24                xTaskResumeAll
 .text.vTaskDelay
                0x08004d18       0x4c Middlewares\FreeRTOS\tasks.o
                0x08004d18                vTaskDelay
 .text.prvIdleTask
                0x08004d64       0x74 Middlewares\FreeRTOS\tasks.o
 .text.vTaskSwitchContext
                0x08004dd8       0x78 Middlewares\FreeRTOS\tasks.o
                0x08004dd8                vTaskSwitchContext
 .text.vTaskPlaceOnEventList
                0x08004e50       0x38 Middlewares\FreeRTOS\tasks.o
                0x08004e50                vTaskPlaceOnEventList
 .text.xTaskRemoveFromEventList
                0x08004e88       0x88 Middlewares\FreeRTOS\tasks.o
                0x08004e88                xTaskRemoveFromEventList
 .text.vTaskSetTimeOutState
                0x08004f10       0x20 Middlewares\FreeRTOS\tasks.o
                0x08004f10                vTaskSetTimeOutState
 .text.xTaskCheckForTimeOut
                0x08004f30       0x7c Middlewares\FreeRTOS\tasks.o
                0x08004f30                xTaskCheckForTimeOut
 .text.vTaskMissedYield
                0x08004fac        0xc Middlewares\FreeRTOS\tasks.o
                0x08004fac                vTaskMissedYield
 .text.xTaskGetSchedulerState
                0x08004fb8       0x20 Middlewares\FreeRTOS\tasks.o
                0x08004fb8                xTaskGetSchedulerState
 .text.vTaskPriorityInherit
                0x08004fd8       0x8c Middlewares\FreeRTOS\tasks.o
                0x08004fd8                vTaskPriorityInherit
 .text.xTaskPriorityDisinherit
                0x08005064       0xa8 Middlewares\FreeRTOS\tasks.o
                0x08005064                xTaskPriorityDisinherit
 .text.pvTaskIncrementMutexHeldCount
                0x0800510c       0x18 Middlewares\FreeRTOS\tasks.o
                0x0800510c                pvTaskIncrementMutexHeldCount
 .text.__libc_init_array
                0x08005124       0x48 c:/program files (x86)/atollic/truestudio for arm 8.1.0/armtools/bin/../lib/gcc/arm-atollic-eabi/6.3.1/../../../../arm-atollic-eabi/lib/armv7e-m/fpu/fpv5-d16\libc_nano.a(lib_a-init.o)
                0x08005124                __libc_init_array
 .text.memcpy   0x0800516c       0x16 c:/program files (x86)/atollic/truestudio for arm 8.1.0/armtools/bin/../lib/gcc/arm-atollic-eabi/6.3.1/../../../../arm-atollic-eabi/lib/armv7e-m/fpu/fpv5-d16\libc_nano.a(lib_a-memcpy-stub.o)
                0x0800516c                memcpy
 .text.memset   0x08005182       0x10 c:/program files (x86)/atollic/truestudio for arm 8.1.0/armtools/bin/../lib/gcc/arm-atollic-eabi/6.3.1/../../../../arm-atollic-eabi/lib/armv7e-m/fpu/fpv5-d16\libc_nano.a(lib_a-memset.o)
                0x08005182                memset
 *(.glue_7)
 .glue_7        0x08005192        0x0 linker stubs
 *(.glue_7t)
 .glue_7t       0x08005192        0x0 linker stubs
 *(.eh_frame)
 *fill*         0x08005192        0x2 
 .eh_frame      0x08005194        0x0 c:/program files (x86)/atollic/truestudio for arm 8.1.0/armtools/bin/../lib/gcc/arm-atollic-eabi/6.3.1/armv7e-m/fpu/fpv5-d16/crtbegin.o
 *(.init)
 .init          0x08005194        0x4 c:/program files (x86)/atollic/truestudio for arm 8.1.0/armtools/bin/../lib/gcc/arm-atollic-eabi/6.3.1/armv7e-m/fpu/fpv5-d16/crti.o
                0x08005194                _init
 .init          0x08005198        0x8 c:/program files (x86)/atollic/truestudio for arm 8.1.0/armtools/bin/../lib/gcc/arm-atollic-eabi/6.3.1/armv7e-m/fpu/fpv5-d16/crtn.o
 *(.fini)
 .fini          0x080051a0        0x4 c:/program files (x86)/atollic/truestudio for arm 8.1.0/armtools/bin/../lib/gcc/arm-atollic-eabi/6.3.1/armv7e-m/fpu/fpv5-d16/crti.o
                0x080051a0                _fini
 .fini          0x080051a4        0x8 c:/program files (x86)/atollic/truestudio for arm 8.1.0/armtools/bin/../lib/gcc/arm-atollic-eabi/6.3.1/armv7e-m/fpu/fpv5-d16/crtn.o
                0x080051ac                . = ALIGN (0x4)
                0x080051ac                _etext = .

.vfp11_veneer   0x080051ac        0x0
 .vfp11_veneer  0x080051ac        0x0 linker stubs

.v4_bx          0x080051ac        0x0
 .v4_bx         0x080051ac        0x0 linker stubs

.iplt           0x080051ac        0x0
 .iplt          0x080051ac        0x0 c:/program files (x86)/atollic/truestudio for arm 8.1.0/armtools/bin/../lib/gcc/arm-atollic-eabi/6.3.1/armv7e-m/fpu/fpv5-d16/crtbegin.o

.rodata         0x080051ac      0x1d8
                0x080051ac                . = ALIGN (0x4)
 *(.rodata)
 .rodata        0x080051ac       0x30 Application\User\Idletasks\idletasks.o
 .rodata        0x080051dc       0x9c Application\User\freertos.o
 *(.rodata*)
 .rodata.HAL_UART_ErrorCallback.str1.1
                0x08005278        0x4 Application\User\ISRs\isrSensors.o
 .rodata.MX_DFSDM1_Init.str1.1
                0x0800527c       0x15 Application\User\dfsdm.o
 .rodata.str1.1
                0x08005291       0x57 Application\User\freertos.o
 .rodata.MX_I2C4_Init.str1.1
                0x080052e8       0x13 Application\User\i2c.o
 .rodata.MX_SPI1_Init.str1.1
                0x080052fb       0x13 Application\User\spi.o
 .rodata.MX_TIM1_Init.str1.1
                0x0800530e       0x13 Application\User\tim.o
 .rodata.MX_UART4_Init.str1.1
                0x08005321       0x15 Application\User\usart.o
 .rodata.MX_USB_OTG_HS_PCD_Init.str1.1
                0x08005336       0x17 Application\User\usb_otg.o
 .rodata.AHBPrescTable
                0x0800534d       0x10 Drivers\CMSIS\system_stm32f7xx.o
                0x0800534d                AHBPrescTable
 .rodata.APBPrescTable
                0x0800535d        0x8 Drivers\CMSIS\system_stm32f7xx.o
                0x0800535d                APBPrescTable
 .rodata.flagBitshiftOffset.10244
                0x08005365        0x8 Drivers\STM32F7xx_HAL_Driver\stm32f7xx_hal_dma.o
 .rodata.CSWTCH.38
                0x0800536d        0x4 Drivers\STM32F7xx_HAL_Driver\stm32f7xx_hal_uart.o
 .rodata.CSWTCH.39
                0x08005371        0xd Drivers\STM32F7xx_HAL_Driver\stm32f7xx_hal_uart.o
 .rodata.vTaskStartScheduler.str1.1
                0x0800537e        0x5 Middlewares\FreeRTOS\tasks.o
                0x08005384                . = ALIGN (0x4)
 *fill*         0x08005383        0x1 

.rel.dyn        0x08005384        0x0
 .rel.iplt      0x08005384        0x0 c:/program files (x86)/atollic/truestudio for arm 8.1.0/armtools/bin/../lib/gcc/arm-atollic-eabi/6.3.1/armv7e-m/fpu/fpv5-d16/crtbegin.o

.ARM.extab
 *(.ARM.extab* .gnu.linkonce.armextab.*)

.ARM            0x08005384        0x0
                0x08005384                __exidx_start = .
 *(.ARM.exidx*)
                0x08005384                __exidx_end = .

.preinit_array  0x08005384        0x0
                0x08005384                PROVIDE (__preinit_array_start, .)
 *(.preinit_array*)
                0x08005384                PROVIDE (__preinit_array_end, .)

.init_array     0x08005384        0x4
                0x08005384                PROVIDE (__init_array_start, .)
 *(SORT(.init_array.*))
 *(.init_array*)
 .init_array    0x08005384        0x4 c:/program files (x86)/atollic/truestudio for arm 8.1.0/armtools/bin/../lib/gcc/arm-atollic-eabi/6.3.1/armv7e-m/fpu/fpv5-d16/crtbegin.o
                0x08005388                PROVIDE (__init_array_end, .)

.fini_array     0x08005388        0x4
                [!provide]                PROVIDE (__fini_array_start, .)
 *(SORT(.fini_array.*))
 *(.fini_array*)
 .fini_array    0x08005388        0x4 c:/program files (x86)/atollic/truestudio for arm 8.1.0/armtools/bin/../lib/gcc/arm-atollic-eabi/6.3.1/armv7e-m/fpu/fpv5-d16/crtbegin.o
                [!provide]                PROVIDE (__fini_array_end, .)
                0x0800538c                _sidata = LOADADDR (.data)

.data           0x20000000        0x8 load address 0x0800538c
                0x20000000                . = ALIGN (0x4)
                0x20000000                _sdata = .
 *(.data)
 *(.data*)
 .data.SystemCoreClock
                0x20000000        0x4 Drivers\CMSIS\system_stm32f7xx.o
                0x20000000                SystemCoreClock
 .data.uxCriticalNesting
                0x20000004        0x4 Middlewares\FreeRTOS\port.o
                0x20000008                . = ALIGN (0x4)
                0x20000008                _edata = .

.igot.plt       0x20000008        0x0 load address 0x08005394
 .igot.plt      0x20000008        0x0 c:/program files (x86)/atollic/truestudio for arm 8.1.0/armtools/bin/../lib/gcc/arm-atollic-eabi/6.3.1/armv7e-m/fpu/fpv5-d16/crtbegin.o
                0x20000008                . = ALIGN (0x4)

.bss            0x20000008     0x476c load address 0x08005394
                0x20000008                _sbss = .
                0x20000008                __bss_start__ = _sbss
 *(.bss)
 .bss           0x20000008       0x1c c:/program files (x86)/atollic/truestudio for arm 8.1.0/armtools/bin/../lib/gcc/arm-atollic-eabi/6.3.1/armv7e-m/fpu/fpv5-d16/crtbegin.o
 *(.bss*)
 .bss.DFSDM1_Init
                0x20000024        0x4 Application\User\dfsdm.o
 .bss.HAL_RCC_DFSDM1_CLK_ENABLED
                0x20000028        0x4 Application\User\dfsdm.o
 .bss.a_dfsdm1ChannelHandle
                0x2000002c       0x20 Drivers\STM32F7xx_HAL_Driver\stm32f7xx_hal_dfsdm.o
                0x2000002c                a_dfsdm1ChannelHandle
 .bss.v_dfsdm1ChannelCounter
                0x2000004c        0x4 Drivers\STM32F7xx_HAL_Driver\stm32f7xx_hal_dfsdm.o
                0x2000004c                v_dfsdm1ChannelCounter
 .bss.pxEnd     0x20000050        0x4 Middlewares\FreeRTOS\heap_4.o
 .bss.ucHeap    0x20000054     0x3c00 Middlewares\FreeRTOS\heap_4.o
 .bss.xBlockAllocatedBit
                0x20003c54        0x4 Middlewares\FreeRTOS\heap_4.o
 .bss.xFreeBytesRemaining
                0x20003c58        0x4 Middlewares\FreeRTOS\heap_4.o
 .bss.xMinimumEverFreeBytesRemaining
                0x20003c5c        0x4 Middlewares\FreeRTOS\heap_4.o
 .bss.xStart    0x20003c60        0x8 Middlewares\FreeRTOS\heap_4.o
 .bss.ucMaxSysCallPriority
                0x20003c68        0x1 Middlewares\FreeRTOS\port.o
 *fill*         0x20003c69        0x3 
 .bss.ulMaxPRIGROUPValue
                0x20003c6c        0x4 Middlewares\FreeRTOS\port.o
 .bss.pxCurrentTCB
                0x20003c70        0x4 Middlewares\FreeRTOS\tasks.o
                0x20003c70                pxCurrentTCB
 .bss.pxDelayedTaskList
                0x20003c74        0x4 Middlewares\FreeRTOS\tasks.o
 .bss.pxOverflowDelayedTaskList
                0x20003c78        0x4 Middlewares\FreeRTOS\tasks.o
 .bss.pxReadyTasksLists
                0x20003c7c       0x8c Middlewares\FreeRTOS\tasks.o
 .bss.uxCurrentNumberOfTasks
                0x20003d08        0x4 Middlewares\FreeRTOS\tasks.o
 .bss.uxDeletedTasksWaitingCleanUp
                0x20003d0c        0x4 Middlewares\FreeRTOS\tasks.o
 .bss.uxPendedTicks
                0x20003d10        0x4 Middlewares\FreeRTOS\tasks.o
 .bss.uxSchedulerSuspended
                0x20003d14        0x4 Middlewares\FreeRTOS\tasks.o
 .bss.uxTaskNumber
                0x20003d18        0x4 Middlewares\FreeRTOS\tasks.o
 .bss.uxTopReadyPriority
                0x20003d1c        0x4 Middlewares\FreeRTOS\tasks.o
 .bss.xDelayedTaskList1
                0x20003d20       0x14 Middlewares\FreeRTOS\tasks.o
 .bss.xDelayedTaskList2
                0x20003d34       0x14 Middlewares\FreeRTOS\tasks.o
 .bss.xIdleTaskHandle
                0x20003d48        0x4 Middlewares\FreeRTOS\tasks.o
 .bss.xNextTaskUnblockTime
                0x20003d4c        0x4 Middlewares\FreeRTOS\tasks.o
 .bss.xNumOfOverflows
                0x20003d50        0x4 Middlewares\FreeRTOS\tasks.o
 .bss.xPendingReadyList
                0x20003d54       0x14 Middlewares\FreeRTOS\tasks.o
 .bss.xSchedulerRunning
                0x20003d68        0x4 Middlewares\FreeRTOS\tasks.o
 .bss.xSuspendedTaskList
                0x20003d6c       0x14 Middlewares\FreeRTOS\tasks.o
 .bss.xTasksWaitingTermination
                0x20003d80       0x14 Middlewares\FreeRTOS\tasks.o
 .bss.xTickCount
                0x20003d94        0x4 Middlewares\FreeRTOS\tasks.o
 .bss.xYieldPending
                0x20003d98        0x4 Middlewares\FreeRTOS\tasks.o
 *(COMMON)
 COMMON         0x20003d9c        0xc Application\User\ISRs\isrSensors.o
                0x20003d9c                enchall_buff
                0x20003da1                enchall
 COMMON         0x20003da8      0x210 Application\User\dfsdm.o
                0x20003da8                hdfsdm1_filter0
                0x20003dfc                hdfsdm1_channel3
                0x20003e34                hdma_dfsdm1_flt1
                0x20003e94                hdma_dfsdm1_flt0
                0x20003ef4                hdfsdm1_filter1
                0x20003f48                hdfsdm1_channel0
                0x20003f80                hdfsdm1_channel7
 COMMON         0x20003fb8       0x28 Application\User\freertos.o
                0x20003fb8                buzzertoneTaskHandle
                0x20003fbc                shuntTaskHandle
                0x20003fc0                buzzerQueueHandle
                0x20003fc4                rythmQueueHandle
                0x20003fc8                enchallTaskHandle
                0x20003fcc                buzzerMutexHandle
                0x20003fd0                ledgreenTaskHandle
                0x20003fd4                ledblueTaskHandle
                0x20003fd8                iwdgTaskHandle
                0x20003fdc                buzzerrythmTaskHandle
 COMMON         0x20003fe0       0x4c Application\User\i2c.o
                0x20003fe0                hi2c4
 COMMON         0x2000402c       0x64 Application\User\spi.o
                0x2000402c                hspi1
 COMMON         0x20004090       0x40 Application\User\stm32f7xx_hal_timebase_TIM.o
                0x20004090                htim4
 COMMON         0x200040d0       0x80 Application\User\tim.o
                0x200040d0                htim1
                0x20004110                htim2
 COMMON         0x20004150      0x220 Application\User\usart.o
                0x20004150                hdma_uart4_rx
                0x200041b0                huart3
                0x20004220                huart1
                0x20004290                huart8
                0x20004300                huart4
 COMMON         0x20004370      0x400 Application\User\usb_otg.o
                0x20004370                hpcd_USB_OTG_HS
 COMMON         0x20004770        0x4 Drivers\STM32F7xx_HAL_Driver\stm32f7xx_hal.o
                0x20004770                uwTick
                0x20004774                . = ALIGN (0x4)
                0x20004774                _ebss = .
                0x20004774                __bss_end__ = _ebss

._user_heap_stack
                0x20004774      0x600 load address 0x08005394
                0x20004774                . = ALIGN (0x4)
                [!provide]                PROVIDE (end, .)
                [!provide]                PROVIDE (_end, .)
                0x20004974                . = (. + _Min_Heap_Size)
 *fill*         0x20004774      0x200 
                0x20004d74                . = (. + _Min_Stack_Size)
 *fill*         0x20004974      0x400 
                0x20004d74                . = ALIGN (0x4)

/DISCARD/
 libc.a(*)
 libm.a(*)
 libgcc.a(*)

.ARM.attributes
                0x00000000       0x2e
 *(.ARM.attributes)
 .ARM.attributes
                0x00000000       0x20 c:/program files (x86)/atollic/truestudio for arm 8.1.0/armtools/bin/../lib/gcc/arm-atollic-eabi/6.3.1/armv7e-m/fpu/fpv5-d16/crti.o
 .ARM.attributes
                0x00000020       0x32 c:/program files (x86)/atollic/truestudio for arm 8.1.0/armtools/bin/../lib/gcc/arm-atollic-eabi/6.3.1/armv7e-m/fpu/fpv5-d16/crtbegin.o
 .ARM.attributes
                0x00000052       0x21 Application\TrueSTUDIO\startup_stm32f765xx.o
 .ARM.attributes
                0x00000073       0x37 Application\User\ISRs\isrSensors.o
 .ARM.attributes
                0x000000aa       0x37 Application\User\Idletasks\idletasks.o
 .ARM.attributes
                0x000000e1       0x37 Application\User\SYSINIT\sysinitial.o
 .ARM.attributes
                0x00000118       0x37 Application\User\dfsdm.o
 .ARM.attributes
                0x0000014f       0x37 Application\User\dma.o
 .ARM.attributes
                0x00000186       0x37 Application\User\freertos.o
 .ARM.attributes
                0x000001bd       0x37 Application\User\gpio.o
 .ARM.attributes
                0x000001f4       0x37 Application\User\i2c.o
 .ARM.attributes
                0x0000022b       0x37 Application\User\main.o
 .ARM.attributes
                0x00000262       0x37 Application\User\spi.o
 .ARM.attributes
                0x00000299       0x37 Application\User\stm32f7xx_hal_msp.o
 .ARM.attributes
                0x000002d0       0x37 Application\User\stm32f7xx_hal_timebase_TIM.o
 .ARM.attributes
                0x00000307       0x37 Application\User\stm32f7xx_it.o
 .ARM.attributes
                0x0000033e       0x37 Application\User\tim.o
 .ARM.attributes
                0x00000375       0x37 Application\User\usart.o
 .ARM.attributes
                0x000003ac       0x37 Application\User\usb_otg.o
 .ARM.attributes
                0x000003e3       0x37 Drivers\CMSIS\system_stm32f7xx.o
 .ARM.attributes
                0x0000041a       0x37 Drivers\STM32F7xx_HAL_Driver\stm32f7xx_hal.o
 .ARM.attributes
                0x00000451       0x37 Drivers\STM32F7xx_HAL_Driver\stm32f7xx_hal_cortex.o
 .ARM.attributes
                0x00000488       0x37 Drivers\STM32F7xx_HAL_Driver\stm32f7xx_hal_dfsdm.o
 .ARM.attributes
                0x000004bf       0x37 Drivers\STM32F7xx_HAL_Driver\stm32f7xx_hal_dma.o
 .ARM.attributes
                0x000004f6       0x37 Drivers\STM32F7xx_HAL_Driver\stm32f7xx_hal_gpio.o
 .ARM.attributes
                0x0000052d       0x37 Drivers\STM32F7xx_HAL_Driver\stm32f7xx_hal_i2c.o
 .ARM.attributes
                0x00000564       0x37 Drivers\STM32F7xx_HAL_Driver\stm32f7xx_hal_i2c_ex.o
 .ARM.attributes
                0x0000059b       0x37 Drivers\STM32F7xx_HAL_Driver\stm32f7xx_hal_pcd.o
 .ARM.attributes
                0x000005d2       0x37 Drivers\STM32F7xx_HAL_Driver\stm32f7xx_hal_pcd_ex.o
 .ARM.attributes
                0x00000609       0x37 Drivers\STM32F7xx_HAL_Driver\stm32f7xx_hal_pwr_ex.o
 .ARM.attributes
                0x00000640       0x37 Drivers\STM32F7xx_HAL_Driver\stm32f7xx_hal_rcc.o
 .ARM.attributes
                0x00000677       0x37 Drivers\STM32F7xx_HAL_Driver\stm32f7xx_hal_rcc_ex.o
 .ARM.attributes
                0x000006ae       0x37 Drivers\STM32F7xx_HAL_Driver\stm32f7xx_hal_spi.o
 .ARM.attributes
                0x000006e5       0x37 Drivers\STM32F7xx_HAL_Driver\stm32f7xx_hal_tim.o
 .ARM.attributes
                0x0000071c       0x37 Drivers\STM32F7xx_HAL_Driver\stm32f7xx_hal_tim_ex.o
 .ARM.attributes
                0x00000753       0x37 Drivers\STM32F7xx_HAL_Driver\stm32f7xx_hal_uart.o
 .ARM.attributes
                0x0000078a       0x37 Drivers\STM32F7xx_HAL_Driver\stm32f7xx_ll_usb.o
 .ARM.attributes
                0x000007c1       0x37 Middlewares\FreeRTOS\cmsis_os.o
 .ARM.attributes
                0x000007f8       0x37 Middlewares\FreeRTOS\heap_4.o
 .ARM.attributes
                0x0000082f       0x37 Middlewares\FreeRTOS\list.o
 .ARM.attributes
                0x00000866       0x37 Middlewares\FreeRTOS\port.o
 .ARM.attributes
                0x0000089d       0x37 Middlewares\FreeRTOS\queue.o
 .ARM.attributes
                0x000008d4       0x37 Middlewares\FreeRTOS\tasks.o
 .ARM.attributes
                0x0000090b       0x32 c:/program files (x86)/atollic/truestudio for arm 8.1.0/armtools/bin/../lib/gcc/arm-atollic-eabi/6.3.1/../../../../arm-atollic-eabi/lib/armv7e-m/fpu/fpv5-d16\libc_nano.a(lib_a-init.o)
 .ARM.attributes
                0x0000093d       0x32 c:/program files (x86)/atollic/truestudio for arm 8.1.0/armtools/bin/../lib/gcc/arm-atollic-eabi/6.3.1/../../../../arm-atollic-eabi/lib/armv7e-m/fpu/fpv5-d16\libc_nano.a(lib_a-memcpy-stub.o)
 .ARM.attributes
                0x0000096f       0x32 c:/program files (x86)/atollic/truestudio for arm 8.1.0/armtools/bin/../lib/gcc/arm-atollic-eabi/6.3.1/../../../../arm-atollic-eabi/lib/armv7e-m/fpu/fpv5-d16\libc_nano.a(lib_a-memset.o)
 .ARM.attributes
                0x000009a1       0x20 c:/program files (x86)/atollic/truestudio for arm 8.1.0/armtools/bin/../lib/gcc/arm-atollic-eabi/6.3.1/armv7e-m/fpu/fpv5-d16/crtn.o
OUTPUT(jsk_foc_f7.elf elf32-littlearm)

.debug_line     0x00000000     0xf7bc
 .debug_line    0x00000000       0x7a Application\TrueSTUDIO\startup_stm32f765xx.o
 .debug_line    0x0000007a      0x353 Application\User\ISRs\isrSensors.o
 .debug_line    0x000003cd      0x48f Application\User\Idletasks\idletasks.o
 .debug_line    0x0000085c      0x3ac Application\User\SYSINIT\sysinitial.o
 .debug_line    0x00000c08      0x446 Application\User\dfsdm.o
 .debug_line    0x0000104e      0x2d7 Application\User\dma.o
 .debug_line    0x00001325      0x371 Application\User\freertos.o
 .debug_line    0x00001696      0x2af Application\User\gpio.o
 .debug_line    0x00001945      0x33f Application\User\i2c.o
 .debug_line    0x00001c84      0x572 Application\User\main.o
 .debug_line    0x000021f6      0x34c Application\User\spi.o
 .debug_line    0x00002542      0x29b Application\User\stm32f7xx_hal_msp.o
 .debug_line    0x000027dd      0x33e Application\User\stm32f7xx_hal_timebase_TIM.o
 .debug_line    0x00002b1b      0x397 Application\User\stm32f7xx_it.o
 .debug_line    0x00002eb2      0x3e6 Application\User\tim.o
 .debug_line    0x00003298      0x427 Application\User\usart.o
 .debug_line    0x000036bf      0x35b Application\User\usb_otg.o
 .debug_line    0x00003a1a      0x280 Drivers\CMSIS\system_stm32f7xx.o
 .debug_line    0x00003c9a      0x4a2 Drivers\STM32F7xx_HAL_Driver\stm32f7xx_hal.o
 .debug_line    0x0000413c      0x4f5 Drivers\STM32F7xx_HAL_Driver\stm32f7xx_hal_cortex.o
 .debug_line    0x00004631      0xbdb Drivers\STM32F7xx_HAL_Driver\stm32f7xx_hal_dfsdm.o
 .debug_line    0x0000520c      0x616 Drivers\STM32F7xx_HAL_Driver\stm32f7xx_hal_dma.o
 .debug_line    0x00005822      0x4ba Drivers\STM32F7xx_HAL_Driver\stm32f7xx_hal_gpio.o
 .debug_line    0x00005cdc     0x15bb Drivers\STM32F7xx_HAL_Driver\stm32f7xx_hal_i2c.o
 .debug_line    0x00007297      0x389 Drivers\STM32F7xx_HAL_Driver\stm32f7xx_hal_i2c_ex.o
 .debug_line    0x00007620      0x7d9 Drivers\STM32F7xx_HAL_Driver\stm32f7xx_hal_pcd.o
 .debug_line    0x00007df9      0x377 Drivers\STM32F7xx_HAL_Driver\stm32f7xx_hal_pcd_ex.o
 .debug_line    0x00008170      0x44e Drivers\STM32F7xx_HAL_Driver\stm32f7xx_hal_pwr_ex.o
 .debug_line    0x000085be      0x611 Drivers\STM32F7xx_HAL_Driver\stm32f7xx_hal_rcc.o
 .debug_line    0x00008bcf      0x497 Drivers\STM32F7xx_HAL_Driver\stm32f7xx_hal_rcc_ex.o
 .debug_line    0x00009066      0xd0e Drivers\STM32F7xx_HAL_Driver\stm32f7xx_hal_spi.o
 .debug_line    0x00009d74     0x12cc Drivers\STM32F7xx_HAL_Driver\stm32f7xx_hal_tim.o
 .debug_line    0x0000b040      0x9c1 Drivers\STM32F7xx_HAL_Driver\stm32f7xx_hal_tim_ex.o
 .debug_line    0x0000ba01      0xc4d Drivers\STM32F7xx_HAL_Driver\stm32f7xx_hal_uart.o
 .debug_line    0x0000c64e      0x951 Drivers\STM32F7xx_HAL_Driver\stm32f7xx_ll_usb.o
 .debug_line    0x0000cf9f      0x909 Middlewares\FreeRTOS\cmsis_os.o
 .debug_line    0x0000d8a8      0x42b Middlewares\FreeRTOS\heap_4.o
 .debug_line    0x0000dcd3      0x37e Middlewares\FreeRTOS\list.o
 .debug_line    0x0000e051      0x350 Middlewares\FreeRTOS\port.o
 .debug_line    0x0000e3a1      0x869 Middlewares\FreeRTOS\queue.o
 .debug_line    0x0000ec0a      0xbb2 Middlewares\FreeRTOS\tasks.o

.debug_info     0x00000000    0x3cb40
 .debug_info    0x00000000       0x87 Application\TrueSTUDIO\startup_stm32f765xx.o
 .debug_info    0x00000087     0x103a Application\User\ISRs\isrSensors.o
 .debug_info    0x000010c1     0x1290 Application\User\Idletasks\idletasks.o
 .debug_info    0x00002351     0x20b8 Application\User\SYSINIT\sysinitial.o
 .debug_info    0x00004409     0x17ea Application\User\dfsdm.o
 .debug_info    0x00005bf3     0x1111 Application\User\dma.o
 .debug_info    0x00006d04      0xe11 Application\User\freertos.o
 .debug_info    0x00007b15      0xd6c Application\User\gpio.o
 .debug_info    0x00008881     0x12fa Application\User\i2c.o
 .debug_info    0x00009b7b     0x3045 Application\User\main.o
 .debug_info    0x0000cbc0     0x1272 Application\User\spi.o
 .debug_info    0x0000de32      0xcf1 Application\User\stm32f7xx_hal_msp.o
 .debug_info    0x0000eb23     0x14b9 Application\User\stm32f7xx_hal_timebase_TIM.o
 .debug_info    0x0000ffdc      0xf81 Application\User\stm32f7xx_it.o
 .debug_info    0x00010f5d     0x17f7 Application\User\tim.o
 .debug_info    0x00012754     0x1488 Application\User\usart.o
 .debug_info    0x00013bdc     0x1281 Application\User\usb_otg.o
 .debug_info    0x00014e5d      0xf05 Drivers\CMSIS\system_stm32f7xx.o
 .debug_info    0x00015d62     0x1266 Drivers\STM32F7xx_HAL_Driver\stm32f7xx_hal.o
 .debug_info    0x00016fc8     0x1996 Drivers\STM32F7xx_HAL_Driver\stm32f7xx_hal_cortex.o
 .debug_info    0x0001895e     0x25c9 Drivers\STM32F7xx_HAL_Driver\stm32f7xx_hal_dfsdm.o
 .debug_info    0x0001af27     0x125c Drivers\STM32F7xx_HAL_Driver\stm32f7xx_hal_dma.o
 .debug_info    0x0001c183      0xfbc Drivers\STM32F7xx_HAL_Driver\stm32f7xx_hal_gpio.o
 .debug_info    0x0001d13f     0x397c Drivers\STM32F7xx_HAL_Driver\stm32f7xx_hal_i2c.o
 .debug_info    0x00020abb     0x11b6 Drivers\STM32F7xx_HAL_Driver\stm32f7xx_hal_i2c_ex.o
 .debug_info    0x00021c71     0x1dbe Drivers\STM32F7xx_HAL_Driver\stm32f7xx_hal_pcd.o
 .debug_info    0x00023a2f      0xf76 Drivers\STM32F7xx_HAL_Driver\stm32f7xx_hal_pcd_ex.o
 .debug_info    0x000249a5     0x122c Drivers\STM32F7xx_HAL_Driver\stm32f7xx_hal_pwr_ex.o
 .debug_info    0x00025bd1     0x12c4 Drivers\STM32F7xx_HAL_Driver\stm32f7xx_hal_rcc.o
 .debug_info    0x00026e95      0xf46 Drivers\STM32F7xx_HAL_Driver\stm32f7xx_hal_rcc_ex.o
 .debug_info    0x00027ddb     0x2880 Drivers\STM32F7xx_HAL_Driver\stm32f7xx_hal_spi.o
 .debug_info    0x0002a65b     0x3acd Drivers\STM32F7xx_HAL_Driver\stm32f7xx_hal_tim.o
 .debug_info    0x0002e128     0x1e5c Drivers\STM32F7xx_HAL_Driver\stm32f7xx_hal_tim_ex.o
 .debug_info    0x0002ff84     0x20b0 Drivers\STM32F7xx_HAL_Driver\stm32f7xx_hal_uart.o
 .debug_info    0x00032034     0x2052 Drivers\STM32F7xx_HAL_Driver\stm32f7xx_ll_usb.o
 .debug_info    0x00034086     0x24f5 Middlewares\FreeRTOS\cmsis_os.o
 .debug_info    0x0003657b      0xca5 Middlewares\FreeRTOS\heap_4.o
 .debug_info    0x00037220      0xac0 Middlewares\FreeRTOS\list.o
 .debug_info    0x00037ce0      0x4e8 Middlewares\FreeRTOS\port.o
 .debug_info    0x000381c8     0x1fdf Middlewares\FreeRTOS\queue.o
 .debug_info    0x0003a1a7     0x2999 Middlewares\FreeRTOS\tasks.o

.debug_abbrev   0x00000000     0x6ed3
 .debug_abbrev  0x00000000       0x12 Application\TrueSTUDIO\startup_stm32f765xx.o
 .debug_abbrev  0x00000012      0x22a Application\User\ISRs\isrSensors.o
 .debug_abbrev  0x0000023c      0x265 Application\User\Idletasks\idletasks.o
 .debug_abbrev  0x000004a1      0x20f Application\User\SYSINIT\sysinitial.o
 .debug_abbrev  0x000006b0      0x27a Application\User\dfsdm.o
 .debug_abbrev  0x0000092a      0x1f5 Application\User\dma.o
 .debug_abbrev  0x00000b1f      0x250 Application\User\freertos.o
 .debug_abbrev  0x00000d6f      0x1f7 Application\User\gpio.o
 .debug_abbrev  0x00000f66      0x229 Application\User\i2c.o
 .debug_abbrev  0x0000118f      0x321 Application\User\main.o
 .debug_abbrev  0x000014b0      0x227 Application\User\spi.o
 .debug_abbrev  0x000016d7      0x1d3 Application\User\stm32f7xx_hal_msp.o
 .debug_abbrev  0x000018aa      0x258 Application\User\stm32f7xx_hal_timebase_TIM.o
 .debug_abbrev  0x00001b02      0x215 Application\User\stm32f7xx_it.o
 .debug_abbrev  0x00001d17      0x2bf Application\User\tim.o
 .debug_abbrev  0x00001fd6      0x25e Application\User\usart.o
 .debug_abbrev  0x00002234      0x241 Application\User\usb_otg.o
 .debug_abbrev  0x00002475      0x1e6 Drivers\CMSIS\system_stm32f7xx.o
 .debug_abbrev  0x0000265b      0x2a4 Drivers\STM32F7xx_HAL_Driver\stm32f7xx_hal.o
 .debug_abbrev  0x000028ff      0x399 Drivers\STM32F7xx_HAL_Driver\stm32f7xx_hal_cortex.o
 .debug_abbrev  0x00002c98      0x354 Drivers\STM32F7xx_HAL_Driver\stm32f7xx_hal_dfsdm.o
 .debug_abbrev  0x00002fec      0x34a Drivers\STM32F7xx_HAL_Driver\stm32f7xx_hal_dma.o
 .debug_abbrev  0x00003336      0x268 Drivers\STM32F7xx_HAL_Driver\stm32f7xx_hal_gpio.o
 .debug_abbrev  0x0000359e      0x3c9 Drivers\STM32F7xx_HAL_Driver\stm32f7xx_hal_i2c.o
 .debug_abbrev  0x00003967      0x209 Drivers\STM32F7xx_HAL_Driver\stm32f7xx_hal_i2c_ex.o
 .debug_abbrev  0x00003b70      0x399 Drivers\STM32F7xx_HAL_Driver\stm32f7xx_hal_pcd.o
 .debug_abbrev  0x00003f09      0x25a Drivers\STM32F7xx_HAL_Driver\stm32f7xx_hal_pcd_ex.o
 .debug_abbrev  0x00004163      0x2b6 Drivers\STM32F7xx_HAL_Driver\stm32f7xx_hal_pwr_ex.o
 .debug_abbrev  0x00004419      0x34b Drivers\STM32F7xx_HAL_Driver\stm32f7xx_hal_rcc.o
 .debug_abbrev  0x00004764      0x25f Drivers\STM32F7xx_HAL_Driver\stm32f7xx_hal_rcc_ex.o
 .debug_abbrev  0x000049c3      0x39a Drivers\STM32F7xx_HAL_Driver\stm32f7xx_hal_spi.o
 .debug_abbrev  0x00004d5d      0x3ac Drivers\STM32F7xx_HAL_Driver\stm32f7xx_hal_tim.o
 .debug_abbrev  0x00005109      0x30d Drivers\STM32F7xx_HAL_Driver\stm32f7xx_hal_tim_ex.o
 .debug_abbrev  0x00005416      0x3a6 Drivers\STM32F7xx_HAL_Driver\stm32f7xx_hal_uart.o
 .debug_abbrev  0x000057bc      0x3d8 Drivers\STM32F7xx_HAL_Driver\stm32f7xx_ll_usb.o
 .debug_abbrev  0x00005b94      0x468 Middlewares\FreeRTOS\cmsis_os.o
 .debug_abbrev  0x00005ffc      0x314 Middlewares\FreeRTOS\heap_4.o
 .debug_abbrev  0x00006310      0x1e3 Middlewares\FreeRTOS\list.o
 .debug_abbrev  0x000064f3      0x211 Middlewares\FreeRTOS\port.o
 .debug_abbrev  0x00006704      0x3b6 Middlewares\FreeRTOS\queue.o
 .debug_abbrev  0x00006aba      0x419 Middlewares\FreeRTOS\tasks.o

.debug_aranges  0x00000000     0x1918
 .debug_aranges
                0x00000000       0x28 Application\TrueSTUDIO\startup_stm32f765xx.o
 .debug_aranges
                0x00000028       0x28 Application\User\ISRs\isrSensors.o
 .debug_aranges
                0x00000050       0x40 Application\User\Idletasks\idletasks.o
 .debug_aranges
                0x00000090       0x20 Application\User\SYSINIT\sysinitial.o
 .debug_aranges
                0x000000b0       0x40 Application\User\dfsdm.o
 .debug_aranges
                0x000000f0       0x20 Application\User\dma.o
 .debug_aranges
                0x00000110       0x30 Application\User\freertos.o
 .debug_aranges
                0x00000140       0x20 Application\User\gpio.o
 .debug_aranges
                0x00000160       0x30 Application\User\i2c.o
 .debug_aranges
                0x00000190       0x40 Application\User\main.o
 .debug_aranges
                0x000001d0       0x30 Application\User\spi.o
 .debug_aranges
                0x00000200       0x20 Application\User\stm32f7xx_hal_msp.o
 .debug_aranges
                0x00000220       0x30 Application\User\stm32f7xx_hal_timebase_TIM.o
 .debug_aranges
                0x00000250       0x68 Application\User\stm32f7xx_it.o
 .debug_aranges
                0x000002b8       0x40 Application\User\tim.o
 .debug_aranges
                0x000002f8       0x48 Application\User\usart.o
 .debug_aranges
                0x00000340       0x30 Application\User\usb_otg.o
 .debug_aranges
                0x00000370       0x28 Drivers\CMSIS\system_stm32f7xx.o
 .debug_aranges
                0x00000398       0xf0 Drivers\STM32F7xx_HAL_Driver\stm32f7xx_hal.o
 .debug_aranges
                0x00000488       0xa8 Drivers\STM32F7xx_HAL_Driver\stm32f7xx_hal_cortex.o
 .debug_aranges
                0x00000530      0x1f0 Drivers\STM32F7xx_HAL_Driver\stm32f7xx_hal_dfsdm.o
 .debug_aranges
                0x00000720       0x80 Drivers\STM32F7xx_HAL_Driver\stm32f7xx_hal_dma.o
 .debug_aranges
                0x000007a0       0x58 Drivers\STM32F7xx_HAL_Driver\stm32f7xx_hal_gpio.o
 .debug_aranges
                0x000007f8      0x200 Drivers\STM32F7xx_HAL_Driver\stm32f7xx_hal_i2c.o
 .debug_aranges
                0x000009f8       0x38 Drivers\STM32F7xx_HAL_Driver\stm32f7xx_hal_i2c_ex.o
 .debug_aranges
                0x00000a30       0xc0 Drivers\STM32F7xx_HAL_Driver\stm32f7xx_hal_pcd.o
 .debug_aranges
                0x00000af0       0x40 Drivers\STM32F7xx_HAL_Driver\stm32f7xx_hal_pcd_ex.o
 .debug_aranges
                0x00000b30       0x80 Drivers\STM32F7xx_HAL_Driver\stm32f7xx_hal_pwr_ex.o
 .debug_aranges
                0x00000bb0       0x88 Drivers\STM32F7xx_HAL_Driver\stm32f7xx_hal_rcc.o
 .debug_aranges
                0x00000c38       0x30 Drivers\STM32F7xx_HAL_Driver\stm32f7xx_hal_rcc_ex.o
 .debug_aranges
                0x00000c68      0x198 Drivers\STM32F7xx_HAL_Driver\stm32f7xx_hal_spi.o
 .debug_aranges
                0x00000e00      0x260 Drivers\STM32F7xx_HAL_Driver\stm32f7xx_hal_tim.o
 .debug_aranges
                0x00001060      0x128 Drivers\STM32F7xx_HAL_Driver\stm32f7xx_hal_tim_ex.o
 .debug_aranges
                0x00001188      0x148 Drivers\STM32F7xx_HAL_Driver\stm32f7xx_hal_uart.o
 .debug_aranges
                0x000012d0      0x180 Drivers\STM32F7xx_HAL_Driver\stm32f7xx_ll_usb.o
 .debug_aranges
                0x00001450      0x190 Middlewares\FreeRTOS\cmsis_os.o
 .debug_aranges
                0x000015e0       0x48 Middlewares\FreeRTOS\heap_4.o
 .debug_aranges
                0x00001628       0x40 Middlewares\FreeRTOS\list.o
 .debug_aranges
                0x00001668       0x80 Middlewares\FreeRTOS\port.o
 .debug_aranges
                0x000016e8       0xc0 Middlewares\FreeRTOS\queue.o
 .debug_aranges
                0x000017a8      0x170 Middlewares\FreeRTOS\tasks.o

.debug_ranges   0x00000000     0x1fd8
 .debug_ranges  0x00000000       0x20 Application\TrueSTUDIO\startup_stm32f765xx.o
 .debug_ranges  0x00000020       0x30 Application\User\ISRs\isrSensors.o
 .debug_ranges  0x00000050       0x58 Application\User\Idletasks\idletasks.o
 .debug_ranges  0x000000a8       0x10 Application\User\SYSINIT\sysinitial.o
 .debug_ranges  0x000000b8       0x30 Application\User\dfsdm.o
 .debug_ranges  0x000000e8       0x48 Application\User\dma.o
 .debug_ranges  0x00000130       0x20 Application\User\freertos.o
 .debug_ranges  0x00000150       0x60 Application\User\gpio.o
 .debug_ranges  0x000001b0       0x20 Application\User\i2c.o
 .debug_ranges  0x000001d0       0x80 Application\User\main.o
 .debug_ranges  0x00000250       0x50 Application\User\spi.o
 .debug_ranges  0x000002a0       0x10 Application\User\stm32f7xx_hal_msp.o
 .debug_ranges  0x000002b0       0x40 Application\User\stm32f7xx_hal_timebase_TIM.o
 .debug_ranges  0x000002f0       0x58 Application\User\stm32f7xx_it.o
 .debug_ranges  0x00000348       0x30 Application\User\tim.o
 .debug_ranges  0x00000378       0xd0 Application\User\usart.o
 .debug_ranges  0x00000448       0x20 Application\User\usb_otg.o
 .debug_ranges  0x00000468       0x18 Drivers\CMSIS\system_stm32f7xx.o
 .debug_ranges  0x00000480       0xe0 Drivers\STM32F7xx_HAL_Driver\stm32f7xx_hal.o
 .debug_ranges  0x00000560      0x138 Drivers\STM32F7xx_HAL_Driver\stm32f7xx_hal_cortex.o
 .debug_ranges  0x00000698      0x248 Drivers\STM32F7xx_HAL_Driver\stm32f7xx_hal_dfsdm.o
 .debug_ranges  0x000008e0       0xd0 Drivers\STM32F7xx_HAL_Driver\stm32f7xx_hal_dma.o
 .debug_ranges  0x000009b0       0x70 Drivers\STM32F7xx_HAL_Driver\stm32f7xx_hal_gpio.o
 .debug_ranges  0x00000a20      0x268 Drivers\STM32F7xx_HAL_Driver\stm32f7xx_hal_i2c.o
 .debug_ranges  0x00000c88       0x68 Drivers\STM32F7xx_HAL_Driver\stm32f7xx_hal_i2c_ex.o
 .debug_ranges  0x00000cf0       0xc8 Drivers\STM32F7xx_HAL_Driver\stm32f7xx_hal_pcd.o
 .debug_ranges  0x00000db8       0x30 Drivers\STM32F7xx_HAL_Driver\stm32f7xx_hal_pcd_ex.o
 .debug_ranges  0x00000de8       0xe8 Drivers\STM32F7xx_HAL_Driver\stm32f7xx_hal_pwr_ex.o
 .debug_ranges  0x00000ed0       0xf0 Drivers\STM32F7xx_HAL_Driver\stm32f7xx_hal_rcc.o
 .debug_ranges  0x00000fc0       0x38 Drivers\STM32F7xx_HAL_Driver\stm32f7xx_hal_rcc_ex.o
 .debug_ranges  0x00000ff8      0x200 Drivers\STM32F7xx_HAL_Driver\stm32f7xx_hal_spi.o
 .debug_ranges  0x000011f8      0x318 Drivers\STM32F7xx_HAL_Driver\stm32f7xx_hal_tim.o
 .debug_ranges  0x00001510      0x118 Drivers\STM32F7xx_HAL_Driver\stm32f7xx_hal_tim_ex.o
 .debug_ranges  0x00001628      0x138 Drivers\STM32F7xx_HAL_Driver\stm32f7xx_hal_uart.o
 .debug_ranges  0x00001760      0x1a8 Drivers\STM32F7xx_HAL_Driver\stm32f7xx_ll_usb.o
 .debug_ranges  0x00001908      0x1b0 Middlewares\FreeRTOS\cmsis_os.o
 .debug_ranges  0x00001ab8       0x38 Middlewares\FreeRTOS\heap_4.o
 .debug_ranges  0x00001af0       0x30 Middlewares\FreeRTOS\list.o
 .debug_ranges  0x00001b20       0x90 Middlewares\FreeRTOS\port.o
 .debug_ranges  0x00001bb0      0x1b0 Middlewares\FreeRTOS\queue.o
 .debug_ranges  0x00001d60      0x278 Middlewares\FreeRTOS\tasks.o

.debug_loc      0x00000000    0x1326a
 .debug_loc     0x00000000       0xf2 Application\User\ISRs\isrSensors.o
 .debug_loc     0x000000f2      0x185 Application\User\Idletasks\idletasks.o
 .debug_loc     0x00000277       0xb0 Application\User\dfsdm.o
 .debug_loc     0x00000327       0x42 Application\User\freertos.o
 .debug_loc     0x00000369       0x4d Application\User\i2c.o
 .debug_loc     0x000003b6       0x8e Application\User\main.o
 .debug_loc     0x00000444       0x4d Application\User\spi.o
 .debug_loc     0x00000491       0xa5 Application\User\stm32f7xx_hal_timebase_TIM.o
 .debug_loc     0x00000536       0x5b Application\User\tim.o
 .debug_loc     0x00000591       0xe7 Application\User\usart.o
 .debug_loc     0x00000678       0x4d Application\User\usb_otg.o
 .debug_loc     0x000006c5      0x11c Drivers\CMSIS\system_stm32f7xx.o
 .debug_loc     0x000007e1       0x6a Drivers\STM32F7xx_HAL_Driver\stm32f7xx_hal.o
 .debug_loc     0x0000084b      0x536 Drivers\STM32F7xx_HAL_Driver\stm32f7xx_hal_cortex.o
 .debug_loc     0x00000d81     0x1833 Drivers\STM32F7xx_HAL_Driver\stm32f7xx_hal_dfsdm.o
 .debug_loc     0x000025b4      0x7ed Drivers\STM32F7xx_HAL_Driver\stm32f7xx_hal_dma.o
 .debug_loc     0x00002da1      0x3cd Drivers\STM32F7xx_HAL_Driver\stm32f7xx_hal_gpio.o
 .debug_loc     0x0000316e     0x320f Drivers\STM32F7xx_HAL_Driver\stm32f7xx_hal_i2c.o
 .debug_loc     0x0000637d      0x144 Drivers\STM32F7xx_HAL_Driver\stm32f7xx_hal_i2c_ex.o
 .debug_loc     0x000064c1      0xb51 Drivers\STM32F7xx_HAL_Driver\stm32f7xx_hal_pcd.o
 .debug_loc     0x00007012      0x157 Drivers\STM32F7xx_HAL_Driver\stm32f7xx_hal_pcd_ex.o
 .debug_loc     0x00007169      0x1c2 Drivers\STM32F7xx_HAL_Driver\stm32f7xx_hal_pwr_ex.o
 .debug_loc     0x0000732b      0x37e Drivers\STM32F7xx_HAL_Driver\stm32f7xx_hal_rcc.o
 .debug_loc     0x000076a9      0x4a2 Drivers\STM32F7xx_HAL_Driver\stm32f7xx_hal_rcc_ex.o
 .debug_loc     0x00007b4b     0x18e6 Drivers\STM32F7xx_HAL_Driver\stm32f7xx_hal_spi.o
 .debug_loc     0x00009431     0x2eb3 Drivers\STM32F7xx_HAL_Driver\stm32f7xx_hal_tim.o
 .debug_loc     0x0000c2e4     0x11e1 Drivers\STM32F7xx_HAL_Driver\stm32f7xx_hal_tim_ex.o
 .debug_loc     0x0000d4c5     0x131b Drivers\STM32F7xx_HAL_Driver\stm32f7xx_hal_uart.o
 .debug_loc     0x0000e7e0     0x1539 Drivers\STM32F7xx_HAL_Driver\stm32f7xx_ll_usb.o
 .debug_loc     0x0000fd19     0x1037 Middlewares\FreeRTOS\cmsis_os.o
 .debug_loc     0x00010d50      0x390 Middlewares\FreeRTOS\heap_4.o
 .debug_loc     0x000110e0       0x94 Middlewares\FreeRTOS\list.o
 .debug_loc     0x00011174       0x9d Middlewares\FreeRTOS\port.o
 .debug_loc     0x00011211      0xe0c Middlewares\FreeRTOS\queue.o
 .debug_loc     0x0001201d     0x124d Middlewares\FreeRTOS\tasks.o

.debug_str      0x00000000     0x9432
 .debug_str     0x00000000      0xb43 Application\User\ISRs\isrSensors.o
                                0xc26 (size before relaxing)
 .debug_str     0x00000b43      0x395 Application\User\Idletasks\idletasks.o
                                0xc51 (size before relaxing)
 .debug_str     0x00000ed8      0xd01 Application\User\SYSINIT\sysinitial.o
                               0x1aec (size before relaxing)
 .debug_str     0x00001bd9      0x29d Application\User\dfsdm.o
                               0x113d (size before relaxing)
 .debug_str     0x00001e76      0x665 Application\User\dma.o
                               0x1037 (size before relaxing)
 .debug_str     0x000024db      0x33f Application\User\freertos.o
                                0xa5f (size before relaxing)
 .debug_str     0x0000281a       0x4f Application\User\gpio.o
                                0x834 (size before relaxing)
 .debug_str     0x00002869       0x94 Application\User\i2c.o
                                0xdb8 (size before relaxing)
 .debug_str     0x000028fd      0x6d7 Application\User\main.o
                               0x293e (size before relaxing)
 .debug_str     0x00002fd4       0x4c Application\User\spi.o
                                0xcc7 (size before relaxing)
 .debug_str     0x00003020       0x4a Application\User\stm32f7xx_hal_msp.o
                                0xcb3 (size before relaxing)
 .debug_str     0x0000306a       0xfe Application\User\stm32f7xx_hal_timebase_TIM.o
                               0x1357 (size before relaxing)
 .debug_str     0x00003168      0x120 Application\User\stm32f7xx_it.o
                                0xbbb (size before relaxing)
 .debug_str     0x00003288      0x2c8 Application\User\tim.o
                                0xf59 (size before relaxing)
 .debug_str     0x00003550       0x52 Application\User\usart.o
                                0xddc (size before relaxing)
 .debug_str     0x000035a2       0x50 Application\User\usb_otg.o
                                0xc56 (size before relaxing)
 .debug_str     0x000035f2       0x5c Drivers\CMSIS\system_stm32f7xx.o
                                0x8c8 (size before relaxing)
 .debug_str     0x0000364e      0x2c1 Drivers\STM32F7xx_HAL_Driver\stm32f7xx_hal.o
                               0x1110 (size before relaxing)
 .debug_str     0x0000390f      0x32c Drivers\STM32F7xx_HAL_Driver\stm32f7xx_hal_cortex.o
                               0x12a6 (size before relaxing)
 .debug_str     0x00003c3b      0x864 Drivers\STM32F7xx_HAL_Driver\stm32f7xx_hal_dfsdm.o
                               0x174a (size before relaxing)
 .debug_str     0x0000449f      0x2c6 Drivers\STM32F7xx_HAL_Driver\stm32f7xx_hal_dma.o
                                0xc04 (size before relaxing)
 .debug_str     0x00004765       0xea Drivers\STM32F7xx_HAL_Driver\stm32f7xx_hal_gpio.o
                                0x99b (size before relaxing)
 .debug_str     0x0000484f      0x77e Drivers\STM32F7xx_HAL_Driver\stm32f7xx_hal_i2c.o
                               0x139b (size before relaxing)
 .debug_str     0x00004fcd       0x8f Drivers\STM32F7xx_HAL_Driver\stm32f7xx_hal_i2c_ex.o
                                0xd9f (size before relaxing)
 .debug_str     0x0000505c      0x70a Drivers\STM32F7xx_HAL_Driver\stm32f7xx_hal_pcd.o
                               0x1182 (size before relaxing)
 .debug_str     0x00005766       0xa3 Drivers\STM32F7xx_HAL_Driver\stm32f7xx_hal_pcd_ex.o
                                0xb3a (size before relaxing)
 .debug_str     0x00005809      0x1f0 Drivers\STM32F7xx_HAL_Driver\stm32f7xx_hal_pwr_ex.o
                                0xaf6 (size before relaxing)
 .debug_str     0x000059f9      0x135 Drivers\STM32F7xx_HAL_Driver\stm32f7xx_hal_rcc.o
                                0xb6e (size before relaxing)
 .debug_str     0x00005b2e       0xd9 Drivers\STM32F7xx_HAL_Driver\stm32f7xx_hal_rcc_ex.o
                                0xb63 (size before relaxing)
 .debug_str     0x00005c07      0x501 Drivers\STM32F7xx_HAL_Driver\stm32f7xx_hal_spi.o
                               0x1074 (size before relaxing)
 .debug_str     0x00006108      0xbb6 Drivers\STM32F7xx_HAL_Driver\stm32f7xx_hal_tim.o
                               0x1865 (size before relaxing)
 .debug_str     0x00006cbe      0x4dd Drivers\STM32F7xx_HAL_Driver\stm32f7xx_hal_tim_ex.o
                               0x13ab (size before relaxing)
 .debug_str     0x0000719b      0x4b3 Drivers\STM32F7xx_HAL_Driver\stm32f7xx_hal_uart.o
                               0x12ad (size before relaxing)
 .debug_str     0x0000764e      0x3ca Drivers\STM32F7xx_HAL_Driver\stm32f7xx_ll_usb.o
                               0x1076 (size before relaxing)
 .debug_str     0x00007a18      0x941 Middlewares\FreeRTOS\cmsis_os.o
                               0x121d (size before relaxing)
 .debug_str     0x00008359      0x215 Middlewares\FreeRTOS\heap_4.o
                                0x853 (size before relaxing)
 .debug_str     0x0000856e      0x14a Middlewares\FreeRTOS\list.o
                                0x76a (size before relaxing)
 .debug_str     0x000086b8      0x216 Middlewares\FreeRTOS\port.o
                                0x49d (size before relaxing)
 .debug_str     0x000088ce      0x46b Middlewares\FreeRTOS\queue.o
                                0xd63 (size before relaxing)
 .debug_str     0x00008d39      0x6f9 Middlewares\FreeRTOS\tasks.o
                               0x1265 (size before relaxing)

.comment        0x00000000       0x7c
 .comment       0x00000000       0x7c Application\User\ISRs\isrSensors.o
                                 0x7d (size before relaxing)
 .comment       0x0000007c       0x7d Application\User\Idletasks\idletasks.o
 .comment       0x0000007c       0x7d Application\User\SYSINIT\sysinitial.o
 .comment       0x0000007c       0x7d Application\User\dfsdm.o
 .comment       0x0000007c       0x7d Application\User\dma.o
 .comment       0x0000007c       0x7d Application\User\freertos.o
 .comment       0x0000007c       0x7d Application\User\gpio.o
 .comment       0x0000007c       0x7d Application\User\i2c.o
 .comment       0x0000007c       0x7d Application\User\main.o
 .comment       0x0000007c       0x7d Application\User\spi.o
 .comment       0x0000007c       0x7d Application\User\stm32f7xx_hal_msp.o
 .comment       0x0000007c       0x7d Application\User\stm32f7xx_hal_timebase_TIM.o
 .comment       0x0000007c       0x7d Application\User\stm32f7xx_it.o
 .comment       0x0000007c       0x7d Application\User\tim.o
 .comment       0x0000007c       0x7d Application\User\usart.o
 .comment       0x0000007c       0x7d Application\User\usb_otg.o
 .comment       0x0000007c       0x7d Drivers\CMSIS\system_stm32f7xx.o
 .comment       0x0000007c       0x7d Drivers\STM32F7xx_HAL_Driver\stm32f7xx_hal.o
 .comment       0x0000007c       0x7d Drivers\STM32F7xx_HAL_Driver\stm32f7xx_hal_cortex.o
 .comment       0x0000007c       0x7d Drivers\STM32F7xx_HAL_Driver\stm32f7xx_hal_dfsdm.o
 .comment       0x0000007c       0x7d Drivers\STM32F7xx_HAL_Driver\stm32f7xx_hal_dma.o
 .comment       0x0000007c       0x7d Drivers\STM32F7xx_HAL_Driver\stm32f7xx_hal_gpio.o
 .comment       0x0000007c       0x7d Drivers\STM32F7xx_HAL_Driver\stm32f7xx_hal_i2c.o
 .comment       0x0000007c       0x7d Drivers\STM32F7xx_HAL_Driver\stm32f7xx_hal_i2c_ex.o
 .comment       0x0000007c       0x7d Drivers\STM32F7xx_HAL_Driver\stm32f7xx_hal_pcd.o
 .comment       0x0000007c       0x7d Drivers\STM32F7xx_HAL_Driver\stm32f7xx_hal_pcd_ex.o
 .comment       0x0000007c       0x7d Drivers\STM32F7xx_HAL_Driver\stm32f7xx_hal_pwr_ex.o
 .comment       0x0000007c       0x7d Drivers\STM32F7xx_HAL_Driver\stm32f7xx_hal_rcc.o
 .comment       0x0000007c       0x7d Drivers\STM32F7xx_HAL_Driver\stm32f7xx_hal_rcc_ex.o
 .comment       0x0000007c       0x7d Drivers\STM32F7xx_HAL_Driver\stm32f7xx_hal_spi.o
 .comment       0x0000007c       0x7d Drivers\STM32F7xx_HAL_Driver\stm32f7xx_hal_tim.o
 .comment       0x0000007c       0x7d Drivers\STM32F7xx_HAL_Driver\stm32f7xx_hal_tim_ex.o
 .comment       0x0000007c       0x7d Drivers\STM32F7xx_HAL_Driver\stm32f7xx_hal_uart.o
 .comment       0x0000007c       0x7d Drivers\STM32F7xx_HAL_Driver\stm32f7xx_ll_usb.o
 .comment       0x0000007c       0x7d Middlewares\FreeRTOS\cmsis_os.o
 .comment       0x0000007c       0x7d Middlewares\FreeRTOS\heap_4.o
 .comment       0x0000007c       0x7d Middlewares\FreeRTOS\list.o
 .comment       0x0000007c       0x7d Middlewares\FreeRTOS\port.o
 .comment       0x0000007c       0x7d Middlewares\FreeRTOS\queue.o
 .comment       0x0000007c       0x7d Middlewares\FreeRTOS\tasks.o

.debug_frame    0x00000000     0x4a4c
 .debug_frame   0x00000000       0x60 Application\User\ISRs\isrSensors.o
 .debug_frame   0x00000060       0x9c Application\User\Idletasks\idletasks.o
 .debug_frame   0x000000fc       0x2c Application\User\SYSINIT\sysinitial.o
 .debug_frame   0x00000128       0xbc Application\User\dfsdm.o
 .debug_frame   0x000001e4       0x28 Application\User\dma.o
 .debug_frame   0x0000020c       0xe0 Application\User\freertos.o
 .debug_frame   0x000002ec       0x30 Application\User\gpio.o
 .debug_frame   0x0000031c       0x58 Application\User\i2c.o
 .debug_frame   0x00000374       0x88 Application\User\main.o
 .debug_frame   0x000003fc       0x74 Application\User\spi.o
 .debug_frame   0x00000470       0x2c Application\User\stm32f7xx_hal_msp.o
 .debug_frame   0x0000049c       0x50 Application\User\stm32f7xx_hal_timebase_TIM.o
 .debug_frame   0x000004ec       0xc0 Application\User\stm32f7xx_it.o
 .debug_frame   0x000005ac       0x98 Application\User\tim.o
 .debug_frame   0x00000644       0xdc Application\User\usart.o
 .debug_frame   0x00000720       0x74 Application\User\usb_otg.o
 .debug_frame   0x00000794       0x38 Drivers\CMSIS\system_stm32f7xx.o
 .debug_frame   0x000007cc      0x1f4 Drivers\STM32F7xx_HAL_Driver\stm32f7xx_hal.o
 .debug_frame   0x000009c0      0x158 Drivers\STM32F7xx_HAL_Driver\stm32f7xx_hal_cortex.o
 .debug_frame   0x00000b18      0x5f0 Drivers\STM32F7xx_HAL_Driver\stm32f7xx_hal_dfsdm.o
 .debug_frame   0x00001108      0x150 Drivers\STM32F7xx_HAL_Driver\stm32f7xx_hal_dma.o
 .debug_frame   0x00001258       0xd8 Drivers\STM32F7xx_HAL_Driver\stm32f7xx_hal_gpio.o
 .debug_frame   0x00001330      0x804 Drivers\STM32F7xx_HAL_Driver\stm32f7xx_hal_i2c.o
 .debug_frame   0x00001b34       0x70 Drivers\STM32F7xx_HAL_Driver\stm32f7xx_hal_i2c_ex.o
 .debug_frame   0x00001ba4      0x2c4 Drivers\STM32F7xx_HAL_Driver\stm32f7xx_hal_pcd.o
 .debug_frame   0x00001e68       0x6c Drivers\STM32F7xx_HAL_Driver\stm32f7xx_hal_pcd_ex.o
 .debug_frame   0x00001ed4      0x13c Drivers\STM32F7xx_HAL_Driver\stm32f7xx_hal_pwr_ex.o
 .debug_frame   0x00002010      0x134 Drivers\STM32F7xx_HAL_Driver\stm32f7xx_hal_rcc.o
 .debug_frame   0x00002144       0x5c Drivers\STM32F7xx_HAL_Driver\stm32f7xx_hal_rcc_ex.o
 .debug_frame   0x000021a0      0x5b0 Drivers\STM32F7xx_HAL_Driver\stm32f7xx_hal_spi.o
 .debug_frame   0x00002750      0x87c Drivers\STM32F7xx_HAL_Driver\stm32f7xx_hal_tim.o
 .debug_frame   0x00002fcc      0x3f4 Drivers\STM32F7xx_HAL_Driver\stm32f7xx_hal_tim_ex.o
 .debug_frame   0x000033c0      0x424 Drivers\STM32F7xx_HAL_Driver\stm32f7xx_hal_uart.o
 .debug_frame   0x000037e4      0x41c Drivers\STM32F7xx_HAL_Driver\stm32f7xx_ll_usb.o
 .debug_frame   0x00003c00      0x4d4 Middlewares\FreeRTOS\cmsis_os.o
 .debug_frame   0x000040d4       0x98 Middlewares\FreeRTOS\heap_4.o
 .debug_frame   0x0000416c       0x6c Middlewares\FreeRTOS\list.o
 .debug_frame   0x000041d8       0xf0 Middlewares\FreeRTOS\port.o
 .debug_frame   0x000042c8      0x264 Middlewares\FreeRTOS\queue.o
 .debug_frame   0x0000452c      0x4ac Middlewares\FreeRTOS\tasks.o
 .debug_frame   0x000049d8       0x2c c:/program files (x86)/atollic/truestudio for arm 8.1.0/armtools/bin/../lib/gcc/arm-atollic-eabi/6.3.1/../../../../arm-atollic-eabi/lib/armv7e-m/fpu/fpv5-d16\libc_nano.a(lib_a-init.o)
 .debug_frame   0x00004a04       0x28 c:/program files (x86)/atollic/truestudio for arm 8.1.0/armtools/bin/../lib/gcc/arm-atollic-eabi/6.3.1/../../../../arm-atollic-eabi/lib/armv7e-m/fpu/fpv5-d16\libc_nano.a(lib_a-memcpy-stub.o)
 .debug_frame   0x00004a2c       0x20 c:/program files (x86)/atollic/truestudio for arm 8.1.0/armtools/bin/../lib/gcc/arm-atollic-eabi/6.3.1/../../../../arm-atollic-eabi/lib/armv7e-m/fpu/fpv5-d16\libc_nano.a(lib_a-memset.o)

Cross Reference Table

Symbol                                            File
ADC_IRQHandler                                    Application\TrueSTUDIO\startup_stm32f765xx.o
AHBPrescTable                                     Drivers\CMSIS\system_stm32f7xx.o
                                                  Drivers\STM32F7xx_HAL_Driver\stm32f7xx_hal_rcc.o
APBPrescTable                                     Drivers\CMSIS\system_stm32f7xx.o
                                                  Drivers\STM32F7xx_HAL_Driver\stm32f7xx_hal_rcc.o
BusFault_Handler                                  Application\User\stm32f7xx_it.o