stm32f7xx_hal_dfsdm.c:413:13:HAL_DFSDM_ChannelMspInit	0	static
stm32f7xx_hal_dfsdm.c:273:19:HAL_DFSDM_ChannelInit	24	static
stm32f7xx_hal_dfsdm.c:428:13:HAL_DFSDM_ChannelMspDeInit	0	static
stm32f7xx_hal_dfsdm.c:367:19:HAL_DFSDM_ChannelDeInit	16	static
stm32f7xx_hal_dfsdm.c:467:19:HAL_DFSDM_ChannelCkabStart	32	static
stm32f7xx_hal_dfsdm.c:520:19:HAL_DFSDM_ChannelPollForCkab	24	static
stm32f7xx_hal_dfsdm.c:570:19:HAL_DFSDM_ChannelCkabStop	0	static
stm32f7xx_hal_dfsdm.c:606:19:HAL_DFSDM_ChannelCkabStart_IT	32	static
stm32f7xx_hal_dfsdm.c:661:13:HAL_DFSDM_ChannelCkabCallback	0	static
stm32f7xx_hal_dfsdm.c:677:19:HAL_DFSDM_ChannelCkabStop_IT	0	static
stm32f7xx_hal_dfsdm.c:717:19:HAL_DFSDM_ChannelScdStart	4	static
stm32f7xx_hal_dfsdm.c:754:19:HAL_DFSDM_ChannelPollForScd	24	static
stm32f7xx_hal_dfsdm.c:804:19:HAL_DFSDM_ChannelScdStop	0	static
stm32f7xx_hal_dfsdm.c:841:19:HAL_DFSDM_ChannelScdStart_IT	8	static
stm32f7xx_hal_dfsdm.c:880:13:HAL_DFSDM_ChannelScdCallback	0	static
stm32f7xx_hal_dfsdm.c:896:19:HAL_DFSDM_ChannelScdStop_IT	0	static
stm32f7xx_hal_dfsdm.c:931:9:HAL_DFSDM_ChannelGetAwdValue	0	static
stm32f7xx_hal_dfsdm.c:943:19:HAL_DFSDM_ChannelModifyOffset	0	static
stm32f7xx_hal_dfsdm.c:990:32:HAL_DFSDM_ChannelGetState	0	static
stm32f7xx_hal_dfsdm.c:1158:13:HAL_DFSDM_FilterMspInit	0	static
stm32f7xx_hal_dfsdm.c:1020:19:HAL_DFSDM_FilterInit	24	static
stm32f7xx_hal_dfsdm.c:1173:13:HAL_DFSDM_FilterMspDeInit	0	static
stm32f7xx_hal_dfsdm.c:1130:19:HAL_DFSDM_FilterDeInit	8	static
stm32f7xx_hal_dfsdm.c:1211:19:HAL_DFSDM_FilterConfigRegChannel	8	static
stm32f7xx_hal_dfsdm.c:1256:19:HAL_DFSDM_FilterConfigInjChannel	0	static
stm32f7xx_hal_dfsdm.c:1326:19:HAL_DFSDM_FilterRegularStart	0	static
stm32f7xx_hal_dfsdm.c:1416:19:HAL_DFSDM_FilterRegularStop	4	static
stm32f7xx_hal_dfsdm.c:1446:19:HAL_DFSDM_FilterRegularStart_IT	4	static
stm32f7xx_hal_dfsdm.c:1477:19:HAL_DFSDM_FilterRegularStop_IT	4	static
stm32f7xx_hal_dfsdm.c:1515:19:HAL_DFSDM_FilterRegularStart_DMA	24	static
stm32f7xx_hal_dfsdm.c:1592:19:HAL_DFSDM_FilterRegularMsbStart_DMA	24	static
stm32f7xx_hal_dfsdm.c:1663:19:HAL_DFSDM_FilterRegularStop_DMA	8	static
stm32f7xx_hal_dfsdm.c:1702:9:HAL_DFSDM_FilterGetRegularValue	0	static
stm32f7xx_hal_dfsdm.c:1730:19:HAL_DFSDM_FilterInjectedStart	4	static
stm32f7xx_hal_dfsdm.c:1830:19:HAL_DFSDM_FilterInjectedStop	4	static
stm32f7xx_hal_dfsdm.c:1860:19:HAL_DFSDM_FilterInjectedStart_IT	4	static
stm32f7xx_hal_dfsdm.c:1891:19:HAL_DFSDM_FilterInjectedStop_IT	4	static
stm32f7xx_hal_dfsdm.c:1929:19:HAL_DFSDM_FilterInjectedStart_DMA	24	static
stm32f7xx_hal_dfsdm.c:2004:19:HAL_DFSDM_FilterInjectedMsbStart_DMA	24	static
stm32f7xx_hal_dfsdm.c:2073:19:HAL_DFSDM_FilterInjectedStop_DMA	8	static
stm32f7xx_hal_dfsdm.c:2112:9:HAL_DFSDM_FilterGetInjectedValue	0	static
stm32f7xx_hal_dfsdm.c:2139:19:HAL_DFSDM_FilterAwdStart_IT	20	static
stm32f7xx_hal_dfsdm.c:2188:19:HAL_DFSDM_FilterAwdStop_IT	4	static
stm32f7xx_hal_dfsdm.c:2228:19:HAL_DFSDM_FilterExdStart	4	static
stm32f7xx_hal_dfsdm.c:2259:19:HAL_DFSDM_FilterExdStop	8	static
stm32f7xx_hal_dfsdm.c:2297:9:HAL_DFSDM_FilterGetExdMaxValue	0	static
stm32f7xx_hal_dfsdm.c:2325:9:HAL_DFSDM_FilterGetExdMinValue	0	static
stm32f7xx_hal_dfsdm.c:2352:10:HAL_DFSDM_FilterGetConvTimeValue	0	static
stm32f7xx_hal_dfsdm.c:2536:13:HAL_DFSDM_FilterRegConvCpltCallback	0	static
stm32f7xx_hal_dfsdm.c:2700:13:DFSDM_DMARegularConvCplt	8	static
stm32f7xx_hal_dfsdm.c:2551:13:HAL_DFSDM_FilterRegConvHalfCpltCallback	0	static
stm32f7xx_hal_dfsdm.c:2686:13:DFSDM_DMARegularHalfConvCplt	8	static
stm32f7xx_hal_dfsdm.c:2568:13:HAL_DFSDM_FilterInjConvCpltCallback	0	static
stm32f7xx_hal_dfsdm.c:2728:13:DFSDM_DMAInjectedConvCplt	8	static
stm32f7xx_hal_dfsdm.c:2583:13:HAL_DFSDM_FilterInjConvHalfCpltCallback	0	static
stm32f7xx_hal_dfsdm.c:2714:13:DFSDM_DMAInjectedHalfConvCplt	8	static
stm32f7xx_hal_dfsdm.c:2600:13:HAL_DFSDM_FilterAwdCallback	0	static
stm32f7xx_hal_dfsdm.c:2618:13:HAL_DFSDM_FilterErrorCallback	0	static
stm32f7xx_hal_dfsdm.c:1355:19:HAL_DFSDM_FilterPollForRegConversion	16	static
stm32f7xx_hal_dfsdm.c:2742:13:DFSDM_DMAError	8	static
stm32f7xx_hal_dfsdm.c:1759:19:HAL_DFSDM_FilterPollForInjConversion	16	static
stm32f7xx_hal_dfsdm.c:2375:6:HAL_DFSDM_IRQHandler	16	static
stm32f7xx_hal_dfsdm.c:2651:31:HAL_DFSDM_FilterGetState	0	static
stm32f7xx_hal_dfsdm.c:2662:10:HAL_DFSDM_FilterGetError	0	static
