stm32f7xx_hal_pcd.c:241:13:HAL_PCD_MspInit	0	static
stm32f7xx_hal_pcd.c:133:19:HAL_PCD_Init	64	static
stm32f7xx_hal_pcd.c:256:13:HAL_PCD_MspDeInit	0	static
stm32f7xx_hal_pcd.c:290:19:HAL_PCD_Start	8	static
stm32f7xx_hal_pcd.c:304:19:HAL_PCD_Stop	8	static
stm32f7xx_hal_pcd.c:215:19:HAL_PCD_DeInit	8	static
stm32f7xx_hal_pcd.c:721:14:HAL_PCD_DataOutStageCallback	0	static
stm32f7xx_hal_pcd.c:737:14:HAL_PCD_DataInStageCallback	0	static
stm32f7xx_hal_pcd.c:751:14:HAL_PCD_SetupStageCallback	0	static
stm32f7xx_hal_pcd.c:766:14:HAL_PCD_SOFCallback	0	static
stm32f7xx_hal_pcd.c:781:14:HAL_PCD_ResetCallback	0	static
stm32f7xx_hal_pcd.c:796:14:HAL_PCD_SuspendCallback	0	static
stm32f7xx_hal_pcd.c:811:14:HAL_PCD_ResumeCallback	0	static
stm32f7xx_hal_pcd.c:827:14:HAL_PCD_ISOOUTIncompleteCallback	0	static
stm32f7xx_hal_pcd.c:843:14:HAL_PCD_ISOINIncompleteCallback	0	static
stm32f7xx_hal_pcd.c:858:14:HAL_PCD_ConnectCallback	0	static
stm32f7xx_hal_pcd.c:873:14:HAL_PCD_DisconnectCallback	0	static
stm32f7xx_hal_pcd.c:319:6:HAL_PCD_IRQHandler	64	static
stm32f7xx_hal_pcd.c:907:19:HAL_PCD_DevConnect	8	static
stm32f7xx_hal_pcd.c:920:19:HAL_PCD_DevDisconnect	8	static
stm32f7xx_hal_pcd.c:934:19:HAL_PCD_SetAddress	8	static
stm32f7xx_hal_pcd.c:949:19:HAL_PCD_EP_Open	16	static
stm32f7xx_hal_pcd.c:991:19:HAL_PCD_EP_Close	8	static
stm32f7xx_hal_pcd.c:1022:19:HAL_PCD_EP_Receive	16	static
stm32f7xx_hal_pcd.c:1058:10:HAL_PCD_EP_GetRxCount	0	static
stm32f7xx_hal_pcd.c:1070:19:HAL_PCD_EP_Transmit	16	static
stm32f7xx_hal_pcd.c:1106:19:HAL_PCD_EP_SetStall	16	static
stm32f7xx_hal_pcd.c:1141:19:HAL_PCD_EP_ClrStall	16	static
stm32f7xx_hal_pcd.c:1171:19:HAL_PCD_EP_Flush	8	static
stm32f7xx_hal_pcd.c:1194:19:HAL_PCD_ActivateRemoteWakeup	0	static
stm32f7xx_hal_pcd.c:1211:19:HAL_PCD_DeActivateRemoteWakeup	0	static
stm32f7xx_hal_pcd.c:1243:18:HAL_PCD_GetState	0	static
